[0.017s] Invoking command in '/home/sachin/ardu_ws/build/ardupilot_gazebo': CMAKE_PREFIX_PATH=${CMAKE_PREFIX_PATH}:/opt/ros/jazzy DEBUGINFOD_URLS=https://debuginfod.ubuntu.com PS1=(.ros2_venv) \[\e]0;\u@\h: \w\a\]${debian_chroot:+($debian_chroot)}\[\033[01;32m\]\u@\h\[\033[00m\]:\[\033[01;34m\]\w\[\033[00m\]\$ VIRTUAL_ENV_PROMPT=(.ros2_venv) /usr/bin/cmake --build /home/sachin/ardu_ws/build/ardupilot_gazebo -- -j12 -l12
[0.154s] [ 20%] Built target CameraZoomPlugin
[0.155s] [ 60%] Built target ParachutePlugin
[0.155s] [ 80%] Built target ArduPilotPlugin
[0.160s] [100%] Built target GstCameraPlugin
[0.184s] Invoked command in '/home/sachin/ardu_ws/build/ardupilot_gazebo' returned '0': CMAKE_PREFIX_PATH=${CMAKE_PREFIX_PATH}:/opt/ros/jazzy DEBUGINFOD_URLS=https://debuginfod.ubuntu.com PS1=(.ros2_venv) \[\e]0;\u@\h: \w\a\]${debian_chroot:+($debian_chroot)}\[\033[01;32m\]\u@\h\[\033[00m\]:\[\033[01;34m\]\w\[\033[00m\]\$ VIRTUAL_ENV_PROMPT=(.ros2_venv) /usr/bin/cmake --build /home/sachin/ardu_ws/build/ardupilot_gazebo -- -j12 -l12
[0.187s] Invoking command in '/home/sachin/ardu_ws/build/ardupilot_gazebo': CMAKE_PREFIX_PATH=${CMAKE_PREFIX_PATH}:/opt/ros/jazzy DEBUGINFOD_URLS=https://debuginfod.ubuntu.com PS1=(.ros2_venv) \[\e]0;\u@\h: \w\a\]${debian_chroot:+($debian_chroot)}\[\033[01;32m\]\u@\h\[\033[00m\]:\[\033[01;34m\]\w\[\033[00m\]\$ VIRTUAL_ENV_PROMPT=(.ros2_venv) /usr/bin/cmake --install /home/sachin/ardu_ws/build/ardupilot_gazebo
[0.196s] -- Install configuration: ""
[0.197s] -- Up-to-date: /home/sachin/ardu_ws/install/ardupilot_gazebo/lib/ardupilot_gazebo/libArduPilotPlugin.so
[0.197s] -- Up-to-date: /home/sachin/ardu_ws/install/ardupilot_gazebo/lib/ardupilot_gazebo/libParachutePlugin.so
[0.198s] -- Up-to-date: /home/sachin/ardu_ws/install/ardupilot_gazebo/lib/ardupilot_gazebo/libCameraZoomPlugin.so
[0.199s] -- Up-to-date: /home/sachin/ardu_ws/install/ardupilot_gazebo/lib/ardupilot_gazebo/libGstCameraPlugin.so
[0.199s] -- Up-to-date: /home/sachin/ardu_ws/install/ardupilot_gazebo/share/ardupilot_gazebo/config
[0.199s] -- Up-to-date: /home/sachin/ardu_ws/install/ardupilot_gazebo/share/ardupilot_gazebo/config/gazebo-iris-gimbal.parm
[0.199s] -- Up-to-date: /home/sachin/ardu_ws/install/ardupilot_gazebo/share/ardupilot_gazebo/models
[0.199s] -- Up-to-date: /home/sachin/ardu_ws/install/ardupilot_gazebo/share/ardupilot_gazebo/models/iris_with_standoffs
[0.199s] -- Up-to-date: /home/sachin/ardu_ws/install/ardupilot_gazebo/share/ardupilot_gazebo/models/iris_with_standoffs/model.sdf
[0.199s] -- Up-to-date: /home/sachin/ardu_ws/install/ardupilot_gazebo/share/ardupilot_gazebo/models/iris_with_standoffs/meshes
[0.199s] -- Up-to-date: /home/sachin/ardu_ws/install/ardupilot_gazebo/share/ardupilot_gazebo/models/iris_with_standoffs/meshes/iris_prop_ccw.dae
[0.199s] -- Up-to-date: /home/sachin/ardu_ws/install/ardupilot_gazebo/share/ardupilot_gazebo/models/iris_with_standoffs/meshes/iris.dae
[0.200s] -- Up-to-date: /home/sachin/ardu_ws/install/ardupilot_gazebo/share/ardupilot_gazebo/models/iris_with_standoffs/meshes/iris_collision.stl
[0.200s] -- Up-to-date: /home/sachin/ardu_ws/install/ardupilot_gazebo/share/ardupilot_gazebo/models/iris_with_standoffs/meshes/iris_prop_cw.dae
[0.200s] -- Up-to-date: /home/sachin/ardu_ws/install/ardupilot_gazebo/share/ardupilot_gazebo/models/iris_with_standoffs/model.config
[0.200s] -- Up-to-date: /home/sachin/ardu_ws/install/ardupilot_gazebo/share/ardupilot_gazebo/models/zephyr_with_ardupilot
[0.200s] -- Up-to-date: /home/sachin/ardu_ws/install/ardupilot_gazebo/share/ardupilot_gazebo/models/zephyr_with_ardupilot/model.sdf
[0.200s] -- Up-to-date: /home/sachin/ardu_ws/install/ardupilot_gazebo/share/ardupilot_gazebo/models/zephyr_with_ardupilot/model.config
[0.200s] -- Up-to-date: /home/sachin/ardu_ws/install/ardupilot_gazebo/share/ardupilot_gazebo/models/zephyr
[0.200s] -- Up-to-date: /home/sachin/ardu_ws/install/ardupilot_gazebo/share/ardupilot_gazebo/models/zephyr/model.sdf
[0.200s] -- Up-to-date: /home/sachin/ardu_ws/install/ardupilot_gazebo/share/ardupilot_gazebo/models/zephyr/meshes
[0.200s] -- Up-to-date: /home/sachin/ardu_ws/install/ardupilot_gazebo/share/ardupilot_gazebo/models/zephyr/meshes/parachute_small.dae
[0.200s] -- Up-to-date: /home/sachin/ardu_ws/install/ardupilot_gazebo/share/ardupilot_gazebo/models/zephyr/meshes/wing.dae
[0.200s] -- Up-to-date: /home/sachin/ardu_ws/install/ardupilot_gazebo/share/ardupilot_gazebo/models/zephyr/materials
[0.200s] -- Up-to-date: /home/sachin/ardu_ws/install/ardupilot_gazebo/share/ardupilot_gazebo/models/zephyr/materials/textures
[0.200s] -- Up-to-date: /home/sachin/ardu_ws/install/ardupilot_gazebo/share/ardupilot_gazebo/models/zephyr/materials/textures/wing.png
[0.200s] -- Up-to-date: /home/sachin/ardu_ws/install/ardupilot_gazebo/share/ardupilot_gazebo/models/zephyr/model.config
[0.200s] -- Up-to-date: /home/sachin/ardu_ws/install/ardupilot_gazebo/share/ardupilot_gazebo/models/zephyr/thumbnails
[0.200s] -- Up-to-date: /home/sachin/ardu_ws/install/ardupilot_gazebo/share/ardupilot_gazebo/models/zephyr/thumbnails/2.png
[0.200s] -- Up-to-date: /home/sachin/ardu_ws/install/ardupilot_gazebo/share/ardupilot_gazebo/models/zephyr/thumbnails/3.png
[0.200s] -- Up-to-date: /home/sachin/ardu_ws/install/ardupilot_gazebo/share/ardupilot_gazebo/models/zephyr/thumbnails/5.png
[0.201s] -- Up-to-date: /home/sachin/ardu_ws/install/ardupilot_gazebo/share/ardupilot_gazebo/models/zephyr/thumbnails/1.png
[0.201s] -- Up-to-date: /home/sachin/ardu_ws/install/ardupilot_gazebo/share/ardupilot_gazebo/models/zephyr/thumbnails/4.png
[0.201s] -- Up-to-date: /home/sachin/ardu_ws/install/ardupilot_gazebo/share/ardupilot_gazebo/models/zephyr_with_parachute
[0.201s] -- Up-to-date: /home/sachin/ardu_ws/install/ardupilot_gazebo/share/ardupilot_gazebo/models/zephyr_with_parachute/model.sdf
[0.201s] -- Up-to-date: /home/sachin/ardu_ws/install/ardupilot_gazebo/share/ardupilot_gazebo/models/zephyr_with_parachute/model.config
[0.201s] -- Up-to-date: /home/sachin/ardu_ws/install/ardupilot_gazebo/share/ardupilot_gazebo/models/runway
[0.201s] -- Up-to-date: /home/sachin/ardu_ws/install/ardupilot_gazebo/share/ardupilot_gazebo/models/runway/model.sdf
[0.201s] -- Up-to-date: /home/sachin/ardu_ws/install/ardupilot_gazebo/share/ardupilot_gazebo/models/runway/meshes
[0.201s] -- Up-to-date: /home/sachin/ardu_ws/install/ardupilot_gazebo/share/ardupilot_gazebo/models/runway/meshes/airfield.dae
[0.201s] -- Up-to-date: /home/sachin/ardu_ws/install/ardupilot_gazebo/share/ardupilot_gazebo/models/runway/materials
[0.201s] -- Up-to-date: /home/sachin/ardu_ws/install/ardupilot_gazebo/share/ardupilot_gazebo/models/runway/materials/textures
[0.201s] -- Up-to-date: /home/sachin/ardu_ws/install/ardupilot_gazebo/share/ardupilot_gazebo/models/runway/materials/textures/Grass004_2K_NormalGL.jpg
[0.201s] -- Up-to-date: /home/sachin/ardu_ws/install/ardupilot_gazebo/share/ardupilot_gazebo/models/runway/materials/textures/runway.png
[0.201s] -- Up-to-date: /home/sachin/ardu_ws/install/ardupilot_gazebo/share/ardupilot_gazebo/models/runway/materials/textures/Grass004_2K_Roughness.jpg
[0.201s] -- Up-to-date: /home/sachin/ardu_ws/install/ardupilot_gazebo/share/ardupilot_gazebo/models/runway/materials/textures/Grass004_2K_Color copy.jpg
[0.202s] -- Up-to-date: /home/sachin/ardu_ws/install/ardupilot_gazebo/share/ardupilot_gazebo/models/runway/materials/textures/Grass004_2K_Color.jpg
[0.202s] -- Up-to-date: /home/sachin/ardu_ws/install/ardupilot_gazebo/share/ardupilot_gazebo/models/runway/materials/textures/Grass004_2K_AmbientOcclusion.jpg
[0.202s] -- Up-to-date: /home/sachin/ardu_ws/install/ardupilot_gazebo/share/ardupilot_gazebo/models/runway/materials/textures/Grass004_2K_Displacement.jpg
[0.202s] -- Up-to-date: /home/sachin/ardu_ws/install/ardupilot_gazebo/share/ardupilot_gazebo/models/runway/model.config
[0.202s] -- Up-to-date: /home/sachin/ardu_ws/install/ardupilot_gazebo/share/ardupilot_gazebo/models/iris_with_gimbal
[0.202s] -- Up-to-date: /home/sachin/ardu_ws/install/ardupilot_gazebo/share/ardupilot_gazebo/models/iris_with_gimbal/model.sdf
[0.202s] -- Up-to-date: /home/sachin/ardu_ws/install/ardupilot_gazebo/share/ardupilot_gazebo/models/iris_with_gimbal/model.config
[0.202s] -- Up-to-date: /home/sachin/ardu_ws/install/ardupilot_gazebo/share/ardupilot_gazebo/models/gimbal_small_2d
[0.202s] -- Up-to-date: /home/sachin/ardu_ws/install/ardupilot_gazebo/share/ardupilot_gazebo/models/gimbal_small_2d/model.sdf
[0.202s] -- Up-to-date: /home/sachin/ardu_ws/install/ardupilot_gazebo/share/ardupilot_gazebo/models/gimbal_small_2d/meshes
[0.202s] -- Up-to-date: /home/sachin/ardu_ws/install/ardupilot_gazebo/share/ardupilot_gazebo/models/gimbal_small_2d/meshes/base_main.dae
[0.202s] -- Up-to-date: /home/sachin/ardu_ws/install/ardupilot_gazebo/share/ardupilot_gazebo/models/gimbal_small_2d/meshes/tilt.dae
[0.202s] -- Up-to-date: /home/sachin/ardu_ws/install/ardupilot_gazebo/share/ardupilot_gazebo/models/gimbal_small_2d/meshes/base_arm.dae
[0.202s] -- Up-to-date: /home/sachin/ardu_ws/install/ardupilot_gazebo/share/ardupilot_gazebo/models/gimbal_small_2d/model.config
[0.202s] -- Up-to-date: /home/sachin/ardu_ws/install/ardupilot_gazebo/share/ardupilot_gazebo/models/parachute_small
[0.202s] -- Up-to-date: /home/sachin/ardu_ws/install/ardupilot_gazebo/share/ardupilot_gazebo/models/parachute_small/model.sdf
[0.202s] -- Up-to-date: /home/sachin/ardu_ws/install/ardupilot_gazebo/share/ardupilot_gazebo/models/parachute_small/meshes
[0.202s] -- Up-to-date: /home/sachin/ardu_ws/install/ardupilot_gazebo/share/ardupilot_gazebo/models/parachute_small/meshes/parachute_small.dae
[0.202s] -- Up-to-date: /home/sachin/ardu_ws/install/ardupilot_gazebo/share/ardupilot_gazebo/models/parachute_small/model.config
[0.203s] -- Up-to-date: /home/sachin/ardu_ws/install/ardupilot_gazebo/share/ardupilot_gazebo/models/gimbal_small_3d
[0.203s] -- Up-to-date: /home/sachin/ardu_ws/install/ardupilot_gazebo/share/ardupilot_gazebo/models/gimbal_small_3d/model.sdf
[0.203s] -- Up-to-date: /home/sachin/ardu_ws/install/ardupilot_gazebo/share/ardupilot_gazebo/models/gimbal_small_3d/meshes
[0.203s] -- Up-to-date: /home/sachin/ardu_ws/install/ardupilot_gazebo/share/ardupilot_gazebo/models/gimbal_small_3d/meshes/roll_arm.dae
[0.203s] -- Up-to-date: /home/sachin/ardu_ws/install/ardupilot_gazebo/share/ardupilot_gazebo/models/gimbal_small_3d/meshes/camera_enclosure.dae
[0.203s] -- Up-to-date: /home/sachin/ardu_ws/install/ardupilot_gazebo/share/ardupilot_gazebo/models/gimbal_small_3d/meshes/base_plate.dae
[0.203s] -- Up-to-date: /home/sachin/ardu_ws/install/ardupilot_gazebo/share/ardupilot_gazebo/models/gimbal_small_3d/meshes/yaw_arm.dae
[0.203s] -- Up-to-date: /home/sachin/ardu_ws/install/ardupilot_gazebo/share/ardupilot_gazebo/models/gimbal_small_3d/model.config
[0.203s] -- Up-to-date: /home/sachin/ardu_ws/install/ardupilot_gazebo/share/ardupilot_gazebo/models/iris_with_ardupilot
[0.203s] -- Up-to-date: /home/sachin/ardu_ws/install/ardupilot_gazebo/share/ardupilot_gazebo/models/iris_with_ardupilot/model.sdf
[0.203s] -- Up-to-date: /home/sachin/ardu_ws/install/ardupilot_gazebo/share/ardupilot_gazebo/models/iris_with_ardupilot/model.config
[0.203s] -- Up-to-date: /home/sachin/ardu_ws/install/ardupilot_gazebo/share/ardupilot_gazebo/models/gimbal_small_1d
[0.203s] -- Up-to-date: /home/sachin/ardu_ws/install/ardupilot_gazebo/share/ardupilot_gazebo/models/gimbal_small_1d/model.sdf
[0.203s] -- Up-to-date: /home/sachin/ardu_ws/install/ardupilot_gazebo/share/ardupilot_gazebo/models/gimbal_small_1d/meshes
[0.203s] -- Up-to-date: /home/sachin/ardu_ws/install/ardupilot_gazebo/share/ardupilot_gazebo/models/gimbal_small_1d/meshes/base_main.dae
[0.204s] -- Up-to-date: /home/sachin/ardu_ws/install/ardupilot_gazebo/share/ardupilot_gazebo/models/gimbal_small_1d/meshes/tilt.dae
[0.204s] -- Up-to-date: /home/sachin/ardu_ws/install/ardupilot_gazebo/share/ardupilot_gazebo/models/gimbal_small_1d/meshes/base_arm.dae
[0.204s] -- Up-to-date: /home/sachin/ardu_ws/install/ardupilot_gazebo/share/ardupilot_gazebo/models/gimbal_small_1d/model.config
[0.204s] -- Up-to-date: /home/sachin/ardu_ws/install/ardupilot_gazebo/share/ardupilot_gazebo/worlds
[0.204s] -- Up-to-date: /home/sachin/ardu_ws/install/ardupilot_gazebo/share/ardupilot_gazebo/worlds/iris_runway.sdf
[0.204s] -- Up-to-date: /home/sachin/ardu_ws/install/ardupilot_gazebo/share/ardupilot_gazebo/worlds/gimbal.sdf
[0.204s] -- Up-to-date: /home/sachin/ardu_ws/install/ardupilot_gazebo/share/ardupilot_gazebo/worlds/zephyr_runway.sdf
[0.204s] -- Up-to-date: /home/sachin/ardu_ws/install/ardupilot_gazebo/share/ardupilot_gazebo/worlds/zephyr_parachute.sdf
[0.204s] -- Up-to-date: /home/sachin/ardu_ws/install/ardupilot_gazebo/share/ardupilot_gazebo/worlds/iris_warehouse.sdf
[0.204s] -- Up-to-date: /home/sachin/ardu_ws/install/ardupilot_gazebo/share/ardupilot_gazebo/environment/ardupilot_gazebo.dsv
[0.204s] -- Up-to-date: /home/sachin/ardu_ws/install/ardupilot_gazebo/share/ardupilot_gazebo/environment/ardupilot_gazebo.sh
[0.205s] -- Up-to-date: /home/sachin/ardu_ws/install/ardupilot_gazebo/share/ament_index/resource_index/package_run_dependencies/ardupilot_gazebo
[0.205s] -- Up-to-date: /home/sachin/ardu_ws/install/ardupilot_gazebo/share/ament_index/resource_index/parent_prefix_path/ardupilot_gazebo
[0.205s] -- Up-to-date: /home/sachin/ardu_ws/install/ardupilot_gazebo/share/ardupilot_gazebo/environment/ament_prefix_path.sh
[0.205s] -- Up-to-date: /home/sachin/ardu_ws/install/ardupilot_gazebo/share/ardupilot_gazebo/environment/ament_prefix_path.dsv
[0.205s] -- Up-to-date: /home/sachin/ardu_ws/install/ardupilot_gazebo/share/ardupilot_gazebo/environment/path.sh
[0.205s] -- Up-to-date: /home/sachin/ardu_ws/install/ardupilot_gazebo/share/ardupilot_gazebo/environment/path.dsv
[0.205s] -- Up-to-date: /home/sachin/ardu_ws/install/ardupilot_gazebo/share/ardupilot_gazebo/local_setup.bash
[0.205s] -- Up-to-date: /home/sachin/ardu_ws/install/ardupilot_gazebo/share/ardupilot_gazebo/local_setup.sh
[0.205s] -- Up-to-date: /home/sachin/ardu_ws/install/ardupilot_gazebo/share/ardupilot_gazebo/local_setup.zsh
[0.205s] -- Up-to-date: /home/sachin/ardu_ws/install/ardupilot_gazebo/share/ardupilot_gazebo/local_setup.dsv
[0.205s] -- Installing: /home/sachin/ardu_ws/install/ardupilot_gazebo/share/ardupilot_gazebo/package.dsv
[0.205s] -- Up-to-date: /home/sachin/ardu_ws/install/ardupilot_gazebo/share/ament_index/resource_index/packages/ardupilot_gazebo
[0.205s] -- Up-to-date: /home/sachin/ardu_ws/install/ardupilot_gazebo/share/ardupilot_gazebo/cmake/ardupilot_gazeboConfig.cmake
[0.205s] -- Up-to-date: /home/sachin/ardu_ws/install/ardupilot_gazebo/share/ardupilot_gazebo/cmake/ardupilot_gazeboConfig-version.cmake
[0.205s] -- Up-to-date: /home/sachin/ardu_ws/install/ardupilot_gazebo/share/ardupilot_gazebo/package.xml
[0.229s] Invoked command in '/home/sachin/ardu_ws/build/ardupilot_gazebo' returned '0': CMAKE_PREFIX_PATH=${CMAKE_PREFIX_PATH}:/opt/ros/jazzy DEBUGINFOD_URLS=https://debuginfod.ubuntu.com PS1=(.ros2_venv) \[\e]0;\u@\h: \w\a\]${debian_chroot:+($debian_chroot)}\[\033[01;32m\]\u@\h\[\033[00m\]:\[\033[01;34m\]\w\[\033[00m\]\$ VIRTUAL_ENV_PROMPT=(.ros2_venv) /usr/bin/cmake --install /home/sachin/ardu_ws/build/ardupilot_gazebo
