-- Install configuration: ""
-- Up-to-date: /home/sachin/ardu_ws/install/ardupilot_gz_description/share/ardupilot_gz_description/models
-- Up-to-date: /home/sachin/ardu_ws/install/ardupilot_gz_description/share/ardupilot_gz_description/models/lidar_3d
-- Up-to-date: /home/sachin/ardu_ws/install/ardupilot_gz_description/share/ardupilot_gz_description/models/lidar_3d/model.sdf
-- Up-to-date: /home/sachin/ardu_ws/install/ardupilot_gz_description/share/ardupilot_gz_description/models/lidar_3d/model.config
-- Up-to-date: /home/sachin/ardu_ws/install/ardupilot_gz_description/share/ardupilot_gz_description/models/iris_with_lidar
-- Up-to-date: /home/sachin/ardu_ws/install/ardupilot_gz_description/share/ardupilot_gz_description/models/iris_with_lidar/model.sdf
-- Up-to-date: /home/sachin/ardu_ws/install/ardupilot_gz_description/share/ardupilot_gz_description/models/iris_with_lidar/model.config
-- Up-to-date: /home/sachin/ardu_ws/install/ardupilot_gz_description/share/ardupilot_gz_description/models/lidar_2d
-- Up-to-date: /home/sachin/ardu_ws/install/ardupilot_gz_description/share/ardupilot_gz_description/models/lidar_2d/model.sdf
-- Up-to-date: /home/sachin/ardu_ws/install/ardupilot_gz_description/share/ardupilot_gz_description/models/lidar_2d/model.config
-- Up-to-date: /home/sachin/ardu_ws/install/ardupilot_gz_description/share/ardupilot_gz_description/environment/ardupilot_gz_description.dsv
-- Up-to-date: /home/sachin/ardu_ws/install/ardupilot_gz_description/share/ardupilot_gz_description/environment/ardupilot_gz_description.sh
-- Up-to-date: /home/sachin/ardu_ws/install/ardupilot_gz_description/share/ament_index/resource_index/package_run_dependencies/ardupilot_gz_description
-- Up-to-date: /home/sachin/ardu_ws/install/ardupilot_gz_description/share/ament_index/resource_index/parent_prefix_path/ardupilot_gz_description
-- Up-to-date: /home/sachin/ardu_ws/install/ardupilot_gz_description/share/ardupilot_gz_description/environment/ament_prefix_path.sh
-- Up-to-date: /home/sachin/ardu_ws/install/ardupilot_gz_description/share/ardupilot_gz_description/environment/ament_prefix_path.dsv
-- Up-to-date: /home/sachin/ardu_ws/install/ardupilot_gz_description/share/ardupilot_gz_description/environment/path.sh
-- Up-to-date: /home/sachin/ardu_ws/install/ardupilot_gz_description/share/ardupilot_gz_description/environment/path.dsv
-- Up-to-date: /home/sachin/ardu_ws/install/ardupilot_gz_description/share/ardupilot_gz_description/local_setup.bash
-- Up-to-date: /home/sachin/ardu_ws/install/ardupilot_gz_description/share/ardupilot_gz_description/local_setup.sh
-- Up-to-date: /home/sachin/ardu_ws/install/ardupilot_gz_description/share/ardupilot_gz_description/local_setup.zsh
-- Up-to-date: /home/sachin/ardu_ws/install/ardupilot_gz_description/share/ardupilot_gz_description/local_setup.dsv
-- Up-to-date: /home/sachin/ardu_ws/install/ardupilot_gz_description/share/ardupilot_gz_description/package.dsv
-- Up-to-date: /home/sachin/ardu_ws/install/ardupilot_gz_description/share/ament_index/resource_index/packages/ardupilot_gz_description
-- Up-to-date: /home/sachin/ardu_ws/install/ardupilot_gz_description/share/ardupilot_gz_description/cmake/ardupilot_gz_descriptionConfig.cmake
-- Up-to-date: /home/sachin/ardu_ws/install/ardupilot_gz_description/share/ardupilot_gz_description/cmake/ardupilot_gz_descriptionConfig-version.cmake
-- Up-to-date: /home/sachin/ardu_ws/install/ardupilot_gz_description/share/ardupilot_gz_description/package.xml
