[0.040s] Invoking command in '/home/sachin/ardu_ws/build/ardupilot_gz_gazebo': CMAKE_PREFIX_PATH=${CMAKE_PREFIX_PATH}:/opt/ros/jazzy DEBUGINFOD_URLS=https://debuginfod.ubuntu.com PS1=(.ros2_venv) \[\e]0;\u@\h: \w\a\]${debian_chroot:+($debian_chroot)}\[\033[01;32m\]\u@\h\[\033[00m\]:\[\033[01;34m\]\w\[\033[00m\]\$ VIRTUAL_ENV_PROMPT=(.ros2_venv) /usr/bin/cmake --build /home/sachin/ardu_ws/build/ardupilot_gz_gazebo -- -j12 -l12
[0.205s] [ 50%] Built target FullSystem
[0.205s] [100%] Built target BasicSystem
[0.273s] Invoked command in '/home/sachin/ardu_ws/build/ardupilot_gz_gazebo' returned '0': CMAKE_PREFIX_PATH=${CMAKE_PREFIX_PATH}:/opt/ros/jazzy DEBUGINFOD_URLS=https://debuginfod.ubuntu.com PS1=(.ros2_venv) \[\e]0;\u@\h: \w\a\]${debian_chroot:+($debian_chroot)}\[\033[01;32m\]\u@\h\[\033[00m\]:\[\033[01;34m\]\w\[\033[00m\]\$ VIRTUAL_ENV_PROMPT=(.ros2_venv) /usr/bin/cmake --build /home/sachin/ardu_ws/build/ardupilot_gz_gazebo -- -j12 -l12
[0.277s] Invoking command in '/home/sachin/ardu_ws/build/ardupilot_gz_gazebo': CMAKE_PREFIX_PATH=${CMAKE_PREFIX_PATH}:/opt/ros/jazzy DEBUGINFOD_URLS=https://debuginfod.ubuntu.com PS1=(.ros2_venv) \[\e]0;\u@\h: \w\a\]${debian_chroot:+($debian_chroot)}\[\033[01;32m\]\u@\h\[\033[00m\]:\[\033[01;34m\]\w\[\033[00m\]\$ VIRTUAL_ENV_PROMPT=(.ros2_venv) /usr/bin/cmake --install /home/sachin/ardu_ws/build/ardupilot_gz_gazebo
[0.289s] -- Install configuration: ""
[0.290s] -- Up-to-date: /home/sachin/ardu_ws/install/ardupilot_gz_gazebo/lib/ardupilot_gz_gazebo/libBasicSystem.so
[0.291s] -- Up-to-date: /home/sachin/ardu_ws/install/ardupilot_gz_gazebo/lib/ardupilot_gz_gazebo/libFullSystem.so
[0.292s] -- Up-to-date: /home/sachin/ardu_ws/install/ardupilot_gz_gazebo/share/ardupilot_gz_gazebo/worlds
[0.293s] -- Up-to-date: /home/sachin/ardu_ws/install/ardupilot_gz_gazebo/share/ardupilot_gz_gazebo/worlds/warehouse.sdf
[0.293s] -- Up-to-date: /home/sachin/ardu_ws/install/ardupilot_gz_gazebo/share/ardupilot_gz_gazebo/worlds/playpen.sdf
[0.293s] -- Up-to-date: /home/sachin/ardu_ws/install/ardupilot_gz_gazebo/share/ardupilot_gz_gazebo/worlds/runway.sdf
[0.293s] -- Up-to-date: /home/sachin/ardu_ws/install/ardupilot_gz_gazebo/share/ardupilot_gz_gazebo/worlds/maze.sdf
[0.293s] -- Up-to-date: /home/sachin/ardu_ws/install/ardupilot_gz_gazebo/share/ardupilot_gz_gazebo/environment/ardupilot_gz_gazebo.dsv
[0.293s] -- Up-to-date: /home/sachin/ardu_ws/install/ardupilot_gz_gazebo/share/ardupilot_gz_gazebo/environment/ardupilot_gz_gazebo.sh
[0.293s] -- Up-to-date: /home/sachin/ardu_ws/install/ardupilot_gz_gazebo/share/ament_index/resource_index/package_run_dependencies/ardupilot_gz_gazebo
[0.293s] -- Up-to-date: /home/sachin/ardu_ws/install/ardupilot_gz_gazebo/share/ament_index/resource_index/parent_prefix_path/ardupilot_gz_gazebo
[0.295s] -- Up-to-date: /home/sachin/ardu_ws/install/ardupilot_gz_gazebo/share/ardupilot_gz_gazebo/environment/ament_prefix_path.sh
[0.295s] -- Up-to-date: /home/sachin/ardu_ws/install/ardupilot_gz_gazebo/share/ardupilot_gz_gazebo/environment/ament_prefix_path.dsv
[0.295s] -- Up-to-date: /home/sachin/ardu_ws/install/ardupilot_gz_gazebo/share/ardupilot_gz_gazebo/environment/path.sh
[0.296s] -- Up-to-date: /home/sachin/ardu_ws/install/ardupilot_gz_gazebo/share/ardupilot_gz_gazebo/environment/path.dsv
[0.296s] -- Up-to-date: /home/sachin/ardu_ws/install/ardupilot_gz_gazebo/share/ardupilot_gz_gazebo/local_setup.bash
[0.296s] -- Up-to-date: /home/sachin/ardu_ws/install/ardupilot_gz_gazebo/share/ardupilot_gz_gazebo/local_setup.sh
[0.296s] -- Up-to-date: /home/sachin/ardu_ws/install/ardupilot_gz_gazebo/share/ardupilot_gz_gazebo/local_setup.zsh
[0.296s] -- Up-to-date: /home/sachin/ardu_ws/install/ardupilot_gz_gazebo/share/ardupilot_gz_gazebo/local_setup.dsv
[0.296s] -- Installing: /home/sachin/ardu_ws/install/ardupilot_gz_gazebo/share/ardupilot_gz_gazebo/package.dsv
[0.298s] -- Up-to-date: /home/sachin/ardu_ws/install/ardupilot_gz_gazebo/share/ament_index/resource_index/packages/ardupilot_gz_gazebo
[0.298s] -- Up-to-date: /home/sachin/ardu_ws/install/ardupilot_gz_gazebo/share/ardupilot_gz_gazebo/cmake/ardupilot_gz_gazeboConfig.cmake
[0.298s] -- Up-to-date: /home/sachin/ardu_ws/install/ardupilot_gz_gazebo/share/ardupilot_gz_gazebo/cmake/ardupilot_gz_gazeboConfig-version.cmake
[0.298s] -- Up-to-date: /home/sachin/ardu_ws/install/ardupilot_gz_gazebo/share/ardupilot_gz_gazebo/package.xml
[0.317s] Invoked command in '/home/sachin/ardu_ws/build/ardupilot_gz_gazebo' returned '0': CMAKE_PREFIX_PATH=${CMAKE_PREFIX_PATH}:/opt/ros/jazzy DEBUGINFOD_URLS=https://debuginfod.ubuntu.com PS1=(.ros2_venv) \[\e]0;\u@\h: \w\a\]${debian_chroot:+($debian_chroot)}\[\033[01;32m\]\u@\h\[\033[00m\]:\[\033[01;34m\]\w\[\033[00m\]\$ VIRTUAL_ENV_PROMPT=(.ros2_venv) /usr/bin/cmake --install /home/sachin/ardu_ws/build/ardupilot_gz_gazebo
