-- The C compiler identification is GNU 13.3.0
-- The CXX compiler identification is GNU 13.3.0
-- Detecting C compiler ABI info
-- Detecting C compiler ABI info - done
-- Check for working C compiler: /usr/lib/ccache/cc - skipped
-- Detecting C compile features
-- Detecting C compile features - done
-- Detecting CXX compiler ABI info
-- Detecting CXX compiler ABI info - done
-- Check for working CXX compiler: /usr/lib/ccache/c++ - skipped
-- Detecting CXX compile features
-- Detecting CXX compile features - done
-- Found Python3: /home/sachin/.ros2_venv/bin/python3 (found version "3.12.3") found components: Interpreter 
-- Looking for gz-common5 -- found version 5.9.0
-- Searching for dependencies of gz-common5
-- Looking for gz-utils2 -- found version 2.2.1
-- Searching for dependencies of gz-utils2
-- Looking for dlfcn.h - found
-- Looking for libdl - found
-- Found DL: TRUE  
-- Checking for module 'uuid'
--   Found uuid, version 2.39.3
-- Found UUID: TRUE  
-- Looking for gz-common5 - found

-- Looking for gz-rendering8 -- found version 8.2.3
-- Searching for dependencies of gz-rendering8
-- Looking for gz-math7 -- found version 7.5.2
-- Searching for dependencies of gz-math7
-- Looking for gz-utils2 -- found version 2.2.1
-- Searching for <gz-math7> component [eigen3]
-- Looking for gz-math7-eigen3 -- found version 7.5.2
-- Searching for dependencies of gz-math7-eigen3
-- Looking for gz-common5 -- found version 5.9.0
-- Searching for dependencies of gz-common5
-- Looking for gz-utils2 -- found version 2.2.1
-- Looking for dlfcn.h - found
-- Looking for libdl - found
-- Searching for <gz-common5> component [graphics]
-- Looking for gz-common5-graphics -- found version 5.9.0
-- Searching for dependencies of gz-common5-graphics
-- Looking for gz-math7 -- found version 7.5.2
-- Found GzAssimp: TRUE (found version "5.3.0") 
-- Searching for <gz-common5> component [events]
-- Looking for gz-common5-events -- found version 5.9.0
-- Searching for dependencies of gz-common5-events
-- Looking for gz-math7 -- found version 7.5.2
-- Searching for <gz-common5> component [geospatial]
-- Looking for gz-common5-geospatial -- found version 5.9.0
-- Searching for dependencies of gz-common5-geospatial
-- Looking for gz-math7 -- found version 7.5.2
-- Looking for gz-common5 -- found version 5.9.0
-- Looking for gz-plugin2 -- found version 2.0.4
-- Searching for dependencies of gz-plugin2
-- Looking for gz-utils2 -- found version 2.2.1
-- Searching for dependencies of gz-utils2
-- Searching for <gz-utils2> component [cli]
-- Looking for gz-utils2-cli -- found version 2.2.1
-- Searching for dependencies of gz-utils2-cli
-- Searching for <gz-plugin2> component [all]
-- Looking for all libraries of gz-plugin2 -- found version 2.0.4
-- Looking for gz-plugin2 -- found version 2.0.4
-- Looking for gz-plugin2-loader -- found version 2.0.4
-- Searching for dependencies of gz-plugin2-loader
-- Looking for gz-plugin2-register -- found version 2.0.4
-- Searching for dependencies of gz-plugin2-register
-- Looking for gz-utils2 -- found version 2.2.1
-- Found OpenGL: /usr/lib/x86_64-linux-gnu/libOpenGL.so  found components: OpenGL 
-- Looking for gz-rendering8 - found

-- Looking for gz-sim8 -- found version 8.15.0
-- Searching for dependencies of gz-sim8
-- Looking for sdformat14 -- found version 14.9.0
-- Searching for dependencies of sdformat14
-- Checking for module 'tinyxml2'
--   Found tinyxml2, version 10.0.0
-- Looking for gz-math7 -- found version 7.5.2
-- Looking for gz-utils2 -- found version 2.2.1
-- Looking for gz-plugin2 -- found version 2.0.4
-- Looking for gz-transport13 -- found version 13.5.0
-- Searching for dependencies of gz-transport13
-- Found Protobuf: /usr/lib/x86_64-linux-gnu/libprotobuf.so (found version "3.21.12") 
-- Config-file not installed for ZeroMQ -- checking for pkg-config
-- Checking for module 'libzmq >= 4'
--   Found libzmq, version 4.3.5
-- Found ZeroMQ: TRUE (Required is at least version "4") 
-- Looking for gz-utils2 -- found version 2.2.1
-- Looking for gz-msgs10 -- found version 10.3.2
-- Searching for dependencies of gz-msgs10
-- Looking for gz-utils2 -- found version 2.2.1
-- Looking for gz-math7 -- found version 7.5.2
-- Searching for <gz-transport13> component [log]
-- Looking for gz-transport13-log -- found version 13.5.0
-- Searching for dependencies of gz-transport13-log
-- Searching for <gz-transport13> component [parameters]
-- Looking for gz-transport13-parameters -- found version 13.5.0
-- Searching for dependencies of gz-transport13-parameters
-- Looking for gz-msgs10 -- found version 10.3.2
-- Looking for gz-common5 -- found version 5.9.0
-- Searching for dependencies of gz-common5
-- Looking for gz-utils2 -- found version 2.2.1
-- Looking for dlfcn.h - found
-- Looking for libdl - found
-- Searching for <gz-common5> component [av]
-- Looking for gz-common5-av -- found version 5.9.0
-- Searching for dependencies of gz-common5-av
-- Checking for module 'libswscale'
--   Found libswscale, version 7.5.100
-- Found SWSCALE: TRUE  
-- Checking for module 'libavdevice >= 56.4.100'
--   Found libavdevice, version 60.3.100
-- Found AVDEVICE: TRUE (Required is at least version "56.4.100") 
-- Checking for module 'libavformat'
--   Found libavformat, version 60.16.100
-- Found AVFORMAT: TRUE  
-- Checking for module 'libavcodec'
--   Found libavcodec, version 60.31.102
-- Found AVCODEC: TRUE  
-- Checking for module 'libavutil'
--   Found libavutil, version 58.29.100
-- Found AVUTIL: TRUE  
-- Searching for <gz-common5> component [events]
-- Searching for <gz-common5> component [graphics]
-- Searching for <gz-common5> component [io]
-- Looking for gz-common5-io -- found version 5.9.0
-- Searching for dependencies of gz-common5-io
-- Searching for <gz-common5> component [profiler]
-- Looking for gz-common5-profiler -- found version 5.9.0
-- Searching for dependencies of gz-common5-profiler
-- Looking for gz-fuel_tools9 -- found version 9.1.1
-- Searching for dependencies of gz-fuel_tools9
-- Found CURL: /usr/lib/x86_64-linux-gnu/libcurl.so (found version "8.5.0")  
-- Checking for module 'jsoncpp'
--   Found jsoncpp, version 1.9.5
-- Found JSONCPP: TRUE  
-- Checking for module 'yaml-0.1'
--   Found yaml-0.1, version 0.2.5
-- Found YAML: TRUE  
-- Checking for module 'libzip'
--   Found libzip, version 1.7.3
-- Found ZIP: TRUE  
-- Looking for gz-utils2 -- found version 2.2.1
-- Looking for gz-common5 -- found version 5.9.0
-- Searching for dependencies of gz-common5
-- Looking for gz-utils2 -- found version 2.2.1
-- Looking for dlfcn.h - found
-- Looking for libdl - found
-- Searching for <gz-common5> component [testing]
-- Looking for gz-common5-testing -- found version 5.9.0
-- Searching for dependencies of gz-common5-testing
-- Looking for gz-math7 -- found version 7.5.2
-- Looking for gz-msgs10 -- found version 10.3.2
-- Looking for gz-gui8 -- found version 8.4.0
-- Searching for dependencies of gz-gui8
-- Looking for gz-utils2 -- found version 2.2.1
-- Looking for gz-math7 -- found version 7.5.2
-- Looking for gz-common5 -- found version 5.9.0
-- Looking for gz-plugin2 -- found version 2.0.4
-- Looking for gz-transport13 -- found version 13.5.0
-- Looking for gz-rendering8 -- found version 8.2.3
-- Looking for gz-msgs10 -- found version 10.3.2
-- Looking for gz-physics7 -- found version 7.8.0
-- Searching for dependencies of gz-physics7
-- Looking for gz-common5 -- found version 5.9.0
-- Looking for gz-math7 -- found version 7.5.2
-- Looking for gz-plugin2 -- found version 2.0.4
-- Looking for gz-utils2 -- found version 2.2.1
-- Searching for <gz-physics7> component [heightmap]
-- Looking for gz-physics7-heightmap -- found version 7.8.0
-- Searching for dependencies of gz-physics7-heightmap
-- Looking for gz-common5 -- found version 5.9.0
-- Searching for <gz-physics7> component [mesh]
-- Looking for gz-physics7-mesh -- found version 7.8.0
-- Searching for dependencies of gz-physics7-mesh
-- Looking for gz-common5 -- found version 5.9.0
-- Searching for <gz-physics7> component [sdf]
-- Looking for gz-physics7-sdf -- found version 7.8.0
-- Searching for dependencies of gz-physics7-sdf
-- Looking for sdformat14 -- found version 14.9.0
-- Looking for gz-sensors8 -- found version 8.2.2
-- Searching for dependencies of gz-sensors8
-- Looking for gz-math7 -- found version 7.5.2
-- Looking for gz-common5 -- found version 5.9.0
-- Looking for gz-transport13 -- found version 13.5.0
-- Looking for gz-rendering8 -- found version 8.2.3
-- Looking for gz-msgs10 -- found version 10.3.2
-- Looking for sdformat14 -- found version 14.9.0
-- Searching for <gz-sensors8> component [air_pressure]
-- Looking for gz-sensors8-air_pressure -- found version 8.2.2
-- Searching for dependencies of gz-sensors8-air_pressure
-- Searching for <gz-sensors8> component [air_speed]
-- Looking for gz-sensors8-air_speed -- found version 8.2.2
-- Searching for dependencies of gz-sensors8-air_speed
-- Searching for <gz-sensors8> component [altimeter]
-- Looking for gz-sensors8-altimeter -- found version 8.2.2
-- Searching for dependencies of gz-sensors8-altimeter
-- Searching for <gz-sensors8> component [imu]
-- Looking for gz-sensors8-imu -- found version 8.2.2
-- Searching for dependencies of gz-sensors8-imu
-- Searching for <gz-sensors8> component [force_torque]
-- Looking for gz-sensors8-force_torque -- found version 8.2.2
-- Searching for dependencies of gz-sensors8-force_torque
-- Searching for <gz-sensors8> component [logical_camera]
-- Looking for gz-sensors8-logical_camera -- found version 8.2.2
-- Searching for dependencies of gz-sensors8-logical_camera
-- Searching for <gz-sensors8> component [magnetometer]
-- Looking for gz-sensors8-magnetometer -- found version 8.2.2
-- Searching for dependencies of gz-sensors8-magnetometer
-- Searching for <gz-sensors8> component [navsat]
-- Looking for gz-sensors8-navsat -- found version 8.2.2
-- Searching for dependencies of gz-sensors8-navsat
-- Searching for <gz-sensors8> component [dvl]
-- Looking for gz-sensors8-dvl -- found version 8.2.2
-- Searching for dependencies of gz-sensors8-dvl
-- Looking for gz-sensors8 -- found version 8.2.2
-- Searching for dependencies of gz-sensors8
-- Looking for gz-math7 -- found version 7.5.2
-- Looking for gz-common5 -- found version 5.9.0
-- Looking for gz-transport13 -- found version 13.5.0
-- Looking for gz-rendering8 -- found version 8.2.3
-- Looking for gz-msgs10 -- found version 10.3.2
-- Looking for sdformat14 -- found version 14.9.0
-- Searching for <gz-sensors8> component [rendering]
-- Looking for gz-sensors8-rendering -- found version 8.2.2
-- Searching for dependencies of gz-sensors8-rendering
-- Searching for <gz-sensors8> component [rendering]
-- Searching for <gz-sensors8> component [lidar]
-- Looking for gz-sensors8-lidar -- found version 8.2.2
-- Searching for dependencies of gz-sensors8-lidar
-- Looking for gz-sensors8 -- found version 8.2.2
-- Searching for <gz-sensors8> component [gpu_lidar]
-- Looking for gz-sensors8-gpu_lidar -- found version 8.2.2
-- Searching for dependencies of gz-sensors8-gpu_lidar
-- Looking for gz-sensors8 -- found version 8.2.2
-- Searching for <gz-sensors8> component [camera]
-- Looking for gz-sensors8-camera -- found version 8.2.2
-- Searching for dependencies of gz-sensors8-camera
-- Looking for gz-sensors8 -- found version 8.2.2
-- Searching for <gz-sensors8> component [boundingbox_camera]
-- Looking for gz-sensors8-boundingbox_camera -- found version 8.2.2
-- Searching for dependencies of gz-sensors8-boundingbox_camera
-- Searching for <gz-sensors8> component [segmentation_camera]
-- Looking for gz-sensors8-segmentation_camera -- found version 8.2.2
-- Searching for dependencies of gz-sensors8-segmentation_camera
-- Searching for <gz-sensors8> component [depth_camera]
-- Looking for gz-sensors8-depth_camera -- found version 8.2.2
-- Searching for dependencies of gz-sensors8-depth_camera
-- Looking for gz-sensors8 -- found version 8.2.2
-- Searching for <gz-sensors8> component [rgbd_camera]
-- Looking for gz-sensors8-rgbd_camera -- found version 8.2.2
-- Searching for dependencies of gz-sensors8-rgbd_camera
-- Looking for gz-sensors8 -- found version 8.2.2
-- Searching for <gz-sensors8> component [thermal_camera]
-- Looking for gz-sensors8-thermal_camera -- found version 8.2.2
-- Searching for dependencies of gz-sensors8-thermal_camera
-- Looking for gz-sensors8 -- found version 8.2.2
-- Searching for <gz-sensors8> component [wide_angle_camera]
-- Looking for gz-sensors8-wide_angle_camera -- found version 8.2.2
-- Searching for dependencies of gz-sensors8-wide_angle_camera
-- Looking for gz-rendering8 -- found version 8.2.3
-- Looking for gz-math7 -- found version 7.5.2
-- Looking for gz-utils2 -- found version 2.2.1
-- Looking for gz-sim8 - found

-- Compiling against Gazebo Harmonic
-- RapidJSON found. Headers: /usr/include
-- Found OpenCV: /usr (found version "4.6.0") 
-- Checking for modules 'gstreamer-1.0;gstreamer-app-1.0'
--   Found gstreamer-1.0, version 1.24.2
--   Found gstreamer-app-1.0, version 1.24.2
-- Configuring done (1.7s)
-- Generating done (0.0s)
-- Build files have been written to: /home/sachin/ardu_ws/build/ardupilot_gazebo
[ 10%] [32mBuilding CXX object CMakeFiles/CameraZoomPlugin.dir/src/CameraZoomPlugin.cc.o[0m
[ 30%] [32mBuilding CXX object CMakeFiles/ArduPilotPlugin.dir/src/ArduPilotPlugin.cc.o[0m
[ 30%] [32mBuilding CXX object CMakeFiles/ArduPilotPlugin.dir/src/Util.cc.o[0m
[ 40%] [32mBuilding CXX object CMakeFiles/ArduPilotPlugin.dir/src/SocketUDP.cc.o[0m
[ 50%] [32mBuilding CXX object CMakeFiles/ParachutePlugin.dir/src/ParachutePlugin.cc.o[0m
[ 60%] [32mBuilding CXX object CMakeFiles/GstCameraPlugin.dir/src/GstCameraPlugin.cc.o[0m
[ 70%] [32m[1mLinking CXX shared library libParachutePlugin.so[0m
[ 80%] [32m[1mLinking CXX shared library libCameraZoomPlugin.so[0m
[ 80%] Built target ParachutePlugin
[ 80%] Built target CameraZoomPlugin
[ 90%] [32m[1mLinking CXX shared library libGstCameraPlugin.so[0m
[100%] [32m[1mLinking CXX shared library libArduPilotPlugin.so[0m
[100%] Built target ArduPilotPlugin
[100%] Built target GstCameraPlugin
-- Install configuration: ""
-- Installing: /home/sachin/ardu_ws/install/ardupilot_gazebo/lib/ardupilot_gazebo/libArduPilotPlugin.so
-- Set non-toolchain portion of runtime path of "/home/sachin/ardu_ws/install/ardupilot_gazebo/lib/ardupilot_gazebo/libArduPilotPlugin.so" to ""
-- Installing: /home/sachin/ardu_ws/install/ardupilot_gazebo/lib/ardupilot_gazebo/libParachutePlugin.so
-- Set non-toolchain portion of runtime path of "/home/sachin/ardu_ws/install/ardupilot_gazebo/lib/ardupilot_gazebo/libParachutePlugin.so" to ""
-- Installing: /home/sachin/ardu_ws/install/ardupilot_gazebo/lib/ardupilot_gazebo/libCameraZoomPlugin.so
-- Set non-toolchain portion of runtime path of "/home/sachin/ardu_ws/install/ardupilot_gazebo/lib/ardupilot_gazebo/libCameraZoomPlugin.so" to ""
-- Installing: /home/sachin/ardu_ws/install/ardupilot_gazebo/lib/ardupilot_gazebo/libGstCameraPlugin.so
-- Set non-toolchain portion of runtime path of "/home/sachin/ardu_ws/install/ardupilot_gazebo/lib/ardupilot_gazebo/libGstCameraPlugin.so" to ""
-- Installing: /home/sachin/ardu_ws/install/ardupilot_gazebo/share/ardupilot_gazebo/config
-- Installing: /home/sachin/ardu_ws/install/ardupilot_gazebo/share/ardupilot_gazebo/config/gazebo-iris-gimbal.parm
-- Installing: /home/sachin/ardu_ws/install/ardupilot_gazebo/share/ardupilot_gazebo/models
-- Installing: /home/sachin/ardu_ws/install/ardupilot_gazebo/share/ardupilot_gazebo/models/iris_with_standoffs
-- Installing: /home/sachin/ardu_ws/install/ardupilot_gazebo/share/ardupilot_gazebo/models/iris_with_standoffs/model.sdf
-- Installing: /home/sachin/ardu_ws/install/ardupilot_gazebo/share/ardupilot_gazebo/models/iris_with_standoffs/meshes
-- Installing: /home/sachin/ardu_ws/install/ardupilot_gazebo/share/ardupilot_gazebo/models/iris_with_standoffs/meshes/iris_prop_ccw.dae
-- Installing: /home/sachin/ardu_ws/install/ardupilot_gazebo/share/ardupilot_gazebo/models/iris_with_standoffs/meshes/iris.dae
-- Installing: /home/sachin/ardu_ws/install/ardupilot_gazebo/share/ardupilot_gazebo/models/iris_with_standoffs/meshes/iris_collision.stl
-- Installing: /home/sachin/ardu_ws/install/ardupilot_gazebo/share/ardupilot_gazebo/models/iris_with_standoffs/meshes/iris_prop_cw.dae
-- Installing: /home/sachin/ardu_ws/install/ardupilot_gazebo/share/ardupilot_gazebo/models/iris_with_standoffs/model.config
-- Installing: /home/sachin/ardu_ws/install/ardupilot_gazebo/share/ardupilot_gazebo/models/zephyr_with_ardupilot
-- Installing: /home/sachin/ardu_ws/install/ardupilot_gazebo/share/ardupilot_gazebo/models/zephyr_with_ardupilot/model.sdf
-- Installing: /home/sachin/ardu_ws/install/ardupilot_gazebo/share/ardupilot_gazebo/models/zephyr_with_ardupilot/model.config
-- Installing: /home/sachin/ardu_ws/install/ardupilot_gazebo/share/ardupilot_gazebo/models/zephyr
-- Installing: /home/sachin/ardu_ws/install/ardupilot_gazebo/share/ardupilot_gazebo/models/zephyr/model.sdf
-- Installing: /home/sachin/ardu_ws/install/ardupilot_gazebo/share/ardupilot_gazebo/models/zephyr/meshes
-- Installing: /home/sachin/ardu_ws/install/ardupilot_gazebo/share/ardupilot_gazebo/models/zephyr/meshes/parachute_small.dae
-- Installing: /home/sachin/ardu_ws/install/ardupilot_gazebo/share/ardupilot_gazebo/models/zephyr/meshes/wing.dae
-- Installing: /home/sachin/ardu_ws/install/ardupilot_gazebo/share/ardupilot_gazebo/models/zephyr/materials
-- Installing: /home/sachin/ardu_ws/install/ardupilot_gazebo/share/ardupilot_gazebo/models/zephyr/materials/textures
-- Installing: /home/sachin/ardu_ws/install/ardupilot_gazebo/share/ardupilot_gazebo/models/zephyr/materials/textures/wing.png
-- Installing: /home/sachin/ardu_ws/install/ardupilot_gazebo/share/ardupilot_gazebo/models/zephyr/model.config
-- Installing: /home/sachin/ardu_ws/install/ardupilot_gazebo/share/ardupilot_gazebo/models/zephyr/thumbnails
-- Installing: /home/sachin/ardu_ws/install/ardupilot_gazebo/share/ardupilot_gazebo/models/zephyr/thumbnails/2.png
-- Installing: /home/sachin/ardu_ws/install/ardupilot_gazebo/share/ardupilot_gazebo/models/zephyr/thumbnails/3.png
-- Installing: /home/sachin/ardu_ws/install/ardupilot_gazebo/share/ardupilot_gazebo/models/zephyr/thumbnails/5.png
-- Installing: /home/sachin/ardu_ws/install/ardupilot_gazebo/share/ardupilot_gazebo/models/zephyr/thumbnails/1.png
-- Installing: /home/sachin/ardu_ws/install/ardupilot_gazebo/share/ardupilot_gazebo/models/zephyr/thumbnails/4.png
-- Installing: /home/sachin/ardu_ws/install/ardupilot_gazebo/share/ardupilot_gazebo/models/zephyr_with_parachute
-- Installing: /home/sachin/ardu_ws/install/ardupilot_gazebo/share/ardupilot_gazebo/models/zephyr_with_parachute/model.sdf
-- Installing: /home/sachin/ardu_ws/install/ardupilot_gazebo/share/ardupilot_gazebo/models/zephyr_with_parachute/model.config
-- Installing: /home/sachin/ardu_ws/install/ardupilot_gazebo/share/ardupilot_gazebo/models/runway
-- Installing: /home/sachin/ardu_ws/install/ardupilot_gazebo/share/ardupilot_gazebo/models/runway/model.sdf
-- Installing: /home/sachin/ardu_ws/install/ardupilot_gazebo/share/ardupilot_gazebo/models/runway/meshes
-- Installing: /home/sachin/ardu_ws/install/ardupilot_gazebo/share/ardupilot_gazebo/models/runway/meshes/airfield.dae
-- Installing: /home/sachin/ardu_ws/install/ardupilot_gazebo/share/ardupilot_gazebo/models/runway/materials
-- Installing: /home/sachin/ardu_ws/install/ardupilot_gazebo/share/ardupilot_gazebo/models/runway/materials/textures
-- Installing: /home/sachin/ardu_ws/install/ardupilot_gazebo/share/ardupilot_gazebo/models/runway/materials/textures/Grass004_2K_NormalGL.jpg
-- Installing: /home/sachin/ardu_ws/install/ardupilot_gazebo/share/ardupilot_gazebo/models/runway/materials/textures/runway.png
-- Installing: /home/sachin/ardu_ws/install/ardupilot_gazebo/share/ardupilot_gazebo/models/runway/materials/textures/Grass004_2K_Roughness.jpg
-- Installing: /home/sachin/ardu_ws/install/ardupilot_gazebo/share/ardupilot_gazebo/models/runway/materials/textures/Grass004_2K_Color copy.jpg
-- Installing: /home/sachin/ardu_ws/install/ardupilot_gazebo/share/ardupilot_gazebo/models/runway/materials/textures/Grass004_2K_Color.jpg
-- Installing: /home/sachin/ardu_ws/install/ardupilot_gazebo/share/ardupilot_gazebo/models/runway/materials/textures/Grass004_2K_AmbientOcclusion.jpg
-- Installing: /home/sachin/ardu_ws/install/ardupilot_gazebo/share/ardupilot_gazebo/models/runway/materials/textures/Grass004_2K_Displacement.jpg
-- Installing: /home/sachin/ardu_ws/install/ardupilot_gazebo/share/ardupilot_gazebo/models/runway/model.config
-- Installing: /home/sachin/ardu_ws/install/ardupilot_gazebo/share/ardupilot_gazebo/models/iris_with_gimbal
-- Installing: /home/sachin/ardu_ws/install/ardupilot_gazebo/share/ardupilot_gazebo/models/iris_with_gimbal/model.sdf
-- Installing: /home/sachin/ardu_ws/install/ardupilot_gazebo/share/ardupilot_gazebo/models/iris_with_gimbal/model.config
-- Installing: /home/sachin/ardu_ws/install/ardupilot_gazebo/share/ardupilot_gazebo/models/gimbal_small_2d
-- Installing: /home/sachin/ardu_ws/install/ardupilot_gazebo/share/ardupilot_gazebo/models/gimbal_small_2d/model.sdf
-- Installing: /home/sachin/ardu_ws/install/ardupilot_gazebo/share/ardupilot_gazebo/models/gimbal_small_2d/meshes
-- Installing: /home/sachin/ardu_ws/install/ardupilot_gazebo/share/ardupilot_gazebo/models/gimbal_small_2d/meshes/base_main.dae
-- Installing: /home/sachin/ardu_ws/install/ardupilot_gazebo/share/ardupilot_gazebo/models/gimbal_small_2d/meshes/tilt.dae
-- Installing: /home/sachin/ardu_ws/install/ardupilot_gazebo/share/ardupilot_gazebo/models/gimbal_small_2d/meshes/base_arm.dae
-- Installing: /home/sachin/ardu_ws/install/ardupilot_gazebo/share/ardupilot_gazebo/models/gimbal_small_2d/model.config
-- Installing: /home/sachin/ardu_ws/install/ardupilot_gazebo/share/ardupilot_gazebo/models/parachute_small
-- Installing: /home/sachin/ardu_ws/install/ardupilot_gazebo/share/ardupilot_gazebo/models/parachute_small/model.sdf
-- Installing: /home/sachin/ardu_ws/install/ardupilot_gazebo/share/ardupilot_gazebo/models/parachute_small/meshes
-- Installing: /home/sachin/ardu_ws/install/ardupilot_gazebo/share/ardupilot_gazebo/models/parachute_small/meshes/parachute_small.dae
-- Installing: /home/sachin/ardu_ws/install/ardupilot_gazebo/share/ardupilot_gazebo/models/parachute_small/model.config
-- Installing: /home/sachin/ardu_ws/install/ardupilot_gazebo/share/ardupilot_gazebo/models/gimbal_small_3d
-- Installing: /home/sachin/ardu_ws/install/ardupilot_gazebo/share/ardupilot_gazebo/models/gimbal_small_3d/model.sdf
-- Installing: /home/sachin/ardu_ws/install/ardupilot_gazebo/share/ardupilot_gazebo/models/gimbal_small_3d/meshes
-- Installing: /home/sachin/ardu_ws/install/ardupilot_gazebo/share/ardupilot_gazebo/models/gimbal_small_3d/meshes/roll_arm.dae
-- Installing: /home/sachin/ardu_ws/install/ardupilot_gazebo/share/ardupilot_gazebo/models/gimbal_small_3d/meshes/camera_enclosure.dae
-- Installing: /home/sachin/ardu_ws/install/ardupilot_gazebo/share/ardupilot_gazebo/models/gimbal_small_3d/meshes/base_plate.dae
-- Installing: /home/sachin/ardu_ws/install/ardupilot_gazebo/share/ardupilot_gazebo/models/gimbal_small_3d/meshes/yaw_arm.dae
-- Installing: /home/sachin/ardu_ws/install/ardupilot_gazebo/share/ardupilot_gazebo/models/gimbal_small_3d/model.config
-- Installing: /home/sachin/ardu_ws/install/ardupilot_gazebo/share/ardupilot_gazebo/models/iris_with_ardupilot
-- Installing: /home/sachin/ardu_ws/install/ardupilot_gazebo/share/ardupilot_gazebo/models/iris_with_ardupilot/model.sdf
-- Installing: /home/sachin/ardu_ws/install/ardupilot_gazebo/share/ardupilot_gazebo/models/iris_with_ardupilot/model.config
-- Installing: /home/sachin/ardu_ws/install/ardupilot_gazebo/share/ardupilot_gazebo/models/gimbal_small_1d
-- Installing: /home/sachin/ardu_ws/install/ardupilot_gazebo/share/ardupilot_gazebo/models/gimbal_small_1d/model.sdf
-- Installing: /home/sachin/ardu_ws/install/ardupilot_gazebo/share/ardupilot_gazebo/models/gimbal_small_1d/meshes
-- Installing: /home/sachin/ardu_ws/install/ardupilot_gazebo/share/ardupilot_gazebo/models/gimbal_small_1d/meshes/base_main.dae
-- Installing: /home/sachin/ardu_ws/install/ardupilot_gazebo/share/ardupilot_gazebo/models/gimbal_small_1d/meshes/tilt.dae
-- Installing: /home/sachin/ardu_ws/install/ardupilot_gazebo/share/ardupilot_gazebo/models/gimbal_small_1d/meshes/base_arm.dae
-- Installing: /home/sachin/ardu_ws/install/ardupilot_gazebo/share/ardupilot_gazebo/models/gimbal_small_1d/model.config
-- Installing: /home/sachin/ardu_ws/install/ardupilot_gazebo/share/ardupilot_gazebo/worlds
-- Installing: /home/sachin/ardu_ws/install/ardupilot_gazebo/share/ardupilot_gazebo/worlds/iris_runway.sdf
-- Installing: /home/sachin/ardu_ws/install/ardupilot_gazebo/share/ardupilot_gazebo/worlds/gimbal.sdf
-- Installing: /home/sachin/ardu_ws/install/ardupilot_gazebo/share/ardupilot_gazebo/worlds/zephyr_runway.sdf
-- Installing: /home/sachin/ardu_ws/install/ardupilot_gazebo/share/ardupilot_gazebo/worlds/zephyr_parachute.sdf
-- Installing: /home/sachin/ardu_ws/install/ardupilot_gazebo/share/ardupilot_gazebo/worlds/iris_warehouse.sdf
-- Installing: /home/sachin/ardu_ws/install/ardupilot_gazebo/share/ardupilot_gazebo/environment/ardupilot_gazebo.dsv
-- Installing: /home/sachin/ardu_ws/install/ardupilot_gazebo/share/ardupilot_gazebo/environment/ardupilot_gazebo.sh
-- Installing: /home/sachin/ardu_ws/install/ardupilot_gazebo/share/ament_index/resource_index/package_run_dependencies/ardupilot_gazebo
-- Installing: /home/sachin/ardu_ws/install/ardupilot_gazebo/share/ament_index/resource_index/parent_prefix_path/ardupilot_gazebo
-- Installing: /home/sachin/ardu_ws/install/ardupilot_gazebo/share/ardupilot_gazebo/environment/ament_prefix_path.sh
-- Installing: /home/sachin/ardu_ws/install/ardupilot_gazebo/share/ardupilot_gazebo/environment/ament_prefix_path.dsv
-- Installing: /home/sachin/ardu_ws/install/ardupilot_gazebo/share/ardupilot_gazebo/environment/path.sh
-- Installing: /home/sachin/ardu_ws/install/ardupilot_gazebo/share/ardupilot_gazebo/environment/path.dsv
-- Installing: /home/sachin/ardu_ws/install/ardupilot_gazebo/share/ardupilot_gazebo/local_setup.bash
-- Installing: /home/sachin/ardu_ws/install/ardupilot_gazebo/share/ardupilot_gazebo/local_setup.sh
-- Installing: /home/sachin/ardu_ws/install/ardupilot_gazebo/share/ardupilot_gazebo/local_setup.zsh
-- Installing: /home/sachin/ardu_ws/install/ardupilot_gazebo/share/ardupilot_gazebo/local_setup.dsv
-- Installing: /home/sachin/ardu_ws/install/ardupilot_gazebo/share/ardupilot_gazebo/package.dsv
-- Installing: /home/sachin/ardu_ws/install/ardupilot_gazebo/share/ament_index/resource_index/packages/ardupilot_gazebo
-- Installing: /home/sachin/ardu_ws/install/ardupilot_gazebo/share/ardupilot_gazebo/cmake/ardupilot_gazeboConfig.cmake
-- Installing: /home/sachin/ardu_ws/install/ardupilot_gazebo/share/ardupilot_gazebo/cmake/ardupilot_gazeboConfig-version.cmake
-- Installing: /home/sachin/ardu_ws/install/ardupilot_gazebo/share/ardupilot_gazebo/package.xml
