[0.012s] Invoking command in '/home/sachin/ardu_ws/build/ardupilot_gazebo': CMAKE_PREFIX_PATH=${CMAKE_PREFIX_PATH}:/home/sachin/ardu_ws/install/ardupilot_dds_tests:/opt/ros/jazzy DEBUGINFOD_URLS=https://debuginfod.ubuntu.com PS1=(.ros2_venv) \[\e]0;\u@\h: \w\a\]${debian_chroot:+($debian_chroot)}\[\033[01;32m\]\u@\h\[\033[00m\]:\[\033[01;34m\]\w\[\033[00m\]\$ VIRTUAL_ENV_PROMPT=(.ros2_venv) /usr/bin/cmake /home/sachin/ardu_ws/src/ardupilot_gazebo -DCMAKE_INSTALL_PREFIX=/home/sachin/ardu_ws/install/ardupilot_gazebo
[0.068s] -- The C compiler identification is GNU 13.3.0
[0.120s] -- The CXX compiler identification is GNU 13.3.0
[0.137s] -- Detecting C compiler ABI info
[0.205s] -- Detecting C compiler ABI info - done
[0.216s] -- Check for working C compiler: /usr/lib/ccache/cc - skipped
[0.216s] -- Detecting C compile features
[0.216s] -- Detecting C compile features - done
[0.227s] -- Detecting CXX compiler ABI info
[0.297s] -- Detecting CXX compiler ABI info - done
[0.310s] -- Check for working CXX compiler: /usr/lib/ccache/c++ - skipped
[0.310s] -- Detecting CXX compile features
[0.310s] -- Detecting CXX compile features - done
[0.417s] -- Found Python3: /home/sachin/.ros2_venv/bin/python3 (found version "3.12.3") found components: Interpreter 
[0.510s] [0mBuilding ardupilot_gazebo as an `ament_cmake` project.[0m
[0.520s] -- Looking for gz-common5 -- found version 5.9.0
[0.520s] -- Searching for dependencies of gz-common5
[0.521s] -- Looking for gz-utils2 -- found version 2.2.1
[0.522s] -- Searching for dependencies of gz-utils2
[0.524s] -- Looking for dlfcn.h - found
[0.534s] -- Looking for libdl - found
[0.535s] -- Found DL: TRUE  
[0.542s] -- Checking for module 'uuid'
[0.558s] --   Found uuid, version 2.39.3
[0.587s] -- Found UUID: TRUE  
[0.588s] -- Looking for gz-common5 - found
[0.588s] 
[0.590s] -- Looking for gz-rendering8 -- found version 8.2.3
[0.591s] -- Searching for dependencies of gz-rendering8
[0.593s] -- Looking for gz-math7 -- found version 7.5.2
[0.593s] -- Searching for dependencies of gz-math7
[0.594s] -- Looking for gz-utils2 -- found version 2.2.1
[0.594s] -- Searching for <gz-math7> component [eigen3]
[0.597s] -- Looking for gz-math7-eigen3 -- found version 7.5.2
[0.597s] -- Searching for dependencies of gz-math7-eigen3
[0.608s] -- Looking for gz-common5 -- found version 5.9.0
[0.609s] -- Searching for dependencies of gz-common5
[0.609s] -- Looking for gz-utils2 -- found version 2.2.1
[0.609s] -- Looking for dlfcn.h - found
[0.609s] -- Looking for libdl - found
[0.616s] -- Searching for <gz-common5> component [graphics]
[0.618s] -- Looking for gz-common5-graphics -- found version 5.9.0
[0.618s] -- Searching for dependencies of gz-common5-graphics
[0.618s] -- Looking for gz-math7 -- found version 7.5.2
[0.622s] -- Found GzAssimp: TRUE (found version "5.3.0") 
[0.622s] -- Searching for <gz-common5> component [events]
[0.624s] -- Looking for gz-common5-events -- found version 5.9.0
[0.624s] -- Searching for dependencies of gz-common5-events
[0.624s] -- Looking for gz-math7 -- found version 7.5.2
[0.625s] -- Searching for <gz-common5> component [geospatial]
[0.626s] -- Looking for gz-common5-geospatial -- found version 5.9.0
[0.626s] -- Searching for dependencies of gz-common5-geospatial
[0.626s] -- Looking for gz-math7 -- found version 7.5.2
[0.627s] -- Looking for gz-common5 -- found version 5.9.0
[0.628s] -- Looking for gz-plugin2 -- found version 2.0.4
[0.628s] -- Searching for dependencies of gz-plugin2
[0.628s] -- Looking for gz-utils2 -- found version 2.2.1
[0.628s] -- Searching for dependencies of gz-utils2
[0.629s] -- Searching for <gz-utils2> component [cli]
[0.630s] -- Looking for gz-utils2-cli -- found version 2.2.1
[0.630s] -- Searching for dependencies of gz-utils2-cli
[0.630s] -- Searching for <gz-plugin2> component [all]
[0.632s] -- Looking for all libraries of gz-plugin2 -- found version 2.0.4
[0.632s] -- Looking for gz-plugin2 -- found version 2.0.4
[0.633s] -- Looking for gz-plugin2-loader -- found version 2.0.4
[0.633s] -- Searching for dependencies of gz-plugin2-loader
[0.636s] -- Looking for gz-plugin2-register -- found version 2.0.4
[0.636s] -- Searching for dependencies of gz-plugin2-register
[0.637s] -- Looking for gz-utils2 -- found version 2.2.1
[0.660s] -- Found OpenGL: /usr/lib/x86_64-linux-gnu/libOpenGL.so  found components: OpenGL 
[0.661s] -- Looking for gz-rendering8 - found
[0.661s] 
[0.662s] -- Looking for gz-sim8 -- found version 8.15.0
[0.662s] -- Searching for dependencies of gz-sim8
[0.664s] -- Looking for sdformat14 -- found version 14.9.0
[0.664s] -- Searching for dependencies of sdformat14
[0.669s] -- Checking for module 'tinyxml2'
[0.681s] --   Found tinyxml2, version 10.0.0
[0.706s] -- Looking for gz-math7 -- found version 7.5.2
[0.706s] -- Looking for gz-utils2 -- found version 2.2.1
[0.707s] -- Looking for gz-plugin2 -- found version 2.0.4
[0.708s] -- Looking for gz-transport13 -- found version 13.5.0
[0.708s] -- Searching for dependencies of gz-transport13
[0.813s] -- Found Protobuf: /usr/lib/x86_64-linux-gnu/libprotobuf.so (found version "3.21.12") 
[0.821s] -- Config-file not installed for ZeroMQ -- checking for pkg-config
[0.826s] -- Checking for module 'libzmq >= 4'
[0.840s] --   Found libzmq, version 4.3.5
[0.875s] -- Found ZeroMQ: TRUE (Required is at least version "4") 
[0.881s] -- Looking for gz-utils2 -- found version 2.2.1
[0.882s] -- Looking for gz-msgs10 -- found version 10.3.2
[0.882s] -- Searching for dependencies of gz-msgs10
[0.898s] -- Looking for gz-utils2 -- found version 2.2.1
[0.898s] -- Looking for gz-math7 -- found version 7.5.2
[0.905s] -- Searching for <gz-transport13> component [log]
[0.906s] -- Looking for gz-transport13-log -- found version 13.5.0
[0.906s] -- Searching for dependencies of gz-transport13-log
[0.907s] -- Searching for <gz-transport13> component [parameters]
[0.908s] -- Looking for gz-transport13-parameters -- found version 13.5.0
[0.909s] -- Searching for dependencies of gz-transport13-parameters
[0.910s] -- Looking for gz-msgs10 -- found version 10.3.2
[0.910s] -- Looking for gz-common5 -- found version 5.9.0
[0.910s] -- Searching for dependencies of gz-common5
[0.910s] -- Looking for gz-utils2 -- found version 2.2.1
[0.911s] -- Looking for dlfcn.h - found
[0.911s] -- Looking for libdl - found
[0.918s] -- Searching for <gz-common5> component [av]
[0.920s] -- Looking for gz-common5-av -- found version 5.9.0
[0.920s] -- Searching for dependencies of gz-common5-av
[0.925s] -- Checking for module 'libswscale'
[0.939s] --   Found libswscale, version 7.5.100
[0.971s] -- Found SWSCALE: TRUE  
[0.975s] -- Checking for module 'libavdevice >= 56.4.100'
[0.990s] --   Found libavdevice, version 60.3.100
[1.031s] -- Found AVDEVICE: TRUE (Required is at least version "56.4.100") 
[1.036s] -- Checking for module 'libavformat'
[1.050s] --   Found libavformat, version 60.16.100
[1.083s] -- Found AVFORMAT: TRUE  
[1.087s] -- Checking for module 'libavcodec'
[1.101s] --   Found libavcodec, version 60.31.102
[1.129s] -- Found AVCODEC: TRUE  
[1.132s] -- Checking for module 'libavutil'
[1.145s] --   Found libavutil, version 58.29.100
[1.174s] -- Found AVUTIL: TRUE  
[1.174s] -- Searching for <gz-common5> component [events]
[1.175s] -- Searching for <gz-common5> component [graphics]
[1.175s] -- Searching for <gz-common5> component [io]
[1.175s] -- Looking for gz-common5-io -- found version 5.9.0
[1.176s] -- Searching for dependencies of gz-common5-io
[1.176s] -- Searching for <gz-common5> component [profiler]
[1.177s] -- Looking for gz-common5-profiler -- found version 5.9.0
[1.177s] -- Searching for dependencies of gz-common5-profiler
[1.178s] -- Looking for gz-fuel_tools9 -- found version 9.1.1
[1.178s] -- Searching for dependencies of gz-fuel_tools9
[1.260s] -- Found CURL: /usr/lib/x86_64-linux-gnu/libcurl.so (found version "8.5.0")  
[1.268s] -- Checking for module 'jsoncpp'
[1.282s] --   Found jsoncpp, version 1.9.5
[1.311s] -- Found JSONCPP: TRUE  
[1.322s] -- Checking for module 'yaml-0.1'
[1.332s] --   Found yaml-0.1, version 0.2.5
[1.361s] -- Found YAML: TRUE  
[1.366s] -- Checking for module 'libzip'
[1.381s] --   Found libzip, version 1.7.3
[1.410s] -- Found ZIP: TRUE  
[1.410s] -- Looking for gz-utils2 -- found version 2.2.1
[1.410s] -- Looking for gz-common5 -- found version 5.9.0
[1.410s] -- Searching for dependencies of gz-common5
[1.411s] -- Looking for gz-utils2 -- found version 2.2.1
[1.411s] -- Looking for dlfcn.h - found
[1.411s] -- Looking for libdl - found
[1.418s] -- Searching for <gz-common5> component [testing]
[1.419s] -- Looking for gz-common5-testing -- found version 5.9.0
[1.419s] -- Searching for dependencies of gz-common5-testing
[1.420s] -- Looking for gz-math7 -- found version 7.5.2
[1.420s] -- Looking for gz-msgs10 -- found version 10.3.2
[1.422s] -- Looking for gz-gui8 -- found version 8.4.0
[1.422s] -- Searching for dependencies of gz-gui8
[1.440s] -- Looking for gz-utils2 -- found version 2.2.1
[1.440s] -- Looking for gz-math7 -- found version 7.5.2
[1.440s] -- Looking for gz-common5 -- found version 5.9.0
[1.440s] -- Looking for gz-plugin2 -- found version 2.0.4
[1.441s] -- Looking for gz-transport13 -- found version 13.5.0
[1.441s] -- Looking for gz-rendering8 -- found version 8.2.3
[1.441s] -- Looking for gz-msgs10 -- found version 10.3.2
[1.470s] -- Looking for gz-physics7 -- found version 7.8.0
[1.470s] -- Searching for dependencies of gz-physics7
[1.470s] -- Looking for gz-common5 -- found version 5.9.0
[1.471s] -- Looking for gz-math7 -- found version 7.5.2
[1.471s] -- Looking for gz-plugin2 -- found version 2.0.4
[1.471s] -- Looking for gz-utils2 -- found version 2.2.1
[1.472s] -- Searching for <gz-physics7> component [heightmap]
[1.473s] -- Looking for gz-physics7-heightmap -- found version 7.8.0
[1.473s] -- Searching for dependencies of gz-physics7-heightmap
[1.474s] -- Looking for gz-common5 -- found version 5.9.0
[1.474s] -- Searching for <gz-physics7> component [mesh]
[1.475s] -- Looking for gz-physics7-mesh -- found version 7.8.0
[1.475s] -- Searching for dependencies of gz-physics7-mesh
[1.475s] -- Looking for gz-common5 -- found version 5.9.0
[1.475s] -- Searching for <gz-physics7> component [sdf]
[1.476s] -- Looking for gz-physics7-sdf -- found version 7.8.0
[1.476s] -- Searching for dependencies of gz-physics7-sdf
[1.477s] -- Looking for sdformat14 -- found version 14.9.0
[1.478s] -- Looking for gz-sensors8 -- found version 8.2.2
[1.478s] -- Searching for dependencies of gz-sensors8
[1.493s] -- Looking for gz-math7 -- found version 7.5.2
[1.493s] -- Looking for gz-common5 -- found version 5.9.0
[1.494s] -- Looking for gz-transport13 -- found version 13.5.0
[1.494s] -- Looking for gz-rendering8 -- found version 8.2.3
[1.494s] -- Looking for gz-msgs10 -- found version 10.3.2
[1.495s] -- Looking for sdformat14 -- found version 14.9.0
[1.495s] -- Searching for <gz-sensors8> component [air_pressure]
[1.496s] -- Looking for gz-sensors8-air_pressure -- found version 8.2.2
[1.496s] -- Searching for dependencies of gz-sensors8-air_pressure
[1.497s] -- Searching for <gz-sensors8> component [air_speed]
[1.497s] -- Looking for gz-sensors8-air_speed -- found version 8.2.2
[1.497s] -- Searching for dependencies of gz-sensors8-air_speed
[1.498s] -- Searching for <gz-sensors8> component [altimeter]
[1.499s] -- Looking for gz-sensors8-altimeter -- found version 8.2.2
[1.499s] -- Searching for dependencies of gz-sensors8-altimeter
[1.499s] -- Searching for <gz-sensors8> component [imu]
[1.500s] -- Looking for gz-sensors8-imu -- found version 8.2.2
[1.500s] -- Searching for dependencies of gz-sensors8-imu
[1.501s] -- Searching for <gz-sensors8> component [force_torque]
[1.502s] -- Looking for gz-sensors8-force_torque -- found version 8.2.2
[1.502s] -- Searching for dependencies of gz-sensors8-force_torque
[1.502s] -- Searching for <gz-sensors8> component [logical_camera]
[1.503s] -- Looking for gz-sensors8-logical_camera -- found version 8.2.2
[1.503s] -- Searching for dependencies of gz-sensors8-logical_camera
[1.504s] -- Searching for <gz-sensors8> component [magnetometer]
[1.504s] -- Looking for gz-sensors8-magnetometer -- found version 8.2.2
[1.505s] -- Searching for dependencies of gz-sensors8-magnetometer
[1.505s] -- Searching for <gz-sensors8> component [navsat]
[1.506s] -- Looking for gz-sensors8-navsat -- found version 8.2.2
[1.506s] -- Searching for dependencies of gz-sensors8-navsat
[1.506s] -- Searching for <gz-sensors8> component [dvl]
[1.507s] -- Looking for gz-sensors8-dvl -- found version 8.2.2
[1.507s] -- Searching for dependencies of gz-sensors8-dvl
[1.508s] -- Looking for gz-sensors8 -- found version 8.2.2
[1.508s] -- Searching for dependencies of gz-sensors8
[1.524s] -- Looking for gz-math7 -- found version 7.5.2
[1.524s] -- Looking for gz-common5 -- found version 5.9.0
[1.524s] -- Looking for gz-transport13 -- found version 13.5.0
[1.525s] -- Looking for gz-rendering8 -- found version 8.2.3
[1.525s] -- Looking for gz-msgs10 -- found version 10.3.2
[1.526s] -- Looking for sdformat14 -- found version 14.9.0
[1.526s] -- Searching for <gz-sensors8> component [rendering]
[1.527s] -- Looking for gz-sensors8-rendering -- found version 8.2.2
[1.527s] -- Searching for dependencies of gz-sensors8-rendering
[1.528s] -- Searching for <gz-sensors8> component [rendering]
[1.528s] -- Searching for <gz-sensors8> component [lidar]
[1.529s] -- Looking for gz-sensors8-lidar -- found version 8.2.2
[1.530s] -- Searching for dependencies of gz-sensors8-lidar
[1.530s] -- Looking for gz-sensors8 -- found version 8.2.2
[1.530s] -- Searching for <gz-sensors8> component [gpu_lidar]
[1.532s] -- Looking for gz-sensors8-gpu_lidar -- found version 8.2.2
[1.532s] -- Searching for dependencies of gz-sensors8-gpu_lidar
[1.532s] -- Looking for gz-sensors8 -- found version 8.2.2
[1.532s] -- Searching for <gz-sensors8> component [camera]
[1.533s] -- Looking for gz-sensors8-camera -- found version 8.2.2
[1.533s] -- Searching for dependencies of gz-sensors8-camera
[1.533s] -- Looking for gz-sensors8 -- found version 8.2.2
[1.534s] -- Searching for <gz-sensors8> component [boundingbox_camera]
[1.534s] -- Looking for gz-sensors8-boundingbox_camera -- found version 8.2.2
[1.534s] -- Searching for dependencies of gz-sensors8-boundingbox_camera
[1.535s] -- Searching for <gz-sensors8> component [segmentation_camera]
[1.536s] -- Looking for gz-sensors8-segmentation_camera -- found version 8.2.2
[1.536s] -- Searching for dependencies of gz-sensors8-segmentation_camera
[1.536s] -- Searching for <gz-sensors8> component [depth_camera]
[1.537s] -- Looking for gz-sensors8-depth_camera -- found version 8.2.2
[1.537s] -- Searching for dependencies of gz-sensors8-depth_camera
[1.537s] -- Looking for gz-sensors8 -- found version 8.2.2
[1.537s] -- Searching for <gz-sensors8> component [rgbd_camera]
[1.538s] -- Looking for gz-sensors8-rgbd_camera -- found version 8.2.2
[1.538s] -- Searching for dependencies of gz-sensors8-rgbd_camera
[1.538s] -- Looking for gz-sensors8 -- found version 8.2.2
[1.539s] -- Searching for <gz-sensors8> component [thermal_camera]
[1.540s] -- Looking for gz-sensors8-thermal_camera -- found version 8.2.2
[1.540s] -- Searching for dependencies of gz-sensors8-thermal_camera
[1.540s] -- Looking for gz-sensors8 -- found version 8.2.2
[1.540s] -- Searching for <gz-sensors8> component [wide_angle_camera]
[1.541s] -- Looking for gz-sensors8-wide_angle_camera -- found version 8.2.2
[1.541s] -- Searching for dependencies of gz-sensors8-wide_angle_camera
[1.542s] -- Looking for gz-rendering8 -- found version 8.2.3
[1.542s] -- Looking for gz-math7 -- found version 7.5.2
[1.543s] -- Looking for gz-utils2 -- found version 2.2.1
[1.559s] -- Looking for gz-sim8 - found
[1.559s] 
[1.559s] -- Compiling against Gazebo Harmonic
[1.564s] -- RapidJSON found. Headers: /usr/include
[1.572s] -- Found OpenCV: /usr (found version "4.6.0") 
[1.572s] -- Checking for modules 'gstreamer-1.0;gstreamer-app-1.0'
[1.594s] --   Found gstreamer-1.0, version 1.24.2
[1.607s] --   Found gstreamer-app-1.0, version 1.24.2
[1.737s] -- Configuring done (1.7s)
[1.760s] -- Generating done (0.0s)
[1.765s] -- Build files have been written to: /home/sachin/ardu_ws/build/ardupilot_gazebo
[1.776s] Invoked command in '/home/sachin/ardu_ws/build/ardupilot_gazebo' returned '0': CMAKE_PREFIX_PATH=${CMAKE_PREFIX_PATH}:/home/sachin/ardu_ws/install/ardupilot_dds_tests:/opt/ros/jazzy DEBUGINFOD_URLS=https://debuginfod.ubuntu.com PS1=(.ros2_venv) \[\e]0;\u@\h: \w\a\]${debian_chroot:+($debian_chroot)}\[\033[01;32m\]\u@\h\[\033[00m\]:\[\033[01;34m\]\w\[\033[00m\]\$ VIRTUAL_ENV_PROMPT=(.ros2_venv) /usr/bin/cmake /home/sachin/ardu_ws/src/ardupilot_gazebo -DCMAKE_INSTALL_PREFIX=/home/sachin/ardu_ws/install/ardupilot_gazebo
[1.777s] Invoking command in '/home/sachin/ardu_ws/build/ardupilot_gazebo': CMAKE_PREFIX_PATH=${CMAKE_PREFIX_PATH}:/home/sachin/ardu_ws/install/ardupilot_dds_tests:/opt/ros/jazzy DEBUGINFOD_URLS=https://debuginfod.ubuntu.com PS1=(.ros2_venv) \[\e]0;\u@\h: \w\a\]${debian_chroot:+($debian_chroot)}\[\033[01;32m\]\u@\h\[\033[00m\]:\[\033[01;34m\]\w\[\033[00m\]\$ VIRTUAL_ENV_PROMPT=(.ros2_venv) /usr/bin/cmake --build /home/sachin/ardu_ws/build/ardupilot_gazebo -- -j12 -l12
[1.816s] [ 10%] [32mBuilding CXX object CMakeFiles/CameraZoomPlugin.dir/src/CameraZoomPlugin.cc.o[0m
[1.819s] [ 30%] [32mBuilding CXX object CMakeFiles/ArduPilotPlugin.dir/src/ArduPilotPlugin.cc.o[0m
[1.819s] [ 30%] [32mBuilding CXX object CMakeFiles/ArduPilotPlugin.dir/src/Util.cc.o[0m
[1.819s] [ 40%] [32mBuilding CXX object CMakeFiles/ArduPilotPlugin.dir/src/SocketUDP.cc.o[0m
[1.820s] [ 50%] [32mBuilding CXX object CMakeFiles/ParachutePlugin.dir/src/ParachutePlugin.cc.o[0m
[1.823s] [ 60%] [32mBuilding CXX object CMakeFiles/GstCameraPlugin.dir/src/GstCameraPlugin.cc.o[0m
[10.858s] [ 70%] [32m[1mLinking CXX shared library libParachutePlugin.so[0m
[10.963s] [ 80%] [32m[1mLinking CXX shared library libCameraZoomPlugin.so[0m
[11.198s] [ 80%] Built target ParachutePlugin
[11.420s] [ 80%] Built target CameraZoomPlugin
[12.179s] [ 90%] [32m[1mLinking CXX shared library libGstCameraPlugin.so[0m
[12.322s] [100%] [32m[1mLinking CXX shared library libArduPilotPlugin.so[0m
[12.925s] [100%] Built target ArduPilotPlugin
[12.993s] [100%] Built target GstCameraPlugin
[13.002s] Invoked command in '/home/sachin/ardu_ws/build/ardupilot_gazebo' returned '0': CMAKE_PREFIX_PATH=${CMAKE_PREFIX_PATH}:/home/sachin/ardu_ws/install/ardupilot_dds_tests:/opt/ros/jazzy DEBUGINFOD_URLS=https://debuginfod.ubuntu.com PS1=(.ros2_venv) \[\e]0;\u@\h: \w\a\]${debian_chroot:+($debian_chroot)}\[\033[01;32m\]\u@\h\[\033[00m\]:\[\033[01;34m\]\w\[\033[00m\]\$ VIRTUAL_ENV_PROMPT=(.ros2_venv) /usr/bin/cmake --build /home/sachin/ardu_ws/build/ardupilot_gazebo -- -j12 -l12
[13.003s] Invoking command in '/home/sachin/ardu_ws/build/ardupilot_gazebo': CMAKE_PREFIX_PATH=${CMAKE_PREFIX_PATH}:/home/sachin/ardu_ws/install/ardupilot_dds_tests:/opt/ros/jazzy DEBUGINFOD_URLS=https://debuginfod.ubuntu.com PS1=(.ros2_venv) \[\e]0;\u@\h: \w\a\]${debian_chroot:+($debian_chroot)}\[\033[01;32m\]\u@\h\[\033[00m\]:\[\033[01;34m\]\w\[\033[00m\]\$ VIRTUAL_ENV_PROMPT=(.ros2_venv) /usr/bin/cmake --install /home/sachin/ardu_ws/build/ardupilot_gazebo
[13.010s] -- Install configuration: ""
[13.010s] -- Installing: /home/sachin/ardu_ws/install/ardupilot_gazebo/lib/ardupilot_gazebo/libArduPilotPlugin.so
[13.013s] -- Set non-toolchain portion of runtime path of "/home/sachin/ardu_ws/install/ardupilot_gazebo/lib/ardupilot_gazebo/libArduPilotPlugin.so" to ""
[13.013s] -- Installing: /home/sachin/ardu_ws/install/ardupilot_gazebo/lib/ardupilot_gazebo/libParachutePlugin.so
[13.015s] -- Set non-toolchain portion of runtime path of "/home/sachin/ardu_ws/install/ardupilot_gazebo/lib/ardupilot_gazebo/libParachutePlugin.so" to ""
[13.015s] -- Installing: /home/sachin/ardu_ws/install/ardupilot_gazebo/lib/ardupilot_gazebo/libCameraZoomPlugin.so
[13.016s] -- Set non-toolchain portion of runtime path of "/home/sachin/ardu_ws/install/ardupilot_gazebo/lib/ardupilot_gazebo/libCameraZoomPlugin.so" to ""
[13.016s] -- Installing: /home/sachin/ardu_ws/install/ardupilot_gazebo/lib/ardupilot_gazebo/libGstCameraPlugin.so
[13.018s] -- Set non-toolchain portion of runtime path of "/home/sachin/ardu_ws/install/ardupilot_gazebo/lib/ardupilot_gazebo/libGstCameraPlugin.so" to ""
[13.018s] -- Installing: /home/sachin/ardu_ws/install/ardupilot_gazebo/share/ardupilot_gazebo/config
[13.018s] -- Installing: /home/sachin/ardu_ws/install/ardupilot_gazebo/share/ardupilot_gazebo/config/gazebo-iris-gimbal.parm
[13.018s] -- Installing: /home/sachin/ardu_ws/install/ardupilot_gazebo/share/ardupilot_gazebo/models
[13.018s] -- Installing: /home/sachin/ardu_ws/install/ardupilot_gazebo/share/ardupilot_gazebo/models/iris_with_standoffs
[13.018s] -- Installing: /home/sachin/ardu_ws/install/ardupilot_gazebo/share/ardupilot_gazebo/models/iris_with_standoffs/model.sdf
[13.018s] -- Installing: /home/sachin/ardu_ws/install/ardupilot_gazebo/share/ardupilot_gazebo/models/iris_with_standoffs/meshes
[13.018s] -- Installing: /home/sachin/ardu_ws/install/ardupilot_gazebo/share/ardupilot_gazebo/models/iris_with_standoffs/meshes/iris_prop_ccw.dae
[13.019s] -- Installing: /home/sachin/ardu_ws/install/ardupilot_gazebo/share/ardupilot_gazebo/models/iris_with_standoffs/meshes/iris.dae
[13.043s] -- Installing: /home/sachin/ardu_ws/install/ardupilot_gazebo/share/ardupilot_gazebo/models/iris_with_standoffs/meshes/iris_collision.stl
[13.044s] -- Installing: /home/sachin/ardu_ws/install/ardupilot_gazebo/share/ardupilot_gazebo/models/iris_with_standoffs/meshes/iris_prop_cw.dae
[13.045s] -- Installing: /home/sachin/ardu_ws/install/ardupilot_gazebo/share/ardupilot_gazebo/models/iris_with_standoffs/model.config
[13.045s] -- Installing: /home/sachin/ardu_ws/install/ardupilot_gazebo/share/ardupilot_gazebo/models/zephyr_with_ardupilot
[13.045s] -- Installing: /home/sachin/ardu_ws/install/ardupilot_gazebo/share/ardupilot_gazebo/models/zephyr_with_ardupilot/model.sdf
[13.045s] -- Installing: /home/sachin/ardu_ws/install/ardupilot_gazebo/share/ardupilot_gazebo/models/zephyr_with_ardupilot/model.config
[13.045s] -- Installing: /home/sachin/ardu_ws/install/ardupilot_gazebo/share/ardupilot_gazebo/models/zephyr
[13.045s] -- Installing: /home/sachin/ardu_ws/install/ardupilot_gazebo/share/ardupilot_gazebo/models/zephyr/model.sdf
[13.046s] -- Installing: /home/sachin/ardu_ws/install/ardupilot_gazebo/share/ardupilot_gazebo/models/zephyr/meshes
[13.046s] -- Installing: /home/sachin/ardu_ws/install/ardupilot_gazebo/share/ardupilot_gazebo/models/zephyr/meshes/parachute_small.dae
[13.046s] -- Installing: /home/sachin/ardu_ws/install/ardupilot_gazebo/share/ardupilot_gazebo/models/zephyr/meshes/wing.dae
[13.047s] -- Installing: /home/sachin/ardu_ws/install/ardupilot_gazebo/share/ardupilot_gazebo/models/zephyr/materials
[13.047s] -- Installing: /home/sachin/ardu_ws/install/ardupilot_gazebo/share/ardupilot_gazebo/models/zephyr/materials/textures
[13.047s] -- Installing: /home/sachin/ardu_ws/install/ardupilot_gazebo/share/ardupilot_gazebo/models/zephyr/materials/textures/wing.png
[13.048s] -- Installing: /home/sachin/ardu_ws/install/ardupilot_gazebo/share/ardupilot_gazebo/models/zephyr/model.config
[13.048s] -- Installing: /home/sachin/ardu_ws/install/ardupilot_gazebo/share/ardupilot_gazebo/models/zephyr/thumbnails
[13.048s] -- Installing: /home/sachin/ardu_ws/install/ardupilot_gazebo/share/ardupilot_gazebo/models/zephyr/thumbnails/2.png
[13.048s] -- Installing: /home/sachin/ardu_ws/install/ardupilot_gazebo/share/ardupilot_gazebo/models/zephyr/thumbnails/3.png
[13.048s] -- Installing: /home/sachin/ardu_ws/install/ardupilot_gazebo/share/ardupilot_gazebo/models/zephyr/thumbnails/5.png
[13.049s] -- Installing: /home/sachin/ardu_ws/install/ardupilot_gazebo/share/ardupilot_gazebo/models/zephyr/thumbnails/1.png
[13.049s] -- Installing: /home/sachin/ardu_ws/install/ardupilot_gazebo/share/ardupilot_gazebo/models/zephyr/thumbnails/4.png
[13.049s] -- Installing: /home/sachin/ardu_ws/install/ardupilot_gazebo/share/ardupilot_gazebo/models/zephyr_with_parachute
[13.049s] -- Installing: /home/sachin/ardu_ws/install/ardupilot_gazebo/share/ardupilot_gazebo/models/zephyr_with_parachute/model.sdf
[13.049s] -- Installing: /home/sachin/ardu_ws/install/ardupilot_gazebo/share/ardupilot_gazebo/models/zephyr_with_parachute/model.config
[13.049s] -- Installing: /home/sachin/ardu_ws/install/ardupilot_gazebo/share/ardupilot_gazebo/models/runway
[13.050s] -- Installing: /home/sachin/ardu_ws/install/ardupilot_gazebo/share/ardupilot_gazebo/models/runway/model.sdf
[13.050s] -- Installing: /home/sachin/ardu_ws/install/ardupilot_gazebo/share/ardupilot_gazebo/models/runway/meshes
[13.050s] -- Installing: /home/sachin/ardu_ws/install/ardupilot_gazebo/share/ardupilot_gazebo/models/runway/meshes/airfield.dae
[13.050s] -- Installing: /home/sachin/ardu_ws/install/ardupilot_gazebo/share/ardupilot_gazebo/models/runway/materials
[13.050s] -- Installing: /home/sachin/ardu_ws/install/ardupilot_gazebo/share/ardupilot_gazebo/models/runway/materials/textures
[13.050s] -- Installing: /home/sachin/ardu_ws/install/ardupilot_gazebo/share/ardupilot_gazebo/models/runway/materials/textures/Grass004_2K_NormalGL.jpg
[13.065s] -- Installing: /home/sachin/ardu_ws/install/ardupilot_gazebo/share/ardupilot_gazebo/models/runway/materials/textures/runway.png
[13.065s] -- Installing: /home/sachin/ardu_ws/install/ardupilot_gazebo/share/ardupilot_gazebo/models/runway/materials/textures/Grass004_2K_Roughness.jpg
[13.071s] -- Installing: /home/sachin/ardu_ws/install/ardupilot_gazebo/share/ardupilot_gazebo/models/runway/materials/textures/Grass004_2K_Color copy.jpg
[13.079s] -- Installing: /home/sachin/ardu_ws/install/ardupilot_gazebo/share/ardupilot_gazebo/models/runway/materials/textures/Grass004_2K_Color.jpg
[13.081s] -- Installing: /home/sachin/ardu_ws/install/ardupilot_gazebo/share/ardupilot_gazebo/models/runway/materials/textures/Grass004_2K_AmbientOcclusion.jpg
[13.086s] -- Installing: /home/sachin/ardu_ws/install/ardupilot_gazebo/share/ardupilot_gazebo/models/runway/materials/textures/Grass004_2K_Displacement.jpg
[13.091s] -- Installing: /home/sachin/ardu_ws/install/ardupilot_gazebo/share/ardupilot_gazebo/models/runway/model.config
[13.091s] -- Installing: /home/sachin/ardu_ws/install/ardupilot_gazebo/share/ardupilot_gazebo/models/iris_with_gimbal
[13.091s] -- Installing: /home/sachin/ardu_ws/install/ardupilot_gazebo/share/ardupilot_gazebo/models/iris_with_gimbal/model.sdf
[13.091s] -- Installing: /home/sachin/ardu_ws/install/ardupilot_gazebo/share/ardupilot_gazebo/models/iris_with_gimbal/model.config
[13.092s] -- Installing: /home/sachin/ardu_ws/install/ardupilot_gazebo/share/ardupilot_gazebo/models/gimbal_small_2d
[13.092s] -- Installing: /home/sachin/ardu_ws/install/ardupilot_gazebo/share/ardupilot_gazebo/models/gimbal_small_2d/model.sdf
[13.092s] -- Installing: /home/sachin/ardu_ws/install/ardupilot_gazebo/share/ardupilot_gazebo/models/gimbal_small_2d/meshes
[13.092s] -- Installing: /home/sachin/ardu_ws/install/ardupilot_gazebo/share/ardupilot_gazebo/models/gimbal_small_2d/meshes/base_main.dae
[13.099s] -- Installing: /home/sachin/ardu_ws/install/ardupilot_gazebo/share/ardupilot_gazebo/models/gimbal_small_2d/meshes/tilt.dae
[13.103s] -- Installing: /home/sachin/ardu_ws/install/ardupilot_gazebo/share/ardupilot_gazebo/models/gimbal_small_2d/meshes/base_arm.dae
[13.108s] -- Installing: /home/sachin/ardu_ws/install/ardupilot_gazebo/share/ardupilot_gazebo/models/gimbal_small_2d/model.config
[13.108s] -- Installing: /home/sachin/ardu_ws/install/ardupilot_gazebo/share/ardupilot_gazebo/models/parachute_small
[13.108s] -- Installing: /home/sachin/ardu_ws/install/ardupilot_gazebo/share/ardupilot_gazebo/models/parachute_small/model.sdf
[13.108s] -- Installing: /home/sachin/ardu_ws/install/ardupilot_gazebo/share/ardupilot_gazebo/models/parachute_small/meshes
[13.108s] -- Installing: /home/sachin/ardu_ws/install/ardupilot_gazebo/share/ardupilot_gazebo/models/parachute_small/meshes/parachute_small.dae
[13.109s] -- Installing: /home/sachin/ardu_ws/install/ardupilot_gazebo/share/ardupilot_gazebo/models/parachute_small/model.config
[13.109s] -- Installing: /home/sachin/ardu_ws/install/ardupilot_gazebo/share/ardupilot_gazebo/models/gimbal_small_3d
[13.109s] -- Installing: /home/sachin/ardu_ws/install/ardupilot_gazebo/share/ardupilot_gazebo/models/gimbal_small_3d/model.sdf
[13.109s] -- Installing: /home/sachin/ardu_ws/install/ardupilot_gazebo/share/ardupilot_gazebo/models/gimbal_small_3d/meshes
[13.109s] -- Installing: /home/sachin/ardu_ws/install/ardupilot_gazebo/share/ardupilot_gazebo/models/gimbal_small_3d/meshes/roll_arm.dae
[13.112s] -- Installing: /home/sachin/ardu_ws/install/ardupilot_gazebo/share/ardupilot_gazebo/models/gimbal_small_3d/meshes/camera_enclosure.dae
[13.114s] -- Installing: /home/sachin/ardu_ws/install/ardupilot_gazebo/share/ardupilot_gazebo/models/gimbal_small_3d/meshes/base_plate.dae
[13.120s] -- Installing: /home/sachin/ardu_ws/install/ardupilot_gazebo/share/ardupilot_gazebo/models/gimbal_small_3d/meshes/yaw_arm.dae
[13.122s] -- Installing: /home/sachin/ardu_ws/install/ardupilot_gazebo/share/ardupilot_gazebo/models/gimbal_small_3d/model.config
[13.122s] -- Installing: /home/sachin/ardu_ws/install/ardupilot_gazebo/share/ardupilot_gazebo/models/iris_with_ardupilot
[13.122s] -- Installing: /home/sachin/ardu_ws/install/ardupilot_gazebo/share/ardupilot_gazebo/models/iris_with_ardupilot/model.sdf
[13.123s] -- Installing: /home/sachin/ardu_ws/install/ardupilot_gazebo/share/ardupilot_gazebo/models/iris_with_ardupilot/model.config
[13.123s] -- Installing: /home/sachin/ardu_ws/install/ardupilot_gazebo/share/ardupilot_gazebo/models/gimbal_small_1d
[13.123s] -- Installing: /home/sachin/ardu_ws/install/ardupilot_gazebo/share/ardupilot_gazebo/models/gimbal_small_1d/model.sdf
[13.123s] -- Installing: /home/sachin/ardu_ws/install/ardupilot_gazebo/share/ardupilot_gazebo/models/gimbal_small_1d/meshes
[13.123s] -- Installing: /home/sachin/ardu_ws/install/ardupilot_gazebo/share/ardupilot_gazebo/models/gimbal_small_1d/meshes/base_main.dae
[13.138s] -- Installing: /home/sachin/ardu_ws/install/ardupilot_gazebo/share/ardupilot_gazebo/models/gimbal_small_1d/meshes/tilt.dae
[13.144s] -- Installing: /home/sachin/ardu_ws/install/ardupilot_gazebo/share/ardupilot_gazebo/models/gimbal_small_1d/meshes/base_arm.dae
[13.149s] -- Installing: /home/sachin/ardu_ws/install/ardupilot_gazebo/share/ardupilot_gazebo/models/gimbal_small_1d/model.config
[13.149s] -- Installing: /home/sachin/ardu_ws/install/ardupilot_gazebo/share/ardupilot_gazebo/worlds
[13.149s] -- Installing: /home/sachin/ardu_ws/install/ardupilot_gazebo/share/ardupilot_gazebo/worlds/iris_runway.sdf
[13.149s] -- Installing: /home/sachin/ardu_ws/install/ardupilot_gazebo/share/ardupilot_gazebo/worlds/gimbal.sdf
[13.150s] -- Installing: /home/sachin/ardu_ws/install/ardupilot_gazebo/share/ardupilot_gazebo/worlds/zephyr_runway.sdf
[13.150s] -- Installing: /home/sachin/ardu_ws/install/ardupilot_gazebo/share/ardupilot_gazebo/worlds/zephyr_parachute.sdf
[13.150s] -- Installing: /home/sachin/ardu_ws/install/ardupilot_gazebo/share/ardupilot_gazebo/worlds/iris_warehouse.sdf
[13.151s] -- Installing: /home/sachin/ardu_ws/install/ardupilot_gazebo/share/ardupilot_gazebo/environment/ardupilot_gazebo.dsv
[13.151s] -- Installing: /home/sachin/ardu_ws/install/ardupilot_gazebo/share/ardupilot_gazebo/environment/ardupilot_gazebo.sh
[13.151s] -- Installing: /home/sachin/ardu_ws/install/ardupilot_gazebo/share/ament_index/resource_index/package_run_dependencies/ardupilot_gazebo
[13.151s] -- Installing: /home/sachin/ardu_ws/install/ardupilot_gazebo/share/ament_index/resource_index/parent_prefix_path/ardupilot_gazebo
[13.151s] -- Installing: /home/sachin/ardu_ws/install/ardupilot_gazebo/share/ardupilot_gazebo/environment/ament_prefix_path.sh
[13.151s] -- Installing: /home/sachin/ardu_ws/install/ardupilot_gazebo/share/ardupilot_gazebo/environment/ament_prefix_path.dsv
[13.152s] -- Installing: /home/sachin/ardu_ws/install/ardupilot_gazebo/share/ardupilot_gazebo/environment/path.sh
[13.152s] -- Installing: /home/sachin/ardu_ws/install/ardupilot_gazebo/share/ardupilot_gazebo/environment/path.dsv
[13.152s] -- Installing: /home/sachin/ardu_ws/install/ardupilot_gazebo/share/ardupilot_gazebo/local_setup.bash
[13.152s] -- Installing: /home/sachin/ardu_ws/install/ardupilot_gazebo/share/ardupilot_gazebo/local_setup.sh
[13.152s] -- Installing: /home/sachin/ardu_ws/install/ardupilot_gazebo/share/ardupilot_gazebo/local_setup.zsh
[13.152s] -- Installing: /home/sachin/ardu_ws/install/ardupilot_gazebo/share/ardupilot_gazebo/local_setup.dsv
[13.152s] -- Installing: /home/sachin/ardu_ws/install/ardupilot_gazebo/share/ardupilot_gazebo/package.dsv
[13.152s] -- Installing: /home/sachin/ardu_ws/install/ardupilot_gazebo/share/ament_index/resource_index/packages/ardupilot_gazebo
[13.153s] -- Installing: /home/sachin/ardu_ws/install/ardupilot_gazebo/share/ardupilot_gazebo/cmake/ardupilot_gazeboConfig.cmake
[13.153s] -- Installing: /home/sachin/ardu_ws/install/ardupilot_gazebo/share/ardupilot_gazebo/cmake/ardupilot_gazeboConfig-version.cmake
[13.153s] -- Installing: /home/sachin/ardu_ws/install/ardupilot_gazebo/share/ardupilot_gazebo/package.xml
[13.156s] Invoked command in '/home/sachin/ardu_ws/build/ardupilot_gazebo' returned '0': CMAKE_PREFIX_PATH=${CMAKE_PREFIX_PATH}:/home/sachin/ardu_ws/install/ardupilot_dds_tests:/opt/ros/jazzy DEBUGINFOD_URLS=https://debuginfod.ubuntu.com PS1=(.ros2_venv) \[\e]0;\u@\h: \w\a\]${debian_chroot:+($debian_chroot)}\[\033[01;32m\]\u@\h\[\033[00m\]:\[\033[01;34m\]\w\[\033[00m\]\$ VIRTUAL_ENV_PROMPT=(.ros2_venv) /usr/bin/cmake --install /home/sachin/ardu_ws/build/ardupilot_gazebo
