-- Install configuration: ""
-- Up-to-date: /home/sachin/ardu_ws/install/ardupilot_gz_bringup/share/ardupilot_gz_bringup/launch
-- Up-to-date: /home/sachin/ardu_ws/install/ardupilot_gz_bringup/share/ardupilot_gz_bringup/launch/robots
-- Up-to-date: /home/sachin/ardu_ws/install/ardupilot_gz_bringup/share/ardupilot_gz_bringup/launch/robots/iris.launch.py
-- Up-to-date: /home/sachin/ardu_ws/install/ardupilot_gz_bringup/share/ardupilot_gz_bringup/launch/robots/alti_transition.launch.py
-- Up-to-date: /home/sachin/ardu_ws/install/ardupilot_gz_bringup/share/ardupilot_gz_bringup/launch/robots/wildthumper.launch.py
-- Up-to-date: /home/sachin/ardu_ws/install/ardupilot_gz_bringup/share/ardupilot_gz_bringup/launch/robots/robot.launch.py
-- Up-to-date: /home/sachin/ardu_ws/install/ardupilot_gz_bringup/share/ardupilot_gz_bringup/launch/robots/iris_lidar.launch.py
-- Up-to-date: /home/sachin/ardu_ws/install/ardupilot_gz_bringup/share/ardupilot_gz_bringup/launch/iris_maze.launch.py
-- Up-to-date: /home/sachin/ardu_ws/install/ardupilot_gz_bringup/share/ardupilot_gz_bringup/launch/iris_runway.launch.py
-- Up-to-date: /home/sachin/ardu_ws/install/ardupilot_gz_bringup/share/ardupilot_gz_bringup/launch/wildthumper_playpen.launch.py
-- Up-to-date: /home/sachin/ardu_ws/install/ardupilot_gz_bringup/share/ardupilot_gz_bringup/launch/multiagent.launch.py
-- Up-to-date: /home/sachin/ardu_ws/install/ardupilot_gz_bringup/share/ardupilot_gz_bringup/launch/iris_warehouse.launch.py
-- Up-to-date: /home/sachin/ardu_ws/install/ardupilot_gz_bringup/share/ardupilot_gz_bringup/launch/alti_transition_runway.launch.py
-- Up-to-date: /home/sachin/ardu_ws/install/ardupilot_gz_bringup/share/ardupilot_gz_bringup/config
-- Up-to-date: /home/sachin/ardu_ws/install/ardupilot_gz_bringup/share/ardupilot_gz_bringup/config/wildthumper_bridge.yaml
-- Up-to-date: /home/sachin/ardu_ws/install/ardupilot_gz_bringup/share/ardupilot_gz_bringup/config/iris_3Dlidar_bridge.yaml
-- Up-to-date: /home/sachin/ardu_ws/install/ardupilot_gz_bringup/share/ardupilot_gz_bringup/config/iris_2Dlidar_bridge.yaml
-- Up-to-date: /home/sachin/ardu_ws/install/ardupilot_gz_bringup/share/ardupilot_gz_bringup/config/iris_bridge.yaml
-- Up-to-date: /home/sachin/ardu_ws/install/ardupilot_gz_bringup/share/ardupilot_gz_bringup/config/alti_transition_bridge.yaml
-- Up-to-date: /home/sachin/ardu_ws/install/ardupilot_gz_bringup/share/ardupilot_gz_bringup/config/iris_waypoints.txt
-- Up-to-date: /home/sachin/ardu_ws/install/ardupilot_gz_bringup/share/ardupilot_gz_bringup/rviz
-- Up-to-date: /home/sachin/ardu_ws/install/ardupilot_gz_bringup/share/ardupilot_gz_bringup/rviz/wildthumper.rviz
-- Up-to-date: /home/sachin/ardu_ws/install/ardupilot_gz_bringup/share/ardupilot_gz_bringup/rviz/iris.rviz
-- Up-to-date: /home/sachin/ardu_ws/install/ardupilot_gz_bringup/share/ardupilot_gz_bringup/rviz/alti_transition.rviz
-- Up-to-date: /home/sachin/ardu_ws/install/ardupilot_gz_bringup/share/ardupilot_gz_bringup/rviz/iris_with_lidar.rviz
-- Up-to-date: /home/sachin/ardu_ws/install/ardupilot_gz_bringup/share/ament_index/resource_index/package_run_dependencies/ardupilot_gz_bringup
-- Up-to-date: /home/sachin/ardu_ws/install/ardupilot_gz_bringup/share/ament_index/resource_index/parent_prefix_path/ardupilot_gz_bringup
-- Up-to-date: /home/sachin/ardu_ws/install/ardupilot_gz_bringup/share/ardupilot_gz_bringup/environment/ament_prefix_path.sh
-- Up-to-date: /home/sachin/ardu_ws/install/ardupilot_gz_bringup/share/ardupilot_gz_bringup/environment/ament_prefix_path.dsv
-- Up-to-date: /home/sachin/ardu_ws/install/ardupilot_gz_bringup/share/ardupilot_gz_bringup/environment/path.sh
-- Up-to-date: /home/sachin/ardu_ws/install/ardupilot_gz_bringup/share/ardupilot_gz_bringup/environment/path.dsv
-- Up-to-date: /home/sachin/ardu_ws/install/ardupilot_gz_bringup/share/ardupilot_gz_bringup/local_setup.bash
-- Up-to-date: /home/sachin/ardu_ws/install/ardupilot_gz_bringup/share/ardupilot_gz_bringup/local_setup.sh
-- Up-to-date: /home/sachin/ardu_ws/install/ardupilot_gz_bringup/share/ardupilot_gz_bringup/local_setup.zsh
-- Up-to-date: /home/sachin/ardu_ws/install/ardupilot_gz_bringup/share/ardupilot_gz_bringup/local_setup.dsv
-- Installing: /home/sachin/ardu_ws/install/ardupilot_gz_bringup/share/ardupilot_gz_bringup/package.dsv
-- Up-to-date: /home/sachin/ardu_ws/install/ardupilot_gz_bringup/share/ament_index/resource_index/packages/ardupilot_gz_bringup
-- Up-to-date: /home/sachin/ardu_ws/install/ardupilot_gz_bringup/share/ardupilot_gz_bringup/cmake/ardupilot_gz_bringupConfig.cmake
-- Up-to-date: /home/sachin/ardu_ws/install/ardupilot_gz_bringup/share/ardupilot_gz_bringup/cmake/ardupilot_gz_bringupConfig-version.cmake
-- Up-to-date: /home/sachin/ardu_ws/install/ardupilot_gz_bringup/share/ardupilot_gz_bringup/package.xml
