[0.152s] Invoking command in '/home/sachin/ardu_ws/build/ardupilot_gz_bringup': CMAKE_PREFIX_PATH=/home/sachin/ardu_ws/install/ardupilot_sitl_models:/home/sachin/ardu_ws/install/ardupilot_sitl:/home/sachin/ardu_ws/install/micro_ros_agent:/home/sachin/ardu_ws/install/ardupilot_msgs:/home/sachin/ardu_ws/install/ardupilot_gz_gazebo:/home/sachin/ardu_ws/install/ardupilot_gz_description:/home/sachin/ardu_ws/install/ardupilot_gazebo:/home/sachin/ardu_ws/install/ardupilot_gz_bringup:/home/sachin/ardu_ws/install/ardupilot_gz_application:/opt/ros/jazzy/opt/gz_sim_vendor:/opt/ros/jazzy/opt/gz_sensors_vendor:/opt/ros/jazzy/opt/gz_physics_vendor:/opt/ros/jazzy/opt/sdformat_vendor:/opt/ros/jazzy/opt/gz_gui_vendor:/opt/ros/jazzy/opt/gz_transport_vendor:/opt/ros/jazzy/opt/gz_rendering_vendor:/opt/ros/jazzy/opt/gz_plugin_vendor:/opt/ros/jazzy/opt/gz_fuel_tools_vendor:/opt/ros/jazzy/opt/gz_msgs_vendor:/opt/ros/jazzy/opt/gz_common_vendor:/opt/ros/jazzy/opt/gz_math_vendor:/opt/ros/jazzy/opt/gz_utils_vendor:/opt/ros/jazzy/opt/gz_tools_vendor:/opt/ros/jazzy/opt/gz_ogre_next_vendor:/opt/ros/jazzy/opt/gz_dartsim_vendor:/opt/ros/jazzy/opt/gz_cmake_vendor:/home/sachin/ardu_ws/install/ardupilot_dds_tests:/opt/ros/jazzy DEBUGINFOD_URLS=https://debuginfod.ubuntu.com GZ_SIM_PLUGIN_PATH=/home/sachin/ardu_ws/install/ardupilot_sitl_models/lib/ardupilot_sitl_models:/home/sachin/ardu_ws/install/ardupilot_gz_gazebo/lib/ardupilot_gz_gazebo:/home/sachin/ardu_ws/install/ardupilot_gazebo/lib/ardupilot_gazebo PS1=(.ros2_venv) \[\e]0;\u@\h: \w\a\]${debian_chroot:+($debian_chroot)}\[\033[01;32m\]\u@\h\[\033[00m\]:\[\033[01;34m\]\w\[\033[00m\]\$ PYTHONPATH=/home/sachin/ardu_ws/install/ardupilot_sitl/lib/python3.12/site-packages:/home/sachin/ardu_ws/install/ardupilot_msgs/lib/python3.12/site-packages:/home/sachin/ardu_ws/install/ardupilot_dds_tests/lib/python3.12/site-packages:/opt/ros/jazzy/opt/gz_sim_vendor/lib/python:/opt/ros/jazzy/lib/python3.12/site-packages VIRTUAL_ENV_PROMPT=(.ros2_venv) /usr/bin/cmake --build /home/sachin/ardu_ws/build/ardupilot_gz_bringup -- -j12 -l12
[0.185s] Invoked command in '/home/sachin/ardu_ws/build/ardupilot_gz_bringup' returned '0': CMAKE_PREFIX_PATH=/home/sachin/ardu_ws/install/ardupilot_sitl_models:/home/sachin/ardu_ws/install/ardupilot_sitl:/home/sachin/ardu_ws/install/micro_ros_agent:/home/sachin/ardu_ws/install/ardupilot_msgs:/home/sachin/ardu_ws/install/ardupilot_gz_gazebo:/home/sachin/ardu_ws/install/ardupilot_gz_description:/home/sachin/ardu_ws/install/ardupilot_gazebo:/home/sachin/ardu_ws/install/ardupilot_gz_bringup:/home/sachin/ardu_ws/install/ardupilot_gz_application:/opt/ros/jazzy/opt/gz_sim_vendor:/opt/ros/jazzy/opt/gz_sensors_vendor:/opt/ros/jazzy/opt/gz_physics_vendor:/opt/ros/jazzy/opt/sdformat_vendor:/opt/ros/jazzy/opt/gz_gui_vendor:/opt/ros/jazzy/opt/gz_transport_vendor:/opt/ros/jazzy/opt/gz_rendering_vendor:/opt/ros/jazzy/opt/gz_plugin_vendor:/opt/ros/jazzy/opt/gz_fuel_tools_vendor:/opt/ros/jazzy/opt/gz_msgs_vendor:/opt/ros/jazzy/opt/gz_common_vendor:/opt/ros/jazzy/opt/gz_math_vendor:/opt/ros/jazzy/opt/gz_utils_vendor:/opt/ros/jazzy/opt/gz_tools_vendor:/opt/ros/jazzy/opt/gz_ogre_next_vendor:/opt/ros/jazzy/opt/gz_dartsim_vendor:/opt/ros/jazzy/opt/gz_cmake_vendor:/home/sachin/ardu_ws/install/ardupilot_dds_tests:/opt/ros/jazzy DEBUGINFOD_URLS=https://debuginfod.ubuntu.com GZ_SIM_PLUGIN_PATH=/home/sachin/ardu_ws/install/ardupilot_sitl_models/lib/ardupilot_sitl_models:/home/sachin/ardu_ws/install/ardupilot_gz_gazebo/lib/ardupilot_gz_gazebo:/home/sachin/ardu_ws/install/ardupilot_gazebo/lib/ardupilot_gazebo PS1=(.ros2_venv) \[\e]0;\u@\h: \w\a\]${debian_chroot:+($debian_chroot)}\[\033[01;32m\]\u@\h\[\033[00m\]:\[\033[01;34m\]\w\[\033[00m\]\$ PYTHONPATH=/home/sachin/ardu_ws/install/ardupilot_sitl/lib/python3.12/site-packages:/home/sachin/ardu_ws/install/ardupilot_msgs/lib/python3.12/site-packages:/home/sachin/ardu_ws/install/ardupilot_dds_tests/lib/python3.12/site-packages:/opt/ros/jazzy/opt/gz_sim_vendor/lib/python:/opt/ros/jazzy/lib/python3.12/site-packages VIRTUAL_ENV_PROMPT=(.ros2_venv) /usr/bin/cmake --build /home/sachin/ardu_ws/build/ardupilot_gz_bringup -- -j12 -l12
[0.186s] Invoking command in '/home/sachin/ardu_ws/build/ardupilot_gz_bringup': CMAKE_PREFIX_PATH=/home/sachin/ardu_ws/install/ardupilot_sitl_models:/home/sachin/ardu_ws/install/ardupilot_sitl:/home/sachin/ardu_ws/install/micro_ros_agent:/home/sachin/ardu_ws/install/ardupilot_msgs:/home/sachin/ardu_ws/install/ardupilot_gz_gazebo:/home/sachin/ardu_ws/install/ardupilot_gz_description:/home/sachin/ardu_ws/install/ardupilot_gazebo:/home/sachin/ardu_ws/install/ardupilot_gz_bringup:/home/sachin/ardu_ws/install/ardupilot_gz_application:/opt/ros/jazzy/opt/gz_sim_vendor:/opt/ros/jazzy/opt/gz_sensors_vendor:/opt/ros/jazzy/opt/gz_physics_vendor:/opt/ros/jazzy/opt/sdformat_vendor:/opt/ros/jazzy/opt/gz_gui_vendor:/opt/ros/jazzy/opt/gz_transport_vendor:/opt/ros/jazzy/opt/gz_rendering_vendor:/opt/ros/jazzy/opt/gz_plugin_vendor:/opt/ros/jazzy/opt/gz_fuel_tools_vendor:/opt/ros/jazzy/opt/gz_msgs_vendor:/opt/ros/jazzy/opt/gz_common_vendor:/opt/ros/jazzy/opt/gz_math_vendor:/opt/ros/jazzy/opt/gz_utils_vendor:/opt/ros/jazzy/opt/gz_tools_vendor:/opt/ros/jazzy/opt/gz_ogre_next_vendor:/opt/ros/jazzy/opt/gz_dartsim_vendor:/opt/ros/jazzy/opt/gz_cmake_vendor:/home/sachin/ardu_ws/install/ardupilot_dds_tests:/opt/ros/jazzy DEBUGINFOD_URLS=https://debuginfod.ubuntu.com GZ_SIM_PLUGIN_PATH=/home/sachin/ardu_ws/install/ardupilot_sitl_models/lib/ardupilot_sitl_models:/home/sachin/ardu_ws/install/ardupilot_gz_gazebo/lib/ardupilot_gz_gazebo:/home/sachin/ardu_ws/install/ardupilot_gazebo/lib/ardupilot_gazebo PS1=(.ros2_venv) \[\e]0;\u@\h: \w\a\]${debian_chroot:+($debian_chroot)}\[\033[01;32m\]\u@\h\[\033[00m\]:\[\033[01;34m\]\w\[\033[00m\]\$ PYTHONPATH=/home/sachin/ardu_ws/install/ardupilot_sitl/lib/python3.12/site-packages:/home/sachin/ardu_ws/install/ardupilot_msgs/lib/python3.12/site-packages:/home/sachin/ardu_ws/install/ardupilot_dds_tests/lib/python3.12/site-packages:/opt/ros/jazzy/opt/gz_sim_vendor/lib/python:/opt/ros/jazzy/lib/python3.12/site-packages VIRTUAL_ENV_PROMPT=(.ros2_venv) /usr/bin/cmake --install /home/sachin/ardu_ws/build/ardupilot_gz_bringup
[0.192s] -- Install configuration: ""
[0.193s] -- Up-to-date: /home/sachin/ardu_ws/install/ardupilot_gz_bringup/share/ardupilot_gz_bringup/launch
[0.193s] -- Up-to-date: /home/sachin/ardu_ws/install/ardupilot_gz_bringup/share/ardupilot_gz_bringup/launch/robots
[0.193s] -- Up-to-date: /home/sachin/ardu_ws/install/ardupilot_gz_bringup/share/ardupilot_gz_bringup/launch/robots/iris.launch.py
[0.193s] -- Up-to-date: /home/sachin/ardu_ws/install/ardupilot_gz_bringup/share/ardupilot_gz_bringup/launch/robots/alti_transition.launch.py
[0.193s] -- Up-to-date: /home/sachin/ardu_ws/install/ardupilot_gz_bringup/share/ardupilot_gz_bringup/launch/robots/wildthumper.launch.py
[0.193s] -- Up-to-date: /home/sachin/ardu_ws/install/ardupilot_gz_bringup/share/ardupilot_gz_bringup/launch/robots/robot.launch.py
[0.193s] -- Up-to-date: /home/sachin/ardu_ws/install/ardupilot_gz_bringup/share/ardupilot_gz_bringup/launch/robots/iris_lidar.launch.py
[0.193s] -- Up-to-date: /home/sachin/ardu_ws/install/ardupilot_gz_bringup/share/ardupilot_gz_bringup/launch/iris_maze.launch.py
[0.193s] -- Up-to-date: /home/sachin/ardu_ws/install/ardupilot_gz_bringup/share/ardupilot_gz_bringup/launch/iris_runway.launch.py
[0.193s] -- Up-to-date: /home/sachin/ardu_ws/install/ardupilot_gz_bringup/share/ardupilot_gz_bringup/launch/wildthumper_playpen.launch.py
[0.193s] -- Installing: /home/sachin/ardu_ws/install/ardupilot_gz_bringup/share/ardupilot_gz_bringup/launch/multiagent.launch.py
[0.193s] -- Up-to-date: /home/sachin/ardu_ws/install/ardupilot_gz_bringup/share/ardupilot_gz_bringup/launch/iris_warehouse.launch.py
[0.193s] -- Up-to-date: /home/sachin/ardu_ws/install/ardupilot_gz_bringup/share/ardupilot_gz_bringup/launch/alti_transition_runway.launch.py
[0.193s] -- Up-to-date: /home/sachin/ardu_ws/install/ardupilot_gz_bringup/share/ardupilot_gz_bringup/config
[0.193s] -- Up-to-date: /home/sachin/ardu_ws/install/ardupilot_gz_bringup/share/ardupilot_gz_bringup/config/wildthumper_bridge.yaml
[0.193s] -- Up-to-date: /home/sachin/ardu_ws/install/ardupilot_gz_bringup/share/ardupilot_gz_bringup/config/iris_3Dlidar_bridge.yaml
[0.193s] -- Up-to-date: /home/sachin/ardu_ws/install/ardupilot_gz_bringup/share/ardupilot_gz_bringup/config/iris_2Dlidar_bridge.yaml
[0.193s] -- Up-to-date: /home/sachin/ardu_ws/install/ardupilot_gz_bringup/share/ardupilot_gz_bringup/config/iris_bridge.yaml
[0.193s] -- Up-to-date: /home/sachin/ardu_ws/install/ardupilot_gz_bringup/share/ardupilot_gz_bringup/config/alti_transition_bridge.yaml
[0.193s] -- Up-to-date: /home/sachin/ardu_ws/install/ardupilot_gz_bringup/share/ardupilot_gz_bringup/config/iris_waypoints.txt
[0.193s] -- Up-to-date: /home/sachin/ardu_ws/install/ardupilot_gz_bringup/share/ardupilot_gz_bringup/rviz
[0.193s] -- Up-to-date: /home/sachin/ardu_ws/install/ardupilot_gz_bringup/share/ardupilot_gz_bringup/rviz/wildthumper.rviz
[0.193s] -- Up-to-date: /home/sachin/ardu_ws/install/ardupilot_gz_bringup/share/ardupilot_gz_bringup/rviz/iris.rviz
[0.193s] -- Up-to-date: /home/sachin/ardu_ws/install/ardupilot_gz_bringup/share/ardupilot_gz_bringup/rviz/alti_transition.rviz
[0.193s] -- Up-to-date: /home/sachin/ardu_ws/install/ardupilot_gz_bringup/share/ardupilot_gz_bringup/rviz/iris_with_lidar.rviz
[0.193s] -- Up-to-date: /home/sachin/ardu_ws/install/ardupilot_gz_bringup/share/ament_index/resource_index/package_run_dependencies/ardupilot_gz_bringup
[0.194s] -- Up-to-date: /home/sachin/ardu_ws/install/ardupilot_gz_bringup/share/ament_index/resource_index/parent_prefix_path/ardupilot_gz_bringup
[0.194s] -- Up-to-date: /home/sachin/ardu_ws/install/ardupilot_gz_bringup/share/ardupilot_gz_bringup/environment/ament_prefix_path.sh
[0.194s] -- Up-to-date: /home/sachin/ardu_ws/install/ardupilot_gz_bringup/share/ardupilot_gz_bringup/environment/ament_prefix_path.dsv
[0.194s] -- Up-to-date: /home/sachin/ardu_ws/install/ardupilot_gz_bringup/share/ardupilot_gz_bringup/environment/path.sh
[0.194s] -- Up-to-date: /home/sachin/ardu_ws/install/ardupilot_gz_bringup/share/ardupilot_gz_bringup/environment/path.dsv
[0.194s] -- Up-to-date: /home/sachin/ardu_ws/install/ardupilot_gz_bringup/share/ardupilot_gz_bringup/local_setup.bash
[0.194s] -- Up-to-date: /home/sachin/ardu_ws/install/ardupilot_gz_bringup/share/ardupilot_gz_bringup/local_setup.sh
[0.194s] -- Up-to-date: /home/sachin/ardu_ws/install/ardupilot_gz_bringup/share/ardupilot_gz_bringup/local_setup.zsh
[0.194s] -- Up-to-date: /home/sachin/ardu_ws/install/ardupilot_gz_bringup/share/ardupilot_gz_bringup/local_setup.dsv
[0.194s] -- Installing: /home/sachin/ardu_ws/install/ardupilot_gz_bringup/share/ardupilot_gz_bringup/package.dsv
[0.194s] -- Up-to-date: /home/sachin/ardu_ws/install/ardupilot_gz_bringup/share/ament_index/resource_index/packages/ardupilot_gz_bringup
[0.194s] -- Up-to-date: /home/sachin/ardu_ws/install/ardupilot_gz_bringup/share/ardupilot_gz_bringup/cmake/ardupilot_gz_bringupConfig.cmake
[0.194s] -- Up-to-date: /home/sachin/ardu_ws/install/ardupilot_gz_bringup/share/ardupilot_gz_bringup/cmake/ardupilot_gz_bringupConfig-version.cmake
[0.194s] -- Up-to-date: /home/sachin/ardu_ws/install/ardupilot_gz_bringup/share/ardupilot_gz_bringup/package.xml
[0.195s] Invoked command in '/home/sachin/ardu_ws/build/ardupilot_gz_bringup' returned '0': CMAKE_PREFIX_PATH=/home/sachin/ardu_ws/install/ardupilot_sitl_models:/home/sachin/ardu_ws/install/ardupilot_sitl:/home/sachin/ardu_ws/install/micro_ros_agent:/home/sachin/ardu_ws/install/ardupilot_msgs:/home/sachin/ardu_ws/install/ardupilot_gz_gazebo:/home/sachin/ardu_ws/install/ardupilot_gz_description:/home/sachin/ardu_ws/install/ardupilot_gazebo:/home/sachin/ardu_ws/install/ardupilot_gz_bringup:/home/sachin/ardu_ws/install/ardupilot_gz_application:/opt/ros/jazzy/opt/gz_sim_vendor:/opt/ros/jazzy/opt/gz_sensors_vendor:/opt/ros/jazzy/opt/gz_physics_vendor:/opt/ros/jazzy/opt/sdformat_vendor:/opt/ros/jazzy/opt/gz_gui_vendor:/opt/ros/jazzy/opt/gz_transport_vendor:/opt/ros/jazzy/opt/gz_rendering_vendor:/opt/ros/jazzy/opt/gz_plugin_vendor:/opt/ros/jazzy/opt/gz_fuel_tools_vendor:/opt/ros/jazzy/opt/gz_msgs_vendor:/opt/ros/jazzy/opt/gz_common_vendor:/opt/ros/jazzy/opt/gz_math_vendor:/opt/ros/jazzy/opt/gz_utils_vendor:/opt/ros/jazzy/opt/gz_tools_vendor:/opt/ros/jazzy/opt/gz_ogre_next_vendor:/opt/ros/jazzy/opt/gz_dartsim_vendor:/opt/ros/jazzy/opt/gz_cmake_vendor:/home/sachin/ardu_ws/install/ardupilot_dds_tests:/opt/ros/jazzy DEBUGINFOD_URLS=https://debuginfod.ubuntu.com GZ_SIM_PLUGIN_PATH=/home/sachin/ardu_ws/install/ardupilot_sitl_models/lib/ardupilot_sitl_models:/home/sachin/ardu_ws/install/ardupilot_gz_gazebo/lib/ardupilot_gz_gazebo:/home/sachin/ardu_ws/install/ardupilot_gazebo/lib/ardupilot_gazebo PS1=(.ros2_venv) \[\e]0;\u@\h: \w\a\]${debian_chroot:+($debian_chroot)}\[\033[01;32m\]\u@\h\[\033[00m\]:\[\033[01;34m\]\w\[\033[00m\]\$ PYTHONPATH=/home/sachin/ardu_ws/install/ardupilot_sitl/lib/python3.12/site-packages:/home/sachin/ardu_ws/install/ardupilot_msgs/lib/python3.12/site-packages:/home/sachin/ardu_ws/install/ardupilot_dds_tests/lib/python3.12/site-packages:/opt/ros/jazzy/opt/gz_sim_vendor/lib/python:/opt/ros/jazzy/lib/python3.12/site-packages VIRTUAL_ENV_PROMPT=(.ros2_venv) /usr/bin/cmake --install /home/sachin/ardu_ws/build/ardupilot_gz_bringup
