[ 40%] Built target ArduPilotPlugin
[ 60%] Built target GstCameraPlugin
[ 80%] Built target ParachutePlugin
[100%] Built target CameraZoomPlugin
-- Install configuration: ""
-- Up-to-date: /home/sachin/ardu_ws/install/ardupilot_gazebo/lib/ardupilot_gazebo/libArduPilotPlugin.so
-- Up-to-date: /home/sachin/ardu_ws/install/ardupilot_gazebo/lib/ardupilot_gazebo/libParachutePlugin.so
-- Up-to-date: /home/sachin/ardu_ws/install/ardupilot_gazebo/lib/ardupilot_gazebo/libCameraZoomPlugin.so
-- Up-to-date: /home/sachin/ardu_ws/install/ardupilot_gazebo/lib/ardupilot_gazebo/libGstCameraPlugin.so
-- Up-to-date: /home/sachin/ardu_ws/install/ardupilot_gazebo/share/ardupilot_gazebo/config
-- Up-to-date: /home/sachin/ardu_ws/install/ardupilot_gazebo/share/ardupilot_gazebo/config/gazebo-iris-gimbal.parm
-- Up-to-date: /home/sachin/ardu_ws/install/ardupilot_gazebo/share/ardupilot_gazebo/models
-- Up-to-date: /home/sachin/ardu_ws/install/ardupilot_gazebo/share/ardupilot_gazebo/models/iris_with_standoffs
-- Up-to-date: /home/sachin/ardu_ws/install/ardupilot_gazebo/share/ardupilot_gazebo/models/iris_with_standoffs/model.sdf
-- Up-to-date: /home/sachin/ardu_ws/install/ardupilot_gazebo/share/ardupilot_gazebo/models/iris_with_standoffs/meshes
-- Up-to-date: /home/sachin/ardu_ws/install/ardupilot_gazebo/share/ardupilot_gazebo/models/iris_with_standoffs/meshes/iris_prop_ccw.dae
-- Up-to-date: /home/sachin/ardu_ws/install/ardupilot_gazebo/share/ardupilot_gazebo/models/iris_with_standoffs/meshes/iris.dae
-- Up-to-date: /home/sachin/ardu_ws/install/ardupilot_gazebo/share/ardupilot_gazebo/models/iris_with_standoffs/meshes/iris_collision.stl
-- Up-to-date: /home/sachin/ardu_ws/install/ardupilot_gazebo/share/ardupilot_gazebo/models/iris_with_standoffs/meshes/iris_prop_cw.dae
-- Up-to-date: /home/sachin/ardu_ws/install/ardupilot_gazebo/share/ardupilot_gazebo/models/iris_with_standoffs/model.config
-- Up-to-date: /home/sachin/ardu_ws/install/ardupilot_gazebo/share/ardupilot_gazebo/models/zephyr_with_ardupilot
-- Up-to-date: /home/sachin/ardu_ws/install/ardupilot_gazebo/share/ardupilot_gazebo/models/zephyr_with_ardupilot/model.sdf
-- Up-to-date: /home/sachin/ardu_ws/install/ardupilot_gazebo/share/ardupilot_gazebo/models/zephyr_with_ardupilot/model.config
-- Up-to-date: /home/sachin/ardu_ws/install/ardupilot_gazebo/share/ardupilot_gazebo/models/zephyr
-- Up-to-date: /home/sachin/ardu_ws/install/ardupilot_gazebo/share/ardupilot_gazebo/models/zephyr/model.sdf
-- Up-to-date: /home/sachin/ardu_ws/install/ardupilot_gazebo/share/ardupilot_gazebo/models/zephyr/meshes
-- Up-to-date: /home/sachin/ardu_ws/install/ardupilot_gazebo/share/ardupilot_gazebo/models/zephyr/meshes/parachute_small.dae
-- Up-to-date: /home/sachin/ardu_ws/install/ardupilot_gazebo/share/ardupilot_gazebo/models/zephyr/meshes/wing.dae
-- Up-to-date: /home/sachin/ardu_ws/install/ardupilot_gazebo/share/ardupilot_gazebo/models/zephyr/materials
-- Up-to-date: /home/sachin/ardu_ws/install/ardupilot_gazebo/share/ardupilot_gazebo/models/zephyr/materials/textures
-- Up-to-date: /home/sachin/ardu_ws/install/ardupilot_gazebo/share/ardupilot_gazebo/models/zephyr/materials/textures/wing.png
-- Up-to-date: /home/sachin/ardu_ws/install/ardupilot_gazebo/share/ardupilot_gazebo/models/zephyr/model.config
-- Up-to-date: /home/sachin/ardu_ws/install/ardupilot_gazebo/share/ardupilot_gazebo/models/zephyr/thumbnails
-- Up-to-date: /home/sachin/ardu_ws/install/ardupilot_gazebo/share/ardupilot_gazebo/models/zephyr/thumbnails/2.png
-- Up-to-date: /home/sachin/ardu_ws/install/ardupilot_gazebo/share/ardupilot_gazebo/models/zephyr/thumbnails/3.png
-- Up-to-date: /home/sachin/ardu_ws/install/ardupilot_gazebo/share/ardupilot_gazebo/models/zephyr/thumbnails/5.png
-- Up-to-date: /home/sachin/ardu_ws/install/ardupilot_gazebo/share/ardupilot_gazebo/models/zephyr/thumbnails/1.png
-- Up-to-date: /home/sachin/ardu_ws/install/ardupilot_gazebo/share/ardupilot_gazebo/models/zephyr/thumbnails/4.png
-- Up-to-date: /home/sachin/ardu_ws/install/ardupilot_gazebo/share/ardupilot_gazebo/models/zephyr_with_parachute
-- Up-to-date: /home/sachin/ardu_ws/install/ardupilot_gazebo/share/ardupilot_gazebo/models/zephyr_with_parachute/model.sdf
-- Up-to-date: /home/sachin/ardu_ws/install/ardupilot_gazebo/share/ardupilot_gazebo/models/zephyr_with_parachute/model.config
-- Up-to-date: /home/sachin/ardu_ws/install/ardupilot_gazebo/share/ardupilot_gazebo/models/runway
-- Up-to-date: /home/sachin/ardu_ws/install/ardupilot_gazebo/share/ardupilot_gazebo/models/runway/model.sdf
-- Up-to-date: /home/sachin/ardu_ws/install/ardupilot_gazebo/share/ardupilot_gazebo/models/runway/meshes
-- Up-to-date: /home/sachin/ardu_ws/install/ardupilot_gazebo/share/ardupilot_gazebo/models/runway/meshes/airfield.dae
-- Up-to-date: /home/sachin/ardu_ws/install/ardupilot_gazebo/share/ardupilot_gazebo/models/runway/materials
-- Up-to-date: /home/sachin/ardu_ws/install/ardupilot_gazebo/share/ardupilot_gazebo/models/runway/materials/textures
-- Up-to-date: /home/sachin/ardu_ws/install/ardupilot_gazebo/share/ardupilot_gazebo/models/runway/materials/textures/Grass004_2K_NormalGL.jpg
-- Up-to-date: /home/sachin/ardu_ws/install/ardupilot_gazebo/share/ardupilot_gazebo/models/runway/materials/textures/runway.png
-- Up-to-date: /home/sachin/ardu_ws/install/ardupilot_gazebo/share/ardupilot_gazebo/models/runway/materials/textures/Grass004_2K_Roughness.jpg
-- Up-to-date: /home/sachin/ardu_ws/install/ardupilot_gazebo/share/ardupilot_gazebo/models/runway/materials/textures/Grass004_2K_Color copy.jpg
-- Up-to-date: /home/sachin/ardu_ws/install/ardupilot_gazebo/share/ardupilot_gazebo/models/runway/materials/textures/Grass004_2K_Color.jpg
-- Up-to-date: /home/sachin/ardu_ws/install/ardupilot_gazebo/share/ardupilot_gazebo/models/runway/materials/textures/Grass004_2K_AmbientOcclusion.jpg
-- Up-to-date: /home/sachin/ardu_ws/install/ardupilot_gazebo/share/ardupilot_gazebo/models/runway/materials/textures/Grass004_2K_Displacement.jpg
-- Up-to-date: /home/sachin/ardu_ws/install/ardupilot_gazebo/share/ardupilot_gazebo/models/runway/model.config
-- Up-to-date: /home/sachin/ardu_ws/install/ardupilot_gazebo/share/ardupilot_gazebo/models/iris_with_gimbal
-- Up-to-date: /home/sachin/ardu_ws/install/ardupilot_gazebo/share/ardupilot_gazebo/models/iris_with_gimbal/model.sdf
-- Up-to-date: /home/sachin/ardu_ws/install/ardupilot_gazebo/share/ardupilot_gazebo/models/iris_with_gimbal/model.config
-- Up-to-date: /home/sachin/ardu_ws/install/ardupilot_gazebo/share/ardupilot_gazebo/models/gimbal_small_2d
-- Up-to-date: /home/sachin/ardu_ws/install/ardupilot_gazebo/share/ardupilot_gazebo/models/gimbal_small_2d/model.sdf
-- Up-to-date: /home/sachin/ardu_ws/install/ardupilot_gazebo/share/ardupilot_gazebo/models/gimbal_small_2d/meshes
-- Up-to-date: /home/sachin/ardu_ws/install/ardupilot_gazebo/share/ardupilot_gazebo/models/gimbal_small_2d/meshes/base_main.dae
-- Up-to-date: /home/sachin/ardu_ws/install/ardupilot_gazebo/share/ardupilot_gazebo/models/gimbal_small_2d/meshes/tilt.dae
-- Up-to-date: /home/sachin/ardu_ws/install/ardupilot_gazebo/share/ardupilot_gazebo/models/gimbal_small_2d/meshes/base_arm.dae
-- Up-to-date: /home/sachin/ardu_ws/install/ardupilot_gazebo/share/ardupilot_gazebo/models/gimbal_small_2d/model.config
-- Up-to-date: /home/sachin/ardu_ws/install/ardupilot_gazebo/share/ardupilot_gazebo/models/parachute_small
-- Up-to-date: /home/sachin/ardu_ws/install/ardupilot_gazebo/share/ardupilot_gazebo/models/parachute_small/model.sdf
-- Up-to-date: /home/sachin/ardu_ws/install/ardupilot_gazebo/share/ardupilot_gazebo/models/parachute_small/meshes
-- Up-to-date: /home/sachin/ardu_ws/install/ardupilot_gazebo/share/ardupilot_gazebo/models/parachute_small/meshes/parachute_small.dae
-- Up-to-date: /home/sachin/ardu_ws/install/ardupilot_gazebo/share/ardupilot_gazebo/models/parachute_small/model.config
-- Up-to-date: /home/sachin/ardu_ws/install/ardupilot_gazebo/share/ardupilot_gazebo/models/gimbal_small_3d
-- Up-to-date: /home/sachin/ardu_ws/install/ardupilot_gazebo/share/ardupilot_gazebo/models/gimbal_small_3d/model.sdf
-- Up-to-date: /home/sachin/ardu_ws/install/ardupilot_gazebo/share/ardupilot_gazebo/models/gimbal_small_3d/meshes
-- Up-to-date: /home/sachin/ardu_ws/install/ardupilot_gazebo/share/ardupilot_gazebo/models/gimbal_small_3d/meshes/roll_arm.dae
-- Up-to-date: /home/sachin/ardu_ws/install/ardupilot_gazebo/share/ardupilot_gazebo/models/gimbal_small_3d/meshes/camera_enclosure.dae
-- Up-to-date: /home/sachin/ardu_ws/install/ardupilot_gazebo/share/ardupilot_gazebo/models/gimbal_small_3d/meshes/base_plate.dae
-- Up-to-date: /home/sachin/ardu_ws/install/ardupilot_gazebo/share/ardupilot_gazebo/models/gimbal_small_3d/meshes/yaw_arm.dae
-- Up-to-date: /home/sachin/ardu_ws/install/ardupilot_gazebo/share/ardupilot_gazebo/models/gimbal_small_3d/model.config
-- Up-to-date: /home/sachin/ardu_ws/install/ardupilot_gazebo/share/ardupilot_gazebo/models/iris_with_ardupilot
-- Up-to-date: /home/sachin/ardu_ws/install/ardupilot_gazebo/share/ardupilot_gazebo/models/iris_with_ardupilot/model.sdf
-- Up-to-date: /home/sachin/ardu_ws/install/ardupilot_gazebo/share/ardupilot_gazebo/models/iris_with_ardupilot/model.config
-- Up-to-date: /home/sachin/ardu_ws/install/ardupilot_gazebo/share/ardupilot_gazebo/models/gimbal_small_1d
-- Up-to-date: /home/sachin/ardu_ws/install/ardupilot_gazebo/share/ardupilot_gazebo/models/gimbal_small_1d/model.sdf
-- Up-to-date: /home/sachin/ardu_ws/install/ardupilot_gazebo/share/ardupilot_gazebo/models/gimbal_small_1d/meshes
-- Up-to-date: /home/sachin/ardu_ws/install/ardupilot_gazebo/share/ardupilot_gazebo/models/gimbal_small_1d/meshes/base_main.dae
-- Up-to-date: /home/sachin/ardu_ws/install/ardupilot_gazebo/share/ardupilot_gazebo/models/gimbal_small_1d/meshes/tilt.dae
-- Up-to-date: /home/sachin/ardu_ws/install/ardupilot_gazebo/share/ardupilot_gazebo/models/gimbal_small_1d/meshes/base_arm.dae
-- Up-to-date: /home/sachin/ardu_ws/install/ardupilot_gazebo/share/ardupilot_gazebo/models/gimbal_small_1d/model.config
-- Up-to-date: /home/sachin/ardu_ws/install/ardupilot_gazebo/share/ardupilot_gazebo/worlds
-- Up-to-date: /home/sachin/ardu_ws/install/ardupilot_gazebo/share/ardupilot_gazebo/worlds/iris_runway.sdf
-- Up-to-date: /home/sachin/ardu_ws/install/ardupilot_gazebo/share/ardupilot_gazebo/worlds/gimbal.sdf
-- Up-to-date: /home/sachin/ardu_ws/install/ardupilot_gazebo/share/ardupilot_gazebo/worlds/zephyr_runway.sdf
-- Up-to-date: /home/sachin/ardu_ws/install/ardupilot_gazebo/share/ardupilot_gazebo/worlds/zephyr_parachute.sdf
-- Up-to-date: /home/sachin/ardu_ws/install/ardupilot_gazebo/share/ardupilot_gazebo/worlds/iris_warehouse.sdf
-- Up-to-date: /home/sachin/ardu_ws/install/ardupilot_gazebo/share/ardupilot_gazebo/environment/ardupilot_gazebo.dsv
-- Up-to-date: /home/sachin/ardu_ws/install/ardupilot_gazebo/share/ardupilot_gazebo/environment/ardupilot_gazebo.sh
-- Up-to-date: /home/sachin/ardu_ws/install/ardupilot_gazebo/share/ament_index/resource_index/package_run_dependencies/ardupilot_gazebo
-- Up-to-date: /home/sachin/ardu_ws/install/ardupilot_gazebo/share/ament_index/resource_index/parent_prefix_path/ardupilot_gazebo
-- Up-to-date: /home/sachin/ardu_ws/install/ardupilot_gazebo/share/ardupilot_gazebo/environment/ament_prefix_path.sh
-- Up-to-date: /home/sachin/ardu_ws/install/ardupilot_gazebo/share/ardupilot_gazebo/environment/ament_prefix_path.dsv
-- Up-to-date: /home/sachin/ardu_ws/install/ardupilot_gazebo/share/ardupilot_gazebo/environment/path.sh
-- Up-to-date: /home/sachin/ardu_ws/install/ardupilot_gazebo/share/ardupilot_gazebo/environment/path.dsv
-- Up-to-date: /home/sachin/ardu_ws/install/ardupilot_gazebo/share/ardupilot_gazebo/local_setup.bash
-- Up-to-date: /home/sachin/ardu_ws/install/ardupilot_gazebo/share/ardupilot_gazebo/local_setup.sh
-- Up-to-date: /home/sachin/ardu_ws/install/ardupilot_gazebo/share/ardupilot_gazebo/local_setup.zsh
-- Up-to-date: /home/sachin/ardu_ws/install/ardupilot_gazebo/share/ardupilot_gazebo/local_setup.dsv
-- Installing: /home/sachin/ardu_ws/install/ardupilot_gazebo/share/ardupilot_gazebo/package.dsv
-- Up-to-date: /home/sachin/ardu_ws/install/ardupilot_gazebo/share/ament_index/resource_index/packages/ardupilot_gazebo
-- Up-to-date: /home/sachin/ardu_ws/install/ardupilot_gazebo/share/ardupilot_gazebo/cmake/ardupilot_gazeboConfig.cmake
-- Up-to-date: /home/sachin/ardu_ws/install/ardupilot_gazebo/share/ardupilot_gazebo/cmake/ardupilot_gazeboConfig-version.cmake
-- Up-to-date: /home/sachin/ardu_ws/install/ardupilot_gazebo/share/ardupilot_gazebo/package.xml
