[0.010s] Invoking command in '/home/sachin/ardu_ws/build/ardupilot_sitl': CMAKE_PREFIX_PATH=/home/sachin/ardu_ws/install/micro_ros_agent:/home/sachin/ardu_ws/install/ardupilot_msgs:/home/sachin/ardu_ws/install/ardupilot_gz_bringup:/home/sachin/ardu_ws/install/sdformat_urdf:/home/sachin/ardu_ws/install/sdformat_test_files:/home/sachin/ardu_ws/install/ardupilot_sitl:/home/sachin/ardu_ws/install/ardupilot_sitl_models:/home/sachin/ardu_ws/install/ardupilot_gz_gazebo:/home/sachin/ardu_ws/install/ardupilot_gz_description:/home/sachin/ardu_ws/install/ardupilot_gz_application:/home/sachin/ardu_ws/install/ardupilot_gazebo:/opt/ros/jazzy/opt/gz_sim_vendor:/opt/ros/jazzy/opt/gz_sensors_vendor:/opt/ros/jazzy/opt/gz_physics_vendor:/opt/ros/jazzy/opt/sdformat_vendor:/opt/ros/jazzy/opt/gz_gui_vendor:/opt/ros/jazzy/opt/gz_transport_vendor:/opt/ros/jazzy/opt/gz_rendering_vendor:/opt/ros/jazzy/opt/gz_plugin_vendor:/opt/ros/jazzy/opt/gz_fuel_tools_vendor:/opt/ros/jazzy/opt/gz_msgs_vendor:/opt/ros/jazzy/opt/gz_common_vendor:/opt/ros/jazzy/opt/gz_math_vendor:/opt/ros/jazzy/opt/gz_utils_vendor:/opt/ros/jazzy/opt/gz_tools_vendor:/opt/ros/jazzy/opt/gz_ogre_next_vendor:/opt/ros/jazzy/opt/gz_dartsim_vendor:/opt/ros/jazzy/opt/gz_cmake_vendor:/home/sachin/ardu_ws/install/ardupilot_dds_tests:/opt/ros/jazzy DEBUGINFOD_URLS=https://debuginfod.ubuntu.com LD_LIBRARY_PATH=/home/sachin/ardu_ws/install/micro_ros_agent/lib:/home/sachin/ardu_ws/install/ardupilot_msgs/lib:/home/sachin/ardu_ws/install/sdformat_urdf/lib:/opt/ros/jazzy/opt/gz_sim_vendor/lib:/opt/ros/jazzy/opt/gz_sensors_vendor/lib:/opt/ros/jazzy/opt/gz_physics_vendor/lib:/opt/ros/jazzy/opt/sdformat_vendor/lib:/opt/ros/jazzy/opt/rviz_ogre_vendor/lib:/opt/ros/jazzy/lib/x86_64-linux-gnu:/opt/ros/jazzy/opt/gz_gui_vendor/lib:/opt/ros/jazzy/opt/gz_transport_vendor/lib:/opt/ros/jazzy/opt/gz_rendering_vendor/lib:/opt/ros/jazzy/opt/gz_plugin_vendor/lib:/opt/ros/jazzy/opt/gz_fuel_tools_vendor/lib:/opt/ros/jazzy/opt/gz_msgs_vendor/lib:/opt/ros/jazzy/opt/gz_common_vendor/lib:/opt/ros/jazzy/opt/gz_math_vendor/lib:/opt/ros/jazzy/opt/gz_utils_vendor/lib:/opt/ros/jazzy/opt/gz_tools_vendor/lib:/opt/ros/jazzy/opt/gz_ogre_next_vendor/lib:/opt/ros/jazzy/opt/gz_dartsim_vendor/lib:/opt/ros/jazzy/opt/gz_cmake_vendor/lib:/opt/ros/jazzy/lib PS1=(.ros2_venv) \[\e]0;\u@\h: \w\a\]${debian_chroot:+($debian_chroot)}\[\033[01;32m\]\u@\h\[\033[00m\]:\[\033[01;34m\]\w\[\033[00m\]\$ PYTHONPATH=/home/sachin/ardu_ws/install/ardupilot_msgs/lib/python3.12/site-packages:/home/sachin/ardu_ws/install/ardupilot_dds_tests/lib/python3.12/site-packages:/home/sachin/ardu_ws/install/ardupilot_sitl/lib/python3.12/site-packages:/opt/ros/jazzy/opt/gz_sim_vendor/lib/python:/opt/ros/jazzy/lib/python3.12/site-packages VIRTUAL_ENV_PROMPT=(.ros2_venv) /usr/bin/cmake --build /home/sachin/ardu_ws/build/ardupilot_sitl -- -j12 -l12
[0.054s] Built target ament_cmake_python_copy_ardupilot_sitl
[0.195s] [32m[0mSetting top to                           :[0m [0m[32m[32m/home/sachin/ardu_ws/src/ardupilot[0m [0m
[0.195s] [32m[0mSetting out to                           :[0m [0m[32m[32m/home/sachin/ardu_ws/src/ardupilot/build[0m [0m
[0.205s] [32m[0mAutoconfiguration                        :[0m [0m[32m[32menabled[0m [0m
[0.205s] [32m[0mChecking for program 'python'            :[0m [0m[32m[32m/home/sachin/.ros2_venv/bin/python3[0m [0m
[0.209s] running egg_info
[0.217s] writing ardupilot_sitl.egg-info/PKG-INFO
[0.217s] writing dependency_links to ardupilot_sitl.egg-info/dependency_links.txt
[0.218s] writing top-level names to ardupilot_sitl.egg-info/top_level.txt
[0.241s] reading manifest file 'ardupilot_sitl.egg-info/SOURCES.txt'
[0.242s] writing manifest file 'ardupilot_sitl.egg-info/SOURCES.txt'
[0.266s] Built target ament_cmake_python_build_ardupilot_sitl_egg
[0.410s] [32m[0mChecking for python version >= 3.9.0     :[0m [0m[32m[32m3.12.3[0m [0m
[0.411s] [32m[0mSetting board to                         :[0m [0m[32m[32msitl[0m [0m
[0.411s] Processing /home/sachin/ardu_ws/src/ardupilot/libraries/AP_HAL_SITL/hwdef/sitl/hwdef.dat
[0.411s] Writing hwdef setup in /home/sachin/ardu_ws/src/ardupilot/build/sitl/hwdef.h
[0.412s] [32m[0mUsing toolchain                          :[0m [0m[32m[32mnative[0m [0m
[0.428s] [32m[0mChecking for 'g++' (C++ compiler)        :[0m [0m[32m[32m/usr/lib/ccache/g++[0m [0m
[0.440s] [32m[0mChecking for 'gcc' (C compiler)          :[0m [0m[32m[32m/usr/lib/ccache/gcc[0m [0m
[0.446s] [32m[0mChecking for c flags '-MMD'              :[0m [0m[32m[32myes[0m [0m
[0.451s] [32m[0mChecking for cxx flags '-MMD'            :[0m [0m[32m[32myes[0m [0m
[0.451s] [32m[0mCXX Compiler                             :[0m [0m[32m[32mg++ 13.3.0[0m [0m
[0.479s] [32m[0mChecking for need to link with librt     :[0m [0m[32m[32mnot necessary[0m [0m
[0.508s] [32m[0mChecking for feenableexcept              :[0m [0m[32m[32myes[0m [0m
[0.508s] [32m[0mEnabling -Werror                         :[0m [0m[32m[32mno[0m [0m
[0.509s] [32m[0mEnabled OpenDroneID                      :[0m [0m[32m[33mno[0m [0m
[0.509s] [32m[0mEnabled firmware ID checking             :[0m [0m[32m[33mno[0m [0m
[0.509s] [32m[0mGPS Debug Logging                        :[0m [0m[32m[33mno[0m [0m
[0.509s] [32m[0mEnabled DDS                              :[0m [0m[32m[32myes[0m [0m
[0.541s] [32m[0mChecking for HAVE_CMATH_ISFINITE         :[0m [0m[32m[32myes[0m [0m
[0.570s] [32m[0mChecking for HAVE_CMATH_ISINF            :[0m [0m[32m[32myes[0m [0m
[0.598s] [32m[0mChecking for HAVE_CMATH_ISNAN            :[0m [0m[32m[32myes[0m [0m
[0.627s] [32m[0mChecking for NEED_CMATH_ISFINITE_STD_NAMESPACE :[0m [0m[32m[32myes[0m [0m
[0.655s] [32m[0mChecking for NEED_CMATH_ISINF_STD_NAMESPACE    :[0m [0m[32m[32myes[0m [0m
[0.685s] [32m[0mChecking for NEED_CMATH_ISNAN_STD_NAMESPACE    :[0m [0m[32m[32myes[0m [0m
[0.714s] [32m[0mChecking for header endian.h                   :[0m [0m[32m[32myes[0m [0m
[0.743s] [32m[0mChecking for header byteswap.h                 :[0m [0m[32m[32myes[0m [0m
[0.770s] [32m[0mChecking for HAVE_MEMRCHR                      :[0m [0m[32m[32myes[0m [0m
[0.770s] [32m[0mConfigured VSCode Intellisense:                :[0m [0m[32m[33mno[0m [0m
[0.772s] [32m[0mDC_DSDL compiler in                            :[0m [0m[32m[32m/home/sachin/ardu_ws/src/ardupilot/modules/DroneCAN/dronecan_dsdlc[0m [0m
[0.772s] [32m[0mSource is git repository                       :[0m [0m[32m[32myes[0m [0m
[0.772s] [32m[0mUpdate submodules                              :[0m [0m[32m[32myes[0m [0m
[0.773s] [32m[0mChecking for program 'git'                     :[0m [0m[32m[32m/usr/bin/git[0m [0m
[0.773s] [32m[0mLittlefs                                       :[0m [0m[32m[33mdisabled[0m [0m
[0.774s] [32m[0mChecking for program 'size'                    :[0m [0m[32m[32m/usr/bin/size[0m [0m
[0.774s] [32m[0mBenchmarks                                     :[0m [0m[32m[33mdisabled[0m [0m
[0.774s] [32m[0mUnit tests                                     :[0m [0m[32m[32menabled[0m [0m
[0.774s] [32m[0mScripting                                      :[0m [0m[32m[32mmaybe[0m [0m
[0.780s] [32m[0mChecking for program 'microxrceddsgen'         :[0m [0m[32m[32m/home/sachin/ardu_ws/Micro-XRCE-DDS-Gen/scripts/microxrceddsgen[0m [0m
[0.785s] [32m[0mScripting runtime checks                       :[0m [0m[32m[32menabled[0m [0m
[0.785s] [32m[0mDebug build                                    :[0m [0m[32m[33mdisabled[0m [0m
[0.785s] [32m[0mCoverage build                                 :[0m [0m[32m[33mdisabled[0m [0m
[0.785s] [32m[0mConsistent build                               :[0m [0m[32m[33mdisabled[0m [0m
[0.785s] [32m[0mForce 32-bit build                             :[0m [0m[32m[33mdisabled[0m [0m
[0.785s] [32m[0mChecking for program 'rsync'                   :[0m [0m[32m[32m/usr/bin/rsync[0m [0m
[0.785s] [32mRemoving target_list file /home/sachin/ardu_ws/src/ardupilot/build/sitl/target_list[0m
[0.829s] [32m'configure' finished successfully (0.634s)[0m
[0.854s] Built target ardupilot_configure
[1.065s] [32mWaf: Entering directory `/home/sachin/ardu_ws/src/ardupilot/build/sitl'[0m
[1.146s] Embedding file default_params/airsim-quadX.parm:Tools/autotest/default_params/airsim-quadX.parm
[1.146s] Embedding file default_params/airsim-rover.parm:Tools/autotest/default_params/airsim-rover.parm
[1.146s] Embedding file default_params/balancebot.parm:Tools/autotest/default_params/balancebot.parm
[1.146s] Embedding file default_params/blimp-motor.parm:Tools/autotest/default_params/blimp-motor.parm
[1.147s] Embedding file default_params/blimp.parm:Tools/autotest/default_params/blimp.parm
[1.147s] Embedding file default_params/copter-X.parm:Tools/autotest/default_params/copter-X.parm
[1.147s] Embedding file default_params/copter-beacon.parm:Tools/autotest/default_params/copter-beacon.parm
[1.147s] Embedding file default_params/copter-bfx.parm:Tools/autotest/default_params/copter-bfx.parm
[1.147s] Embedding file default_params/copter-coax.parm:Tools/autotest/default_params/copter-coax.parm
[1.147s] Embedding file default_params/copter-cwx.parm:Tools/autotest/default_params/copter-cwx.parm
[1.147s] Embedding file default_params/copter-deca-cwx.parm:Tools/autotest/default_params/copter-deca-cwx.parm
[1.147s] Embedding file default_params/copter-deca.parm:Tools/autotest/default_params/copter-deca.parm
[1.147s] Embedding file default_params/copter-djix.parm:Tools/autotest/default_params/copter-djix.parm
[1.147s] Embedding file default_params/copter-dodecahexa.parm:Tools/autotest/default_params/copter-dodecahexa.parm
[1.148s] Embedding file default_params/copter-dotriaconta_octaquad_x.parm:Tools/autotest/default_params/copter-dotriaconta_octaquad_x.parm
[1.148s] Embedding file default_params/copter-gimbal.parm:Tools/autotest/default_params/copter-gimbal.parm
[1.148s] Embedding file default_params/copter-gps-for-yaw-nmea.parm:Tools/autotest/default_params/copter-gps-for-yaw-nmea.parm
[1.148s] Embedding file default_params/copter-gps-for-yaw.parm:Tools/autotest/default_params/copter-gps-for-yaw.parm
[1.148s] Embedding file default_params/copter-heli-ddfptail.parm:Tools/autotest/default_params/copter-heli-ddfptail.parm
[1.148s] Embedding file default_params/copter-heli-ddvptail.parm:Tools/autotest/default_params/copter-heli-ddvptail.parm
[1.148s] Embedding file default_params/copter-heli-dual.parm:Tools/autotest/default_params/copter-heli-dual.parm
[1.148s] Embedding file default_params/copter-heli-gas.parm:Tools/autotest/default_params/copter-heli-gas.parm
[1.148s] Embedding file default_params/copter-heli.parm:Tools/autotest/default_params/copter-heli.parm
[1.148s] Embedding file default_params/copter-heliquad.parm:Tools/autotest/default_params/copter-heliquad.parm
[1.148s] Embedding file default_params/copter-hexa-cwx.parm:Tools/autotest/default_params/copter-hexa-cwx.parm
[1.148s] Embedding file default_params/copter-hexa-dji.parm:Tools/autotest/default_params/copter-hexa-dji.parm
[1.148s] Embedding file default_params/copter-hexa.parm:Tools/autotest/default_params/copter-hexa.parm
[1.148s] Embedding file default_params/copter-hexadeca_octa.parm:Tools/autotest/default_params/copter-hexadeca_octa.parm
[1.149s] Embedding file default_params/copter-hexadeca_octa_cwx.parm:Tools/autotest/default_params/copter-hexadeca_octa_cwx.parm
[1.149s] Embedding file default_params/copter-octa-cwx.parm:Tools/autotest/default_params/copter-octa-cwx.parm
[1.149s] Embedding file default_params/copter-octa-dji.parm:Tools/autotest/default_params/copter-octa-dji.parm
[1.149s] Embedding file default_params/copter-octa.parm:Tools/autotest/default_params/copter-octa.parm
[1.149s] Embedding file default_params/copter-octaquad-cor.parm:Tools/autotest/default_params/copter-octaquad-cor.parm
[1.149s] Embedding file default_params/copter-octaquad-cw-cor.parm:Tools/autotest/default_params/copter-octaquad-cw-cor.parm
[1.149s] Embedding file default_params/copter-octaquad-cwx.parm:Tools/autotest/default_params/copter-octaquad-cwx.parm
[1.149s] Embedding file default_params/copter-octaquad.parm:Tools/autotest/default_params/copter-octaquad.parm
[1.149s] Embedding file default_params/copter-optflow.parm:Tools/autotest/default_params/copter-optflow.parm
[1.149s] Embedding file default_params/copter-ppp-periph.parm:Tools/autotest/default_params/copter-ppp-periph.parm
[1.149s] Embedding file default_params/copter-ppp.parm:Tools/autotest/default_params/copter-ppp.parm
[1.149s] Embedding file default_params/copter-rangefinder.parm:Tools/autotest/default_params/copter-rangefinder.parm
[1.149s] Embedding file default_params/copter-single.parm:Tools/autotest/default_params/copter-single.parm
[1.149s] Embedding file default_params/copter-tri.parm:Tools/autotest/default_params/copter-tri.parm
[1.150s] Embedding file default_params/copter-vicon.parm:Tools/autotest/default_params/copter-vicon.parm
[1.150s] Embedding file default_params/copter-winch.parm:Tools/autotest/default_params/copter-winch.parm
[1.150s] Embedding file default_params/copter-wind-estimates.parm:Tools/autotest/default_params/copter-wind-estimates.parm
[1.150s] Embedding file default_params/copter-y6.parm:Tools/autotest/default_params/copter-y6.parm
[1.150s] Embedding file default_params/copter.parm:Tools/autotest/default_params/copter.parm
[1.150s] Embedding file default_params/firefly.parm:Tools/autotest/default_params/firefly.parm
[1.150s] Embedding file default_params/gazebo-iris.parm:Tools/autotest/default_params/gazebo-iris.parm
[1.150s] Embedding file default_params/gazebo-zephyr.parm:Tools/autotest/default_params/gazebo-zephyr.parm
[1.150s] Embedding file default_params/glider.parm:Tools/autotest/default_params/glider.parm
[1.150s] Embedding file default_params/motorboat.parm:Tools/autotest/default_params/motorboat.parm
[1.150s] Embedding file default_params/msposd.parm:Tools/autotest/default_params/msposd.parm
[1.150s] Embedding file default_params/periph-battmon.parm:Tools/autotest/default_params/periph-battmon.parm
[1.150s] Embedding file default_params/periph-compass.parm:Tools/autotest/default_params/periph-compass.parm
[1.150s] Embedding file default_params/periph-ppp.parm:Tools/autotest/default_params/periph-ppp.parm
[1.150s] Embedding file default_params/periph.parm:Tools/autotest/default_params/periph.parm
[1.150s] Embedding file default_params/plane-dspoilers.parm:Tools/autotest/default_params/plane-dspoilers.parm
[1.150s] Embedding file default_params/plane-elevons.parm:Tools/autotest/default_params/plane-elevons.parm
[1.150s] Embedding file default_params/plane-ice.parm:Tools/autotest/default_params/plane-ice.parm
[1.150s] Embedding file default_params/plane-jet.parm:Tools/autotest/default_params/plane-jet.parm
[1.150s] Embedding file default_params/plane-redundant.parm:Tools/autotest/default_params/plane-redundant.parm
[1.150s] Embedding file default_params/plane-soaring.parm:Tools/autotest/default_params/plane-soaring.parm
[1.150s] Embedding file default_params/plane-tailsitter.parm:Tools/autotest/default_params/plane-tailsitter.parm
[1.150s] Embedding file default_params/plane-vtail.parm:Tools/autotest/default_params/plane-vtail.parm
[1.150s] Embedding file default_params/quad-can.parm:Tools/autotest/default_params/quad-can.parm
[1.150s] Embedding file default_params/quad-periph.parm:Tools/autotest/default_params/quad-periph.parm
[1.150s] Embedding file default_params/quadplane-can.parm:Tools/autotest/default_params/quadplane-can.parm
[1.150s] Embedding file default_params/quadplane-cl84.parm:Tools/autotest/default_params/quadplane-cl84.parm
[1.150s] Embedding file default_params/quadplane-copter_tailsitter.parm:Tools/autotest/default_params/quadplane-copter_tailsitter.parm
[1.150s] Embedding file default_params/quadplane-ice.parm:Tools/autotest/default_params/quadplane-ice.parm
[1.150s] Embedding file default_params/quadplane-periph.parm:Tools/autotest/default_params/quadplane-periph.parm
[1.150s] Embedding file default_params/quadplane-ppp-periph.parm:Tools/autotest/default_params/quadplane-ppp-periph.parm
[1.150s] Embedding file default_params/quadplane-ppp.parm:Tools/autotest/default_params/quadplane-ppp.parm
[1.151s] Embedding file default_params/quadplane-tilt.parm:Tools/autotest/default_params/quadplane-tilt.parm
[1.151s] Embedding file default_params/quadplane-tilthvec.parm:Tools/autotest/default_params/quadplane-tilthvec.parm
[1.151s] Embedding file default_params/quadplane-tilttri.parm:Tools/autotest/default_params/quadplane-tilttri.parm
[1.151s] Embedding file default_params/quadplane-tilttrivec.parm:Tools/autotest/default_params/quadplane-tilttrivec.parm
[1.151s] Embedding file default_params/quadplane-tri.parm:Tools/autotest/default_params/quadplane-tri.parm
[1.151s] Embedding file default_params/quadplane.parm:Tools/autotest/default_params/quadplane.parm
[1.151s] Embedding file default_params/rover-omni3mecanum.parm:Tools/autotest/default_params/rover-omni3mecanum.parm
[1.151s] Embedding file default_params/rover-skid.parm:Tools/autotest/default_params/rover-skid.parm
[1.151s] Embedding file default_params/rover-vectored.parm:Tools/autotest/default_params/rover-vectored.parm
[1.151s] Embedding file default_params/rover.parm:Tools/autotest/default_params/rover.parm
[1.151s] Embedding file default_params/sailboat-motor.parm:Tools/autotest/default_params/sailboat-motor.parm
[1.151s] Embedding file default_params/sailboat.parm:Tools/autotest/default_params/sailboat.parm
[1.151s] Embedding file default_params/stratoblimp.parm:Tools/autotest/default_params/stratoblimp.parm
[1.151s] Embedding file default_params/sub-6dof.parm:Tools/autotest/default_params/sub-6dof.parm
[1.151s] Embedding file default_params/sub-gps-for-yaw-nmea.parm:Tools/autotest/default_params/sub-gps-for-yaw-nmea.parm
[1.151s] Embedding file default_params/sub.parm:Tools/autotest/default_params/sub.parm
[1.151s] Embedding file default_params/tracker-gps-for-yaw.parm:Tools/autotest/default_params/tracker-gps-for-yaw.parm
[1.151s] Embedding file locations.txt:Tools/autotest/locations.txt
[1.151s] Embedding file models/Callisto.json:Tools/autotest/models/Callisto.json
[1.151s] Embedding file models/Callisto.parm:Tools/autotest/models/Callisto.parm
[1.151s] Embedding file models/freestyle.json:Tools/autotest/models/freestyle.json
[1.151s] Embedding file models/freestyle.parm:Tools/autotest/models/freestyle.parm
[1.151s] Embedding file models/heliquad.json:Tools/autotest/models/heliquad.json
[1.151s] Embedding file models/plane-3d.parm:Tools/autotest/models/plane-3d.parm
[1.151s] Embedding file models/plane-reverse-rc-pitch-yaw.parm:Tools/autotest/models/plane-reverse-rc-pitch-yaw.parm
[1.151s] Embedding file models/plane-reverse-servo-pitch-yaw.parm:Tools/autotest/models/plane-reverse-servo-pitch-yaw.parm
[1.151s] Embedding file models/plane.parm:Tools/autotest/models/plane.parm
[1.151s] Embedding file models/skywalker_2013.json:Tools/autotest/models/skywalker_2013.json
[1.151s] Embedding file models/xplane_heli.json:Tools/autotest/models/xplane_heli.json
[1.151s] Embedding file models/xplane_plane.json:Tools/autotest/models/xplane_plane.json
[1.151s] Embedding file vehicleinfo.json:Tools/autotest/pysim/vehicleinfo.json
[1.151s] Building /home/sachin/ardu_ws/src/ardupilot/build/sitl/modules/Micro-XRCE-DDS-Client/include/uxr/client/config.h
[1.151s] Building /home/sachin/ardu_ws/src/ardupilot/build/sitl/modules/Micro-CDR/include/ucdr/config.h
[2.174s] [32mNo target_list file found, creating[0m
[2.174s] [32mGenerating compile_commands.json[0m
[2.217s] [32mGenerating compile_commands.json[0m
[2.250s] [32mGenerating compile_commands.json[0m
[2.278s] [32mGenerating compile_commands.json[0m
[2.324s] [32mGenerating compile_commands.json[0m
[2.384s] [32mGenerating compile_commands.json[0m
[2.433s] [32mGenerating compile_commands.json[0m
[2.455s] [32mBuild commands will be stored in build/sitl/compile_commands.json[0m
[2.523s] [32mGenerating compile_commands.json[0m
[2.527s] [32mBuild commands will be stored in build/sitl/compile_commands.json[0m
[2.580s] [32mBuild commands will be stored in build/sitl/compile_commands.json[0m
[2.641s] [32mGenerating compile_commands.json[0m
[2.645s] [32mBuild commands will be stored in build/sitl/compile_commands.json[0m
[2.695s] [32mBuild commands will be stored in build/sitl/compile_commands.json[0m
[2.757s] [32mGenerating compile_commands.json[0m
[2.761s] [32mBuild commands will be stored in build/sitl/compile_commands.json[0m
[2.811s] [32mBuild commands will be stored in build/sitl/compile_commands.json[0m
[2.873s] [32mGenerating compile_commands.json[0m
[2.878s] [32mBuild commands will be stored in build/sitl/compile_commands.json[0m
[2.928s] [32mBuild commands will be stored in build/sitl/compile_commands.json[0m
[2.981s] [32mBuild commands will be stored in build/sitl/compile_commands.json[0m
[3.041s] [32mGenerating compile_commands.json[0m
[3.046s] [32mBuild commands will be stored in build/sitl/compile_commands.json[0m
[3.098s] [32mBuild commands will be stored in build/sitl/compile_commands.json[0m
[3.157s] [32mGenerating compile_commands.json[0m
[3.161s] [32mBuild commands will be stored in build/sitl/compile_commands.json[0m
[3.714s] [2044/2371] Linking [33mbuild/sitl/bin/antennatracker[0m
[3.759s] [2123/2371] Linking [33mbuild/sitl/bin/arducopter[0m
[3.772s] [2194/2371] Linking [33mbuild/sitl/bin/arducopter-heli[0m
[3.824s] [2259/2371] Linking [33mbuild/sitl/bin/arduplane[0m
[3.870s] [2297/2371] Linking [33mbuild/sitl/bin/ardusub[0m
[3.912s] [2325/2371] Linking [33mbuild/sitl/bin/blimp[0m
[3.974s] [2364/2371] Linking [33mbuild/sitl/bin/ardurover[0m
[4.202s] [2365/2371] checking symbols [36mbuild/sitl/bin/antennatracker[0m
[4.646s] [2366/2371] checking symbols [36mbuild/sitl/bin/arducopter[0m
[4.674s] [2367/2371] checking symbols [36mbuild/sitl/bin/arduplane[0m
[4.683s] [2368/2371] checking symbols [36mbuild/sitl/bin/arducopter-heli[0m
[4.713s] [2369/2371] checking symbols [36mbuild/sitl/bin/blimp[0m
[4.721s] [2370/2371] checking symbols [36mbuild/sitl/bin/ardurover[0m
[4.727s] [2371/2371] checking symbols [36mbuild/sitl/bin/ardusub[0m
[4.758s] [32mWaf: Leaving directory `/home/sachin/ardu_ws/src/ardupilot/build/sitl'[0m
[4.758s] [32m[0m
[4.758s] [32m[0m[01;1mBUILD SUMMARY[0m
[4.758s] [32m[0m[01;1mBuild directory: [0m/home/sachin/ardu_ws/src/ardupilot/build/sitl[0m
[4.783s] [32m[0m[01;1mTarget               Text (B)  Data (B)  BSS (B)  Total Flash Used (B)  Free Flash (B)  External Flash Used (B)[0m
[4.783s] ---------------------------------------------------------------------------------------------------------------
[4.783s] bin/antennatracker    3472111    150053   265560               3622164  Not Applicable  Not Applicable         
[4.783s] bin/arducopter        4643627    218429   284392               4862056  Not Applicable  Not Applicable         
[4.783s] bin/arducopter-heli   4636099    219485   285288               4855584  Not Applicable  Not Applicable         
[4.783s] bin/arduplane         4611451    221653   283112               4833104  Not Applicable  Not Applicable         
[4.783s] bin/ardusub           4220483    192293   285016               4412776  Not Applicable  Not Applicable         
[4.783s] bin/blimp             3564927    154461   268056               3719388  Not Applicable  Not Applicable         
[4.783s] bin/ardurover         4301827    196493   282728               4498320  Not Applicable  Not Applicable         
[4.783s] [32m[0m
[4.783s] [32m'build' finished successfully (3.783s)[0m
[4.879s] Built target ardupilot_build
[4.889s] Invoked command in '/home/sachin/ardu_ws/build/ardupilot_sitl' returned '0': CMAKE_PREFIX_PATH=/home/sachin/ardu_ws/install/micro_ros_agent:/home/sachin/ardu_ws/install/ardupilot_msgs:/home/sachin/ardu_ws/install/ardupilot_gz_bringup:/home/sachin/ardu_ws/install/sdformat_urdf:/home/sachin/ardu_ws/install/sdformat_test_files:/home/sachin/ardu_ws/install/ardupilot_sitl:/home/sachin/ardu_ws/install/ardupilot_sitl_models:/home/sachin/ardu_ws/install/ardupilot_gz_gazebo:/home/sachin/ardu_ws/install/ardupilot_gz_description:/home/sachin/ardu_ws/install/ardupilot_gz_application:/home/sachin/ardu_ws/install/ardupilot_gazebo:/opt/ros/jazzy/opt/gz_sim_vendor:/opt/ros/jazzy/opt/gz_sensors_vendor:/opt/ros/jazzy/opt/gz_physics_vendor:/opt/ros/jazzy/opt/sdformat_vendor:/opt/ros/jazzy/opt/gz_gui_vendor:/opt/ros/jazzy/opt/gz_transport_vendor:/opt/ros/jazzy/opt/gz_rendering_vendor:/opt/ros/jazzy/opt/gz_plugin_vendor:/opt/ros/jazzy/opt/gz_fuel_tools_vendor:/opt/ros/jazzy/opt/gz_msgs_vendor:/opt/ros/jazzy/opt/gz_common_vendor:/opt/ros/jazzy/opt/gz_math_vendor:/opt/ros/jazzy/opt/gz_utils_vendor:/opt/ros/jazzy/opt/gz_tools_vendor:/opt/ros/jazzy/opt/gz_ogre_next_vendor:/opt/ros/jazzy/opt/gz_dartsim_vendor:/opt/ros/jazzy/opt/gz_cmake_vendor:/home/sachin/ardu_ws/install/ardupilot_dds_tests:/opt/ros/jazzy DEBUGINFOD_URLS=https://debuginfod.ubuntu.com LD_LIBRARY_PATH=/home/sachin/ardu_ws/install/micro_ros_agent/lib:/home/sachin/ardu_ws/install/ardupilot_msgs/lib:/home/sachin/ardu_ws/install/sdformat_urdf/lib:/opt/ros/jazzy/opt/gz_sim_vendor/lib:/opt/ros/jazzy/opt/gz_sensors_vendor/lib:/opt/ros/jazzy/opt/gz_physics_vendor/lib:/opt/ros/jazzy/opt/sdformat_vendor/lib:/opt/ros/jazzy/opt/rviz_ogre_vendor/lib:/opt/ros/jazzy/lib/x86_64-linux-gnu:/opt/ros/jazzy/opt/gz_gui_vendor/lib:/opt/ros/jazzy/opt/gz_transport_vendor/lib:/opt/ros/jazzy/opt/gz_rendering_vendor/lib:/opt/ros/jazzy/opt/gz_plugin_vendor/lib:/opt/ros/jazzy/opt/gz_fuel_tools_vendor/lib:/opt/ros/jazzy/opt/gz_msgs_vendor/lib:/opt/ros/jazzy/opt/gz_common_vendor/lib:/opt/ros/jazzy/opt/gz_math_vendor/lib:/opt/ros/jazzy/opt/gz_utils_vendor/lib:/opt/ros/jazzy/opt/gz_tools_vendor/lib:/opt/ros/jazzy/opt/gz_ogre_next_vendor/lib:/opt/ros/jazzy/opt/gz_dartsim_vendor/lib:/opt/ros/jazzy/opt/gz_cmake_vendor/lib:/opt/ros/jazzy/lib PS1=(.ros2_venv) \[\e]0;\u@\h: \w\a\]${debian_chroot:+($debian_chroot)}\[\033[01;32m\]\u@\h\[\033[00m\]:\[\033[01;34m\]\w\[\033[00m\]\$ PYTHONPATH=/home/sachin/ardu_ws/install/ardupilot_msgs/lib/python3.12/site-packages:/home/sachin/ardu_ws/install/ardupilot_dds_tests/lib/python3.12/site-packages:/home/sachin/ardu_ws/install/ardupilot_sitl/lib/python3.12/site-packages:/opt/ros/jazzy/opt/gz_sim_vendor/lib/python:/opt/ros/jazzy/lib/python3.12/site-packages VIRTUAL_ENV_PROMPT=(.ros2_venv) /usr/bin/cmake --build /home/sachin/ardu_ws/build/ardupilot_sitl -- -j12 -l12
[4.889s] Invoking command in '/home/sachin/ardu_ws/build/ardupilot_sitl': CMAKE_PREFIX_PATH=/home/sachin/ardu_ws/install/micro_ros_agent:/home/sachin/ardu_ws/install/ardupilot_msgs:/home/sachin/ardu_ws/install/ardupilot_gz_bringup:/home/sachin/ardu_ws/install/sdformat_urdf:/home/sachin/ardu_ws/install/sdformat_test_files:/home/sachin/ardu_ws/install/ardupilot_sitl:/home/sachin/ardu_ws/install/ardupilot_sitl_models:/home/sachin/ardu_ws/install/ardupilot_gz_gazebo:/home/sachin/ardu_ws/install/ardupilot_gz_description:/home/sachin/ardu_ws/install/ardupilot_gz_application:/home/sachin/ardu_ws/install/ardupilot_gazebo:/opt/ros/jazzy/opt/gz_sim_vendor:/opt/ros/jazzy/opt/gz_sensors_vendor:/opt/ros/jazzy/opt/gz_physics_vendor:/opt/ros/jazzy/opt/sdformat_vendor:/opt/ros/jazzy/opt/gz_gui_vendor:/opt/ros/jazzy/opt/gz_transport_vendor:/opt/ros/jazzy/opt/gz_rendering_vendor:/opt/ros/jazzy/opt/gz_plugin_vendor:/opt/ros/jazzy/opt/gz_fuel_tools_vendor:/opt/ros/jazzy/opt/gz_msgs_vendor:/opt/ros/jazzy/opt/gz_common_vendor:/opt/ros/jazzy/opt/gz_math_vendor:/opt/ros/jazzy/opt/gz_utils_vendor:/opt/ros/jazzy/opt/gz_tools_vendor:/opt/ros/jazzy/opt/gz_ogre_next_vendor:/opt/ros/jazzy/opt/gz_dartsim_vendor:/opt/ros/jazzy/opt/gz_cmake_vendor:/home/sachin/ardu_ws/install/ardupilot_dds_tests:/opt/ros/jazzy DEBUGINFOD_URLS=https://debuginfod.ubuntu.com LD_LIBRARY_PATH=/home/sachin/ardu_ws/install/micro_ros_agent/lib:/home/sachin/ardu_ws/install/ardupilot_msgs/lib:/home/sachin/ardu_ws/install/sdformat_urdf/lib:/opt/ros/jazzy/opt/gz_sim_vendor/lib:/opt/ros/jazzy/opt/gz_sensors_vendor/lib:/opt/ros/jazzy/opt/gz_physics_vendor/lib:/opt/ros/jazzy/opt/sdformat_vendor/lib:/opt/ros/jazzy/opt/rviz_ogre_vendor/lib:/opt/ros/jazzy/lib/x86_64-linux-gnu:/opt/ros/jazzy/opt/gz_gui_vendor/lib:/opt/ros/jazzy/opt/gz_transport_vendor/lib:/opt/ros/jazzy/opt/gz_rendering_vendor/lib:/opt/ros/jazzy/opt/gz_plugin_vendor/lib:/opt/ros/jazzy/opt/gz_fuel_tools_vendor/lib:/opt/ros/jazzy/opt/gz_msgs_vendor/lib:/opt/ros/jazzy/opt/gz_common_vendor/lib:/opt/ros/jazzy/opt/gz_math_vendor/lib:/opt/ros/jazzy/opt/gz_utils_vendor/lib:/opt/ros/jazzy/opt/gz_tools_vendor/lib:/opt/ros/jazzy/opt/gz_ogre_next_vendor/lib:/opt/ros/jazzy/opt/gz_dartsim_vendor/lib:/opt/ros/jazzy/opt/gz_cmake_vendor/lib:/opt/ros/jazzy/lib PS1=(.ros2_venv) \[\e]0;\u@\h: \w\a\]${debian_chroot:+($debian_chroot)}\[\033[01;32m\]\u@\h\[\033[00m\]:\[\033[01;34m\]\w\[\033[00m\]\$ PYTHONPATH=/home/sachin/ardu_ws/install/ardupilot_msgs/lib/python3.12/site-packages:/home/sachin/ardu_ws/install/ardupilot_dds_tests/lib/python3.12/site-packages:/home/sachin/ardu_ws/install/ardupilot_sitl/lib/python3.12/site-packages:/opt/ros/jazzy/opt/gz_sim_vendor/lib/python:/opt/ros/jazzy/lib/python3.12/site-packages VIRTUAL_ENV_PROMPT=(.ros2_venv) /usr/bin/cmake --install /home/sachin/ardu_ws/build/ardupilot_sitl
[4.896s] -- Install configuration: ""
[4.896s] -- Installing: /home/sachin/ardu_ws/install/ardupilot_sitl/bin/antennatracker
[4.898s] -- Installing: /home/sachin/ardu_ws/install/ardupilot_sitl/bin/arducopter
[4.900s] -- Installing: /home/sachin/ardu_ws/install/ardupilot_sitl/bin/arducopter-heli
[4.903s] -- Installing: /home/sachin/ardu_ws/install/ardupilot_sitl/bin/arduplane
[4.905s] -- Installing: /home/sachin/ardu_ws/install/ardupilot_sitl/bin/ardurover
[4.908s] -- Installing: /home/sachin/ardu_ws/install/ardupilot_sitl/bin/ardusub
[4.910s] -- Installing: /home/sachin/ardu_ws/install/ardupilot_sitl/bin/blimp
[4.912s] -- Installing: /home/sachin/ardu_ws/install/ardupilot_sitl/.//lib
[4.912s] -- Installing: /home/sachin/ardu_ws/install/ardupilot_sitl/.//lib/libBlimp_libs.a
[4.919s] -- Installing: /home/sachin/ardu_ws/install/ardupilot_sitl/.//lib/libArduPlane_libs.a
[4.928s] -- Installing: /home/sachin/ardu_ws/install/ardupilot_sitl/.//lib/libArduSub_libs.a
[4.936s] -- Installing: /home/sachin/ardu_ws/install/ardupilot_sitl/.//lib/libAntennaTracker_libs.a
[4.943s] -- Installing: /home/sachin/ardu_ws/install/ardupilot_sitl/.//lib/libArduCopter_libs.a
[4.951s] -- Installing: /home/sachin/ardu_ws/install/ardupilot_sitl/.//lib/libRover_libs.a
[4.959s] -- Installing: /home/sachin/ardu_ws/install/ardupilot_sitl/share/ardupilot_sitl//launch
[4.959s] -- Installing: /home/sachin/ardu_ws/install/ardupilot_sitl/share/ardupilot_sitl//launch/micro_ros_agent.launch.py
[4.959s] -- Installing: /home/sachin/ardu_ws/install/ardupilot_sitl/share/ardupilot_sitl//launch/sitl_mavproxy.launch.py
[4.960s] -- Installing: /home/sachin/ardu_ws/install/ardupilot_sitl/share/ardupilot_sitl//launch/mavproxy.launch.py
[4.960s] -- Installing: /home/sachin/ardu_ws/install/ardupilot_sitl/share/ardupilot_sitl//launch/sitl_dds_udp.launch.py
[4.960s] -- Installing: /home/sachin/ardu_ws/install/ardupilot_sitl/share/ardupilot_sitl//launch/sitl_dds_serial.launch.py
[4.960s] -- Installing: /home/sachin/ardu_ws/install/ardupilot_sitl/share/ardupilot_sitl//launch/sitl.launch.py
[4.960s] -- Installing: /home/sachin/ardu_ws/install/ardupilot_sitl/share/ardupilot_sitl//launch/virtual_ports.launch.py
[4.960s] -- Installing: /home/sachin/ardu_ws/install/ardupilot_sitl/share/ardupilot_sitl/config/default_params
[4.960s] -- Installing: /home/sachin/ardu_ws/install/ardupilot_sitl/share/ardupilot_sitl/config/default_params/dds_use_ns.parm
[4.960s] -- Installing: /home/sachin/ardu_ws/install/ardupilot_sitl/share/ardupilot_sitl/config/default_params/dds_serial.parm
[4.960s] -- Installing: /home/sachin/ardu_ws/install/ardupilot_sitl/share/ardupilot_sitl/config/default_params/dds_udp.parm
[4.960s] -- Up-to-date: /home/sachin/ardu_ws/install/ardupilot_sitl/share/ardupilot_sitl/config//default_params
[4.960s] -- Installing: /home/sachin/ardu_ws/install/ardupilot_sitl/share/ardupilot_sitl/config//default_params/copter-dodecahexa.parm
[4.960s] -- Installing: /home/sachin/ardu_ws/install/ardupilot_sitl/share/ardupilot_sitl/config//default_params/quadplane-ice.parm
[4.960s] -- Installing: /home/sachin/ardu_ws/install/ardupilot_sitl/share/ardupilot_sitl/config//default_params/quadplane-tilt.parm
[4.960s] -- Installing: /home/sachin/ardu_ws/install/ardupilot_sitl/share/ardupilot_sitl/config//default_params/periph-battmon.parm
[4.961s] -- Installing: /home/sachin/ardu_ws/install/ardupilot_sitl/share/ardupilot_sitl/config//default_params/copter-hexadeca_octa.parm
[4.961s] -- Installing: /home/sachin/ardu_ws/install/ardupilot_sitl/share/ardupilot_sitl/config//default_params/quadplane-tilttrivec.parm
[4.961s] -- Installing: /home/sachin/ardu_ws/install/ardupilot_sitl/share/ardupilot_sitl/config//default_params/copter-octaquad-cor.parm
[4.961s] -- Installing: /home/sachin/ardu_ws/install/ardupilot_sitl/share/ardupilot_sitl/config//default_params/plane-redundant.parm
[4.961s] -- Installing: /home/sachin/ardu_ws/install/ardupilot_sitl/share/ardupilot_sitl/config//default_params/quadplane-copter_tailsitter.parm
[4.961s] -- Installing: /home/sachin/ardu_ws/install/ardupilot_sitl/share/ardupilot_sitl/config//default_params/copter-octaquad.parm
[4.961s] -- Installing: /home/sachin/ardu_ws/install/ardupilot_sitl/share/ardupilot_sitl/config//default_params/quadplane.parm
[4.961s] -- Installing: /home/sachin/ardu_ws/install/ardupilot_sitl/share/ardupilot_sitl/config//default_params/copter-heli-gas.parm
[4.961s] -- Installing: /home/sachin/ardu_ws/install/ardupilot_sitl/share/ardupilot_sitl/config//default_params/quadplane-can.parm
[4.961s] -- Installing: /home/sachin/ardu_ws/install/ardupilot_sitl/share/ardupilot_sitl/config//default_params/rover-vectored.parm
[4.961s] -- Installing: /home/sachin/ardu_ws/install/ardupilot_sitl/share/ardupilot_sitl/config//default_params/msposd.parm
[4.961s] -- Installing: /home/sachin/ardu_ws/install/ardupilot_sitl/share/ardupilot_sitl/config//default_params/sub-6dof.parm
[4.961s] -- Installing: /home/sachin/ardu_ws/install/ardupilot_sitl/share/ardupilot_sitl/config//default_params/gazebo-iris.parm
[4.961s] -- Installing: /home/sachin/ardu_ws/install/ardupilot_sitl/share/ardupilot_sitl/config//default_params/airsim-rover.parm
[4.961s] -- Installing: /home/sachin/ardu_ws/install/ardupilot_sitl/share/ardupilot_sitl/config//default_params/copter-ppp-periph.parm
[4.961s] -- Installing: /home/sachin/ardu_ws/install/ardupilot_sitl/share/ardupilot_sitl/config//default_params/copter-X.parm
[4.961s] -- Installing: /home/sachin/ardu_ws/install/ardupilot_sitl/share/ardupilot_sitl/config//default_params/periph-compass.parm
[4.961s] -- Installing: /home/sachin/ardu_ws/install/ardupilot_sitl/share/ardupilot_sitl/config//default_params/quadplane-ppp-periph.parm
[4.961s] -- Installing: /home/sachin/ardu_ws/install/ardupilot_sitl/share/ardupilot_sitl/config//default_params/copter-octa-dji.parm
[4.961s] -- Installing: /home/sachin/ardu_ws/install/ardupilot_sitl/share/ardupilot_sitl/config//default_params/plane-soaring.parm
[4.961s] -- Installing: /home/sachin/ardu_ws/install/ardupilot_sitl/share/ardupilot_sitl/config//default_params/rover-skid.parm
[4.961s] -- Installing: /home/sachin/ardu_ws/install/ardupilot_sitl/share/ardupilot_sitl/config//default_params/copter-hexa.parm
[4.961s] -- Installing: /home/sachin/ardu_ws/install/ardupilot_sitl/share/ardupilot_sitl/config//default_params/copter-beacon.parm
[4.961s] -- Installing: /home/sachin/ardu_ws/install/ardupilot_sitl/share/ardupilot_sitl/config//default_params/plane-vtail.parm
[4.961s] -- Installing: /home/sachin/ardu_ws/install/ardupilot_sitl/share/ardupilot_sitl/config//default_params/plane-tailsitter.parm
[4.961s] -- Installing: /home/sachin/ardu_ws/install/ardupilot_sitl/share/ardupilot_sitl/config//default_params/quadplane-tri.parm
[4.962s] -- Installing: /home/sachin/ardu_ws/install/ardupilot_sitl/share/ardupilot_sitl/config//default_params/copter-heli-ddfptail.parm
[4.962s] -- Installing: /home/sachin/ardu_ws/install/ardupilot_sitl/share/ardupilot_sitl/config//default_params/quadplane-periph.parm
[4.962s] -- Installing: /home/sachin/ardu_ws/install/ardupilot_sitl/share/ardupilot_sitl/config//default_params/blimp.parm
[4.962s] -- Installing: /home/sachin/ardu_ws/install/ardupilot_sitl/share/ardupilot_sitl/config//default_params/blimp-motor.parm
[4.962s] -- Installing: /home/sachin/ardu_ws/install/ardupilot_sitl/share/ardupilot_sitl/config//default_params/copter-deca.parm
[4.962s] -- Installing: /home/sachin/ardu_ws/install/ardupilot_sitl/share/ardupilot_sitl/config//default_params/quadplane-cl84.parm
[4.962s] -- Installing: /home/sachin/ardu_ws/install/ardupilot_sitl/share/ardupilot_sitl/config//default_params/copter-gps-for-yaw-nmea.parm
[4.962s] -- Installing: /home/sachin/ardu_ws/install/ardupilot_sitl/share/ardupilot_sitl/config//default_params/gazebo-zephyr.parm
[4.962s] -- Installing: /home/sachin/ardu_ws/install/ardupilot_sitl/share/ardupilot_sitl/config//default_params/copter-vicon.parm
[4.962s] -- Installing: /home/sachin/ardu_ws/install/ardupilot_sitl/share/ardupilot_sitl/config//default_params/sub.parm
[4.962s] -- Installing: /home/sachin/ardu_ws/install/ardupilot_sitl/share/ardupilot_sitl/config//default_params/quadplane-tilttri.parm
[4.962s] -- Installing: /home/sachin/ardu_ws/install/ardupilot_sitl/share/ardupilot_sitl/config//default_params/copter-ppp.parm
[4.962s] -- Installing: /home/sachin/ardu_ws/install/ardupilot_sitl/share/ardupilot_sitl/config//default_params/copter-winch.parm
[4.962s] -- Installing: /home/sachin/ardu_ws/install/ardupilot_sitl/share/ardupilot_sitl/config//default_params/copter-tri.parm
[4.962s] -- Installing: /home/sachin/ardu_ws/install/ardupilot_sitl/share/ardupilot_sitl/config//default_params/copter-wind-estimates.parm
[4.962s] -- Installing: /home/sachin/ardu_ws/install/ardupilot_sitl/share/ardupilot_sitl/config//default_params/copter-gimbal.parm
[4.962s] -- Installing: /home/sachin/ardu_ws/install/ardupilot_sitl/share/ardupilot_sitl/config//default_params/tracker-gps-for-yaw.parm
[4.962s] -- Installing: /home/sachin/ardu_ws/install/ardupilot_sitl/share/ardupilot_sitl/config//default_params/copter-heli-ddvptail.parm
[4.962s] -- Installing: /home/sachin/ardu_ws/install/ardupilot_sitl/share/ardupilot_sitl/config//default_params/copter-octa.parm
[4.962s] -- Installing: /home/sachin/ardu_ws/install/ardupilot_sitl/share/ardupilot_sitl/config//default_params/stratoblimp.parm
[4.962s] -- Installing: /home/sachin/ardu_ws/install/ardupilot_sitl/share/ardupilot_sitl/config//default_params/rover-omni3mecanum.parm
[4.962s] -- Installing: /home/sachin/ardu_ws/install/ardupilot_sitl/share/ardupilot_sitl/config//default_params/copter-single.parm
[4.962s] -- Installing: /home/sachin/ardu_ws/install/ardupilot_sitl/share/ardupilot_sitl/config//default_params/copter-rangefinder.parm
[4.962s] -- Installing: /home/sachin/ardu_ws/install/ardupilot_sitl/share/ardupilot_sitl/config//default_params/plane-jet.parm
[4.962s] -- Installing: /home/sachin/ardu_ws/install/ardupilot_sitl/share/ardupilot_sitl/config//default_params/periph-ppp.parm
[4.963s] -- Installing: /home/sachin/ardu_ws/install/ardupilot_sitl/share/ardupilot_sitl/config//default_params/copter-dotriaconta_octaquad_x.parm
[4.963s] -- Installing: /home/sachin/ardu_ws/install/ardupilot_sitl/share/ardupilot_sitl/config//default_params/periph.parm
[4.963s] -- Installing: /home/sachin/ardu_ws/install/ardupilot_sitl/share/ardupilot_sitl/config//default_params/quad-periph.parm
[4.963s] -- Installing: /home/sachin/ardu_ws/install/ardupilot_sitl/share/ardupilot_sitl/config//default_params/copter-deca-cwx.parm
[4.963s] -- Installing: /home/sachin/ardu_ws/install/ardupilot_sitl/share/ardupilot_sitl/config//default_params/copter-djix.parm
[4.963s] -- Installing: /home/sachin/ardu_ws/install/ardupilot_sitl/share/ardupilot_sitl/config//default_params/copter-cwx.parm
[4.963s] -- Installing: /home/sachin/ardu_ws/install/ardupilot_sitl/share/ardupilot_sitl/config//default_params/copter-octaquad-cwx.parm
[4.963s] -- Installing: /home/sachin/ardu_ws/install/ardupilot_sitl/share/ardupilot_sitl/config//default_params/copter-octaquad-cw-cor.parm
[4.963s] -- Installing: /home/sachin/ardu_ws/install/ardupilot_sitl/share/ardupilot_sitl/config//default_params/firefly.parm
[4.963s] -- Installing: /home/sachin/ardu_ws/install/ardupilot_sitl/share/ardupilot_sitl/config//default_params/quadplane-ppp.parm
[4.963s] -- Installing: /home/sachin/ardu_ws/install/ardupilot_sitl/share/ardupilot_sitl/config//default_params/motorboat.parm
[4.963s] -- Installing: /home/sachin/ardu_ws/install/ardupilot_sitl/share/ardupilot_sitl/config//default_params/copter-bfx.parm
[4.963s] -- Installing: /home/sachin/ardu_ws/install/ardupilot_sitl/share/ardupilot_sitl/config//default_params/copter-coax.parm
[4.963s] -- Installing: /home/sachin/ardu_ws/install/ardupilot_sitl/share/ardupilot_sitl/config//default_params/copter-gps-for-yaw.parm
[4.963s] -- Installing: /home/sachin/ardu_ws/install/ardupilot_sitl/share/ardupilot_sitl/config//default_params/copter-hexa-dji.parm
[4.963s] -- Installing: /home/sachin/ardu_ws/install/ardupilot_sitl/share/ardupilot_sitl/config//default_params/sub-gps-for-yaw-nmea.parm
[4.963s] -- Installing: /home/sachin/ardu_ws/install/ardupilot_sitl/share/ardupilot_sitl/config//default_params/sailboat.parm
[4.963s] -- Installing: /home/sachin/ardu_ws/install/ardupilot_sitl/share/ardupilot_sitl/config//default_params/copter-y6.parm
[4.963s] -- Installing: /home/sachin/ardu_ws/install/ardupilot_sitl/share/ardupilot_sitl/config//default_params/plane-dspoilers.parm
[4.963s] -- Installing: /home/sachin/ardu_ws/install/ardupilot_sitl/share/ardupilot_sitl/config//default_params/glider.parm
[4.963s] -- Installing: /home/sachin/ardu_ws/install/ardupilot_sitl/share/ardupilot_sitl/config//default_params/copter-hexadeca_octa_cwx.parm
[4.963s] -- Installing: /home/sachin/ardu_ws/install/ardupilot_sitl/share/ardupilot_sitl/config//default_params/copter.parm
[4.963s] -- Installing: /home/sachin/ardu_ws/install/ardupilot_sitl/share/ardupilot_sitl/config//default_params/quadplane-tilthvec.parm
[4.963s] -- Installing: /home/sachin/ardu_ws/install/ardupilot_sitl/share/ardupilot_sitl/config//default_params/quad-can.parm
[4.963s] -- Installing: /home/sachin/ardu_ws/install/ardupilot_sitl/share/ardupilot_sitl/config//default_params/plane-ice.parm
[4.963s] -- Installing: /home/sachin/ardu_ws/install/ardupilot_sitl/share/ardupilot_sitl/config//default_params/airsim-quadX.parm
[4.964s] -- Installing: /home/sachin/ardu_ws/install/ardupilot_sitl/share/ardupilot_sitl/config//default_params/copter-heli-dual.parm
[4.964s] -- Installing: /home/sachin/ardu_ws/install/ardupilot_sitl/share/ardupilot_sitl/config//default_params/balancebot.parm
[4.964s] -- Installing: /home/sachin/ardu_ws/install/ardupilot_sitl/share/ardupilot_sitl/config//default_params/copter-optflow.parm
[4.964s] -- Installing: /home/sachin/ardu_ws/install/ardupilot_sitl/share/ardupilot_sitl/config//default_params/rover.parm
[4.964s] -- Installing: /home/sachin/ardu_ws/install/ardupilot_sitl/share/ardupilot_sitl/config//default_params/plane-elevons.parm
[4.964s] -- Installing: /home/sachin/ardu_ws/install/ardupilot_sitl/share/ardupilot_sitl/config//default_params/copter-hexa-cwx.parm
[4.964s] -- Installing: /home/sachin/ardu_ws/install/ardupilot_sitl/share/ardupilot_sitl/config//default_params/copter-heli.parm
[4.964s] -- Installing: /home/sachin/ardu_ws/install/ardupilot_sitl/share/ardupilot_sitl/config//default_params/copter-octa-cwx.parm
[4.964s] -- Installing: /home/sachin/ardu_ws/install/ardupilot_sitl/share/ardupilot_sitl/config//default_params/copter-heliquad.parm
[4.964s] -- Installing: /home/sachin/ardu_ws/install/ardupilot_sitl/share/ardupilot_sitl/config//default_params/sailboat-motor.parm
[4.964s] -- Installing: /home/sachin/ardu_ws/install/ardupilot_sitl/share/ardupilot_sitl/config//models
[4.964s] -- Installing: /home/sachin/ardu_ws/install/ardupilot_sitl/share/ardupilot_sitl/config//models/plane-3d.parm
[4.964s] -- Installing: /home/sachin/ardu_ws/install/ardupilot_sitl/share/ardupilot_sitl/config//models/plane-reverse-servo-pitch-yaw.parm
[4.964s] -- Installing: /home/sachin/ardu_ws/install/ardupilot_sitl/share/ardupilot_sitl/config//models/plane-reverse-rc-pitch-yaw.parm
[4.964s] -- Installing: /home/sachin/ardu_ws/install/ardupilot_sitl/share/ardupilot_sitl/config//models/freestyle.parm
[4.964s] -- Installing: /home/sachin/ardu_ws/install/ardupilot_sitl/share/ardupilot_sitl/config//models/xplane_plane.json
[4.964s] -- Installing: /home/sachin/ardu_ws/install/ardupilot_sitl/share/ardupilot_sitl/config//models/Callisto.parm
[4.964s] -- Installing: /home/sachin/ardu_ws/install/ardupilot_sitl/share/ardupilot_sitl/config//models/skywalker_2013.json
[4.964s] -- Installing: /home/sachin/ardu_ws/install/ardupilot_sitl/share/ardupilot_sitl/config//models/Callisto.json
[4.964s] -- Installing: /home/sachin/ardu_ws/install/ardupilot_sitl/share/ardupilot_sitl/config//models/freestyle.json
[4.964s] -- Installing: /home/sachin/ardu_ws/install/ardupilot_sitl/share/ardupilot_sitl/config//models/xplane_heli.json
[4.964s] -- Installing: /home/sachin/ardu_ws/install/ardupilot_sitl/share/ardupilot_sitl/config//models/heliquad.json
[4.964s] -- Installing: /home/sachin/ardu_ws/install/ardupilot_sitl/share/ardupilot_sitl/config//models/plane.parm
[4.964s] -- Installing: /home/sachin/ardu_ws/install/ardupilot_sitl/share/ardupilot_sitl/environment/pythonpath.sh
[4.964s] -- Installing: /home/sachin/ardu_ws/install/ardupilot_sitl/share/ardupilot_sitl/environment/pythonpath.dsv
[4.965s] -- Installing: /home/sachin/ardu_ws/install/ardupilot_sitl/lib/python3.12/site-packages/ardupilot_sitl-0.0.0-py3.12.egg-info
[4.965s] -- Installing: /home/sachin/ardu_ws/install/ardupilot_sitl/lib/python3.12/site-packages/ardupilot_sitl-0.0.0-py3.12.egg-info/PKG-INFO
[4.965s] -- Installing: /home/sachin/ardu_ws/install/ardupilot_sitl/lib/python3.12/site-packages/ardupilot_sitl-0.0.0-py3.12.egg-info/dependency_links.txt
[4.965s] -- Installing: /home/sachin/ardu_ws/install/ardupilot_sitl/lib/python3.12/site-packages/ardupilot_sitl-0.0.0-py3.12.egg-info/SOURCES.txt
[4.965s] -- Installing: /home/sachin/ardu_ws/install/ardupilot_sitl/lib/python3.12/site-packages/ardupilot_sitl-0.0.0-py3.12.egg-info/top_level.txt
[4.965s] -- Installing: /home/sachin/ardu_ws/install/ardupilot_sitl/lib/python3.12/site-packages/ardupilot_sitl
[4.965s] -- Installing: /home/sachin/ardu_ws/install/ardupilot_sitl/lib/python3.12/site-packages/ardupilot_sitl/actions.py
[4.965s] -- Installing: /home/sachin/ardu_ws/install/ardupilot_sitl/lib/python3.12/site-packages/ardupilot_sitl/__init__.py
[4.965s] -- Installing: /home/sachin/ardu_ws/install/ardupilot_sitl/lib/python3.12/site-packages/ardupilot_sitl/launch.py
[4.965s] -- Installing: /home/sachin/ardu_ws/install/ardupilot_sitl/lib/python3.12/site-packages/ardupilot_sitl/utilities.py
[4.992s] Listing '/home/sachin/ardu_ws/install/ardupilot_sitl/lib/python3.12/site-packages/ardupilot_sitl'...
[4.992s] Compiling '/home/sachin/ardu_ws/install/ardupilot_sitl/lib/python3.12/site-packages/ardupilot_sitl/__init__.py'...
[4.992s] Compiling '/home/sachin/ardu_ws/install/ardupilot_sitl/lib/python3.12/site-packages/ardupilot_sitl/actions.py'...
[4.992s] Compiling '/home/sachin/ardu_ws/install/ardupilot_sitl/lib/python3.12/site-packages/ardupilot_sitl/launch.py'...
[4.992s] Compiling '/home/sachin/ardu_ws/install/ardupilot_sitl/lib/python3.12/site-packages/ardupilot_sitl/utilities.py'...
[4.995s] -- Installing: /home/sachin/ardu_ws/install/ardupilot_sitl/share/ament_index/resource_index/package_run_dependencies/ardupilot_sitl
[4.995s] -- Installing: /home/sachin/ardu_ws/install/ardupilot_sitl/share/ament_index/resource_index/parent_prefix_path/ardupilot_sitl
[4.995s] -- Installing: /home/sachin/ardu_ws/install/ardupilot_sitl/share/ardupilot_sitl/environment/ament_prefix_path.sh
[4.995s] -- Installing: /home/sachin/ardu_ws/install/ardupilot_sitl/share/ardupilot_sitl/environment/ament_prefix_path.dsv
[4.995s] -- Installing: /home/sachin/ardu_ws/install/ardupilot_sitl/share/ardupilot_sitl/environment/path.sh
[4.996s] -- Installing: /home/sachin/ardu_ws/install/ardupilot_sitl/share/ardupilot_sitl/environment/path.dsv
[4.996s] -- Installing: /home/sachin/ardu_ws/install/ardupilot_sitl/share/ardupilot_sitl/local_setup.bash
[4.996s] -- Installing: /home/sachin/ardu_ws/install/ardupilot_sitl/share/ardupilot_sitl/local_setup.sh
[4.996s] -- Installing: /home/sachin/ardu_ws/install/ardupilot_sitl/share/ardupilot_sitl/local_setup.zsh
[4.996s] -- Installing: /home/sachin/ardu_ws/install/ardupilot_sitl/share/ardupilot_sitl/local_setup.dsv
[4.996s] -- Installing: /home/sachin/ardu_ws/install/ardupilot_sitl/share/ardupilot_sitl/package.dsv
[4.996s] -- Installing: /home/sachin/ardu_ws/install/ardupilot_sitl/share/ament_index/resource_index/packages/ardupilot_sitl
[4.996s] -- Installing: /home/sachin/ardu_ws/install/ardupilot_sitl/share/ardupilot_sitl/cmake/ardupilot_sitlConfig.cmake
[4.996s] -- Installing: /home/sachin/ardu_ws/install/ardupilot_sitl/share/ardupilot_sitl/cmake/ardupilot_sitlConfig-version.cmake
[4.996s] -- Installing: /home/sachin/ardu_ws/install/ardupilot_sitl/share/ardupilot_sitl/package.xml
[4.998s] Invoked command in '/home/sachin/ardu_ws/build/ardupilot_sitl' returned '0': CMAKE_PREFIX_PATH=/home/sachin/ardu_ws/install/micro_ros_agent:/home/sachin/ardu_ws/install/ardupilot_msgs:/home/sachin/ardu_ws/install/ardupilot_gz_bringup:/home/sachin/ardu_ws/install/sdformat_urdf:/home/sachin/ardu_ws/install/sdformat_test_files:/home/sachin/ardu_ws/install/ardupilot_sitl:/home/sachin/ardu_ws/install/ardupilot_sitl_models:/home/sachin/ardu_ws/install/ardupilot_gz_gazebo:/home/sachin/ardu_ws/install/ardupilot_gz_description:/home/sachin/ardu_ws/install/ardupilot_gz_application:/home/sachin/ardu_ws/install/ardupilot_gazebo:/opt/ros/jazzy/opt/gz_sim_vendor:/opt/ros/jazzy/opt/gz_sensors_vendor:/opt/ros/jazzy/opt/gz_physics_vendor:/opt/ros/jazzy/opt/sdformat_vendor:/opt/ros/jazzy/opt/gz_gui_vendor:/opt/ros/jazzy/opt/gz_transport_vendor:/opt/ros/jazzy/opt/gz_rendering_vendor:/opt/ros/jazzy/opt/gz_plugin_vendor:/opt/ros/jazzy/opt/gz_fuel_tools_vendor:/opt/ros/jazzy/opt/gz_msgs_vendor:/opt/ros/jazzy/opt/gz_common_vendor:/opt/ros/jazzy/opt/gz_math_vendor:/opt/ros/jazzy/opt/gz_utils_vendor:/opt/ros/jazzy/opt/gz_tools_vendor:/opt/ros/jazzy/opt/gz_ogre_next_vendor:/opt/ros/jazzy/opt/gz_dartsim_vendor:/opt/ros/jazzy/opt/gz_cmake_vendor:/home/sachin/ardu_ws/install/ardupilot_dds_tests:/opt/ros/jazzy DEBUGINFOD_URLS=https://debuginfod.ubuntu.com LD_LIBRARY_PATH=/home/sachin/ardu_ws/install/micro_ros_agent/lib:/home/sachin/ardu_ws/install/ardupilot_msgs/lib:/home/sachin/ardu_ws/install/sdformat_urdf/lib:/opt/ros/jazzy/opt/gz_sim_vendor/lib:/opt/ros/jazzy/opt/gz_sensors_vendor/lib:/opt/ros/jazzy/opt/gz_physics_vendor/lib:/opt/ros/jazzy/opt/sdformat_vendor/lib:/opt/ros/jazzy/opt/rviz_ogre_vendor/lib:/opt/ros/jazzy/lib/x86_64-linux-gnu:/opt/ros/jazzy/opt/gz_gui_vendor/lib:/opt/ros/jazzy/opt/gz_transport_vendor/lib:/opt/ros/jazzy/opt/gz_rendering_vendor/lib:/opt/ros/jazzy/opt/gz_plugin_vendor/lib:/opt/ros/jazzy/opt/gz_fuel_tools_vendor/lib:/opt/ros/jazzy/opt/gz_msgs_vendor/lib:/opt/ros/jazzy/opt/gz_common_vendor/lib:/opt/ros/jazzy/opt/gz_math_vendor/lib:/opt/ros/jazzy/opt/gz_utils_vendor/lib:/opt/ros/jazzy/opt/gz_tools_vendor/lib:/opt/ros/jazzy/opt/gz_ogre_next_vendor/lib:/opt/ros/jazzy/opt/gz_dartsim_vendor/lib:/opt/ros/jazzy/opt/gz_cmake_vendor/lib:/opt/ros/jazzy/lib PS1=(.ros2_venv) \[\e]0;\u@\h: \w\a\]${debian_chroot:+($debian_chroot)}\[\033[01;32m\]\u@\h\[\033[00m\]:\[\033[01;34m\]\w\[\033[00m\]\$ PYTHONPATH=/home/sachin/ardu_ws/install/ardupilot_msgs/lib/python3.12/site-packages:/home/sachin/ardu_ws/install/ardupilot_dds_tests/lib/python3.12/site-packages:/home/sachin/ardu_ws/install/ardupilot_sitl/lib/python3.12/site-packages:/opt/ros/jazzy/opt/gz_sim_vendor/lib/python:/opt/ros/jazzy/lib/python3.12/site-packages VIRTUAL_ENV_PROMPT=(.ros2_venv) /usr/bin/cmake --install /home/sachin/ardu_ws/build/ardupilot_sitl
