[0.022s] Invoking command in '/home/sachin/ardu_ws/build/ardupilot_gz_application': CMAKE_PREFIX_PATH=${CMAKE_PREFIX_PATH}:/home/sachin/ardu_ws/install/ardupilot_dds_tests:/opt/ros/jazzy DEBUGINFOD_URLS=https://debuginfod.ubuntu.com PS1=(.ros2_venv) \[\e]0;\u@\h: \w\a\]${debian_chroot:+($debian_chroot)}\[\033[01;32m\]\u@\h\[\033[00m\]:\[\033[01;34m\]\w\[\033[00m\]\$ VIRTUAL_ENV_PROMPT=(.ros2_venv) /usr/bin/cmake --build /home/sachin/ardu_ws/build/ardupilot_gz_application -- -j12 -l12
[0.109s] Invoked command in '/home/sachin/ardu_ws/build/ardupilot_gz_application' returned '0': CMAKE_PREFIX_PATH=${CMAKE_PREFIX_PATH}:/home/sachin/ardu_ws/install/ardupilot_dds_tests:/opt/ros/jazzy DEBUGINFOD_URLS=https://debuginfod.ubuntu.com PS1=(.ros2_venv) \[\e]0;\u@\h: \w\a\]${debian_chroot:+($debian_chroot)}\[\033[01;32m\]\u@\h\[\033[00m\]:\[\033[01;34m\]\w\[\033[00m\]\$ VIRTUAL_ENV_PROMPT=(.ros2_venv) /usr/bin/cmake --build /home/sachin/ardu_ws/build/ardupilot_gz_application -- -j12 -l12
[0.111s] Invoking command in '/home/sachin/ardu_ws/build/ardupilot_gz_application': CMAKE_PREFIX_PATH=${CMAKE_PREFIX_PATH}:/home/sachin/ardu_ws/install/ardupilot_dds_tests:/opt/ros/jazzy DEBUGINFOD_URLS=https://debuginfod.ubuntu.com PS1=(.ros2_venv) \[\e]0;\u@\h: \w\a\]${debian_chroot:+($debian_chroot)}\[\033[01;32m\]\u@\h\[\033[00m\]:\[\033[01;34m\]\w\[\033[00m\]\$ VIRTUAL_ENV_PROMPT=(.ros2_venv) /usr/bin/cmake --install /home/sachin/ardu_ws/build/ardupilot_gz_application
[0.118s] -- Install configuration: ""
[0.118s] -- Up-to-date: /home/sachin/ardu_ws/install/ardupilot_gz_application/share/ament_index/resource_index/package_run_dependencies/ardupilot_gz_application
[0.118s] -- Up-to-date: /home/sachin/ardu_ws/install/ardupilot_gz_application/share/ament_index/resource_index/parent_prefix_path/ardupilot_gz_application
[0.118s] -- Up-to-date: /home/sachin/ardu_ws/install/ardupilot_gz_application/share/ardupilot_gz_application/environment/ament_prefix_path.sh
[0.118s] -- Up-to-date: /home/sachin/ardu_ws/install/ardupilot_gz_application/share/ardupilot_gz_application/environment/ament_prefix_path.dsv
[0.118s] -- Up-to-date: /home/sachin/ardu_ws/install/ardupilot_gz_application/share/ardupilot_gz_application/environment/path.sh
[0.119s] -- Up-to-date: /home/sachin/ardu_ws/install/ardupilot_gz_application/share/ardupilot_gz_application/environment/path.dsv
[0.119s] -- Up-to-date: /home/sachin/ardu_ws/install/ardupilot_gz_application/share/ardupilot_gz_application/local_setup.bash
[0.119s] -- Up-to-date: /home/sachin/ardu_ws/install/ardupilot_gz_application/share/ardupilot_gz_application/local_setup.sh
[0.119s] -- Up-to-date: /home/sachin/ardu_ws/install/ardupilot_gz_application/share/ardupilot_gz_application/local_setup.zsh
[0.119s] -- Up-to-date: /home/sachin/ardu_ws/install/ardupilot_gz_application/share/ardupilot_gz_application/local_setup.dsv
[0.119s] -- Installing: /home/sachin/ardu_ws/install/ardupilot_gz_application/share/ardupilot_gz_application/package.dsv
[0.119s] -- Up-to-date: /home/sachin/ardu_ws/install/ardupilot_gz_application/share/ament_index/resource_index/packages/ardupilot_gz_application
[0.120s] -- Up-to-date: /home/sachin/ardu_ws/install/ardupilot_gz_application/share/ardupilot_gz_application/cmake/ardupilot_gz_applicationConfig.cmake
[0.120s] -- Up-to-date: /home/sachin/ardu_ws/install/ardupilot_gz_application/share/ardupilot_gz_application/cmake/ardupilot_gz_applicationConfig-version.cmake
[0.120s] -- Up-to-date: /home/sachin/ardu_ws/install/ardupilot_gz_application/share/ardupilot_gz_application/package.xml
[0.124s] Invoked command in '/home/sachin/ardu_ws/build/ardupilot_gz_application' returned '0': CMAKE_PREFIX_PATH=${CMAKE_PREFIX_PATH}:/home/sachin/ardu_ws/install/ardupilot_dds_tests:/opt/ros/jazzy DEBUGINFOD_URLS=https://debuginfod.ubuntu.com PS1=(.ros2_venv) \[\e]0;\u@\h: \w\a\]${debian_chroot:+($debian_chroot)}\[\033[01;32m\]\u@\h\[\033[00m\]:\[\033[01;34m\]\w\[\033[00m\]\$ VIRTUAL_ENV_PROMPT=(.ros2_venv) /usr/bin/cmake --install /home/sachin/ardu_ws/build/ardupilot_gz_application
