Built target ament_cmake_python_copy_ardupilot_sitl
[32m[0mSetting top to                           :[0m [0m[32m[32m/home/sachin/ardu_ws/src/ardupilot[0m [0m
[32m[0mSetting out to                           :[0m [0m[32m[32m/home/sachin/ardu_ws/src/ardupilot/build[0m [0m
[32m[0mAutoconfiguration                        :[0m [0m[32m[32menabled[0m [0m
[32m[0mChecking for program 'python'            :[0m [0m[32m[32m/home/sachin/.ros2_venv/bin/python3[0m [0m
running egg_info
writing ardupilot_sitl.egg-info/PKG-INFO
writing dependency_links to ardupilot_sitl.egg-info/dependency_links.txt
writing top-level names to ardupilot_sitl.egg-info/top_level.txt
reading manifest file 'ardupilot_sitl.egg-info/SOURCES.txt'
writing manifest file 'ardupilot_sitl.egg-info/SOURCES.txt'
Built target ament_cmake_python_build_ardupilot_sitl_egg
[32m[0mChecking for python version >= 3.9.0     :[0m [0m[32m[32m3.12.3[0m [0m
[32m[0mSetting board to                         :[0m [0m[32m[32msitl[0m [0m
Processing /home/sachin/ardu_ws/src/ardupilot/libraries/AP_HAL_SITL/hwdef/sitl/hwdef.dat
Writing hwdef setup in /home/sachin/ardu_ws/src/ardupilot/build/sitl/hwdef.h
[32m[0mUsing toolchain                          :[0m [0m[32m[32mnative[0m [0m
[32m[0mChecking for 'g++' (C++ compiler)        :[0m [0m[32m[32m/usr/lib/ccache/g++[0m [0m
[32m[0mChecking for 'gcc' (C compiler)          :[0m [0m[32m[32m/usr/lib/ccache/gcc[0m [0m
[32m[0mChecking for c flags '-MMD'              :[0m [0m[32m[32myes[0m [0m
[32m[0mChecking for cxx flags '-MMD'            :[0m [0m[32m[32myes[0m [0m
[32m[0mCXX Compiler                             :[0m [0m[32m[32mg++ 13.3.0[0m [0m
[32m[0mChecking for need to link with librt     :[0m [0m[32m[32mnot necessary[0m [0m
[32m[0mChecking for feenableexcept              :[0m [0m[32m[32myes[0m [0m
[32m[0mEnabling -Werror                         :[0m [0m[32m[32mno[0m [0m
[32m[0mEnabled OpenDroneID                      :[0m [0m[32m[33mno[0m [0m
[32m[0mEnabled firmware ID checking             :[0m [0m[32m[33mno[0m [0m
[32m[0mGPS Debug Logging                        :[0m [0m[32m[33mno[0m [0m
[32m[0mEnabled DDS                              :[0m [0m[32m[32myes[0m [0m
[32m[0mChecking for HAVE_CMATH_ISFINITE         :[0m [0m[32m[32myes[0m [0m
[32m[0mChecking for HAVE_CMATH_ISINF            :[0m [0m[32m[32myes[0m [0m
[32m[0mChecking for HAVE_CMATH_ISNAN            :[0m [0m[32m[32myes[0m [0m
[32m[0mChecking for NEED_CMATH_ISFINITE_STD_NAMESPACE :[0m [0m[32m[32myes[0m [0m
[32m[0mChecking for NEED_CMATH_ISINF_STD_NAMESPACE    :[0m [0m[32m[32myes[0m [0m
[32m[0mChecking for NEED_CMATH_ISNAN_STD_NAMESPACE    :[0m [0m[32m[32myes[0m [0m
[32m[0mChecking for header endian.h                   :[0m [0m[32m[32myes[0m [0m
[32m[0mChecking for header byteswap.h                 :[0m [0m[32m[32myes[0m [0m
[32m[0mChecking for HAVE_MEMRCHR                      :[0m [0m[32m[32myes[0m [0m
[32m[0mConfigured VSCode Intellisense:                :[0m [0m[32m[33mno[0m [0m
[32m[0mDC_DSDL compiler in                            :[0m [0m[32m[32m/home/sachin/ardu_ws/src/ardupilot/modules/DroneCAN/dronecan_dsdlc[0m [0m
[32m[0mSource is git repository                       :[0m [0m[32m[32myes[0m [0m
[32m[0mUpdate submodules                              :[0m [0m[32m[32myes[0m [0m
[32m[0mChecking for program 'git'                     :[0m [0m[32m[32m/usr/bin/git[0m [0m
[32m[0mLittlefs                                       :[0m [0m[32m[33mdisabled[0m [0m
[32m[0mChecking for program 'size'                    :[0m [0m[32m[32m/usr/bin/size[0m [0m
[32m[0mBenchmarks                                     :[0m [0m[32m[33mdisabled[0m [0m
[32m[0mUnit tests                                     :[0m [0m[32m[32menabled[0m [0m
[32m[0mScripting                                      :[0m [0m[32m[32mmaybe[0m [0m
[32m[0mChecking for program 'microxrceddsgen'         :[0m [0m[32m[33mnot found[0m [0m
