[0.010s] Invoking command in '/home/sachin/ardu_ws/build/ardupilot_sitl': CMAKE_PREFIX_PATH=/home/sachin/ardu_ws/install/micro_ros_agent:/home/sachin/ardu_ws/install/ardupilot_msgs:/home/sachin/ardu_ws/install/ardupilot_gz_bringup:/home/sachin/ardu_ws/install/sdformat_urdf:/home/sachin/ardu_ws/install/sdformat_test_files:/home/sachin/ardu_ws/install/ardupilot_sitl:/home/sachin/ardu_ws/install/ardupilot_sitl_models:/home/sachin/ardu_ws/install/ardupilot_gz_gazebo:/home/sachin/ardu_ws/install/ardupilot_gz_description:/home/sachin/ardu_ws/install/ardupilot_gz_application:/home/sachin/ardu_ws/install/ardupilot_gazebo:/opt/ros/jazzy/opt/gz_sim_vendor:/opt/ros/jazzy/opt/gz_sensors_vendor:/opt/ros/jazzy/opt/gz_physics_vendor:/opt/ros/jazzy/opt/sdformat_vendor:/opt/ros/jazzy/opt/gz_gui_vendor:/opt/ros/jazzy/opt/gz_transport_vendor:/opt/ros/jazzy/opt/gz_rendering_vendor:/opt/ros/jazzy/opt/gz_plugin_vendor:/opt/ros/jazzy/opt/gz_fuel_tools_vendor:/opt/ros/jazzy/opt/gz_msgs_vendor:/opt/ros/jazzy/opt/gz_common_vendor:/opt/ros/jazzy/opt/gz_math_vendor:/opt/ros/jazzy/opt/gz_utils_vendor:/opt/ros/jazzy/opt/gz_tools_vendor:/opt/ros/jazzy/opt/gz_ogre_next_vendor:/opt/ros/jazzy/opt/gz_dartsim_vendor:/opt/ros/jazzy/opt/gz_cmake_vendor:/home/sachin/ardu_ws/install/ardupilot_dds_tests:/opt/ros/jazzy DEBUGINFOD_URLS=https://debuginfod.ubuntu.com LD_LIBRARY_PATH=/home/sachin/ardu_ws/install/micro_ros_agent/lib:/home/sachin/ardu_ws/install/ardupilot_msgs/lib:/home/sachin/ardu_ws/install/sdformat_urdf/lib:/opt/ros/jazzy/opt/gz_sim_vendor/lib:/opt/ros/jazzy/opt/gz_sensors_vendor/lib:/opt/ros/jazzy/opt/gz_physics_vendor/lib:/opt/ros/jazzy/opt/sdformat_vendor/lib:/opt/ros/jazzy/opt/rviz_ogre_vendor/lib:/opt/ros/jazzy/lib/x86_64-linux-gnu:/opt/ros/jazzy/opt/gz_gui_vendor/lib:/opt/ros/jazzy/opt/gz_transport_vendor/lib:/opt/ros/jazzy/opt/gz_rendering_vendor/lib:/opt/ros/jazzy/opt/gz_plugin_vendor/lib:/opt/ros/jazzy/opt/gz_fuel_tools_vendor/lib:/opt/ros/jazzy/opt/gz_msgs_vendor/lib:/opt/ros/jazzy/opt/gz_common_vendor/lib:/opt/ros/jazzy/opt/gz_math_vendor/lib:/opt/ros/jazzy/opt/gz_utils_vendor/lib:/opt/ros/jazzy/opt/gz_tools_vendor/lib:/opt/ros/jazzy/opt/gz_ogre_next_vendor/lib:/opt/ros/jazzy/opt/gz_dartsim_vendor/lib:/opt/ros/jazzy/opt/gz_cmake_vendor/lib:/opt/ros/jazzy/lib PS1=(.ros2_venv) \[\e]0;\u@\h: \w\a\]${debian_chroot:+($debian_chroot)}\[\033[01;32m\]\u@\h\[\033[00m\]:\[\033[01;34m\]\w\[\033[00m\]\$ PYTHONPATH=/home/sachin/ardu_ws/install/ardupilot_msgs/lib/python3.12/site-packages:/home/sachin/ardu_ws/install/ardupilot_dds_tests/lib/python3.12/site-packages:/home/sachin/ardu_ws/install/ardupilot_sitl/lib/python3.12/site-packages:/opt/ros/jazzy/opt/gz_sim_vendor/lib/python:/opt/ros/jazzy/lib/python3.12/site-packages VIRTUAL_ENV_PROMPT=(.ros2_venv) /usr/bin/cmake --build /home/sachin/ardu_ws/build/ardupilot_sitl -- -j12 -l12
[0.057s] Built target ament_cmake_python_copy_ardupilot_sitl
[0.196s] [32m[0mSetting top to                           :[0m [0m[32m[32m/home/sachin/ardu_ws/src/ardupilot[0m [0m
[0.196s] [32m[0mSetting out to                           :[0m [0m[32m[32m/home/sachin/ardu_ws/src/ardupilot/build[0m [0m
[0.206s] [32m[0mAutoconfiguration                        :[0m [0m[32m[32menabled[0m [0m
[0.206s] [32m[0mChecking for program 'python'            :[0m [0m[32m[32m/home/sachin/.ros2_venv/bin/python3[0m [0m
[0.211s] running egg_info
[0.219s] writing ardupilot_sitl.egg-info/PKG-INFO
[0.219s] writing dependency_links to ardupilot_sitl.egg-info/dependency_links.txt
[0.219s] writing top-level names to ardupilot_sitl.egg-info/top_level.txt
[0.243s] reading manifest file 'ardupilot_sitl.egg-info/SOURCES.txt'
[0.243s] writing manifest file 'ardupilot_sitl.egg-info/SOURCES.txt'
[0.267s] Built target ament_cmake_python_build_ardupilot_sitl_egg
[0.416s] [32m[0mChecking for python version >= 3.9.0     :[0m [0m[32m[32m3.12.3[0m [0m
[0.417s] [32m[0mSetting board to                         :[0m [0m[32m[32msitl[0m [0m
[0.417s] Processing /home/sachin/ardu_ws/src/ardupilot/libraries/AP_HAL_SITL/hwdef/sitl/hwdef.dat
[0.418s] Writing hwdef setup in /home/sachin/ardu_ws/src/ardupilot/build/sitl/hwdef.h
[0.418s] [32m[0mUsing toolchain                          :[0m [0m[32m[32mnative[0m [0m
[0.433s] [32m[0mChecking for 'g++' (C++ compiler)        :[0m [0m[32m[32m/usr/lib/ccache/g++[0m [0m
[0.449s] [32m[0mChecking for 'gcc' (C compiler)          :[0m [0m[32m[32m/usr/lib/ccache/gcc[0m [0m
[0.455s] [32m[0mChecking for c flags '-MMD'              :[0m [0m[32m[32myes[0m [0m
[0.460s] [32m[0mChecking for cxx flags '-MMD'            :[0m [0m[32m[32myes[0m [0m
[0.460s] [32m[0mCXX Compiler                             :[0m [0m[32m[32mg++ 13.3.0[0m [0m
[0.490s] [32m[0mChecking for need to link with librt     :[0m [0m[32m[32mnot necessary[0m [0m
[0.519s] [32m[0mChecking for feenableexcept              :[0m [0m[32m[32myes[0m [0m
[0.520s] [32m[0mEnabling -Werror                         :[0m [0m[32m[32mno[0m [0m
[0.520s] [32m[0mEnabled OpenDroneID                      :[0m [0m[32m[33mno[0m [0m
[0.520s] [32m[0mEnabled firmware ID checking             :[0m [0m[32m[33mno[0m [0m
[0.520s] [32m[0mGPS Debug Logging                        :[0m [0m[32m[33mno[0m [0m
[0.520s] [32m[0mEnabled DDS                              :[0m [0m[32m[32myes[0m [0m
[0.550s] [32m[0mChecking for HAVE_CMATH_ISFINITE         :[0m [0m[32m[32myes[0m [0m
[0.578s] [32m[0mChecking for HAVE_CMATH_ISINF            :[0m [0m[32m[32myes[0m [0m
[0.607s] [32m[0mChecking for HAVE_CMATH_ISNAN            :[0m [0m[32m[32myes[0m [0m
[0.638s] [32m[0mChecking for NEED_CMATH_ISFINITE_STD_NAMESPACE :[0m [0m[32m[32myes[0m [0m
[0.667s] [32m[0mChecking for NEED_CMATH_ISINF_STD_NAMESPACE    :[0m [0m[32m[32myes[0m [0m
[0.697s] [32m[0mChecking for NEED_CMATH_ISNAN_STD_NAMESPACE    :[0m [0m[32m[32myes[0m [0m
[0.725s] [32m[0mChecking for header endian.h                   :[0m [0m[32m[32myes[0m [0m
[0.753s] [32m[0mChecking for header byteswap.h                 :[0m [0m[32m[32myes[0m [0m
[0.781s] [32m[0mChecking for HAVE_MEMRCHR                      :[0m [0m[32m[32myes[0m [0m
[0.781s] [32m[0mConfigured VSCode Intellisense:                :[0m [0m[32m[33mno[0m [0m
[0.783s] [32m[0mDC_DSDL compiler in                            :[0m [0m[32m[32m/home/sachin/ardu_ws/src/ardupilot/modules/DroneCAN/dronecan_dsdlc[0m [0m
[0.783s] [32m[0mSource is git repository                       :[0m [0m[32m[32myes[0m [0m
[0.783s] [32m[0mUpdate submodules                              :[0m [0m[32m[32myes[0m [0m
[0.784s] [32m[0mChecking for program 'git'                     :[0m [0m[32m[32m/usr/bin/git[0m [0m
[0.784s] [32m[0mLittlefs                                       :[0m [0m[32m[33mdisabled[0m [0m
[0.785s] [32m[0mChecking for program 'size'                    :[0m [0m[32m[32m/usr/bin/size[0m [0m
[0.785s] [32m[0mBenchmarks                                     :[0m [0m[32m[33mdisabled[0m [0m
[0.785s] [32m[0mUnit tests                                     :[0m [0m[32m[32menabled[0m [0m
[0.785s] [32m[0mScripting                                      :[0m [0m[32m[32mmaybe[0m [0m
[0.791s] [32m[0mChecking for program 'microxrceddsgen'         :[0m [0m[32m[33mnot found[0m [0m
[0.793s] [01;31mCould not find the program ['microxrceddsgen']
[0.793s] (complete log in /home/sachin/ardu_ws/src/ardupilot/build/config.log)[0m
[0.812s] gmake[2]: *** [CMakeFiles/ardupilot_configure.dir/build.make:70: CMakeFiles/ardupilot_configure] Error 1
[0.812s] gmake[1]: *** [CMakeFiles/Makefile2:142: CMakeFiles/ardupilot_configure.dir/all] Error 2
[0.812s] gmake: *** [Makefile:146: all] Error 2
[0.814s] Invoked command in '/home/sachin/ardu_ws/build/ardupilot_sitl' returned '2': CMAKE_PREFIX_PATH=/home/sachin/ardu_ws/install/micro_ros_agent:/home/sachin/ardu_ws/install/ardupilot_msgs:/home/sachin/ardu_ws/install/ardupilot_gz_bringup:/home/sachin/ardu_ws/install/sdformat_urdf:/home/sachin/ardu_ws/install/sdformat_test_files:/home/sachin/ardu_ws/install/ardupilot_sitl:/home/sachin/ardu_ws/install/ardupilot_sitl_models:/home/sachin/ardu_ws/install/ardupilot_gz_gazebo:/home/sachin/ardu_ws/install/ardupilot_gz_description:/home/sachin/ardu_ws/install/ardupilot_gz_application:/home/sachin/ardu_ws/install/ardupilot_gazebo:/opt/ros/jazzy/opt/gz_sim_vendor:/opt/ros/jazzy/opt/gz_sensors_vendor:/opt/ros/jazzy/opt/gz_physics_vendor:/opt/ros/jazzy/opt/sdformat_vendor:/opt/ros/jazzy/opt/gz_gui_vendor:/opt/ros/jazzy/opt/gz_transport_vendor:/opt/ros/jazzy/opt/gz_rendering_vendor:/opt/ros/jazzy/opt/gz_plugin_vendor:/opt/ros/jazzy/opt/gz_fuel_tools_vendor:/opt/ros/jazzy/opt/gz_msgs_vendor:/opt/ros/jazzy/opt/gz_common_vendor:/opt/ros/jazzy/opt/gz_math_vendor:/opt/ros/jazzy/opt/gz_utils_vendor:/opt/ros/jazzy/opt/gz_tools_vendor:/opt/ros/jazzy/opt/gz_ogre_next_vendor:/opt/ros/jazzy/opt/gz_dartsim_vendor:/opt/ros/jazzy/opt/gz_cmake_vendor:/home/sachin/ardu_ws/install/ardupilot_dds_tests:/opt/ros/jazzy DEBUGINFOD_URLS=https://debuginfod.ubuntu.com LD_LIBRARY_PATH=/home/sachin/ardu_ws/install/micro_ros_agent/lib:/home/sachin/ardu_ws/install/ardupilot_msgs/lib:/home/sachin/ardu_ws/install/sdformat_urdf/lib:/opt/ros/jazzy/opt/gz_sim_vendor/lib:/opt/ros/jazzy/opt/gz_sensors_vendor/lib:/opt/ros/jazzy/opt/gz_physics_vendor/lib:/opt/ros/jazzy/opt/sdformat_vendor/lib:/opt/ros/jazzy/opt/rviz_ogre_vendor/lib:/opt/ros/jazzy/lib/x86_64-linux-gnu:/opt/ros/jazzy/opt/gz_gui_vendor/lib:/opt/ros/jazzy/opt/gz_transport_vendor/lib:/opt/ros/jazzy/opt/gz_rendering_vendor/lib:/opt/ros/jazzy/opt/gz_plugin_vendor/lib:/opt/ros/jazzy/opt/gz_fuel_tools_vendor/lib:/opt/ros/jazzy/opt/gz_msgs_vendor/lib:/opt/ros/jazzy/opt/gz_common_vendor/lib:/opt/ros/jazzy/opt/gz_math_vendor/lib:/opt/ros/jazzy/opt/gz_utils_vendor/lib:/opt/ros/jazzy/opt/gz_tools_vendor/lib:/opt/ros/jazzy/opt/gz_ogre_next_vendor/lib:/opt/ros/jazzy/opt/gz_dartsim_vendor/lib:/opt/ros/jazzy/opt/gz_cmake_vendor/lib:/opt/ros/jazzy/lib PS1=(.ros2_venv) \[\e]0;\u@\h: \w\a\]${debian_chroot:+($debian_chroot)}\[\033[01;32m\]\u@\h\[\033[00m\]:\[\033[01;34m\]\w\[\033[00m\]\$ PYTHONPATH=/home/sachin/ardu_ws/install/ardupilot_msgs/lib/python3.12/site-packages:/home/sachin/ardu_ws/install/ardupilot_dds_tests/lib/python3.12/site-packages:/home/sachin/ardu_ws/install/ardupilot_sitl/lib/python3.12/site-packages:/opt/ros/jazzy/opt/gz_sim_vendor/lib/python:/opt/ros/jazzy/lib/python3.12/site-packages VIRTUAL_ENV_PROMPT=(.ros2_venv) /usr/bin/cmake --build /home/sachin/ardu_ws/build/ardupilot_sitl -- -j12 -l12
