[0.009s] Invoking command in '/home/sachin/ardu_ws/build/ardupilot_sitl_models': CMAKE_PREFIX_PATH=/home/sachin/ardu_ws/install/ardupilot_gazebo:/home/sachin/ardu_ws/install/ardupilot_gz_bringup:/home/sachin/ardu_ws/install/sdformat_urdf:/home/sachin/ardu_ws/install/sdformat_test_files:/home/sachin/ardu_ws/install/ardupilot_sitl:/home/sachin/ardu_ws/install/micro_ros_agent:/home/sachin/ardu_ws/install/ardupilot_sitl_models:/home/sachin/ardu_ws/install/ardupilot_msgs:/home/sachin/ardu_ws/install/ardupilot_gz_gazebo:/home/sachin/ardu_ws/install/ardupilot_gz_description:/home/sachin/ardu_ws/install/ardupilot_gz_application:/opt/ros/jazzy/opt/gz_sim_vendor:/opt/ros/jazzy/opt/gz_sensors_vendor:/opt/ros/jazzy/opt/gz_physics_vendor:/opt/ros/jazzy/opt/sdformat_vendor:/opt/ros/jazzy/opt/gz_gui_vendor:/opt/ros/jazzy/opt/gz_transport_vendor:/opt/ros/jazzy/opt/gz_rendering_vendor:/opt/ros/jazzy/opt/gz_plugin_vendor:/opt/ros/jazzy/opt/gz_fuel_tools_vendor:/opt/ros/jazzy/opt/gz_msgs_vendor:/opt/ros/jazzy/opt/gz_common_vendor:/opt/ros/jazzy/opt/gz_math_vendor:/opt/ros/jazzy/opt/gz_utils_vendor:/opt/ros/jazzy/opt/gz_tools_vendor:/opt/ros/jazzy/opt/gz_ogre_next_vendor:/opt/ros/jazzy/opt/gz_dartsim_vendor:/opt/ros/jazzy/opt/gz_cmake_vendor:/home/sachin/ardu_ws/install/ardupilot_dds_tests:/opt/ros/jazzy DEBUGINFOD_URLS=https://debuginfod.ubuntu.com GZ_SIM_PLUGIN_PATH=/home/sachin/ardu_ws/install/ardupilot_gazebo/lib/ardupilot_gazebo GZ_SIM_RESOURCE_PATH=/home/sachin/ardu_ws/install/ardupilot_gazebo/share/ardupilot_gazebo/worlds:/home/sachin/ardu_ws/install/ardupilot_gazebo/share/ardupilot_gazebo/models:${GZ_SIM_RESOURCE_PATH} PS1=(.ros2_venv) \[\e]0;\u@\h: \w\a\]${debian_chroot:+($debian_chroot)}\[\033[01;32m\]\u@\h\[\033[00m\]:\[\033[01;34m\]\w\[\033[00m\]\$ VIRTUAL_ENV_PROMPT=(.ros2_venv) /usr/bin/cmake /home/sachin/ardu_ws/src/ardupilot_sitl_models/Gazebo -DCMAKE_INSTALL_PREFIX=/home/sachin/ardu_ws/install/ardupilot_sitl_models
[0.063s] -- The C compiler identification is GNU 13.3.0
[0.135s] -- The CXX compiler identification is GNU 13.3.0
[0.159s] -- Detecting C compiler ABI info
[0.241s] -- Detecting C compiler ABI info - done
[0.251s] -- Check for working C compiler: /usr/lib/ccache/cc - skipped
[0.251s] -- Detecting C compile features
[0.252s] -- Detecting C compile features - done
[0.263s] -- Detecting CXX compiler ABI info
[0.347s] -- Detecting CXX compiler ABI info - done
[0.353s] -- Check for working CXX compiler: /usr/lib/ccache/c++ - skipped
[0.353s] -- Detecting CXX compile features
[0.353s] -- Detecting CXX compile features - done
[0.356s] -- Found ament_cmake: 2.5.6 (/opt/ros/jazzy/share/ament_cmake/cmake)
[0.473s] -- Found Python3: /home/sachin/.ros2_venv/bin/python3 (found version "3.12.3") found components: Interpreter 
[0.576s] -- Found ament_lint_auto: 0.17.5 (/opt/ros/jazzy/share/ament_lint_auto/cmake)
[0.651s] -- Configuring done (0.6s)
[0.652s] -- Generating done (0.0s)
[0.653s] -- Build files have been written to: /home/sachin/ardu_ws/build/ardupilot_sitl_models
[0.657s] Invoked command in '/home/sachin/ardu_ws/build/ardupilot_sitl_models' returned '0': CMAKE_PREFIX_PATH=/home/sachin/ardu_ws/install/ardupilot_gazebo:/home/sachin/ardu_ws/install/ardupilot_gz_bringup:/home/sachin/ardu_ws/install/sdformat_urdf:/home/sachin/ardu_ws/install/sdformat_test_files:/home/sachin/ardu_ws/install/ardupilot_sitl:/home/sachin/ardu_ws/install/micro_ros_agent:/home/sachin/ardu_ws/install/ardupilot_sitl_models:/home/sachin/ardu_ws/install/ardupilot_msgs:/home/sachin/ardu_ws/install/ardupilot_gz_gazebo:/home/sachin/ardu_ws/install/ardupilot_gz_description:/home/sachin/ardu_ws/install/ardupilot_gz_application:/opt/ros/jazzy/opt/gz_sim_vendor:/opt/ros/jazzy/opt/gz_sensors_vendor:/opt/ros/jazzy/opt/gz_physics_vendor:/opt/ros/jazzy/opt/sdformat_vendor:/opt/ros/jazzy/opt/gz_gui_vendor:/opt/ros/jazzy/opt/gz_transport_vendor:/opt/ros/jazzy/opt/gz_rendering_vendor:/opt/ros/jazzy/opt/gz_plugin_vendor:/opt/ros/jazzy/opt/gz_fuel_tools_vendor:/opt/ros/jazzy/opt/gz_msgs_vendor:/opt/ros/jazzy/opt/gz_common_vendor:/opt/ros/jazzy/opt/gz_math_vendor:/opt/ros/jazzy/opt/gz_utils_vendor:/opt/ros/jazzy/opt/gz_tools_vendor:/opt/ros/jazzy/opt/gz_ogre_next_vendor:/opt/ros/jazzy/opt/gz_dartsim_vendor:/opt/ros/jazzy/opt/gz_cmake_vendor:/home/sachin/ardu_ws/install/ardupilot_dds_tests:/opt/ros/jazzy DEBUGINFOD_URLS=https://debuginfod.ubuntu.com GZ_SIM_PLUGIN_PATH=/home/sachin/ardu_ws/install/ardupilot_gazebo/lib/ardupilot_gazebo GZ_SIM_RESOURCE_PATH=/home/sachin/ardu_ws/install/ardupilot_gazebo/share/ardupilot_gazebo/worlds:/home/sachin/ardu_ws/install/ardupilot_gazebo/share/ardupilot_gazebo/models:${GZ_SIM_RESOURCE_PATH} PS1=(.ros2_venv) \[\e]0;\u@\h: \w\a\]${debian_chroot:+($debian_chroot)}\[\033[01;32m\]\u@\h\[\033[00m\]:\[\033[01;34m\]\w\[\033[00m\]\$ VIRTUAL_ENV_PROMPT=(.ros2_venv) /usr/bin/cmake /home/sachin/ardu_ws/src/ardupilot_sitl_models/Gazebo -DCMAKE_INSTALL_PREFIX=/home/sachin/ardu_ws/install/ardupilot_sitl_models
[0.658s] Invoking command in '/home/sachin/ardu_ws/build/ardupilot_sitl_models': CMAKE_PREFIX_PATH=/home/sachin/ardu_ws/install/ardupilot_gazebo:/home/sachin/ardu_ws/install/ardupilot_gz_bringup:/home/sachin/ardu_ws/install/sdformat_urdf:/home/sachin/ardu_ws/install/sdformat_test_files:/home/sachin/ardu_ws/install/ardupilot_sitl:/home/sachin/ardu_ws/install/micro_ros_agent:/home/sachin/ardu_ws/install/ardupilot_sitl_models:/home/sachin/ardu_ws/install/ardupilot_msgs:/home/sachin/ardu_ws/install/ardupilot_gz_gazebo:/home/sachin/ardu_ws/install/ardupilot_gz_description:/home/sachin/ardu_ws/install/ardupilot_gz_application:/opt/ros/jazzy/opt/gz_sim_vendor:/opt/ros/jazzy/opt/gz_sensors_vendor:/opt/ros/jazzy/opt/gz_physics_vendor:/opt/ros/jazzy/opt/sdformat_vendor:/opt/ros/jazzy/opt/gz_gui_vendor:/opt/ros/jazzy/opt/gz_transport_vendor:/opt/ros/jazzy/opt/gz_rendering_vendor:/opt/ros/jazzy/opt/gz_plugin_vendor:/opt/ros/jazzy/opt/gz_fuel_tools_vendor:/opt/ros/jazzy/opt/gz_msgs_vendor:/opt/ros/jazzy/opt/gz_common_vendor:/opt/ros/jazzy/opt/gz_math_vendor:/opt/ros/jazzy/opt/gz_utils_vendor:/opt/ros/jazzy/opt/gz_tools_vendor:/opt/ros/jazzy/opt/gz_ogre_next_vendor:/opt/ros/jazzy/opt/gz_dartsim_vendor:/opt/ros/jazzy/opt/gz_cmake_vendor:/home/sachin/ardu_ws/install/ardupilot_dds_tests:/opt/ros/jazzy DEBUGINFOD_URLS=https://debuginfod.ubuntu.com GZ_SIM_PLUGIN_PATH=/home/sachin/ardu_ws/install/ardupilot_gazebo/lib/ardupilot_gazebo GZ_SIM_RESOURCE_PATH=/home/sachin/ardu_ws/install/ardupilot_gazebo/share/ardupilot_gazebo/worlds:/home/sachin/ardu_ws/install/ardupilot_gazebo/share/ardupilot_gazebo/models:${GZ_SIM_RESOURCE_PATH} PS1=(.ros2_venv) \[\e]0;\u@\h: \w\a\]${debian_chroot:+($debian_chroot)}\[\033[01;32m\]\u@\h\[\033[00m\]:\[\033[01;34m\]\w\[\033[00m\]\$ VIRTUAL_ENV_PROMPT=(.ros2_venv) /usr/bin/cmake --build /home/sachin/ardu_ws/build/ardupilot_sitl_models -- -j12 -l12
[0.691s] Invoked command in '/home/sachin/ardu_ws/build/ardupilot_sitl_models' returned '0': CMAKE_PREFIX_PATH=/home/sachin/ardu_ws/install/ardupilot_gazebo:/home/sachin/ardu_ws/install/ardupilot_gz_bringup:/home/sachin/ardu_ws/install/sdformat_urdf:/home/sachin/ardu_ws/install/sdformat_test_files:/home/sachin/ardu_ws/install/ardupilot_sitl:/home/sachin/ardu_ws/install/micro_ros_agent:/home/sachin/ardu_ws/install/ardupilot_sitl_models:/home/sachin/ardu_ws/install/ardupilot_msgs:/home/sachin/ardu_ws/install/ardupilot_gz_gazebo:/home/sachin/ardu_ws/install/ardupilot_gz_description:/home/sachin/ardu_ws/install/ardupilot_gz_application:/opt/ros/jazzy/opt/gz_sim_vendor:/opt/ros/jazzy/opt/gz_sensors_vendor:/opt/ros/jazzy/opt/gz_physics_vendor:/opt/ros/jazzy/opt/sdformat_vendor:/opt/ros/jazzy/opt/gz_gui_vendor:/opt/ros/jazzy/opt/gz_transport_vendor:/opt/ros/jazzy/opt/gz_rendering_vendor:/opt/ros/jazzy/opt/gz_plugin_vendor:/opt/ros/jazzy/opt/gz_fuel_tools_vendor:/opt/ros/jazzy/opt/gz_msgs_vendor:/opt/ros/jazzy/opt/gz_common_vendor:/opt/ros/jazzy/opt/gz_math_vendor:/opt/ros/jazzy/opt/gz_utils_vendor:/opt/ros/jazzy/opt/gz_tools_vendor:/opt/ros/jazzy/opt/gz_ogre_next_vendor:/opt/ros/jazzy/opt/gz_dartsim_vendor:/opt/ros/jazzy/opt/gz_cmake_vendor:/home/sachin/ardu_ws/install/ardupilot_dds_tests:/opt/ros/jazzy DEBUGINFOD_URLS=https://debuginfod.ubuntu.com GZ_SIM_PLUGIN_PATH=/home/sachin/ardu_ws/install/ardupilot_gazebo/lib/ardupilot_gazebo GZ_SIM_RESOURCE_PATH=/home/sachin/ardu_ws/install/ardupilot_gazebo/share/ardupilot_gazebo/worlds:/home/sachin/ardu_ws/install/ardupilot_gazebo/share/ardupilot_gazebo/models:${GZ_SIM_RESOURCE_PATH} PS1=(.ros2_venv) \[\e]0;\u@\h: \w\a\]${debian_chroot:+($debian_chroot)}\[\033[01;32m\]\u@\h\[\033[00m\]:\[\033[01;34m\]\w\[\033[00m\]\$ VIRTUAL_ENV_PROMPT=(.ros2_venv) /usr/bin/cmake --build /home/sachin/ardu_ws/build/ardupilot_sitl_models -- -j12 -l12
[0.692s] Invoking command in '/home/sachin/ardu_ws/build/ardupilot_sitl_models': CMAKE_PREFIX_PATH=/home/sachin/ardu_ws/install/ardupilot_gazebo:/home/sachin/ardu_ws/install/ardupilot_gz_bringup:/home/sachin/ardu_ws/install/sdformat_urdf:/home/sachin/ardu_ws/install/sdformat_test_files:/home/sachin/ardu_ws/install/ardupilot_sitl:/home/sachin/ardu_ws/install/micro_ros_agent:/home/sachin/ardu_ws/install/ardupilot_sitl_models:/home/sachin/ardu_ws/install/ardupilot_msgs:/home/sachin/ardu_ws/install/ardupilot_gz_gazebo:/home/sachin/ardu_ws/install/ardupilot_gz_description:/home/sachin/ardu_ws/install/ardupilot_gz_application:/opt/ros/jazzy/opt/gz_sim_vendor:/opt/ros/jazzy/opt/gz_sensors_vendor:/opt/ros/jazzy/opt/gz_physics_vendor:/opt/ros/jazzy/opt/sdformat_vendor:/opt/ros/jazzy/opt/gz_gui_vendor:/opt/ros/jazzy/opt/gz_transport_vendor:/opt/ros/jazzy/opt/gz_rendering_vendor:/opt/ros/jazzy/opt/gz_plugin_vendor:/opt/ros/jazzy/opt/gz_fuel_tools_vendor:/opt/ros/jazzy/opt/gz_msgs_vendor:/opt/ros/jazzy/opt/gz_common_vendor:/opt/ros/jazzy/opt/gz_math_vendor:/opt/ros/jazzy/opt/gz_utils_vendor:/opt/ros/jazzy/opt/gz_tools_vendor:/opt/ros/jazzy/opt/gz_ogre_next_vendor:/opt/ros/jazzy/opt/gz_dartsim_vendor:/opt/ros/jazzy/opt/gz_cmake_vendor:/home/sachin/ardu_ws/install/ardupilot_dds_tests:/opt/ros/jazzy DEBUGINFOD_URLS=https://debuginfod.ubuntu.com GZ_SIM_PLUGIN_PATH=/home/sachin/ardu_ws/install/ardupilot_gazebo/lib/ardupilot_gazebo GZ_SIM_RESOURCE_PATH=/home/sachin/ardu_ws/install/ardupilot_gazebo/share/ardupilot_gazebo/worlds:/home/sachin/ardu_ws/install/ardupilot_gazebo/share/ardupilot_gazebo/models:${GZ_SIM_RESOURCE_PATH} PS1=(.ros2_venv) \[\e]0;\u@\h: \w\a\]${debian_chroot:+($debian_chroot)}\[\033[01;32m\]\u@\h\[\033[00m\]:\[\033[01;34m\]\w\[\033[00m\]\$ VIRTUAL_ENV_PROMPT=(.ros2_venv) /usr/bin/cmake --install /home/sachin/ardu_ws/build/ardupilot_sitl_models
[0.700s] -- Install configuration: ""
[0.700s] -- Installing: /home/sachin/ardu_ws/install/ardupilot_sitl_models/share/ardupilot_sitl_models/config
[0.700s] -- Installing: /home/sachin/ardu_ws/install/ardupilot_sitl_models/share/ardupilot_sitl_models/config/r1_rover.param
[0.700s] -- Installing: /home/sachin/ardu_ws/install/ardupilot_sitl_models/share/ardupilot_sitl_models/config/skywalker_x8.param
[0.701s] -- Installing: /home/sachin/ardu_ws/install/ardupilot_sitl_models/share/ardupilot_sitl_models/config/sawppy.param
[0.701s] -- Installing: /home/sachin/ardu_ws/install/ardupilot_sitl_models/share/ardupilot_sitl_models/config/alti_transition_quad.param
[0.701s] -- Installing: /home/sachin/ardu_ws/install/ardupilot_sitl_models/share/ardupilot_sitl_models/config/bicopter.param
[0.701s] -- Installing: /home/sachin/ardu_ws/install/ardupilot_sitl_models/share/ardupilot_sitl_models/config/skywalker_x8_quad.param
[0.701s] -- Installing: /home/sachin/ardu_ws/install/ardupilot_sitl_models/share/ardupilot_sitl_models/config/skycat_tvbs.param
[0.702s] -- Installing: /home/sachin/ardu_ws/install/ardupilot_sitl_models/share/ardupilot_sitl_models/config/wsc_aircraft.param
[0.702s] -- Installing: /home/sachin/ardu_ws/install/ardupilot_sitl_models/share/ardupilot_sitl_models/config/catamaran.param
[0.702s] -- Installing: /home/sachin/ardu_ws/install/ardupilot_sitl_models/share/ardupilot_sitl_models/config/daf_xf_450_tractor.param
[0.703s] -- Installing: /home/sachin/ardu_ws/install/ardupilot_sitl_models/share/ardupilot_sitl_models/config/hexapod_copter.param
[0.703s] -- Installing: /home/sachin/ardu_ws/install/ardupilot_sitl_models/share/ardupilot_sitl_models/config/swan_k1_hwing.param
[0.703s] -- Installing: /home/sachin/ardu_ws/install/ardupilot_sitl_models/share/ardupilot_sitl_models/config/quadruped.param
[0.703s] -- Installing: /home/sachin/ardu_ws/install/ardupilot_sitl_models/share/ardupilot_sitl_models/models
[0.703s] -- Installing: /home/sachin/ardu_ws/install/ardupilot_sitl_models/share/ardupilot_sitl_models/models/sonoma_raceway
[0.703s] -- Installing: /home/sachin/ardu_ws/install/ardupilot_sitl_models/share/ardupilot_sitl_models/models/sonoma_raceway/model.sdf
[0.703s] -- Installing: /home/sachin/ardu_ws/install/ardupilot_sitl_models/share/ardupilot_sitl_models/models/sonoma_raceway/meshes
[0.703s] -- Installing: /home/sachin/ardu_ws/install/ardupilot_sitl_models/share/ardupilot_sitl_models/models/sonoma_raceway/meshes/Raceway.obj
[0.709s] -- Installing: /home/sachin/ardu_ws/install/ardupilot_sitl_models/share/ardupilot_sitl_models/models/sonoma_raceway/meshes/Raceway.mtl
[0.709s] -- Installing: /home/sachin/ardu_ws/install/ardupilot_sitl_models/share/ardupilot_sitl_models/models/sonoma_raceway/materials
[0.709s] -- Installing: /home/sachin/ardu_ws/install/ardupilot_sitl_models/share/ardupilot_sitl_models/models/sonoma_raceway/materials/textures
[0.709s] -- Installing: /home/sachin/ardu_ws/install/ardupilot_sitl_models/share/ardupilot_sitl_models/models/sonoma_raceway/materials/textures/Asphalt.png
[0.710s] -- Installing: /home/sachin/ardu_ws/install/ardupilot_sitl_models/share/ardupilot_sitl_models/models/sonoma_raceway/materials/textures/Track.png
[0.711s] -- Installing: /home/sachin/ardu_ws/install/ardupilot_sitl_models/share/ardupilot_sitl_models/models/sonoma_raceway/materials/textures/TireStack.png
[0.712s] -- Installing: /home/sachin/ardu_ws/install/ardupilot_sitl_models/share/ardupilot_sitl_models/models/sonoma_raceway/materials/textures/RumbleStrip&Barrier.png
[0.713s] -- Installing: /home/sachin/ardu_ws/install/ardupilot_sitl_models/share/ardupilot_sitl_models/models/sonoma_raceway/materials/textures/Railing.png
[0.713s] -- Installing: /home/sachin/ardu_ws/install/ardupilot_sitl_models/share/ardupilot_sitl_models/models/sonoma_raceway/materials/textures/Stands.png
[0.715s] -- Installing: /home/sachin/ardu_ws/install/ardupilot_sitl_models/share/ardupilot_sitl_models/models/sonoma_raceway/materials/textures/Wall.png
[0.716s] -- Installing: /home/sachin/ardu_ws/install/ardupilot_sitl_models/share/ardupilot_sitl_models/models/sonoma_raceway/materials/textures/Bridge.png
[0.717s] -- Installing: /home/sachin/ardu_ws/install/ardupilot_sitl_models/share/ardupilot_sitl_models/models/sonoma_raceway/materials/textures/Fence.png
[0.717s] -- Installing: /home/sachin/ardu_ws/install/ardupilot_sitl_models/share/ardupilot_sitl_models/models/sonoma_raceway/materials/textures/Grass.png
[0.719s] -- Installing: /home/sachin/ardu_ws/install/ardupilot_sitl_models/share/ardupilot_sitl_models/models/sonoma_raceway/materials/textures/RumbleStrip.png
[0.720s] -- Installing: /home/sachin/ardu_ws/install/ardupilot_sitl_models/share/ardupilot_sitl_models/models/sonoma_raceway/materials/textures/Fence_Opacity.png
[0.721s] -- Installing: /home/sachin/ardu_ws/install/ardupilot_sitl_models/share/ardupilot_sitl_models/models/sonoma_raceway/materials/textures/Roof.png
[0.722s] -- Installing: /home/sachin/ardu_ws/install/ardupilot_sitl_models/share/ardupilot_sitl_models/models/sonoma_raceway/materials/textures/Window.png
[0.722s] -- Installing: /home/sachin/ardu_ws/install/ardupilot_sitl_models/share/ardupilot_sitl_models/models/sonoma_raceway/materials/textures/Trim.png
[0.723s] -- Installing: /home/sachin/ardu_ws/install/ardupilot_sitl_models/share/ardupilot_sitl_models/models/sonoma_raceway/materials/textures/Concrete.png
[0.723s] -- Installing: /home/sachin/ardu_ws/install/ardupilot_sitl_models/share/ardupilot_sitl_models/models/sonoma_raceway/materials/textures/Checker.png
[0.724s] -- Installing: /home/sachin/ardu_ws/install/ardupilot_sitl_models/share/ardupilot_sitl_models/models/sonoma_raceway/model.config
[0.724s] -- Installing: /home/sachin/ardu_ws/install/ardupilot_sitl_models/share/ardupilot_sitl_models/models/fire_hydrant
[0.724s] -- Installing: /home/sachin/ardu_ws/install/ardupilot_sitl_models/share/ardupilot_sitl_models/models/fire_hydrant/model.sdf
[0.724s] -- Installing: /home/sachin/ardu_ws/install/ardupilot_sitl_models/share/ardupilot_sitl_models/models/fire_hydrant/meshes
[0.724s] -- Installing: /home/sachin/ardu_ws/install/ardupilot_sitl_models/share/ardupilot_sitl_models/models/fire_hydrant/meshes/fire_hydrant.dae
[0.724s] -- Installing: /home/sachin/ardu_ws/install/ardupilot_sitl_models/share/ardupilot_sitl_models/models/fire_hydrant/materials
[0.724s] -- Installing: /home/sachin/ardu_ws/install/ardupilot_sitl_models/share/ardupilot_sitl_models/models/fire_hydrant/materials/textures
[0.724s] -- Installing: /home/sachin/ardu_ws/install/ardupilot_sitl_models/share/ardupilot_sitl_models/models/fire_hydrant/materials/textures/fire_hydrant_spec.png
[0.725s] -- Installing: /home/sachin/ardu_ws/install/ardupilot_sitl_models/share/ardupilot_sitl_models/models/fire_hydrant/materials/textures/fire_hydrant_diffuse.png
[0.726s] -- Installing: /home/sachin/ardu_ws/install/ardupilot_sitl_models/share/ardupilot_sitl_models/models/fire_hydrant/model.config
[0.726s] -- Installing: /home/sachin/ardu_ws/install/ardupilot_sitl_models/share/ardupilot_sitl_models/models/fire_hydrant/thumbnails
[0.726s] -- Installing: /home/sachin/ardu_ws/install/ardupilot_sitl_models/share/ardupilot_sitl_models/models/fire_hydrant/thumbnails/2.png
[0.727s] -- Installing: /home/sachin/ardu_ws/install/ardupilot_sitl_models/share/ardupilot_sitl_models/models/fire_hydrant/thumbnails/3.png
[0.727s] -- Installing: /home/sachin/ardu_ws/install/ardupilot_sitl_models/share/ardupilot_sitl_models/models/fire_hydrant/thumbnails/5.png
[0.727s] -- Installing: /home/sachin/ardu_ws/install/ardupilot_sitl_models/share/ardupilot_sitl_models/models/fire_hydrant/thumbnails/1.png
[0.727s] -- Installing: /home/sachin/ardu_ws/install/ardupilot_sitl_models/share/ardupilot_sitl_models/models/fire_hydrant/thumbnails/4.png
[0.728s] -- Installing: /home/sachin/ardu_ws/install/ardupilot_sitl_models/share/ardupilot_sitl_models/models/daf_xf_450_flatbed_trailer
[0.728s] -- Installing: /home/sachin/ardu_ws/install/ardupilot_sitl_models/share/ardupilot_sitl_models/models/daf_xf_450_flatbed_trailer/model.sdf.erb
[0.728s] -- Installing: /home/sachin/ardu_ws/install/ardupilot_sitl_models/share/ardupilot_sitl_models/models/daf_xf_450_flatbed_trailer/model.sdf
[0.728s] -- Installing: /home/sachin/ardu_ws/install/ardupilot_sitl_models/share/ardupilot_sitl_models/models/daf_xf_450_flatbed_trailer/meshes
[0.728s] -- Installing: /home/sachin/ardu_ws/install/ardupilot_sitl_models/share/ardupilot_sitl_models/models/daf_xf_450_flatbed_trailer/meshes/trailer_chassis.dae
[0.731s] -- Installing: /home/sachin/ardu_ws/install/ardupilot_sitl_models/share/ardupilot_sitl_models/models/daf_xf_450_flatbed_trailer/meshes/trailer_wheel_hub.dae
[0.732s] -- Installing: /home/sachin/ardu_ws/install/ardupilot_sitl_models/share/ardupilot_sitl_models/models/daf_xf_450_flatbed_trailer/meshes/trailer_wheel_tyre.dae
[0.734s] -- Installing: /home/sachin/ardu_ws/install/ardupilot_sitl_models/share/ardupilot_sitl_models/models/daf_xf_450_flatbed_trailer/materials
[0.734s] -- Installing: /home/sachin/ardu_ws/install/ardupilot_sitl_models/share/ardupilot_sitl_models/models/daf_xf_450_flatbed_trailer/materials/textures
[0.734s] -- Installing: /home/sachin/ardu_ws/install/ardupilot_sitl_models/share/ardupilot_sitl_models/models/daf_xf_450_flatbed_trailer/materials/textures/silver_metal
[0.734s] -- Installing: /home/sachin/ardu_ws/install/ardupilot_sitl_models/share/ardupilot_sitl_models/models/daf_xf_450_flatbed_trailer/materials/textures/silver_metal/silver_metal_roughness.jpg
[0.735s] -- Installing: /home/sachin/ardu_ws/install/ardupilot_sitl_models/share/ardupilot_sitl_models/models/daf_xf_450_flatbed_trailer/materials/textures/silver_metal/silver_metal_diffuse.jpg
[0.735s] -- Installing: /home/sachin/ardu_ws/install/ardupilot_sitl_models/share/ardupilot_sitl_models/models/daf_xf_450_flatbed_trailer/materials/textures/silver_metal/silver_metal_metallic.jpg
[0.735s] -- Installing: /home/sachin/ardu_ws/install/ardupilot_sitl_models/share/ardupilot_sitl_models/models/daf_xf_450_flatbed_trailer/materials/textures/silver_metal/silver_metal_normal.jpg
[0.736s] -- Installing: /home/sachin/ardu_ws/install/ardupilot_sitl_models/share/ardupilot_sitl_models/models/daf_xf_450_flatbed_trailer/materials/textures/tractor_chassis.png
[0.737s] -- Installing: /home/sachin/ardu_ws/install/ardupilot_sitl_models/share/ardupilot_sitl_models/models/daf_xf_450_flatbed_trailer/materials/textures/rubber_01
[0.737s] -- Installing: /home/sachin/ardu_ws/install/ardupilot_sitl_models/share/ardupilot_sitl_models/models/daf_xf_450_flatbed_trailer/materials/textures/rubber_01/rubber_01_diffuse.jpg
[0.737s] -- Installing: /home/sachin/ardu_ws/install/ardupilot_sitl_models/share/ardupilot_sitl_models/models/daf_xf_450_flatbed_trailer/materials/textures/rubber_01/rubber_01_normal.jpg
[0.737s] -- Installing: /home/sachin/ardu_ws/install/ardupilot_sitl_models/share/ardupilot_sitl_models/models/daf_xf_450_flatbed_trailer/materials/textures/rubber_01/rubber_01_roughness.jpg
[0.738s] -- Installing: /home/sachin/ardu_ws/install/ardupilot_sitl_models/share/ardupilot_sitl_models/models/daf_xf_450_flatbed_trailer/model.config
[0.738s] -- Installing: /home/sachin/ardu_ws/install/ardupilot_sitl_models/share/ardupilot_sitl_models/models/wildthumper_with_lidar
[0.738s] -- Installing: /home/sachin/ardu_ws/install/ardupilot_sitl_models/share/ardupilot_sitl_models/models/wildthumper_with_lidar/model.sdf
[0.739s] -- Installing: /home/sachin/ardu_ws/install/ardupilot_sitl_models/share/ardupilot_sitl_models/models/wildthumper_with_lidar/meshes
[0.739s] -- Installing: /home/sachin/ardu_ws/install/ardupilot_sitl_models/share/ardupilot_sitl_models/models/wildthumper_with_lidar/meshes/sensors
[0.739s] -- Installing: /home/sachin/ardu_ws/install/ardupilot_sitl_models/share/ardupilot_sitl_models/models/wildthumper_with_lidar/meshes/sensors/rplidar_a1.dae
[0.749s] -- Installing: /home/sachin/ardu_ws/install/ardupilot_sitl_models/share/ardupilot_sitl_models/models/wildthumper_with_lidar/model.config
[0.749s] -- Installing: /home/sachin/ardu_ws/install/ardupilot_sitl_models/share/ardupilot_sitl_models/models/construction_barrel
[0.749s] -- Installing: /home/sachin/ardu_ws/install/ardupilot_sitl_models/share/ardupilot_sitl_models/models/construction_barrel/model.sdf
[0.749s] -- Installing: /home/sachin/ardu_ws/install/ardupilot_sitl_models/share/ardupilot_sitl_models/models/construction_barrel/meshes
[0.749s] -- Installing: /home/sachin/ardu_ws/install/ardupilot_sitl_models/share/ardupilot_sitl_models/models/construction_barrel/meshes/construction_barrel.dae
[0.750s] -- Installing: /home/sachin/ardu_ws/install/ardupilot_sitl_models/share/ardupilot_sitl_models/models/construction_barrel/materials
[0.750s] -- Installing: /home/sachin/ardu_ws/install/ardupilot_sitl_models/share/ardupilot_sitl_models/models/construction_barrel/materials/textures
[0.750s] -- Installing: /home/sachin/ardu_ws/install/ardupilot_sitl_models/share/ardupilot_sitl_models/models/construction_barrel/materials/textures/Construction_Barrel_Spec.png
[0.751s] -- Installing: /home/sachin/ardu_ws/install/ardupilot_sitl_models/share/ardupilot_sitl_models/models/construction_barrel/materials/textures/Construction_Barrel_Diffuse.png
[0.752s] -- Installing: /home/sachin/ardu_ws/install/ardupilot_sitl_models/share/ardupilot_sitl_models/models/construction_barrel/model.config
[0.752s] -- Installing: /home/sachin/ardu_ws/install/ardupilot_sitl_models/share/ardupilot_sitl_models/models/construction_barrel/thumbnails
[0.753s] -- Installing: /home/sachin/ardu_ws/install/ardupilot_sitl_models/share/ardupilot_sitl_models/models/construction_barrel/thumbnails/2.png
[0.753s] -- Installing: /home/sachin/ardu_ws/install/ardupilot_sitl_models/share/ardupilot_sitl_models/models/construction_barrel/thumbnails/3.png
[0.753s] -- Installing: /home/sachin/ardu_ws/install/ardupilot_sitl_models/share/ardupilot_sitl_models/models/construction_barrel/thumbnails/5.png
[0.753s] -- Installing: /home/sachin/ardu_ws/install/ardupilot_sitl_models/share/ardupilot_sitl_models/models/construction_barrel/thumbnails/1.png
[0.754s] -- Installing: /home/sachin/ardu_ws/install/ardupilot_sitl_models/share/ardupilot_sitl_models/models/construction_barrel/thumbnails/4.png
[0.754s] -- Installing: /home/sachin/ardu_ws/install/ardupilot_sitl_models/share/ardupilot_sitl_models/models/steel_plate_1x1
[0.754s] -- Installing: /home/sachin/ardu_ws/install/ardupilot_sitl_models/share/ardupilot_sitl_models/models/steel_plate_1x1/model.sdf
[0.754s] -- Installing: /home/sachin/ardu_ws/install/ardupilot_sitl_models/share/ardupilot_sitl_models/models/steel_plate_1x1/materials
[0.754s] -- Installing: /home/sachin/ardu_ws/install/ardupilot_sitl_models/share/ardupilot_sitl_models/models/steel_plate_1x1/materials/textures
[0.754s] -- Installing: /home/sachin/ardu_ws/install/ardupilot_sitl_models/share/ardupilot_sitl_models/models/steel_plate_1x1/materials/textures/steelplate1_ao.png
[0.757s] -- Installing: /home/sachin/ardu_ws/install/ardupilot_sitl_models/share/ardupilot_sitl_models/models/steel_plate_1x1/materials/textures/steelplate1_height.png
[0.759s] -- Installing: /home/sachin/ardu_ws/install/ardupilot_sitl_models/share/ardupilot_sitl_models/models/steel_plate_1x1/materials/textures/steelplate1_normal-ogl.png
[0.765s] -- Installing: /home/sachin/ardu_ws/install/ardupilot_sitl_models/share/ardupilot_sitl_models/models/steel_plate_1x1/materials/textures/steelplate1_albedo.png
[0.773s] -- Installing: /home/sachin/ardu_ws/install/ardupilot_sitl_models/share/ardupilot_sitl_models/models/steel_plate_1x1/materials/textures/steelplate1_roughness.png
[0.778s] -- Installing: /home/sachin/ardu_ws/install/ardupilot_sitl_models/share/ardupilot_sitl_models/models/steel_plate_1x1/materials/textures/steelplate1_metallic.png
[0.778s] -- Installing: /home/sachin/ardu_ws/install/ardupilot_sitl_models/share/ardupilot_sitl_models/models/steel_plate_1x1/model.config
[0.778s] -- Installing: /home/sachin/ardu_ws/install/ardupilot_sitl_models/share/ardupilot_sitl_models/models/construction_cone
[0.778s] -- Installing: /home/sachin/ardu_ws/install/ardupilot_sitl_models/share/ardupilot_sitl_models/models/construction_cone/model.sdf
[0.778s] -- Installing: /home/sachin/ardu_ws/install/ardupilot_sitl_models/share/ardupilot_sitl_models/models/construction_cone/meshes
[0.778s] -- Installing: /home/sachin/ardu_ws/install/ardupilot_sitl_models/share/ardupilot_sitl_models/models/construction_cone/meshes/construction_cone.dae
[0.778s] -- Installing: /home/sachin/ardu_ws/install/ardupilot_sitl_models/share/ardupilot_sitl_models/models/construction_cone/materials
[0.779s] -- Installing: /home/sachin/ardu_ws/install/ardupilot_sitl_models/share/ardupilot_sitl_models/models/construction_cone/materials/textures
[0.779s] -- Installing: /home/sachin/ardu_ws/install/ardupilot_sitl_models/share/ardupilot_sitl_models/models/construction_cone/materials/textures/Construction_Cone_Diffuse.png
[0.780s] -- Installing: /home/sachin/ardu_ws/install/ardupilot_sitl_models/share/ardupilot_sitl_models/models/construction_cone/model.config
[0.780s] -- Installing: /home/sachin/ardu_ws/install/ardupilot_sitl_models/share/ardupilot_sitl_models/models/construction_cone/thumbnails
[0.780s] -- Installing: /home/sachin/ardu_ws/install/ardupilot_sitl_models/share/ardupilot_sitl_models/models/construction_cone/thumbnails/2.png
[0.780s] -- Installing: /home/sachin/ardu_ws/install/ardupilot_sitl_models/share/ardupilot_sitl_models/models/construction_cone/thumbnails/3.png
[0.780s] -- Installing: /home/sachin/ardu_ws/install/ardupilot_sitl_models/share/ardupilot_sitl_models/models/construction_cone/thumbnails/5.png
[0.780s] -- Installing: /home/sachin/ardu_ws/install/ardupilot_sitl_models/share/ardupilot_sitl_models/models/construction_cone/thumbnails/1.png
[0.781s] -- Installing: /home/sachin/ardu_ws/install/ardupilot_sitl_models/share/ardupilot_sitl_models/models/construction_cone/thumbnails/4.png
[0.781s] -- Installing: /home/sachin/ardu_ws/install/ardupilot_sitl_models/share/ardupilot_sitl_models/models/swan_k1_hwing
[0.781s] -- Installing: /home/sachin/ardu_ws/install/ardupilot_sitl_models/share/ardupilot_sitl_models/models/swan_k1_hwing/model.sdf
[0.781s] -- Installing: /home/sachin/ardu_ws/install/ardupilot_sitl_models/share/ardupilot_sitl_models/models/swan_k1_hwing/meshes
[0.782s] -- Installing: /home/sachin/ardu_ws/install/ardupilot_sitl_models/share/ardupilot_sitl_models/models/swan_k1_hwing/meshes/swan_k1_hwing_fuselage.dae
[0.785s] -- Installing: /home/sachin/ardu_ws/install/ardupilot_sitl_models/share/ardupilot_sitl_models/models/swan_k1_hwing/meshes/swan_k1_hwing_motor.dae
[0.786s] -- Installing: /home/sachin/ardu_ws/install/ardupilot_sitl_models/share/ardupilot_sitl_models/models/swan_k1_hwing/meshes/iris_prop_ccw.dae
[0.787s] -- Installing: /home/sachin/ardu_ws/install/ardupilot_sitl_models/share/ardupilot_sitl_models/models/swan_k1_hwing/meshes/swan_k1_hwing_engine.dae
[0.788s] -- Installing: /home/sachin/ardu_ws/install/ardupilot_sitl_models/share/ardupilot_sitl_models/models/swan_k1_hwing/meshes/foxmap.tga
[0.804s] -- Installing: /home/sachin/ardu_ws/install/ardupilot_sitl_models/share/ardupilot_sitl_models/models/swan_k1_hwing/meshes/iris_prop_cw.dae
[0.805s] -- Installing: /home/sachin/ardu_ws/install/ardupilot_sitl_models/share/ardupilot_sitl_models/models/swan_k1_hwing/materials
[0.805s] -- Installing: /home/sachin/ardu_ws/install/ardupilot_sitl_models/share/ardupilot_sitl_models/models/swan_k1_hwing/materials/foxmap.tga
[0.818s] -- Installing: /home/sachin/ardu_ws/install/ardupilot_sitl_models/share/ardupilot_sitl_models/models/swan_k1_hwing/materials/textures
[0.818s] -- Installing: /home/sachin/ardu_ws/install/ardupilot_sitl_models/share/ardupilot_sitl_models/models/swan_k1_hwing/materials/textures/foxmap.tga
[0.835s] -- Installing: /home/sachin/ardu_ws/install/ardupilot_sitl_models/share/ardupilot_sitl_models/models/swan_k1_hwing/materials/textures/blue_metal
[0.836s] -- Installing: /home/sachin/ardu_ws/install/ardupilot_sitl_models/share/ardupilot_sitl_models/models/swan_k1_hwing/materials/textures/blue_metal/blue_metal_roughness.jpg
[0.838s] -- Installing: /home/sachin/ardu_ws/install/ardupilot_sitl_models/share/ardupilot_sitl_models/models/swan_k1_hwing/materials/textures/blue_metal/blue_metal_basecolor.jpg
[0.838s] -- Installing: /home/sachin/ardu_ws/install/ardupilot_sitl_models/share/ardupilot_sitl_models/models/swan_k1_hwing/materials/textures/blue_metal/blue_metal_normal.jpg
[0.839s] -- Installing: /home/sachin/ardu_ws/install/ardupilot_sitl_models/share/ardupilot_sitl_models/models/swan_k1_hwing/materials/textures/blue_metal/blue_metal_metallic.jpg
[0.840s] -- Installing: /home/sachin/ardu_ws/install/ardupilot_sitl_models/share/ardupilot_sitl_models/models/swan_k1_hwing/materials/textures/metal_graphite
[0.840s] -- Installing: /home/sachin/ardu_ws/install/ardupilot_sitl_models/share/ardupilot_sitl_models/models/swan_k1_hwing/materials/textures/metal_graphite/metal_graphite_roughness.jpg
[0.840s] -- Installing: /home/sachin/ardu_ws/install/ardupilot_sitl_models/share/ardupilot_sitl_models/models/swan_k1_hwing/materials/textures/metal_graphite/metal_graphite_metallic.jpg
[0.840s] -- Installing: /home/sachin/ardu_ws/install/ardupilot_sitl_models/share/ardupilot_sitl_models/models/swan_k1_hwing/materials/textures/metal_graphite/metal_graphite_normal.jpg
[0.842s] -- Installing: /home/sachin/ardu_ws/install/ardupilot_sitl_models/share/ardupilot_sitl_models/models/swan_k1_hwing/materials/textures/metal_graphite/metal_graphite_basecolor.jpg
[0.842s] -- Installing: /home/sachin/ardu_ws/install/ardupilot_sitl_models/share/ardupilot_sitl_models/models/swan_k1_hwing/model.config
[0.842s] -- Installing: /home/sachin/ardu_ws/install/ardupilot_sitl_models/share/ardupilot_sitl_models/models/daf_xf_450_tractor
[0.843s] -- Installing: /home/sachin/ardu_ws/install/ardupilot_sitl_models/share/ardupilot_sitl_models/models/daf_xf_450_tractor/model.sdf.erb
[0.843s] -- Installing: /home/sachin/ardu_ws/install/ardupilot_sitl_models/share/ardupilot_sitl_models/models/daf_xf_450_tractor/model.sdf
[0.843s] -- Installing: /home/sachin/ardu_ws/install/ardupilot_sitl_models/share/ardupilot_sitl_models/models/daf_xf_450_tractor/meshes
[0.843s] -- Installing: /home/sachin/ardu_ws/install/ardupilot_sitl_models/share/ardupilot_sitl_models/models/daf_xf_450_tractor/meshes/tractor_wheel_hub_rear.dae
[0.845s] -- Installing: /home/sachin/ardu_ws/install/ardupilot_sitl_models/share/ardupilot_sitl_models/models/daf_xf_450_tractor/meshes/tractor_wheel_tyre_rear.dae
[0.848s] -- Installing: /home/sachin/ardu_ws/install/ardupilot_sitl_models/share/ardupilot_sitl_models/models/daf_xf_450_tractor/meshes/tractor_chassis.dae
[0.862s] -- Installing: /home/sachin/ardu_ws/install/ardupilot_sitl_models/share/ardupilot_sitl_models/models/daf_xf_450_tractor/meshes/tractor_wheel_tyre_front.dae
[0.866s] -- Installing: /home/sachin/ardu_ws/install/ardupilot_sitl_models/share/ardupilot_sitl_models/models/daf_xf_450_tractor/meshes/tractor_wheel_hub_front.dae
[0.867s] -- Installing: /home/sachin/ardu_ws/install/ardupilot_sitl_models/share/ardupilot_sitl_models/models/daf_xf_450_tractor/meshes/trailer_chassis.dae
[0.871s] -- Installing: /home/sachin/ardu_ws/install/ardupilot_sitl_models/share/ardupilot_sitl_models/models/daf_xf_450_tractor/meshes/trailer_wheel_hub.dae
[0.873s] -- Installing: /home/sachin/ardu_ws/install/ardupilot_sitl_models/share/ardupilot_sitl_models/models/daf_xf_450_tractor/meshes/trailer_wheel_tyre.dae
[0.874s] -- Installing: /home/sachin/ardu_ws/install/ardupilot_sitl_models/share/ardupilot_sitl_models/models/daf_xf_450_tractor/materials
[0.874s] -- Installing: /home/sachin/ardu_ws/install/ardupilot_sitl_models/share/ardupilot_sitl_models/models/daf_xf_450_tractor/materials/textures
[0.875s] -- Installing: /home/sachin/ardu_ws/install/ardupilot_sitl_models/share/ardupilot_sitl_models/models/daf_xf_450_tractor/materials/textures/silver_metal
[0.875s] -- Installing: /home/sachin/ardu_ws/install/ardupilot_sitl_models/share/ardupilot_sitl_models/models/daf_xf_450_tractor/materials/textures/silver_metal/silver_metal_roughness.jpg
[0.877s] -- Installing: /home/sachin/ardu_ws/install/ardupilot_sitl_models/share/ardupilot_sitl_models/models/daf_xf_450_tractor/materials/textures/silver_metal/silver_metal_diffuse.jpg
[0.878s] -- Installing: /home/sachin/ardu_ws/install/ardupilot_sitl_models/share/ardupilot_sitl_models/models/daf_xf_450_tractor/materials/textures/silver_metal/silver_metal_metallic.jpg
[0.878s] -- Installing: /home/sachin/ardu_ws/install/ardupilot_sitl_models/share/ardupilot_sitl_models/models/daf_xf_450_tractor/materials/textures/silver_metal/silver_metal_normal.jpg
[0.879s] -- Installing: /home/sachin/ardu_ws/install/ardupilot_sitl_models/share/ardupilot_sitl_models/models/daf_xf_450_tractor/materials/textures/tractor_chassis.png
[0.880s] -- Installing: /home/sachin/ardu_ws/install/ardupilot_sitl_models/share/ardupilot_sitl_models/models/daf_xf_450_tractor/materials/textures/rubber_01
[0.880s] -- Installing: /home/sachin/ardu_ws/install/ardupilot_sitl_models/share/ardupilot_sitl_models/models/daf_xf_450_tractor/materials/textures/rubber_01/rubber_01_diffuse.jpg
[0.881s] -- Installing: /home/sachin/ardu_ws/install/ardupilot_sitl_models/share/ardupilot_sitl_models/models/daf_xf_450_tractor/materials/textures/rubber_01/rubber_01_normal.jpg
[0.882s] -- Installing: /home/sachin/ardu_ws/install/ardupilot_sitl_models/share/ardupilot_sitl_models/models/daf_xf_450_tractor/materials/textures/rubber_01/rubber_01_roughness.jpg
[0.883s] -- Installing: /home/sachin/ardu_ws/install/ardupilot_sitl_models/share/ardupilot_sitl_models/models/daf_xf_450_tractor/model.config
[0.883s] -- Installing: /home/sachin/ardu_ws/install/ardupilot_sitl_models/share/ardupilot_sitl_models/models/quadruped
[0.883s] -- Installing: /home/sachin/ardu_ws/install/ardupilot_sitl_models/share/ardupilot_sitl_models/models/quadruped/model.sdf
[0.883s] -- Installing: /home/sachin/ardu_ws/install/ardupilot_sitl_models/share/ardupilot_sitl_models/models/quadruped/meshes
[0.884s] -- Installing: /home/sachin/ardu_ws/install/ardupilot_sitl_models/share/ardupilot_sitl_models/models/quadruped/meshes/hexapod_coxa_r.dae
[0.891s] -- Installing: /home/sachin/ardu_ws/install/ardupilot_sitl_models/share/ardupilot_sitl_models/models/quadruped/meshes/hexapod_tibia_r.dae
[0.895s] -- Installing: /home/sachin/ardu_ws/install/ardupilot_sitl_models/share/ardupilot_sitl_models/models/quadruped/meshes/hexapod_body.dae
[0.937s] -- Installing: /home/sachin/ardu_ws/install/ardupilot_sitl_models/share/ardupilot_sitl_models/models/quadruped/meshes/hexapod_tibia_l.dae
[0.943s] -- Installing: /home/sachin/ardu_ws/install/ardupilot_sitl_models/share/ardupilot_sitl_models/models/quadruped/meshes/hexapod_femur_l.dae
[0.947s] -- Installing: /home/sachin/ardu_ws/install/ardupilot_sitl_models/share/ardupilot_sitl_models/models/quadruped/meshes/hexapod_femur_r.dae
[0.952s] -- Installing: /home/sachin/ardu_ws/install/ardupilot_sitl_models/share/ardupilot_sitl_models/models/quadruped/meshes/hexapod_coxa_l.dae
[0.973s] -- Installing: /home/sachin/ardu_ws/install/ardupilot_sitl_models/share/ardupilot_sitl_models/models/quadruped/materials
[0.973s] -- Installing: /home/sachin/ardu_ws/install/ardupilot_sitl_models/share/ardupilot_sitl_models/models/quadruped/materials/textures
[0.973s] -- Installing: /home/sachin/ardu_ws/install/ardupilot_sitl_models/share/ardupilot_sitl_models/models/quadruped/materials/textures/silver_blue_metal
[0.973s] -- Installing: /home/sachin/ardu_ws/install/ardupilot_sitl_models/share/ardupilot_sitl_models/models/quadruped/materials/textures/silver_blue_metal/silver_blue_metal_metallic.jpg
[0.973s] -- Installing: /home/sachin/ardu_ws/install/ardupilot_sitl_models/share/ardupilot_sitl_models/models/quadruped/materials/textures/silver_blue_metal/silver_blue_metal_roughness.jpg
[0.975s] -- Installing: /home/sachin/ardu_ws/install/ardupilot_sitl_models/share/ardupilot_sitl_models/models/quadruped/materials/textures/silver_blue_metal/silver_blue_metal_diffuse.jpg
[0.981s] -- Installing: /home/sachin/ardu_ws/install/ardupilot_sitl_models/share/ardupilot_sitl_models/models/quadruped/materials/textures/silver_blue_metal/silver_blue_metal_normal.jpg
[0.983s] -- Installing: /home/sachin/ardu_ws/install/ardupilot_sitl_models/share/ardupilot_sitl_models/models/quadruped/model.config
[0.983s] -- Installing: /home/sachin/ardu_ws/install/ardupilot_sitl_models/share/ardupilot_sitl_models/models/blueboat
[0.983s] -- Installing: /home/sachin/ardu_ws/install/ardupilot_sitl_models/share/ardupilot_sitl_models/models/blueboat/model.sdf
[0.985s] -- Installing: /home/sachin/ardu_ws/install/ardupilot_sitl_models/share/ardupilot_sitl_models/models/blueboat/meshes
[0.985s] -- Installing: /home/sachin/ardu_ws/install/ardupilot_sitl_models/share/ardupilot_sitl_models/models/blueboat/meshes/blueboat_motor_stbd.dae
[0.993s] -- Installing: /home/sachin/ardu_ws/install/ardupilot_sitl_models/share/ardupilot_sitl_models/models/blueboat/meshes/blueboat_frame_asm_fore.dae
[1.037s] -- Installing: /home/sachin/ardu_ws/install/ardupilot_sitl_models/share/ardupilot_sitl_models/models/blueboat/meshes/blueboat_hull_collision.stl
[1.037s] -- Installing: /home/sachin/ardu_ws/install/ardupilot_sitl_models/share/ardupilot_sitl_models/models/blueboat/meshes/blueboat_hull.dae
[1.039s] -- Installing: /home/sachin/ardu_ws/install/ardupilot_sitl_models/share/ardupilot_sitl_models/models/blueboat/meshes/blueboat_hatch_asm_port.dae
[1.044s] -- Installing: /home/sachin/ardu_ws/install/ardupilot_sitl_models/share/ardupilot_sitl_models/models/blueboat/meshes/blueboat_prop_stbd.dae
[1.045s] -- Installing: /home/sachin/ardu_ws/install/ardupilot_sitl_models/share/ardupilot_sitl_models/models/blueboat/meshes/blueboat_motor_port.dae
[1.046s] -- Installing: /home/sachin/ardu_ws/install/ardupilot_sitl_models/share/ardupilot_sitl_models/models/blueboat/meshes/blueboat_prop_port.dae
[1.047s] -- Installing: /home/sachin/ardu_ws/install/ardupilot_sitl_models/share/ardupilot_sitl_models/models/blueboat/meshes/blueboat_aerial.dae
[1.048s] -- Installing: /home/sachin/ardu_ws/install/ardupilot_sitl_models/share/ardupilot_sitl_models/models/blueboat/meshes/blueboat_hatch_asm_stbd.dae
[1.052s] -- Installing: /home/sachin/ardu_ws/install/ardupilot_sitl_models/share/ardupilot_sitl_models/models/blueboat/meshes/blueboat_frame_asm_aft.dae
[1.055s] -- Installing: /home/sachin/ardu_ws/install/ardupilot_sitl_models/share/ardupilot_sitl_models/models/blueboat/meshes/blueboat_flag.dae
[1.056s] -- Installing: /home/sachin/ardu_ws/install/ardupilot_sitl_models/share/ardupilot_sitl_models/models/blueboat/meshes/blueboat_crosstube.dae
[1.057s] -- Installing: /home/sachin/ardu_ws/install/ardupilot_sitl_models/share/ardupilot_sitl_models/models/blueboat/meshes/blueboat_hull_collision.dae
[1.058s] -- Installing: /home/sachin/ardu_ws/install/ardupilot_sitl_models/share/ardupilot_sitl_models/models/blueboat/model.config
[1.058s] -- Installing: /home/sachin/ardu_ws/install/ardupilot_sitl_models/share/ardupilot_sitl_models/models/rocky_asphalt_20x20
[1.058s] -- Installing: /home/sachin/ardu_ws/install/ardupilot_sitl_models/share/ardupilot_sitl_models/models/rocky_asphalt_20x20/model.sdf
[1.058s] -- Installing: /home/sachin/ardu_ws/install/ardupilot_sitl_models/share/ardupilot_sitl_models/models/rocky_asphalt_20x20/model.config
[1.058s] -- Installing: /home/sachin/ardu_ws/install/ardupilot_sitl_models/share/ardupilot_sitl_models/models/alti_transition_quad
[1.058s] -- Installing: /home/sachin/ardu_ws/install/ardupilot_sitl_models/share/ardupilot_sitl_models/models/alti_transition_quad/model.sdf.erb
[1.058s] -- Installing: /home/sachin/ardu_ws/install/ardupilot_sitl_models/share/ardupilot_sitl_models/models/alti_transition_quad/model.sdf
[1.058s] -- Installing: /home/sachin/ardu_ws/install/ardupilot_sitl_models/share/ardupilot_sitl_models/models/alti_transition_quad/meshes
[1.059s] -- Installing: /home/sachin/ardu_ws/install/ardupilot_sitl_models/share/ardupilot_sitl_models/models/alti_transition_quad/meshes/prop_ccw.dae
[1.060s] -- Installing: /home/sachin/ardu_ws/install/ardupilot_sitl_models/share/ardupilot_sitl_models/models/alti_transition_quad/meshes/alti_transition_base.dae
[1.075s] -- Installing: /home/sachin/ardu_ws/install/ardupilot_sitl_models/share/ardupilot_sitl_models/models/alti_transition_quad/meshes/alti_transition_elevator.dae
[1.075s] -- Installing: /home/sachin/ardu_ws/install/ardupilot_sitl_models/share/ardupilot_sitl_models/models/alti_transition_quad/meshes/alti_transition_aileron_left.dae
[1.076s] -- Installing: /home/sachin/ardu_ws/install/ardupilot_sitl_models/share/ardupilot_sitl_models/models/alti_transition_quad/meshes/prop_cw.dae
[1.077s] -- Installing: /home/sachin/ardu_ws/install/ardupilot_sitl_models/share/ardupilot_sitl_models/models/alti_transition_quad/meshes/alti_transition_engine.dae
[1.078s] -- Installing: /home/sachin/ardu_ws/install/ardupilot_sitl_models/share/ardupilot_sitl_models/models/alti_transition_quad/meshes/alti_transition_aileron_right.dae
[1.079s] -- Installing: /home/sachin/ardu_ws/install/ardupilot_sitl_models/share/ardupilot_sitl_models/models/alti_transition_quad/materials
[1.079s] -- Installing: /home/sachin/ardu_ws/install/ardupilot_sitl_models/share/ardupilot_sitl_models/models/alti_transition_quad/materials/textures
[1.079s] -- Installing: /home/sachin/ardu_ws/install/ardupilot_sitl_models/share/ardupilot_sitl_models/models/alti_transition_quad/materials/textures/x8.tga
[1.086s] -- Installing: /home/sachin/ardu_ws/install/ardupilot_sitl_models/share/ardupilot_sitl_models/models/alti_transition_quad/materials/textures/AltiTransitionMap.png
[1.086s] -- Installing: /home/sachin/ardu_ws/install/ardupilot_sitl_models/share/ardupilot_sitl_models/models/alti_transition_quad/model.config
[1.086s] -- Installing: /home/sachin/ardu_ws/install/ardupilot_sitl_models/share/ardupilot_sitl_models/models/steel_plate_3x3
[1.086s] -- Installing: /home/sachin/ardu_ws/install/ardupilot_sitl_models/share/ardupilot_sitl_models/models/steel_plate_3x3/model.sdf
[1.086s] -- Installing: /home/sachin/ardu_ws/install/ardupilot_sitl_models/share/ardupilot_sitl_models/models/steel_plate_3x3/model.config
[1.086s] -- Installing: /home/sachin/ardu_ws/install/ardupilot_sitl_models/share/ardupilot_sitl_models/models/skycat_tvbs
[1.087s] -- Installing: /home/sachin/ardu_ws/install/ardupilot_sitl_models/share/ardupilot_sitl_models/models/skycat_tvbs/model.sdf
[1.087s] -- Installing: /home/sachin/ardu_ws/install/ardupilot_sitl_models/share/ardupilot_sitl_models/models/skycat_tvbs/meshes
[1.087s] -- Installing: /home/sachin/ardu_ws/install/ardupilot_sitl_models/share/ardupilot_sitl_models/models/skycat_tvbs/meshes/iris_prop_ccw.dae
[1.088s] -- Installing: /home/sachin/ardu_ws/install/ardupilot_sitl_models/share/ardupilot_sitl_models/models/skycat_tvbs/meshes/skycat_tilt_right.dae
[1.089s] -- Installing: /home/sachin/ardu_ws/install/ardupilot_sitl_models/share/ardupilot_sitl_models/models/skycat_tvbs/meshes/skycat_elevon_right.dae
[1.089s] -- Installing: /home/sachin/ardu_ws/install/ardupilot_sitl_models/share/ardupilot_sitl_models/models/skycat_tvbs/meshes/skycat_elevon_left.dae
[1.089s] -- Installing: /home/sachin/ardu_ws/install/ardupilot_sitl_models/share/ardupilot_sitl_models/models/skycat_tvbs/meshes/iris_prop_cw.dae
[1.090s] -- Installing: /home/sachin/ardu_ws/install/ardupilot_sitl_models/share/ardupilot_sitl_models/models/skycat_tvbs/meshes/skycat_tilt_left.dae
[1.092s] -- Installing: /home/sachin/ardu_ws/install/ardupilot_sitl_models/share/ardupilot_sitl_models/models/skycat_tvbs/meshes/skycat_base.dae
[1.100s] -- Installing: /home/sachin/ardu_ws/install/ardupilot_sitl_models/share/ardupilot_sitl_models/models/skycat_tvbs/materials
[1.100s] -- Installing: /home/sachin/ardu_ws/install/ardupilot_sitl_models/share/ardupilot_sitl_models/models/skycat_tvbs/materials/textures
[1.100s] -- Installing: /home/sachin/ardu_ws/install/ardupilot_sitl_models/share/ardupilot_sitl_models/models/skycat_tvbs/materials/textures/skycat.png
[1.101s] -- Installing: /home/sachin/ardu_ws/install/ardupilot_sitl_models/share/ardupilot_sitl_models/models/skycat_tvbs/materials/textures/metal_graphite
[1.101s] -- Installing: /home/sachin/ardu_ws/install/ardupilot_sitl_models/share/ardupilot_sitl_models/models/skycat_tvbs/materials/textures/metal_graphite/metal_graphite_roughness.jpg
[1.102s] -- Installing: /home/sachin/ardu_ws/install/ardupilot_sitl_models/share/ardupilot_sitl_models/models/skycat_tvbs/materials/textures/metal_graphite/metal_graphite_metallic.jpg
[1.102s] -- Installing: /home/sachin/ardu_ws/install/ardupilot_sitl_models/share/ardupilot_sitl_models/models/skycat_tvbs/materials/textures/metal_graphite/metal_graphite_normal.jpg
[1.103s] -- Installing: /home/sachin/ardu_ws/install/ardupilot_sitl_models/share/ardupilot_sitl_models/models/skycat_tvbs/materials/textures/metal_graphite/metal_graphite_basecolor.jpg
[1.103s] -- Installing: /home/sachin/ardu_ws/install/ardupilot_sitl_models/share/ardupilot_sitl_models/models/skycat_tvbs/model.config
[1.103s] -- Installing: /home/sachin/ardu_ws/install/ardupilot_sitl_models/share/ardupilot_sitl_models/models/skywalker_x8_quad
[1.103s] -- Installing: /home/sachin/ardu_ws/install/ardupilot_sitl_models/share/ardupilot_sitl_models/models/skywalker_x8_quad/model.sdf
[1.104s] -- Installing: /home/sachin/ardu_ws/install/ardupilot_sitl_models/share/ardupilot_sitl_models/models/skywalker_x8_quad/model.config
[1.104s] -- Installing: /home/sachin/ardu_ws/install/ardupilot_sitl_models/share/ardupilot_sitl_models/models/r1_rover
[1.104s] -- Installing: /home/sachin/ardu_ws/install/ardupilot_sitl_models/share/ardupilot_sitl_models/models/r1_rover/model.sdf
[1.104s] -- Installing: /home/sachin/ardu_ws/install/ardupilot_sitl_models/share/ardupilot_sitl_models/models/r1_rover/meshes
[1.104s] -- Installing: /home/sachin/ardu_ws/install/ardupilot_sitl_models/share/ardupilot_sitl_models/models/r1_rover/meshes/wheel_link_simple.STL
[1.104s] -- Installing: /home/sachin/ardu_ws/install/ardupilot_sitl_models/share/ardupilot_sitl_models/models/r1_rover/meshes/antenna_link.STL
[1.105s] -- Installing: /home/sachin/ardu_ws/install/ardupilot_sitl_models/share/ardupilot_sitl_models/models/r1_rover/meshes/wheel_link.STL
[1.106s] -- Installing: /home/sachin/ardu_ws/install/ardupilot_sitl_models/share/ardupilot_sitl_models/models/r1_rover/meshes/battery_link.STL
[1.106s] -- Installing: /home/sachin/ardu_ws/install/ardupilot_sitl_models/share/ardupilot_sitl_models/models/r1_rover/meshes/housing_link.STL
[1.107s] -- Installing: /home/sachin/ardu_ws/install/ardupilot_sitl_models/share/ardupilot_sitl_models/models/r1_rover/meshes/top_link.STL
[1.107s] -- Installing: /home/sachin/ardu_ws/install/ardupilot_sitl_models/share/ardupilot_sitl_models/models/r1_rover/meshes/chassis_link.STL
[1.107s] -- Installing: /home/sachin/ardu_ws/install/ardupilot_sitl_models/share/ardupilot_sitl_models/models/r1_rover/model.config
[1.107s] -- Installing: /home/sachin/ardu_ws/install/ardupilot_sitl_models/share/ardupilot_sitl_models/models/dumpster
[1.107s] -- Installing: /home/sachin/ardu_ws/install/ardupilot_sitl_models/share/ardupilot_sitl_models/models/dumpster/model.sdf
[1.108s] -- Installing: /home/sachin/ardu_ws/install/ardupilot_sitl_models/share/ardupilot_sitl_models/models/dumpster/meshes
[1.108s] -- Installing: /home/sachin/ardu_ws/install/ardupilot_sitl_models/share/ardupilot_sitl_models/models/dumpster/meshes/dumpster.dae
[1.108s] -- Installing: /home/sachin/ardu_ws/install/ardupilot_sitl_models/share/ardupilot_sitl_models/models/dumpster/materials
[1.108s] -- Installing: /home/sachin/ardu_ws/install/ardupilot_sitl_models/share/ardupilot_sitl_models/models/dumpster/materials/textures
[1.108s] -- Installing: /home/sachin/ardu_ws/install/ardupilot_sitl_models/share/ardupilot_sitl_models/models/dumpster/materials/textures/Dumpster_Spec.png
[1.109s] -- Installing: /home/sachin/ardu_ws/install/ardupilot_sitl_models/share/ardupilot_sitl_models/models/dumpster/materials/textures/Dumpster_Diffuse.png
[1.111s] -- Installing: /home/sachin/ardu_ws/install/ardupilot_sitl_models/share/ardupilot_sitl_models/models/dumpster/materials/scripts
[1.111s] -- Installing: /home/sachin/ardu_ws/install/ardupilot_sitl_models/share/ardupilot_sitl_models/models/dumpster/materials/scripts/dumpster.material
[1.111s] -- Installing: /home/sachin/ardu_ws/install/ardupilot_sitl_models/share/ardupilot_sitl_models/models/dumpster/model.config
[1.111s] -- Installing: /home/sachin/ardu_ws/install/ardupilot_sitl_models/share/ardupilot_sitl_models/models/dumpster/thumbnails
[1.111s] -- Installing: /home/sachin/ardu_ws/install/ardupilot_sitl_models/share/ardupilot_sitl_models/models/dumpster/thumbnails/2.png
[1.112s] -- Installing: /home/sachin/ardu_ws/install/ardupilot_sitl_models/share/ardupilot_sitl_models/models/dumpster/thumbnails/3.png
[1.113s] -- Installing: /home/sachin/ardu_ws/install/ardupilot_sitl_models/share/ardupilot_sitl_models/models/dumpster/thumbnails/5.png
[1.113s] -- Installing: /home/sachin/ardu_ws/install/ardupilot_sitl_models/share/ardupilot_sitl_models/models/dumpster/thumbnails/1.png
[1.114s] -- Installing: /home/sachin/ardu_ws/install/ardupilot_sitl_models/share/ardupilot_sitl_models/models/dumpster/thumbnails/4.png
[1.114s] -- Installing: /home/sachin/ardu_ws/install/ardupilot_sitl_models/share/ardupilot_sitl_models/models/catamaran
[1.114s] -- Installing: /home/sachin/ardu_ws/install/ardupilot_sitl_models/share/ardupilot_sitl_models/models/catamaran/model.sdf
[1.114s] -- Installing: /home/sachin/ardu_ws/install/ardupilot_sitl_models/share/ardupilot_sitl_models/models/catamaran/meshes
[1.114s] -- Installing: /home/sachin/ardu_ws/install/ardupilot_sitl_models/share/ardupilot_sitl_models/models/catamaran/meshes/fin_collision.stl
[1.115s] -- Installing: /home/sachin/ardu_ws/install/ardupilot_sitl_models/share/ardupilot_sitl_models/models/catamaran/meshes/wind_sensor_collision.stl
[1.115s] -- Installing: /home/sachin/ardu_ws/install/ardupilot_sitl_models/share/ardupilot_sitl_models/models/catamaran/meshes/wind_sensor.dae
[1.115s] -- Installing: /home/sachin/ardu_ws/install/ardupilot_sitl_models/share/ardupilot_sitl_models/models/catamaran/meshes/hull_platform.dae
[1.116s] -- Installing: /home/sachin/ardu_ws/install/ardupilot_sitl_models/share/ardupilot_sitl_models/models/catamaran/meshes/rudder_collision.stl
[1.116s] -- Installing: /home/sachin/ardu_ws/install/ardupilot_sitl_models/share/ardupilot_sitl_models/models/catamaran/meshes/rudder.dae
[1.117s] -- Installing: /home/sachin/ardu_ws/install/ardupilot_sitl_models/share/ardupilot_sitl_models/models/catamaran/meshes/rig.dae
[1.118s] -- Installing: /home/sachin/ardu_ws/install/ardupilot_sitl_models/share/ardupilot_sitl_models/models/catamaran/meshes/hull_right_collision.stl
[1.118s] -- Installing: /home/sachin/ardu_ws/install/ardupilot_sitl_models/share/ardupilot_sitl_models/models/catamaran/meshes/fin.dae
[1.119s] -- Installing: /home/sachin/ardu_ws/install/ardupilot_sitl_models/share/ardupilot_sitl_models/models/catamaran/meshes/hull_left_collision.stl
[1.119s] -- Installing: /home/sachin/ardu_ws/install/ardupilot_sitl_models/share/ardupilot_sitl_models/models/catamaran/model.config
[1.120s] -- Installing: /home/sachin/ardu_ws/install/ardupilot_sitl_models/share/ardupilot_sitl_models/models/bicopter
[1.120s] -- Installing: /home/sachin/ardu_ws/install/ardupilot_sitl_models/share/ardupilot_sitl_models/models/bicopter/model.sdf
[1.120s] -- Installing: /home/sachin/ardu_ws/install/ardupilot_sitl_models/share/ardupilot_sitl_models/models/bicopter/meshes
[1.120s] -- Installing: /home/sachin/ardu_ws/install/ardupilot_sitl_models/share/ardupilot_sitl_models/models/bicopter/meshes/ccw_mot.stl
[1.121s] -- Installing: /home/sachin/ardu_ws/install/ardupilot_sitl_models/share/ardupilot_sitl_models/models/bicopter/meshes/ccw_servo.stl
[1.122s] -- Installing: /home/sachin/ardu_ws/install/ardupilot_sitl_models/share/ardupilot_sitl_models/models/bicopter/meshes/base.stl
[1.124s] -- Installing: /home/sachin/ardu_ws/install/ardupilot_sitl_models/share/ardupilot_sitl_models/models/bicopter/meshes/cw_servo.stl
[1.125s] -- Installing: /home/sachin/ardu_ws/install/ardupilot_sitl_models/share/ardupilot_sitl_models/models/bicopter/meshes/cw_mot.stl
[1.126s] -- Installing: /home/sachin/ardu_ws/install/ardupilot_sitl_models/share/ardupilot_sitl_models/models/bicopter/model.config
[1.126s] -- Installing: /home/sachin/ardu_ws/install/ardupilot_sitl_models/share/ardupilot_sitl_models/models/sawppy
[1.126s] -- Installing: /home/sachin/ardu_ws/install/ardupilot_sitl_models/share/ardupilot_sitl_models/models/sawppy/model.sdf
[1.126s] -- Installing: /home/sachin/ardu_ws/install/ardupilot_sitl_models/share/ardupilot_sitl_models/models/sawppy/meshes
[1.127s] -- Installing: /home/sachin/ardu_ws/install/ardupilot_sitl_models/share/ardupilot_sitl_models/models/sawppy/meshes/sensors
[1.127s] -- Installing: /home/sachin/ardu_ws/install/ardupilot_sitl_models/share/ardupilot_sitl_models/models/sawppy/meshes/sensors/rplidar_a1_low.stl
[1.130s] -- Installing: /home/sachin/ardu_ws/install/ardupilot_sitl_models/share/ardupilot_sitl_models/models/sawppy/meshes/sensors/rplidar_a1_assembly_low.stl
[1.134s] -- Installing: /home/sachin/ardu_ws/install/ardupilot_sitl_models/share/ardupilot_sitl_models/models/sawppy/meshes/bases
[1.134s] -- Installing: /home/sachin/ardu_ws/install/ardupilot_sitl_models/share/ardupilot_sitl_models/models/sawppy/meshes/bases/back_right_steering_asm.stl
[1.135s] -- Installing: /home/sachin/ardu_ws/install/ardupilot_sitl_models/share/ardupilot_sitl_models/models/sawppy/meshes/bases/left_bogie_asm.stl
[1.136s] -- Installing: /home/sachin/ardu_ws/install/ardupilot_sitl_models/share/ardupilot_sitl_models/models/sawppy/meshes/bases/right_rocker_asm.stl
[1.138s] -- Installing: /home/sachin/ardu_ws/install/ardupilot_sitl_models/share/ardupilot_sitl_models/models/sawppy/meshes/bases/left_rocker_asm.stl
[1.139s] -- Installing: /home/sachin/ardu_ws/install/ardupilot_sitl_models/share/ardupilot_sitl_models/models/sawppy/meshes/bases/body_box.stl
[1.143s] -- Installing: /home/sachin/ardu_ws/install/ardupilot_sitl_models/share/ardupilot_sitl_models/models/sawppy/meshes/bases/front_right_steering_asm.stl
[1.144s] -- Installing: /home/sachin/ardu_ws/install/ardupilot_sitl_models/share/ardupilot_sitl_models/models/sawppy/meshes/bases/right_bogie_asm.stl
[1.145s] -- Installing: /home/sachin/ardu_ws/install/ardupilot_sitl_models/share/ardupilot_sitl_models/models/sawppy/meshes/bases/turnbuckle.stl
[1.148s] -- Installing: /home/sachin/ardu_ws/install/ardupilot_sitl_models/share/ardupilot_sitl_models/models/sawppy/meshes/bases/front_left_steering_asm.stl
[1.149s] -- Installing: /home/sachin/ardu_ws/install/ardupilot_sitl_models/share/ardupilot_sitl_models/models/sawppy/meshes/bases/back_left_steering_asm.stl
[1.150s] -- Installing: /home/sachin/ardu_ws/install/ardupilot_sitl_models/share/ardupilot_sitl_models/models/sawppy/meshes/bases/differential.stl
[1.151s] -- Installing: /home/sachin/ardu_ws/install/ardupilot_sitl_models/share/ardupilot_sitl_models/models/sawppy/meshes/wheels
[1.151s] -- Installing: /home/sachin/ardu_ws/install/ardupilot_sitl_models/share/ardupilot_sitl_models/models/sawppy/meshes/wheels/wheel.stl
[1.153s] -- Installing: /home/sachin/ardu_ws/install/ardupilot_sitl_models/share/ardupilot_sitl_models/models/sawppy/meshes/wheels/wheel_asm.stl
[1.156s] -- Installing: /home/sachin/ardu_ws/install/ardupilot_sitl_models/share/ardupilot_sitl_models/models/sawppy/model.config
[1.156s] -- Installing: /home/sachin/ardu_ws/install/ardupilot_sitl_models/share/ardupilot_sitl_models/models/bicopter_with_ardupilot
[1.156s] -- Installing: /home/sachin/ardu_ws/install/ardupilot_sitl_models/share/ardupilot_sitl_models/models/bicopter_with_ardupilot/model.sdf
[1.156s] -- Installing: /home/sachin/ardu_ws/install/ardupilot_sitl_models/share/ardupilot_sitl_models/models/bicopter_with_ardupilot/model.config
[1.156s] -- Installing: /home/sachin/ardu_ws/install/ardupilot_sitl_models/share/ardupilot_sitl_models/models/rocky_asphalt_4x4
[1.156s] -- Installing: /home/sachin/ardu_ws/install/ardupilot_sitl_models/share/ardupilot_sitl_models/models/rocky_asphalt_4x4/model.sdf
[1.156s] -- Installing: /home/sachin/ardu_ws/install/ardupilot_sitl_models/share/ardupilot_sitl_models/models/rocky_asphalt_4x4/materials
[1.157s] -- Installing: /home/sachin/ardu_ws/install/ardupilot_sitl_models/share/ardupilot_sitl_models/models/rocky_asphalt_4x4/materials/textures
[1.157s] -- Installing: /home/sachin/ardu_ws/install/ardupilot_sitl_models/share/ardupilot_sitl_models/models/rocky_asphalt_4x4/materials/textures/rocky_asphalt1_Height.png
[1.158s] -- Installing: /home/sachin/ardu_ws/install/ardupilot_sitl_models/share/ardupilot_sitl_models/models/rocky_asphalt_4x4/materials/textures/rocky_asphalt1_ao.png
[1.161s] -- Installing: /home/sachin/ardu_ws/install/ardupilot_sitl_models/share/ardupilot_sitl_models/models/rocky_asphalt_4x4/materials/textures/rocky_asphalt1_Metallic.png
[1.161s] -- Installing: /home/sachin/ardu_ws/install/ardupilot_sitl_models/share/ardupilot_sitl_models/models/rocky_asphalt_4x4/materials/textures/rocky_asphalt1_Normal-ogl.png
[1.171s] -- Installing: /home/sachin/ardu_ws/install/ardupilot_sitl_models/share/ardupilot_sitl_models/models/rocky_asphalt_4x4/materials/textures/rocky_asphalt1_Roughness.png
[1.175s] -- Installing: /home/sachin/ardu_ws/install/ardupilot_sitl_models/share/ardupilot_sitl_models/models/rocky_asphalt_4x4/materials/textures/rocky_asphalt1_albedo.png
[1.198s] -- Installing: /home/sachin/ardu_ws/install/ardupilot_sitl_models/share/ardupilot_sitl_models/models/rocky_asphalt_4x4/model.config
[1.199s] -- Installing: /home/sachin/ardu_ws/install/ardupilot_sitl_models/share/ardupilot_sitl_models/models/skywalker_x8
[1.199s] -- Installing: /home/sachin/ardu_ws/install/ardupilot_sitl_models/share/ardupilot_sitl_models/models/skywalker_x8/model.sdf
[1.200s] -- Installing: /home/sachin/ardu_ws/install/ardupilot_sitl_models/share/ardupilot_sitl_models/models/skywalker_x8/meshes
[1.200s] -- Installing: /home/sachin/ardu_ws/install/ardupilot_sitl_models/share/ardupilot_sitl_models/models/skywalker_x8/meshes/iris_prop_ccw.dae
[1.208s] -- Installing: /home/sachin/ardu_ws/install/ardupilot_sitl_models/share/ardupilot_sitl_models/models/skywalker_x8/meshes/x8_elevon_left.dae
[1.210s] -- Installing: /home/sachin/ardu_ws/install/ardupilot_sitl_models/share/ardupilot_sitl_models/models/skywalker_x8/meshes/x8_wing.dae
[1.213s] -- Installing: /home/sachin/ardu_ws/install/ardupilot_sitl_models/share/ardupilot_sitl_models/models/skywalker_x8/meshes/x8_elevon_right.dae
[1.213s] -- Installing: /home/sachin/ardu_ws/install/ardupilot_sitl_models/share/ardupilot_sitl_models/models/skywalker_x8/meshes/iris_prop_cw.dae
[1.214s] -- Installing: /home/sachin/ardu_ws/install/ardupilot_sitl_models/share/ardupilot_sitl_models/models/skywalker_x8/materials
[1.214s] -- Installing: /home/sachin/ardu_ws/install/ardupilot_sitl_models/share/ardupilot_sitl_models/models/skywalker_x8/materials/textures
[1.214s] -- Installing: /home/sachin/ardu_ws/install/ardupilot_sitl_models/share/ardupilot_sitl_models/models/skywalker_x8/materials/textures/x8.tga
[1.221s] -- Installing: /home/sachin/ardu_ws/install/ardupilot_sitl_models/share/ardupilot_sitl_models/models/skywalker_x8/materials/textures/blue_metal
[1.221s] -- Installing: /home/sachin/ardu_ws/install/ardupilot_sitl_models/share/ardupilot_sitl_models/models/skywalker_x8/materials/textures/blue_metal/blue_metal_roughness.jpg
[1.222s] -- Installing: /home/sachin/ardu_ws/install/ardupilot_sitl_models/share/ardupilot_sitl_models/models/skywalker_x8/materials/textures/blue_metal/blue_metal_basecolor.jpg
[1.222s] -- Installing: /home/sachin/ardu_ws/install/ardupilot_sitl_models/share/ardupilot_sitl_models/models/skywalker_x8/materials/textures/blue_metal/blue_metal_normal.jpg
[1.223s] -- Installing: /home/sachin/ardu_ws/install/ardupilot_sitl_models/share/ardupilot_sitl_models/models/skywalker_x8/materials/textures/blue_metal/blue_metal_metallic.jpg
[1.223s] -- Installing: /home/sachin/ardu_ws/install/ardupilot_sitl_models/share/ardupilot_sitl_models/models/skywalker_x8/materials/textures/metal_graphite
[1.223s] -- Installing: /home/sachin/ardu_ws/install/ardupilot_sitl_models/share/ardupilot_sitl_models/models/skywalker_x8/materials/textures/metal_graphite/metal_graphite_roughness.jpg
[1.224s] -- Installing: /home/sachin/ardu_ws/install/ardupilot_sitl_models/share/ardupilot_sitl_models/models/skywalker_x8/materials/textures/metal_graphite/metal_graphite_metallic.jpg
[1.224s] -- Installing: /home/sachin/ardu_ws/install/ardupilot_sitl_models/share/ardupilot_sitl_models/models/skywalker_x8/materials/textures/metal_graphite/metal_graphite_normal.jpg
[1.224s] -- Installing: /home/sachin/ardu_ws/install/ardupilot_sitl_models/share/ardupilot_sitl_models/models/skywalker_x8/materials/textures/metal_graphite/metal_graphite_basecolor.jpg
[1.225s] -- Installing: /home/sachin/ardu_ws/install/ardupilot_sitl_models/share/ardupilot_sitl_models/models/skywalker_x8/model.config
[1.225s] -- Installing: /home/sachin/ardu_ws/install/ardupilot_sitl_models/share/ardupilot_sitl_models/models/wildthumper
[1.225s] -- Installing: /home/sachin/ardu_ws/install/ardupilot_sitl_models/share/ardupilot_sitl_models/models/wildthumper/model.sdf
[1.225s] -- Installing: /home/sachin/ardu_ws/install/ardupilot_sitl_models/share/ardupilot_sitl_models/models/wildthumper/meshes
[1.225s] -- Installing: /home/sachin/ardu_ws/install/ardupilot_sitl_models/share/ardupilot_sitl_models/models/wildthumper/meshes/bases
[1.225s] -- Installing: /home/sachin/ardu_ws/install/ardupilot_sitl_models/share/ardupilot_sitl_models/models/wildthumper/meshes/bases/right_motor_asm.dae
[1.228s] -- Installing: /home/sachin/ardu_ws/install/ardupilot_sitl_models/share/ardupilot_sitl_models/models/wildthumper/meshes/bases/small_chassis_with_frame_connector.dae
[1.231s] -- Installing: /home/sachin/ardu_ws/install/ardupilot_sitl_models/share/ardupilot_sitl_models/models/wildthumper/meshes/bases/top_chassis.dae
[1.238s] -- Installing: /home/sachin/ardu_ws/install/ardupilot_sitl_models/share/ardupilot_sitl_models/models/wildthumper/meshes/bases/top_chassis_with_standoffs.dae
[1.249s] -- Installing: /home/sachin/ardu_ws/install/ardupilot_sitl_models/share/ardupilot_sitl_models/models/wildthumper/meshes/bases/left_motor_asm.dae
[1.252s] -- Installing: /home/sachin/ardu_ws/install/ardupilot_sitl_models/share/ardupilot_sitl_models/models/wildthumper/meshes/bases/wheel_chassis_short.dae
[1.254s] -- Installing: /home/sachin/ardu_ws/install/ardupilot_sitl_models/share/ardupilot_sitl_models/models/wildthumper/meshes/bases/wheel_chassis_long.dae
[1.257s] -- Installing: /home/sachin/ardu_ws/install/ardupilot_sitl_models/share/ardupilot_sitl_models/models/wildthumper/meshes/wheels
[1.257s] -- Installing: /home/sachin/ardu_ws/install/ardupilot_sitl_models/share/ardupilot_sitl_models/models/wildthumper/meshes/wheels/left_wheel_adapter.dae
[1.258s] -- Installing: /home/sachin/ardu_ws/install/ardupilot_sitl_models/share/ardupilot_sitl_models/models/wildthumper/meshes/wheels/right_wheel_tyre.dae
[1.262s] -- Installing: /home/sachin/ardu_ws/install/ardupilot_sitl_models/share/ardupilot_sitl_models/models/wildthumper/meshes/wheels/left_wheel_tyre.dae
[1.266s] -- Installing: /home/sachin/ardu_ws/install/ardupilot_sitl_models/share/ardupilot_sitl_models/models/wildthumper/meshes/wheels/left_wheel_rim.dae
[1.272s] -- Installing: /home/sachin/ardu_ws/install/ardupilot_sitl_models/share/ardupilot_sitl_models/models/wildthumper/meshes/wheels/right_wheel_rim.dae
[1.276s] -- Installing: /home/sachin/ardu_ws/install/ardupilot_sitl_models/share/ardupilot_sitl_models/models/wildthumper/meshes/wheels/right_wheel_adapter.dae
[1.277s] -- Installing: /home/sachin/ardu_ws/install/ardupilot_sitl_models/share/ardupilot_sitl_models/models/wildthumper/materials
[1.277s] -- Installing: /home/sachin/ardu_ws/install/ardupilot_sitl_models/share/ardupilot_sitl_models/models/wildthumper/materials/textures
[1.277s] -- Installing: /home/sachin/ardu_ws/install/ardupilot_sitl_models/share/ardupilot_sitl_models/models/wildthumper/materials/textures/silver_metal
[1.277s] -- Installing: /home/sachin/ardu_ws/install/ardupilot_sitl_models/share/ardupilot_sitl_models/models/wildthumper/materials/textures/silver_metal/silver_metal_roughness.jpg
[1.278s] -- Installing: /home/sachin/ardu_ws/install/ardupilot_sitl_models/share/ardupilot_sitl_models/models/wildthumper/materials/textures/silver_metal/silver_metal_diffuse.jpg
[1.279s] -- Installing: /home/sachin/ardu_ws/install/ardupilot_sitl_models/share/ardupilot_sitl_models/models/wildthumper/materials/textures/silver_metal/silver_metal_metallic.jpg
[1.279s] -- Installing: /home/sachin/ardu_ws/install/ardupilot_sitl_models/share/ardupilot_sitl_models/models/wildthumper/materials/textures/silver_metal/silver_metal_normal.jpg
[1.280s] -- Installing: /home/sachin/ardu_ws/install/ardupilot_sitl_models/share/ardupilot_sitl_models/models/wildthumper/materials/textures/red_metal
[1.280s] -- Installing: /home/sachin/ardu_ws/install/ardupilot_sitl_models/share/ardupilot_sitl_models/models/wildthumper/materials/textures/red_metal/red_metal_metallic.jpg
[1.281s] -- Installing: /home/sachin/ardu_ws/install/ardupilot_sitl_models/share/ardupilot_sitl_models/models/wildthumper/materials/textures/red_metal/red_metal_diffuse.jpg
[1.281s] -- Installing: /home/sachin/ardu_ws/install/ardupilot_sitl_models/share/ardupilot_sitl_models/models/wildthumper/materials/textures/red_metal/red_metal_roughness.jpg
[1.283s] -- Installing: /home/sachin/ardu_ws/install/ardupilot_sitl_models/share/ardupilot_sitl_models/models/wildthumper/materials/textures/red_metal/red_metal_normal.jpg
[1.284s] -- Installing: /home/sachin/ardu_ws/install/ardupilot_sitl_models/share/ardupilot_sitl_models/models/wildthumper/materials/textures/black_metal
[1.284s] -- Installing: /home/sachin/ardu_ws/install/ardupilot_sitl_models/share/ardupilot_sitl_models/models/wildthumper/materials/textures/black_metal/black_metal_normal.jpg
[1.286s] -- Installing: /home/sachin/ardu_ws/install/ardupilot_sitl_models/share/ardupilot_sitl_models/models/wildthumper/materials/textures/black_metal/black_metal_metallic.jpg
[1.286s] -- Installing: /home/sachin/ardu_ws/install/ardupilot_sitl_models/share/ardupilot_sitl_models/models/wildthumper/materials/textures/black_metal/black_metal_diffuse.jpg
[1.288s] -- Installing: /home/sachin/ardu_ws/install/ardupilot_sitl_models/share/ardupilot_sitl_models/models/wildthumper/materials/textures/black_metal/black_metal_roughness.jpg
[1.290s] -- Installing: /home/sachin/ardu_ws/install/ardupilot_sitl_models/share/ardupilot_sitl_models/models/wildthumper/materials/textures/rubber_01
[1.290s] -- Installing: /home/sachin/ardu_ws/install/ardupilot_sitl_models/share/ardupilot_sitl_models/models/wildthumper/materials/textures/rubber_01/rubber_01_diffuse.jpg
[1.291s] -- Installing: /home/sachin/ardu_ws/install/ardupilot_sitl_models/share/ardupilot_sitl_models/models/wildthumper/materials/textures/rubber_01/rubber_01_normal.jpg
[1.292s] -- Installing: /home/sachin/ardu_ws/install/ardupilot_sitl_models/share/ardupilot_sitl_models/models/wildthumper/materials/textures/rubber_01/rubber_01_roughness.jpg
[1.293s] -- Installing: /home/sachin/ardu_ws/install/ardupilot_sitl_models/share/ardupilot_sitl_models/models/wildthumper/model.config
[1.293s] -- Installing: /home/sachin/ardu_ws/install/ardupilot_sitl_models/share/ardupilot_sitl_models/models/rover_playpen
[1.293s] -- Installing: /home/sachin/ardu_ws/install/ardupilot_sitl_models/share/ardupilot_sitl_models/models/rover_playpen/model.sdf
[1.293s] -- Installing: /home/sachin/ardu_ws/install/ardupilot_sitl_models/share/ardupilot_sitl_models/models/rover_playpen/model.config
[1.293s] -- Installing: /home/sachin/ardu_ws/install/ardupilot_sitl_models/share/ardupilot_sitl_models/models/wsc_aircraft
[1.293s] -- Installing: /home/sachin/ardu_ws/install/ardupilot_sitl_models/share/ardupilot_sitl_models/models/wsc_aircraft/model.sdf
[1.294s] -- Installing: /home/sachin/ardu_ws/install/ardupilot_sitl_models/share/ardupilot_sitl_models/models/wsc_aircraft/meshes
[1.294s] -- Installing: /home/sachin/ardu_ws/install/ardupilot_sitl_models/share/ardupilot_sitl_models/models/wsc_aircraft/meshes/wing_root_right.dae
[1.294s] -- Installing: /home/sachin/ardu_ws/install/ardupilot_sitl_models/share/ardupilot_sitl_models/models/wsc_aircraft/meshes/fuselage.dae
[1.294s] -- Installing: /home/sachin/ardu_ws/install/ardupilot_sitl_models/share/ardupilot_sitl_models/models/wsc_aircraft/meshes/hang_block_pitch.dae
[1.294s] -- Installing: /home/sachin/ardu_ws/install/ardupilot_sitl_models/share/ardupilot_sitl_models/models/wsc_aircraft/meshes/wing_root_right_2.dae
[1.295s] -- Installing: /home/sachin/ardu_ws/install/ardupilot_sitl_models/share/ardupilot_sitl_models/models/wsc_aircraft/meshes/wing_tip_left.dae
[1.296s] -- Installing: /home/sachin/ardu_ws/install/ardupilot_sitl_models/share/ardupilot_sitl_models/models/wsc_aircraft/meshes/landing_gear.dae
[1.297s] -- Installing: /home/sachin/ardu_ws/install/ardupilot_sitl_models/share/ardupilot_sitl_models/models/wsc_aircraft/meshes/motor2.dae
[1.297s] -- Installing: /home/sachin/ardu_ws/install/ardupilot_sitl_models/share/ardupilot_sitl_models/models/wsc_aircraft/meshes/front_wheel2.dae
[1.297s] -- Installing: /home/sachin/ardu_ws/install/ardupilot_sitl_models/share/ardupilot_sitl_models/models/wsc_aircraft/meshes/motor1.dae
[1.297s] -- Installing: /home/sachin/ardu_ws/install/ardupilot_sitl_models/share/ardupilot_sitl_models/models/wsc_aircraft/meshes/wing_tip_right.dae
[1.298s] -- Installing: /home/sachin/ardu_ws/install/ardupilot_sitl_models/share/ardupilot_sitl_models/models/wsc_aircraft/meshes/wing_tip_right_2.dae
[1.298s] -- Installing: /home/sachin/ardu_ws/install/ardupilot_sitl_models/share/ardupilot_sitl_models/models/wsc_aircraft/meshes/front_wheel1.dae
[1.298s] -- Installing: /home/sachin/ardu_ws/install/ardupilot_sitl_models/share/ardupilot_sitl_models/models/wsc_aircraft/meshes/rear_wheel.dae
[1.299s] -- Installing: /home/sachin/ardu_ws/install/ardupilot_sitl_models/share/ardupilot_sitl_models/models/wsc_aircraft/meshes/propeller_S.dae
[1.299s] -- Installing: /home/sachin/ardu_ws/install/ardupilot_sitl_models/share/ardupilot_sitl_models/models/wsc_aircraft/meshes/wing_root_left_2.dae
[1.300s] -- Installing: /home/sachin/ardu_ws/install/ardupilot_sitl_models/share/ardupilot_sitl_models/models/wsc_aircraft/meshes/battery.dae
[1.300s] -- Installing: /home/sachin/ardu_ws/install/ardupilot_sitl_models/share/ardupilot_sitl_models/models/wsc_aircraft/meshes/wing_tip_left_2.dae
[1.301s] -- Installing: /home/sachin/ardu_ws/install/ardupilot_sitl_models/share/ardupilot_sitl_models/models/wsc_aircraft/meshes/steering_link.dae
[1.301s] -- Installing: /home/sachin/ardu_ws/install/ardupilot_sitl_models/share/ardupilot_sitl_models/models/wsc_aircraft/meshes/wing_root_left.dae
[1.302s] -- Installing: /home/sachin/ardu_ws/install/ardupilot_sitl_models/share/ardupilot_sitl_models/models/wsc_aircraft/meshes/hang_block_roll.dae
[1.302s] -- Installing: /home/sachin/ardu_ws/install/ardupilot_sitl_models/share/ardupilot_sitl_models/models/wsc_aircraft/model.config
[1.302s] -- Installing: /home/sachin/ardu_ws/install/ardupilot_sitl_models/share/ardupilot_sitl_models/models/wsc_aircraft/gazebo-test.parm
[1.302s] -- Installing: /home/sachin/ardu_ws/install/ardupilot_sitl_models/share/ardupilot_sitl_models/models/hexapod_copter
[1.303s] -- Installing: /home/sachin/ardu_ws/install/ardupilot_sitl_models/share/ardupilot_sitl_models/models/hexapod_copter/model.sdf
[1.304s] -- Installing: /home/sachin/ardu_ws/install/ardupilot_sitl_models/share/ardupilot_sitl_models/models/hexapod_copter/meshes
[1.304s] -- Installing: /home/sachin/ardu_ws/install/ardupilot_sitl_models/share/ardupilot_sitl_models/models/hexapod_copter/meshes/iris_prop_ccw.dae
[1.305s] -- Installing: /home/sachin/ardu_ws/install/ardupilot_sitl_models/share/ardupilot_sitl_models/models/hexapod_copter/meshes/iris_prop_cw.dae
[1.306s] -- Installing: /home/sachin/ardu_ws/install/ardupilot_sitl_models/share/ardupilot_sitl_models/models/hexapod_copter/model.config
[1.307s] -- Installing: /home/sachin/ardu_ws/install/ardupilot_sitl_models/share/ardupilot_sitl_models/worlds
[1.307s] -- Installing: /home/sachin/ardu_ws/install/ardupilot_sitl_models/share/ardupilot_sitl_models/worlds/daf_truck_runway.sdf
[1.307s] -- Installing: /home/sachin/ardu_ws/install/ardupilot_sitl_models/share/ardupilot_sitl_models/worlds/skywalker_x8_runway.sdf
[1.307s] -- Installing: /home/sachin/ardu_ws/install/ardupilot_sitl_models/share/ardupilot_sitl_models/worlds/rover_playpen.sdf
[1.307s] -- Installing: /home/sachin/ardu_ws/install/ardupilot_sitl_models/share/ardupilot_sitl_models/worlds/skywalker_x8_quad_runway.sdf
[1.307s] -- Installing: /home/sachin/ardu_ws/install/ardupilot_sitl_models/share/ardupilot_sitl_models/worlds/skycat_runway.sdf
[1.307s] -- Installing: /home/sachin/ardu_ws/install/ardupilot_sitl_models/share/ardupilot_sitl_models/worlds/r1_rover_runway.sdf
[1.308s] -- Installing: /home/sachin/ardu_ws/install/ardupilot_sitl_models/share/ardupilot_sitl_models/worlds/wildthumper_playpen.sdf
[1.308s] -- Installing: /home/sachin/ardu_ws/install/ardupilot_sitl_models/share/ardupilot_sitl_models/worlds/truck_quadplane_landing.sdf.erb
[1.308s] -- Installing: /home/sachin/ardu_ws/install/ardupilot_sitl_models/share/ardupilot_sitl_models/worlds/hexapod_copter_runway.sdf
[1.308s] -- Installing: /home/sachin/ardu_ws/install/ardupilot_sitl_models/share/ardupilot_sitl_models/worlds/bicopter_runway.sdf
[1.309s] -- Installing: /home/sachin/ardu_ws/install/ardupilot_sitl_models/share/ardupilot_sitl_models/worlds/swan_k1_hwing_runway.sdf
[1.309s] -- Installing: /home/sachin/ardu_ws/install/ardupilot_sitl_models/share/ardupilot_sitl_models/worlds/wsc_aircraft_runway.sdf
[1.309s] -- Installing: /home/sachin/ardu_ws/install/ardupilot_sitl_models/share/ardupilot_sitl_models/worlds/catamaran_waves.sdf
[1.309s] -- Installing: /home/sachin/ardu_ws/install/ardupilot_sitl_models/share/ardupilot_sitl_models/worlds/quadruped_runway.sdf
[1.309s] -- Installing: /home/sachin/ardu_ws/install/ardupilot_sitl_models/share/ardupilot_sitl_models/worlds/alti_transition_runway.sdf
[1.310s] -- Installing: /home/sachin/ardu_ws/install/ardupilot_sitl_models/share/ardupilot_sitl_models/worlds/sonoma_raceway.sdf
[1.310s] -- Installing: /home/sachin/ardu_ws/install/ardupilot_sitl_models/share/ardupilot_sitl_models/worlds/wildthumper_runway.sdf
[1.310s] -- Installing: /home/sachin/ardu_ws/install/ardupilot_sitl_models/share/ardupilot_sitl_models/worlds/sawppy_playpen.sdf
[1.311s] -- Installing: /home/sachin/ardu_ws/install/ardupilot_sitl_models/share/ardupilot_sitl_models/environment/ardupilot_sitl_models.dsv
[1.311s] -- Installing: /home/sachin/ardu_ws/install/ardupilot_sitl_models/share/ardupilot_sitl_models/environment/ardupilot_sitl_models.sh
[1.311s] -- Installing: /home/sachin/ardu_ws/install/ardupilot_sitl_models/share/ament_index/resource_index/package_run_dependencies/ardupilot_sitl_models
[1.312s] -- Installing: /home/sachin/ardu_ws/install/ardupilot_sitl_models/share/ament_index/resource_index/parent_prefix_path/ardupilot_sitl_models
[1.312s] -- Installing: /home/sachin/ardu_ws/install/ardupilot_sitl_models/share/ardupilot_sitl_models/environment/ament_prefix_path.sh
[1.312s] -- Installing: /home/sachin/ardu_ws/install/ardupilot_sitl_models/share/ardupilot_sitl_models/environment/ament_prefix_path.dsv
[1.312s] -- Installing: /home/sachin/ardu_ws/install/ardupilot_sitl_models/share/ardupilot_sitl_models/environment/path.sh
[1.312s] -- Installing: /home/sachin/ardu_ws/install/ardupilot_sitl_models/share/ardupilot_sitl_models/environment/path.dsv
[1.313s] -- Installing: /home/sachin/ardu_ws/install/ardupilot_sitl_models/share/ardupilot_sitl_models/local_setup.bash
[1.313s] -- Installing: /home/sachin/ardu_ws/install/ardupilot_sitl_models/share/ardupilot_sitl_models/local_setup.sh
[1.313s] -- Installing: /home/sachin/ardu_ws/install/ardupilot_sitl_models/share/ardupilot_sitl_models/local_setup.zsh
[1.313s] -- Installing: /home/sachin/ardu_ws/install/ardupilot_sitl_models/share/ardupilot_sitl_models/local_setup.dsv
[1.313s] -- Installing: /home/sachin/ardu_ws/install/ardupilot_sitl_models/share/ardupilot_sitl_models/package.dsv
[1.313s] -- Installing: /home/sachin/ardu_ws/install/ardupilot_sitl_models/share/ament_index/resource_index/packages/ardupilot_sitl_models
[1.314s] -- Installing: /home/sachin/ardu_ws/install/ardupilot_sitl_models/share/ardupilot_sitl_models/cmake/ardupilot_sitl_modelsConfig.cmake
[1.314s] -- Installing: /home/sachin/ardu_ws/install/ardupilot_sitl_models/share/ardupilot_sitl_models/cmake/ardupilot_sitl_modelsConfig-version.cmake
[1.314s] -- Installing: /home/sachin/ardu_ws/install/ardupilot_sitl_models/share/ardupilot_sitl_models/package.xml
[1.317s] Invoked command in '/home/sachin/ardu_ws/build/ardupilot_sitl_models' returned '0': CMAKE_PREFIX_PATH=/home/sachin/ardu_ws/install/ardupilot_gazebo:/home/sachin/ardu_ws/install/ardupilot_gz_bringup:/home/sachin/ardu_ws/install/sdformat_urdf:/home/sachin/ardu_ws/install/sdformat_test_files:/home/sachin/ardu_ws/install/ardupilot_sitl:/home/sachin/ardu_ws/install/micro_ros_agent:/home/sachin/ardu_ws/install/ardupilot_sitl_models:/home/sachin/ardu_ws/install/ardupilot_msgs:/home/sachin/ardu_ws/install/ardupilot_gz_gazebo:/home/sachin/ardu_ws/install/ardupilot_gz_description:/home/sachin/ardu_ws/install/ardupilot_gz_application:/opt/ros/jazzy/opt/gz_sim_vendor:/opt/ros/jazzy/opt/gz_sensors_vendor:/opt/ros/jazzy/opt/gz_physics_vendor:/opt/ros/jazzy/opt/sdformat_vendor:/opt/ros/jazzy/opt/gz_gui_vendor:/opt/ros/jazzy/opt/gz_transport_vendor:/opt/ros/jazzy/opt/gz_rendering_vendor:/opt/ros/jazzy/opt/gz_plugin_vendor:/opt/ros/jazzy/opt/gz_fuel_tools_vendor:/opt/ros/jazzy/opt/gz_msgs_vendor:/opt/ros/jazzy/opt/gz_common_vendor:/opt/ros/jazzy/opt/gz_math_vendor:/opt/ros/jazzy/opt/gz_utils_vendor:/opt/ros/jazzy/opt/gz_tools_vendor:/opt/ros/jazzy/opt/gz_ogre_next_vendor:/opt/ros/jazzy/opt/gz_dartsim_vendor:/opt/ros/jazzy/opt/gz_cmake_vendor:/home/sachin/ardu_ws/install/ardupilot_dds_tests:/opt/ros/jazzy DEBUGINFOD_URLS=https://debuginfod.ubuntu.com GZ_SIM_PLUGIN_PATH=/home/sachin/ardu_ws/install/ardupilot_gazebo/lib/ardupilot_gazebo GZ_SIM_RESOURCE_PATH=/home/sachin/ardu_ws/install/ardupilot_gazebo/share/ardupilot_gazebo/worlds:/home/sachin/ardu_ws/install/ardupilot_gazebo/share/ardupilot_gazebo/models:${GZ_SIM_RESOURCE_PATH} PS1=(.ros2_venv) \[\e]0;\u@\h: \w\a\]${debian_chroot:+($debian_chroot)}\[\033[01;32m\]\u@\h\[\033[00m\]:\[\033[01;34m\]\w\[\033[00m\]\$ VIRTUAL_ENV_PROMPT=(.ros2_venv) /usr/bin/cmake --install /home/sachin/ardu_ws/build/ardupilot_sitl_models
