[ 50%] Built target BasicSystem
[100%] Built target FullSystem
-- Install configuration: ""
-- Up-to-date: /home/sachin/ardu_ws/install/ardupilot_gz_gazebo/lib/ardupilot_gz_gazebo/libBasicSystem.so
-- Up-to-date: /home/sachin/ardu_ws/install/ardupilot_gz_gazebo/lib/ardupilot_gz_gazebo/libFullSystem.so
-- Up-to-date: /home/sachin/ardu_ws/install/ardupilot_gz_gazebo/share/ardupilot_gz_gazebo/worlds
-- Up-to-date: /home/sachin/ardu_ws/install/ardupilot_gz_gazebo/share/ardupilot_gz_gazebo/worlds/warehouse.sdf
-- Up-to-date: /home/sachin/ardu_ws/install/ardupilot_gz_gazebo/share/ardupilot_gz_gazebo/worlds/playpen.sdf
-- Up-to-date: /home/sachin/ardu_ws/install/ardupilot_gz_gazebo/share/ardupilot_gz_gazebo/worlds/runway.sdf
-- Up-to-date: /home/sachin/ardu_ws/install/ardupilot_gz_gazebo/share/ardupilot_gz_gazebo/worlds/maze.sdf
-- Up-to-date: /home/sachin/ardu_ws/install/ardupilot_gz_gazebo/share/ardupilot_gz_gazebo/environment/ardupilot_gz_gazebo.dsv
-- Up-to-date: /home/sachin/ardu_ws/install/ardupilot_gz_gazebo/share/ardupilot_gz_gazebo/environment/ardupilot_gz_gazebo.sh
-- Up-to-date: /home/sachin/ardu_ws/install/ardupilot_gz_gazebo/share/ament_index/resource_index/package_run_dependencies/ardupilot_gz_gazebo
-- Up-to-date: /home/sachin/ardu_ws/install/ardupilot_gz_gazebo/share/ament_index/resource_index/parent_prefix_path/ardupilot_gz_gazebo
-- Up-to-date: /home/sachin/ardu_ws/install/ardupilot_gz_gazebo/share/ardupilot_gz_gazebo/environment/ament_prefix_path.sh
-- Up-to-date: /home/sachin/ardu_ws/install/ardupilot_gz_gazebo/share/ardupilot_gz_gazebo/environment/ament_prefix_path.dsv
-- Up-to-date: /home/sachin/ardu_ws/install/ardupilot_gz_gazebo/share/ardupilot_gz_gazebo/environment/path.sh
-- Up-to-date: /home/sachin/ardu_ws/install/ardupilot_gz_gazebo/share/ardupilot_gz_gazebo/environment/path.dsv
-- Up-to-date: /home/sachin/ardu_ws/install/ardupilot_gz_gazebo/share/ardupilot_gz_gazebo/local_setup.bash
-- Up-to-date: /home/sachin/ardu_ws/install/ardupilot_gz_gazebo/share/ardupilot_gz_gazebo/local_setup.sh
-- Up-to-date: /home/sachin/ardu_ws/install/ardupilot_gz_gazebo/share/ardupilot_gz_gazebo/local_setup.zsh
-- Up-to-date: /home/sachin/ardu_ws/install/ardupilot_gz_gazebo/share/ardupilot_gz_gazebo/local_setup.dsv
-- Installing: /home/sachin/ardu_ws/install/ardupilot_gz_gazebo/share/ardupilot_gz_gazebo/package.dsv
-- Up-to-date: /home/sachin/ardu_ws/install/ardupilot_gz_gazebo/share/ament_index/resource_index/packages/ardupilot_gz_gazebo
-- Up-to-date: /home/sachin/ardu_ws/install/ardupilot_gz_gazebo/share/ardupilot_gz_gazebo/cmake/ardupilot_gz_gazeboConfig.cmake
-- Up-to-date: /home/sachin/ardu_ws/install/ardupilot_gz_gazebo/share/ardupilot_gz_gazebo/cmake/ardupilot_gz_gazeboConfig-version.cmake
-- Up-to-date: /home/sachin/ardu_ws/install/ardupilot_gz_gazebo/share/ardupilot_gz_gazebo/package.xml
