[0.016s] Invoking command in '/home/sachin/ardu_ws/build/ardupilot_gz_gazebo': CMAKE_PREFIX_PATH=${CMAKE_PREFIX_PATH}:/home/sachin/ardu_ws/install/ardupilot_dds_tests:/opt/ros/jazzy DEBUGINFOD_URLS=https://debuginfod.ubuntu.com PS1=(.ros2_venv) \[\e]0;\u@\h: \w\a\]${debian_chroot:+($debian_chroot)}\[\033[01;32m\]\u@\h\[\033[00m\]:\[\033[01;34m\]\w\[\033[00m\]\$ VIRTUAL_ENV_PROMPT=(.ros2_venv) /usr/bin/cmake /home/sachin/ardu_ws/src/ardupilot_gz/ardupilot_gz_gazebo -DCMAKE_INSTALL_PREFIX=/home/sachin/ardu_ws/install/ardupilot_gz_gazebo
[0.064s] -- The C compiler identification is GNU 13.3.0
[0.118s] -- The CXX compiler identification is GNU 13.3.0
[0.135s] -- Detecting C compiler ABI info
[0.193s] -- Detecting C compiler ABI info - done
[0.204s] -- Check for working C compiler: /usr/lib/ccache/cc - skipped
[0.204s] -- Detecting C compile features
[0.204s] -- Detecting C compile features - done
[0.213s] -- Detecting CXX compiler ABI info
[0.278s] -- Detecting CXX compiler ABI info - done
[0.290s] -- Check for working CXX compiler: /usr/lib/ccache/c++ - skipped
[0.290s] -- Detecting CXX compile features
[0.291s] -- Detecting CXX compile features - done
[0.296s] -- Found ament_cmake: 2.5.6 (/opt/ros/jazzy/share/ament_cmake/cmake)
[0.399s] -- Found Python3: /home/sachin/.ros2_venv/bin/python3 (found version "3.12.3") found components: Interpreter 
[0.517s] -- Looking for gz-plugin2 -- found version 2.0.4
[0.517s] -- Searching for dependencies of gz-plugin2
[0.518s] -- Looking for gz-utils2 -- found version 2.2.1
[0.518s] -- Searching for dependencies of gz-utils2
[0.519s] -- Searching for <gz-utils2> component [cli]
[0.520s] -- Looking for gz-utils2-cli -- found version 2.2.1
[0.520s] -- Searching for dependencies of gz-utils2-cli
[0.521s] -- Searching for <gz-plugin2> component [register]
[0.522s] -- Looking for gz-plugin2-register -- found version 2.0.4
[0.522s] -- Searching for dependencies of gz-plugin2-register
[0.523s] -- Looking for gz-plugin2 - found
[0.523s] 
[0.524s] -- Looking for gz-common5 -- found version 5.9.0
[0.524s] -- Searching for dependencies of gz-common5
[0.524s] -- Looking for gz-utils2 -- found version 2.2.1
[0.525s] -- Looking for dlfcn.h - found
[0.531s] -- Looking for libdl - found
[0.532s] -- Found DL: TRUE  
[0.538s] -- Checking for module 'uuid'
[0.554s] --   Found uuid, version 2.39.3
[0.583s] -- Found UUID: TRUE  
[0.584s] -- Searching for <gz-common5> component [profiler]
[0.586s] -- Looking for gz-common5-profiler -- found version 5.9.0
[0.586s] -- Searching for dependencies of gz-common5-profiler
[0.587s] -- Looking for gz-common5 - found
[0.587s] 
[0.593s] -- Looking for gz-sim8 -- found version 8.15.0
[0.593s] -- Searching for dependencies of gz-sim8
[0.595s] -- Looking for sdformat14 -- found version 14.9.0
[0.595s] -- Searching for dependencies of sdformat14
[0.599s] -- Checking for module 'tinyxml2'
[0.615s] --   Found tinyxml2, version 10.0.0
[0.644s] -- Looking for gz-math7 -- found version 7.5.2
[0.644s] -- Searching for dependencies of gz-math7
[0.644s] -- Looking for gz-utils2 -- found version 2.2.1
[0.645s] -- Looking for gz-utils2 -- found version 2.2.1
[0.646s] -- Looking for gz-plugin2 -- found version 2.0.4
[0.647s] -- Searching for dependencies of gz-plugin2
[0.647s] -- Looking for gz-utils2 -- found version 2.2.1
[0.647s] -- Searching for <gz-plugin2> component [loader]
[0.649s] -- Looking for gz-plugin2-loader -- found version 2.0.4
[0.649s] -- Searching for dependencies of gz-plugin2-loader
[0.650s] -- Searching for <gz-plugin2> component [register]
[0.651s] -- Looking for gz-transport13 -- found version 13.5.0
[0.651s] -- Searching for dependencies of gz-transport13
[0.778s] -- Found Protobuf: /usr/lib/x86_64-linux-gnu/libprotobuf.so (found version "3.21.12") 
[0.790s] -- Config-file not installed for ZeroMQ -- checking for pkg-config
[0.795s] -- Checking for module 'libzmq >= 4'
[0.810s] --   Found libzmq, version 4.3.5
[0.846s] -- Found ZeroMQ: TRUE (Required is at least version "4") 
[0.853s] -- Looking for gz-utils2 -- found version 2.2.1
[0.856s] -- Looking for gz-msgs10 -- found version 10.3.2
[0.856s] -- Searching for dependencies of gz-msgs10
[0.877s] -- Looking for gz-utils2 -- found version 2.2.1
[0.877s] -- Looking for gz-math7 -- found version 7.5.2
[0.884s] -- Searching for <gz-transport13> component [log]
[0.886s] -- Looking for gz-transport13-log -- found version 13.5.0
[0.886s] -- Searching for dependencies of gz-transport13-log
[0.886s] -- Searching for <gz-transport13> component [parameters]
[0.888s] -- Looking for gz-transport13-parameters -- found version 13.5.0
[0.888s] -- Searching for dependencies of gz-transport13-parameters
[0.888s] -- Looking for gz-msgs10 -- found version 10.3.2
[0.889s] -- Looking for gz-common5 -- found version 5.9.0
[0.889s] -- Searching for dependencies of gz-common5
[0.889s] -- Looking for gz-utils2 -- found version 2.2.1
[0.889s] -- Looking for dlfcn.h - found
[0.889s] -- Looking for libdl - found
[0.895s] -- Searching for <gz-common5> component [av]
[0.896s] -- Looking for gz-common5-av -- found version 5.9.0
[0.896s] -- Searching for dependencies of gz-common5-av
[0.901s] -- Checking for module 'libswscale'
[0.915s] --   Found libswscale, version 7.5.100
[0.946s] -- Found SWSCALE: TRUE  
[0.950s] -- Checking for module 'libavdevice >= 56.4.100'
[0.964s] --   Found libavdevice, version 60.3.100
[1.005s] -- Found AVDEVICE: TRUE (Required is at least version "56.4.100") 
[1.010s] -- Checking for module 'libavformat'
[1.024s] --   Found libavformat, version 60.16.100
[1.057s] -- Found AVFORMAT: TRUE  
[1.061s] -- Checking for module 'libavcodec'
[1.074s] --   Found libavcodec, version 60.31.102
[1.102s] -- Found AVCODEC: TRUE  
[1.106s] -- Checking for module 'libavutil'
[1.119s] --   Found libavutil, version 58.29.100
[1.143s] -- Found AVUTIL: TRUE  
[1.143s] -- Searching for <gz-common5> component [events]
[1.145s] -- Looking for gz-common5-events -- found version 5.9.0
[1.145s] -- Searching for dependencies of gz-common5-events
[1.145s] -- Looking for gz-math7 -- found version 7.5.2
[1.145s] -- Searching for <gz-common5> component [graphics]
[1.146s] -- Looking for gz-common5-graphics -- found version 5.9.0
[1.147s] -- Searching for dependencies of gz-common5-graphics
[1.147s] -- Looking for gz-math7 -- found version 7.5.2
[1.150s] -- Found GzAssimp: TRUE (found version "5.3.0") 
[1.150s] -- Searching for <gz-common5> component [io]
[1.152s] -- Looking for gz-common5-io -- found version 5.9.0
[1.152s] -- Searching for dependencies of gz-common5-io
[1.152s] -- Searching for <gz-common5> component [profiler]
[1.154s] -- Looking for gz-fuel_tools9 -- found version 9.1.1
[1.154s] -- Searching for dependencies of gz-fuel_tools9
[1.224s] -- Found CURL: /usr/lib/x86_64-linux-gnu/libcurl.so (found version "8.5.0")  
[1.232s] -- Checking for module 'jsoncpp'
[1.246s] --   Found jsoncpp, version 1.9.5
[1.271s] -- Found JSONCPP: TRUE  
[1.283s] -- Checking for module 'yaml-0.1'
[1.298s] --   Found yaml-0.1, version 0.2.5
[1.327s] -- Found YAML: TRUE  
[1.332s] -- Checking for module 'libzip'
[1.346s] --   Found libzip, version 1.7.3
[1.374s] -- Found ZIP: TRUE  
[1.374s] -- Looking for gz-utils2 -- found version 2.2.1
[1.374s] -- Looking for gz-common5 -- found version 5.9.0
[1.375s] -- Searching for dependencies of gz-common5
[1.375s] -- Looking for gz-utils2 -- found version 2.2.1
[1.375s] -- Looking for dlfcn.h - found
[1.375s] -- Looking for libdl - found
[1.380s] -- Searching for <gz-common5> component [testing]
[1.382s] -- Looking for gz-common5-testing -- found version 5.9.0
[1.382s] -- Searching for dependencies of gz-common5-testing
[1.383s] -- Looking for gz-math7 -- found version 7.5.2
[1.383s] -- Looking for gz-msgs10 -- found version 10.3.2
[1.385s] -- Looking for gz-gui8 -- found version 8.4.0
[1.385s] -- Searching for dependencies of gz-gui8
[1.403s] -- Looking for gz-utils2 -- found version 2.2.1
[1.403s] -- Looking for gz-math7 -- found version 7.5.2
[1.403s] -- Looking for gz-common5 -- found version 5.9.0
[1.404s] -- Looking for gz-plugin2 -- found version 2.0.4
[1.404s] -- Looking for gz-transport13 -- found version 13.5.0
[1.405s] -- Looking for gz-rendering8 -- found version 8.2.3
[1.405s] -- Searching for dependencies of gz-rendering8
[1.405s] -- Looking for gz-math7 -- found version 7.5.2
[1.405s] -- Searching for dependencies of gz-math7
[1.405s] -- Looking for gz-utils2 -- found version 2.2.1
[1.405s] -- Searching for <gz-math7> component [eigen3]
[1.407s] -- Looking for gz-math7-eigen3 -- found version 7.5.2
[1.407s] -- Searching for dependencies of gz-math7-eigen3
[1.413s] -- Looking for gz-common5 -- found version 5.9.0
[1.413s] -- Searching for dependencies of gz-common5
[1.414s] -- Looking for gz-utils2 -- found version 2.2.1
[1.414s] -- Looking for dlfcn.h - found
[1.414s] -- Looking for libdl - found
[1.420s] -- Searching for <gz-common5> component [graphics]
[1.420s] -- Searching for <gz-common5> component [events]
[1.420s] -- Searching for <gz-common5> component [geospatial]
[1.423s] -- Looking for gz-common5-geospatial -- found version 5.9.0
[1.423s] -- Searching for dependencies of gz-common5-geospatial
[1.423s] -- Looking for gz-math7 -- found version 7.5.2
[1.423s] -- Looking for gz-common5 -- found version 5.9.0
[1.425s] -- Looking for gz-plugin2 -- found version 2.0.4
[1.425s] -- Searching for dependencies of gz-plugin2
[1.425s] -- Looking for gz-utils2 -- found version 2.2.1
[1.425s] -- Searching for <gz-plugin2> component [all]
[1.427s] -- Looking for all libraries of gz-plugin2 -- found version 2.0.4
[1.427s] -- Looking for gz-plugin2 -- found version 2.0.4
[1.428s] -- Looking for gz-utils2 -- found version 2.2.1
[1.442s] -- Found OpenGL: /usr/lib/x86_64-linux-gnu/libOpenGL.so  found components: OpenGL 
[1.443s] -- Looking for gz-msgs10 -- found version 10.3.2
[1.468s] -- Looking for gz-physics7 -- found version 7.8.0
[1.468s] -- Searching for dependencies of gz-physics7
[1.468s] -- Looking for gz-common5 -- found version 5.9.0
[1.469s] -- Looking for gz-math7 -- found version 7.5.2
[1.469s] -- Looking for gz-plugin2 -- found version 2.0.4
[1.469s] -- Looking for gz-utils2 -- found version 2.2.1
[1.470s] -- Searching for <gz-physics7> component [heightmap]
[1.471s] -- Looking for gz-physics7-heightmap -- found version 7.8.0
[1.471s] -- Searching for dependencies of gz-physics7-heightmap
[1.471s] -- Looking for gz-common5 -- found version 5.9.0
[1.471s] -- Searching for <gz-physics7> component [mesh]
[1.472s] -- Looking for gz-physics7-mesh -- found version 7.8.0
[1.472s] -- Searching for dependencies of gz-physics7-mesh
[1.472s] -- Looking for gz-common5 -- found version 5.9.0
[1.473s] -- Searching for <gz-physics7> component [sdf]
[1.474s] -- Looking for gz-physics7-sdf -- found version 7.8.0
[1.474s] -- Searching for dependencies of gz-physics7-sdf
[1.474s] -- Looking for sdformat14 -- found version 14.9.0
[1.475s] -- Looking for gz-sensors8 -- found version 8.2.2
[1.475s] -- Searching for dependencies of gz-sensors8
[1.489s] -- Looking for gz-math7 -- found version 7.5.2
[1.489s] -- Looking for gz-common5 -- found version 5.9.0
[1.489s] -- Looking for gz-transport13 -- found version 13.5.0
[1.490s] -- Looking for gz-rendering8 -- found version 8.2.3
[1.490s] -- Looking for gz-msgs10 -- found version 10.3.2
[1.490s] -- Looking for sdformat14 -- found version 14.9.0
[1.491s] -- Searching for <gz-sensors8> component [air_pressure]
[1.492s] -- Looking for gz-sensors8-air_pressure -- found version 8.2.2
[1.492s] -- Searching for dependencies of gz-sensors8-air_pressure
[1.492s] -- Searching for <gz-sensors8> component [air_speed]
[1.493s] -- Looking for gz-sensors8-air_speed -- found version 8.2.2
[1.493s] -- Searching for dependencies of gz-sensors8-air_speed
[1.494s] -- Searching for <gz-sensors8> component [altimeter]
[1.495s] -- Looking for gz-sensors8-altimeter -- found version 8.2.2
[1.495s] -- Searching for dependencies of gz-sensors8-altimeter
[1.495s] -- Searching for <gz-sensors8> component [imu]
[1.496s] -- Looking for gz-sensors8-imu -- found version 8.2.2
[1.496s] -- Searching for dependencies of gz-sensors8-imu
[1.497s] -- Searching for <gz-sensors8> component [force_torque]
[1.497s] -- Looking for gz-sensors8-force_torque -- found version 8.2.2
[1.498s] -- Searching for dependencies of gz-sensors8-force_torque
[1.498s] -- Searching for <gz-sensors8> component [logical_camera]
[1.499s] -- Looking for gz-sensors8-logical_camera -- found version 8.2.2
[1.499s] -- Searching for dependencies of gz-sensors8-logical_camera
[1.499s] -- Searching for <gz-sensors8> component [magnetometer]
[1.500s] -- Looking for gz-sensors8-magnetometer -- found version 8.2.2
[1.500s] -- Searching for dependencies of gz-sensors8-magnetometer
[1.501s] -- Searching for <gz-sensors8> component [navsat]
[1.502s] -- Looking for gz-sensors8-navsat -- found version 8.2.2
[1.502s] -- Searching for dependencies of gz-sensors8-navsat
[1.502s] -- Searching for <gz-sensors8> component [dvl]
[1.503s] -- Looking for gz-sensors8-dvl -- found version 8.2.2
[1.503s] -- Searching for dependencies of gz-sensors8-dvl
[1.503s] -- Looking for gz-sensors8 -- found version 8.2.2
[1.504s] -- Searching for dependencies of gz-sensors8
[1.520s] -- Looking for gz-math7 -- found version 7.5.2
[1.520s] -- Looking for gz-common5 -- found version 5.9.0
[1.520s] -- Looking for gz-transport13 -- found version 13.5.0
[1.520s] -- Looking for gz-rendering8 -- found version 8.2.3
[1.520s] -- Looking for gz-msgs10 -- found version 10.3.2
[1.521s] -- Looking for sdformat14 -- found version 14.9.0
[1.521s] -- Searching for <gz-sensors8> component [rendering]
[1.522s] -- Looking for gz-sensors8-rendering -- found version 8.2.2
[1.522s] -- Searching for dependencies of gz-sensors8-rendering
[1.523s] -- Searching for <gz-sensors8> component [rendering]
[1.523s] -- Searching for <gz-sensors8> component [lidar]
[1.524s] -- Looking for gz-sensors8-lidar -- found version 8.2.2
[1.524s] -- Searching for dependencies of gz-sensors8-lidar
[1.524s] -- Looking for gz-sensors8 -- found version 8.2.2
[1.525s] -- Searching for <gz-sensors8> component [gpu_lidar]
[1.525s] -- Looking for gz-sensors8-gpu_lidar -- found version 8.2.2
[1.525s] -- Searching for dependencies of gz-sensors8-gpu_lidar
[1.526s] -- Looking for gz-sensors8 -- found version 8.2.2
[1.526s] -- Searching for <gz-sensors8> component [camera]
[1.527s] -- Looking for gz-sensors8-camera -- found version 8.2.2
[1.527s] -- Searching for dependencies of gz-sensors8-camera
[1.527s] -- Looking for gz-sensors8 -- found version 8.2.2
[1.528s] -- Searching for <gz-sensors8> component [boundingbox_camera]
[1.529s] -- Looking for gz-sensors8-boundingbox_camera -- found version 8.2.2
[1.529s] -- Searching for dependencies of gz-sensors8-boundingbox_camera
[1.529s] -- Searching for <gz-sensors8> component [segmentation_camera]
[1.530s] -- Looking for gz-sensors8-segmentation_camera -- found version 8.2.2
[1.530s] -- Searching for dependencies of gz-sensors8-segmentation_camera
[1.531s] -- Searching for <gz-sensors8> component [depth_camera]
[1.531s] -- Looking for gz-sensors8-depth_camera -- found version 8.2.2
[1.532s] -- Searching for dependencies of gz-sensors8-depth_camera
[1.532s] -- Looking for gz-sensors8 -- found version 8.2.2
[1.532s] -- Searching for <gz-sensors8> component [rgbd_camera]
[1.533s] -- Looking for gz-sensors8-rgbd_camera -- found version 8.2.2
[1.533s] -- Searching for dependencies of gz-sensors8-rgbd_camera
[1.533s] -- Looking for gz-sensors8 -- found version 8.2.2
[1.534s] -- Searching for <gz-sensors8> component [thermal_camera]
[1.535s] -- Looking for gz-sensors8-thermal_camera -- found version 8.2.2
[1.535s] -- Searching for dependencies of gz-sensors8-thermal_camera
[1.535s] -- Looking for gz-sensors8 -- found version 8.2.2
[1.536s] -- Searching for <gz-sensors8> component [wide_angle_camera]
[1.537s] -- Looking for gz-sensors8-wide_angle_camera -- found version 8.2.2
[1.537s] -- Searching for dependencies of gz-sensors8-wide_angle_camera
[1.538s] -- Looking for gz-rendering8 -- found version 8.2.3
[1.538s] -- Looking for gz-math7 -- found version 7.5.2
[1.539s] -- Looking for gz-utils2 -- found version 2.2.1
[1.554s] -- Looking for gz-sim8 - found
[1.554s] 
[1.554s] -- Compiling against Gazebo Harmonic
[1.556s] -- Found ament_lint_auto: 0.17.5 (/opt/ros/jazzy/share/ament_lint_auto/cmake)
[1.679s] -- Added test 'copyright' to check source files copyright and LICENSE
[1.680s] -- Added test 'cppcheck' to perform static code analysis on C / C++ code
[1.680s] -- Configured cppcheck include dirs: /home/sachin/ardu_ws/src/ardupilot_gz/ardupilot_gz_gazebo/include
[1.680s] -- Configured cppcheck exclude dirs and/or files: 
[1.681s] -- Added test 'cpplint' to check C / C++ code against the Google style
[1.681s] -- Configured cpplint exclude dirs and/or files: 
[1.682s] -- Added test 'lint_cmake' to check CMake code style
[1.682s] -- Added test 'xmllint' to check XML markup files
[1.683s] -- Configuring done (1.7s)
[1.697s] -- Generating done (0.0s)
[1.700s] -- Build files have been written to: /home/sachin/ardu_ws/build/ardupilot_gz_gazebo
[1.710s] Invoked command in '/home/sachin/ardu_ws/build/ardupilot_gz_gazebo' returned '0': CMAKE_PREFIX_PATH=${CMAKE_PREFIX_PATH}:/home/sachin/ardu_ws/install/ardupilot_dds_tests:/opt/ros/jazzy DEBUGINFOD_URLS=https://debuginfod.ubuntu.com PS1=(.ros2_venv) \[\e]0;\u@\h: \w\a\]${debian_chroot:+($debian_chroot)}\[\033[01;32m\]\u@\h\[\033[00m\]:\[\033[01;34m\]\w\[\033[00m\]\$ VIRTUAL_ENV_PROMPT=(.ros2_venv) /usr/bin/cmake /home/sachin/ardu_ws/src/ardupilot_gz/ardupilot_gz_gazebo -DCMAKE_INSTALL_PREFIX=/home/sachin/ardu_ws/install/ardupilot_gz_gazebo
[1.711s] Invoking command in '/home/sachin/ardu_ws/build/ardupilot_gz_gazebo': CMAKE_PREFIX_PATH=${CMAKE_PREFIX_PATH}:/home/sachin/ardu_ws/install/ardupilot_dds_tests:/opt/ros/jazzy DEBUGINFOD_URLS=https://debuginfod.ubuntu.com PS1=(.ros2_venv) \[\e]0;\u@\h: \w\a\]${debian_chroot:+($debian_chroot)}\[\033[01;32m\]\u@\h\[\033[00m\]:\[\033[01;34m\]\w\[\033[00m\]\$ VIRTUAL_ENV_PROMPT=(.ros2_venv) /usr/bin/cmake --build /home/sachin/ardu_ws/build/ardupilot_gz_gazebo -- -j12 -l12
[1.754s] [ 25%] [32mBuilding CXX object CMakeFiles/FullSystem.dir/src/FullSystem.cc.o[0m
[1.756s] [ 50%] [32mBuilding CXX object CMakeFiles/BasicSystem.dir/src/BasicSystem.cc.o[0m
[4.354s] [ 75%] [32m[1mLinking CXX shared library libFullSystem.so[0m
[4.534s] [ 75%] Built target FullSystem
[4.820s] [100%] [32m[1mLinking CXX shared library libBasicSystem.so[0m
[5.162s] [100%] Built target BasicSystem
[5.175s] Invoked command in '/home/sachin/ardu_ws/build/ardupilot_gz_gazebo' returned '0': CMAKE_PREFIX_PATH=${CMAKE_PREFIX_PATH}:/home/sachin/ardu_ws/install/ardupilot_dds_tests:/opt/ros/jazzy DEBUGINFOD_URLS=https://debuginfod.ubuntu.com PS1=(.ros2_venv) \[\e]0;\u@\h: \w\a\]${debian_chroot:+($debian_chroot)}\[\033[01;32m\]\u@\h\[\033[00m\]:\[\033[01;34m\]\w\[\033[00m\]\$ VIRTUAL_ENV_PROMPT=(.ros2_venv) /usr/bin/cmake --build /home/sachin/ardu_ws/build/ardupilot_gz_gazebo -- -j12 -l12
[5.177s] Invoking command in '/home/sachin/ardu_ws/build/ardupilot_gz_gazebo': CMAKE_PREFIX_PATH=${CMAKE_PREFIX_PATH}:/home/sachin/ardu_ws/install/ardupilot_dds_tests:/opt/ros/jazzy DEBUGINFOD_URLS=https://debuginfod.ubuntu.com PS1=(.ros2_venv) \[\e]0;\u@\h: \w\a\]${debian_chroot:+($debian_chroot)}\[\033[01;32m\]\u@\h\[\033[00m\]:\[\033[01;34m\]\w\[\033[00m\]\$ VIRTUAL_ENV_PROMPT=(.ros2_venv) /usr/bin/cmake --install /home/sachin/ardu_ws/build/ardupilot_gz_gazebo
[5.184s] -- Install configuration: ""
[5.184s] -- Installing: /home/sachin/ardu_ws/install/ardupilot_gz_gazebo/lib/ardupilot_gz_gazebo/libBasicSystem.so
[5.185s] -- Set non-toolchain portion of runtime path of "/home/sachin/ardu_ws/install/ardupilot_gz_gazebo/lib/ardupilot_gz_gazebo/libBasicSystem.so" to ""
[5.185s] -- Installing: /home/sachin/ardu_ws/install/ardupilot_gz_gazebo/lib/ardupilot_gz_gazebo/libFullSystem.so
[5.186s] -- Set non-toolchain portion of runtime path of "/home/sachin/ardu_ws/install/ardupilot_gz_gazebo/lib/ardupilot_gz_gazebo/libFullSystem.so" to ""
[5.186s] -- Installing: /home/sachin/ardu_ws/install/ardupilot_gz_gazebo/share/ardupilot_gz_gazebo/worlds
[5.186s] -- Installing: /home/sachin/ardu_ws/install/ardupilot_gz_gazebo/share/ardupilot_gz_gazebo/worlds/warehouse.sdf
[5.186s] -- Installing: /home/sachin/ardu_ws/install/ardupilot_gz_gazebo/share/ardupilot_gz_gazebo/worlds/playpen.sdf
[5.186s] -- Installing: /home/sachin/ardu_ws/install/ardupilot_gz_gazebo/share/ardupilot_gz_gazebo/worlds/runway.sdf
[5.186s] -- Installing: /home/sachin/ardu_ws/install/ardupilot_gz_gazebo/share/ardupilot_gz_gazebo/worlds/maze.sdf
[5.187s] -- Installing: /home/sachin/ardu_ws/install/ardupilot_gz_gazebo/share/ardupilot_gz_gazebo/environment/ardupilot_gz_gazebo.dsv
[5.187s] -- Installing: /home/sachin/ardu_ws/install/ardupilot_gz_gazebo/share/ardupilot_gz_gazebo/environment/ardupilot_gz_gazebo.sh
[5.187s] -- Installing: /home/sachin/ardu_ws/install/ardupilot_gz_gazebo/share/ament_index/resource_index/package_run_dependencies/ardupilot_gz_gazebo
[5.187s] -- Installing: /home/sachin/ardu_ws/install/ardupilot_gz_gazebo/share/ament_index/resource_index/parent_prefix_path/ardupilot_gz_gazebo
[5.187s] -- Installing: /home/sachin/ardu_ws/install/ardupilot_gz_gazebo/share/ardupilot_gz_gazebo/environment/ament_prefix_path.sh
[5.187s] -- Installing: /home/sachin/ardu_ws/install/ardupilot_gz_gazebo/share/ardupilot_gz_gazebo/environment/ament_prefix_path.dsv
[5.187s] -- Installing: /home/sachin/ardu_ws/install/ardupilot_gz_gazebo/share/ardupilot_gz_gazebo/environment/path.sh
[5.187s] -- Installing: /home/sachin/ardu_ws/install/ardupilot_gz_gazebo/share/ardupilot_gz_gazebo/environment/path.dsv
[5.187s] -- Installing: /home/sachin/ardu_ws/install/ardupilot_gz_gazebo/share/ardupilot_gz_gazebo/local_setup.bash
[5.187s] -- Installing: /home/sachin/ardu_ws/install/ardupilot_gz_gazebo/share/ardupilot_gz_gazebo/local_setup.sh
[5.187s] -- Installing: /home/sachin/ardu_ws/install/ardupilot_gz_gazebo/share/ardupilot_gz_gazebo/local_setup.zsh
[5.188s] -- Installing: /home/sachin/ardu_ws/install/ardupilot_gz_gazebo/share/ardupilot_gz_gazebo/local_setup.dsv
[5.188s] -- Installing: /home/sachin/ardu_ws/install/ardupilot_gz_gazebo/share/ardupilot_gz_gazebo/package.dsv
[5.188s] -- Installing: /home/sachin/ardu_ws/install/ardupilot_gz_gazebo/share/ament_index/resource_index/packages/ardupilot_gz_gazebo
[5.188s] -- Installing: /home/sachin/ardu_ws/install/ardupilot_gz_gazebo/share/ardupilot_gz_gazebo/cmake/ardupilot_gz_gazeboConfig.cmake
[5.188s] -- Installing: /home/sachin/ardu_ws/install/ardupilot_gz_gazebo/share/ardupilot_gz_gazebo/cmake/ardupilot_gz_gazeboConfig-version.cmake
[5.188s] -- Installing: /home/sachin/ardu_ws/install/ardupilot_gz_gazebo/share/ardupilot_gz_gazebo/package.xml
[5.190s] Invoked command in '/home/sachin/ardu_ws/build/ardupilot_gz_gazebo' returned '0': CMAKE_PREFIX_PATH=${CMAKE_PREFIX_PATH}:/home/sachin/ardu_ws/install/ardupilot_dds_tests:/opt/ros/jazzy DEBUGINFOD_URLS=https://debuginfod.ubuntu.com PS1=(.ros2_venv) \[\e]0;\u@\h: \w\a\]${debian_chroot:+($debian_chroot)}\[\033[01;32m\]\u@\h\[\033[00m\]:\[\033[01;34m\]\w\[\033[00m\]\$ VIRTUAL_ENV_PROMPT=(.ros2_venv) /usr/bin/cmake --install /home/sachin/ardu_ws/build/ardupilot_gz_gazebo
