[0.017s] Invoking command in '/home/sachin/ardu_ws/build/ardupilot_msgs': CMAKE_PREFIX_PATH=${CMAKE_PREFIX_PATH}:/home/sachin/ardu_ws/install/ardupilot_dds_tests:/opt/ros/jazzy DEBUGINFOD_URLS=https://debuginfod.ubuntu.com PS1=(.ros2_venv) \[\e]0;\u@\h: \w\a\]${debian_chroot:+($debian_chroot)}\[\033[01;32m\]\u@\h\[\033[00m\]:\[\033[01;34m\]\w\[\033[00m\]\$ VIRTUAL_ENV_PROMPT=(.ros2_venv) /usr/bin/cmake /home/sachin/ardu_ws/src/ardupilot/Tools/ros2/ardupilot_msgs -DCMAKE_INSTALL_PREFIX=/home/sachin/ardu_ws/install/ardupilot_msgs
[0.086s] -- The C compiler identification is GNU 13.3.0
[0.140s] -- The CXX compiler identification is GNU 13.3.0
[0.156s] -- Detecting C compiler ABI info
[0.220s] -- Detecting C compiler ABI info - done
[0.230s] -- Check for working C compiler: /usr/lib/ccache/cc - skipped
[0.230s] -- Detecting C compile features
[0.230s] -- Detecting C compile features - done
[0.240s] -- Detecting CXX compiler ABI info
[0.313s] -- Detecting CXX compiler ABI info - done
[0.321s] -- Check for working CXX compiler: /usr/lib/ccache/c++ - skipped
[0.321s] -- Detecting CXX compile features
[0.321s] -- Detecting CXX compile features - done
[0.324s] -- Found ament_cmake: 2.5.6 (/opt/ros/jazzy/share/ament_cmake/cmake)
[0.413s] -- Found Python3: /home/sachin/.ros2_venv/bin/python3 (found version "3.12.3") found components: Interpreter 
[0.519s] -- Found geometry_msgs: 5.3.7 (/opt/ros/jazzy/share/geometry_msgs/cmake)
[0.573s] -- Found rosidl_generator_c: 4.6.7 (/opt/ros/jazzy/share/rosidl_generator_c/cmake)
[0.587s] -- Found rosidl_generator_cpp: 4.6.7 (/opt/ros/jazzy/share/rosidl_generator_cpp/cmake)
[0.612s] -- Using all available rosidl_typesupport_c: rosidl_typesupport_fastrtps_c;rosidl_typesupport_introspection_c
[0.632s] -- Using all available rosidl_typesupport_cpp: rosidl_typesupport_fastrtps_cpp;rosidl_typesupport_introspection_cpp
[0.684s] -- Found rosidl_default_generators: 1.6.0 (/opt/ros/jazzy/share/rosidl_default_generators/cmake)
[0.707s] -- Found rosidl_adapter: 4.6.7 (/opt/ros/jazzy/share/rosidl_adapter/cmake)
[1.173s] -- Found ament_cmake_cppcheck: 0.17.5 (/opt/ros/jazzy/share/ament_cmake_cppcheck/cmake)
[1.175s] -- Found ament_cmake_cpplint: 0.17.5 (/opt/ros/jazzy/share/ament_cmake_cpplint/cmake)
[1.178s] -- Found ament_cmake_uncrustify: 0.17.5 (/opt/ros/jazzy/share/ament_cmake_uncrustify/cmake)
[1.181s] -- Found ament_cmake_ros: 0.12.0 (/opt/ros/jazzy/share/ament_cmake_ros/cmake)
[1.717s] -- Using all available rosidl_typesupport_c: rosidl_typesupport_fastrtps_c;rosidl_typesupport_introspection_c
[1.961s] -- Using all available rosidl_typesupport_cpp: rosidl_typesupport_fastrtps_cpp;rosidl_typesupport_introspection_cpp
[1.965s] -- Found python_cmake_module: 0.11.1 (/opt/ros/jazzy/share/python_cmake_module/cmake)
[2.074s] -- Found PythonExtra: /home/sachin/.ros2_venv/bin/python3  
[2.656s] -- Found Python3: /home/sachin/.ros2_venv/bin/python3 (found version "3.12.3") found components: Interpreter Development NumPy Development.Module Development.Embed 
[2.743s] -- Found ament_cmake_flake8: 0.17.5 (/opt/ros/jazzy/share/ament_cmake_flake8/cmake)
[2.749s] -- Found ament_cmake_pep257: 0.17.5 (/opt/ros/jazzy/share/ament_cmake_pep257/cmake)
[2.796s] -- Found Python3: /home/sachin/.ros2_venv/bin/python3 (found version "3.12.3") found components: Interpreter 
[2.801s] -- Found ament_lint_auto: 0.17.5 (/opt/ros/jazzy/share/ament_lint_auto/cmake)
[2.814s] -- Added test 'copyright' to check source files copyright and LICENSE
[2.815s] -- Added test 'xmllint' to check XML markup files
[2.818s] -- Configuring done (2.8s)
[2.871s] -- Generating done (0.0s)
[2.889s] -- Build files have been written to: /home/sachin/ardu_ws/build/ardupilot_msgs
[2.916s] Invoked command in '/home/sachin/ardu_ws/build/ardupilot_msgs' returned '0': CMAKE_PREFIX_PATH=${CMAKE_PREFIX_PATH}:/home/sachin/ardu_ws/install/ardupilot_dds_tests:/opt/ros/jazzy DEBUGINFOD_URLS=https://debuginfod.ubuntu.com PS1=(.ros2_venv) \[\e]0;\u@\h: \w\a\]${debian_chroot:+($debian_chroot)}\[\033[01;32m\]\u@\h\[\033[00m\]:\[\033[01;34m\]\w\[\033[00m\]\$ VIRTUAL_ENV_PROMPT=(.ros2_venv) /usr/bin/cmake /home/sachin/ardu_ws/src/ardupilot/Tools/ros2/ardupilot_msgs -DCMAKE_INSTALL_PREFIX=/home/sachin/ardu_ws/install/ardupilot_msgs
[2.918s] Invoking command in '/home/sachin/ardu_ws/build/ardupilot_msgs': CMAKE_PREFIX_PATH=${CMAKE_PREFIX_PATH}:/home/sachin/ardu_ws/install/ardupilot_dds_tests:/opt/ros/jazzy DEBUGINFOD_URLS=https://debuginfod.ubuntu.com PS1=(.ros2_venv) \[\e]0;\u@\h: \w\a\]${debian_chroot:+($debian_chroot)}\[\033[01;32m\]\u@\h\[\033[00m\]:\[\033[01;34m\]\w\[\033[00m\]\$ VIRTUAL_ENV_PROMPT=(.ros2_venv) /usr/bin/cmake --build /home/sachin/ardu_ws/build/ardupilot_msgs -- -j12 -l12
[2.982s] [  1%] [34m[1mGenerating Rust code for ROS interfaces[0m
[2.986s] [  2%] [34m[1mGenerating type hashes for ROS interfaces[0m
[2.994s] [  2%] Built target ament_cmake_python_copy_ardupilot_msgs
[3.237s] running egg_info
[3.249s] creating ardupilot_msgs.egg-info
[3.250s] writing ardupilot_msgs.egg-info/PKG-INFO
[3.251s] writing dependency_links to ardupilot_msgs.egg-info/dependency_links.txt
[3.252s] writing top-level names to ardupilot_msgs.egg-info/top_level.txt
[3.252s] writing manifest file 'ardupilot_msgs.egg-info/SOURCES.txt'
[3.294s] reading manifest file 'ardupilot_msgs.egg-info/SOURCES.txt'
[3.294s] writing manifest file 'ardupilot_msgs.egg-info/SOURCES.txt'
[3.360s] [  2%] Built target ament_cmake_python_build_ardupilot_msgs_egg
[3.926s] [  2%] Built target ardupilot_msgs__rosidl_generator_type_description
[3.937s] [  3%] [34m[1mGenerating C code for ROS interfaces[0m
[3.956s] [  4%] [34m[1mGenerating C++ code for ROS interfaces[0m
[4.034s] [  4%] Built target ardupilot_msgs__rs
[4.884s] [  5%] [32mBuilding C object CMakeFiles/ardupilot_msgs__rosidl_generator_c.dir/rosidl_generator_c/ardupilot_msgs/msg/detail/rc__type_support.c.o[0m
[4.884s] [  6%] [32mBuilding C object CMakeFiles/ardupilot_msgs__rosidl_generator_c.dir/rosidl_generator_c/ardupilot_msgs/msg/detail/global_position__type_support.c.o[0m
[4.888s] [  7%] [32mBuilding C object CMakeFiles/ardupilot_msgs__rosidl_generator_c.dir/rosidl_generator_c/ardupilot_msgs/msg/detail/rc__functions.c.o[0m
[4.889s] [  8%] [32mBuilding C object CMakeFiles/ardupilot_msgs__rosidl_generator_c.dir/rosidl_generator_c/ardupilot_msgs/msg/detail/rc__description.c.o[0m
[4.893s] [  9%] [32mBuilding C object CMakeFiles/ardupilot_msgs__rosidl_generator_c.dir/rosidl_generator_c/ardupilot_msgs/msg/detail/status__description.c.o[0m
[4.893s] [ 10%] [32mBuilding C object CMakeFiles/ardupilot_msgs__rosidl_generator_c.dir/rosidl_generator_c/ardupilot_msgs/msg/detail/global_position__functions.c.o[0m
[4.899s] [ 12%] [32mBuilding C object CMakeFiles/ardupilot_msgs__rosidl_generator_c.dir/rosidl_generator_c/ardupilot_msgs/msg/detail/global_position__description.c.o[0m
[4.899s] [ 12%] [32mBuilding C object CMakeFiles/ardupilot_msgs__rosidl_generator_c.dir/rosidl_generator_c/ardupilot_msgs/msg/detail/airspeed__functions.c.o[0m
[4.899s] [ 13%] [32mBuilding C object CMakeFiles/ardupilot_msgs__rosidl_generator_c.dir/rosidl_generator_c/ardupilot_msgs/msg/detail/status__functions.c.o[0m
[4.899s] [ 14%] [32mBuilding C object CMakeFiles/ardupilot_msgs__rosidl_generator_c.dir/rosidl_generator_c/ardupilot_msgs/msg/detail/airspeed__description.c.o[0m
[4.901s] [ 15%] [32mBuilding C object CMakeFiles/ardupilot_msgs__rosidl_generator_c.dir/rosidl_generator_c/ardupilot_msgs/msg/detail/status__type_support.c.o[0m
[4.982s] [ 16%] [32mBuilding C object CMakeFiles/ardupilot_msgs__rosidl_generator_c.dir/rosidl_generator_c/ardupilot_msgs/msg/detail/airspeed__type_support.c.o[0m
[4.999s] [ 17%] [32mBuilding C object CMakeFiles/ardupilot_msgs__rosidl_generator_c.dir/rosidl_generator_c/ardupilot_msgs/srv/detail/arm_motors__description.c.o[0m
[5.037s] [ 18%] [32mBuilding C object CMakeFiles/ardupilot_msgs__rosidl_generator_c.dir/rosidl_generator_c/ardupilot_msgs/srv/detail/arm_motors__functions.c.o[0m
[5.053s] [ 20%] [32mBuilding C object CMakeFiles/ardupilot_msgs__rosidl_generator_c.dir/rosidl_generator_c/ardupilot_msgs/srv/detail/arm_motors__type_support.c.o[0m
[5.063s] [ 22%] [32mBuilding C object CMakeFiles/ardupilot_msgs__rosidl_generator_c.dir/rosidl_generator_c/ardupilot_msgs/srv/detail/mode_switch__description.c.o[0m
[5.063s] [ 22%] [32mBuilding C object CMakeFiles/ardupilot_msgs__rosidl_generator_c.dir/rosidl_generator_c/ardupilot_msgs/srv/detail/mode_switch__type_support.c.o[0m
[5.079s] [ 23%] [32mBuilding C object CMakeFiles/ardupilot_msgs__rosidl_generator_c.dir/rosidl_generator_c/ardupilot_msgs/srv/detail/takeoff__description.c.o[0m
[5.082s] [ 24%] [32mBuilding C object CMakeFiles/ardupilot_msgs__rosidl_generator_c.dir/rosidl_generator_c/ardupilot_msgs/srv/detail/mode_switch__functions.c.o[0m
[5.097s] [ 25%] [32mBuilding C object CMakeFiles/ardupilot_msgs__rosidl_generator_c.dir/rosidl_generator_c/ardupilot_msgs/srv/detail/takeoff__functions.c.o[0m
[5.102s] [ 26%] [32mBuilding C object CMakeFiles/ardupilot_msgs__rosidl_generator_c.dir/rosidl_generator_c/ardupilot_msgs/srv/detail/takeoff__type_support.c.o[0m
[5.282s] [ 27%] [32m[1mLinking C shared library libardupilot_msgs__rosidl_generator_c.so[0m
[5.343s] [ 27%] Built target ardupilot_msgs__cpp
[5.348s] [ 27%] Built target ardupilot_msgs__rosidl_generator_c
[5.360s] [ 28%] [34m[1mGenerating C++ introspection for ROS interfaces[0m
[5.360s] [ 31%] [34m[1mGenerating C type support for eProsima Fast-RTPS[0m
[5.360s] [ 31%] [34m[1mGenerating C type support dispatch for ROS interfaces[0m
[5.360s] [ 31%] [34m[1mGenerating C++ type support for eProsima Fast-RTPS[0m
[5.362s] [ 32%] [34m[1mGenerating C++ type support dispatch for ROS interfaces[0m
[5.364s] [ 33%] [34m[1mGenerating C introspection for ROS interfaces[0m
[6.430s] [ 34%] [32mBuilding CXX object CMakeFiles/ardupilot_msgs__rosidl_typesupport_c.dir/rosidl_typesupport_c/ardupilot_msgs/msg/global_position__type_support.cpp.o[0m
[6.444s] [ 35%] [32mBuilding CXX object CMakeFiles/ardupilot_msgs__rosidl_typesupport_cpp.dir/rosidl_typesupport_cpp/ardupilot_msgs/msg/status__type_support.cpp.o[0m
[6.454s] [ 36%] [32mBuilding CXX object CMakeFiles/ardupilot_msgs__rosidl_typesupport_cpp.dir/rosidl_typesupport_cpp/ardupilot_msgs/msg/global_position__type_support.cpp.o[0m
[6.455s] [ 37%] [32mBuilding CXX object CMakeFiles/ardupilot_msgs__rosidl_typesupport_cpp.dir/rosidl_typesupport_cpp/ardupilot_msgs/msg/rc__type_support.cpp.o[0m
[6.457s] [ 38%] [32mBuilding CXX object CMakeFiles/ardupilot_msgs__rosidl_typesupport_cpp.dir/rosidl_typesupport_cpp/ardupilot_msgs/msg/airspeed__type_support.cpp.o[0m
[6.463s] [ 40%] [32mBuilding C object CMakeFiles/ardupilot_msgs__rosidl_typesupport_introspection_c.dir/rosidl_typesupport_introspection_c/ardupilot_msgs/msg/detail/global_position__type_support.c.o[0m
[6.463s] [ 41%] [32mBuilding CXX object CMakeFiles/ardupilot_msgs__rosidl_typesupport_c.dir/rosidl_typesupport_c/ardupilot_msgs/msg/status__type_support.cpp.o[0m
[6.464s] [ 42%] [32mBuilding CXX object CMakeFiles/ardupilot_msgs__rosidl_typesupport_c.dir/rosidl_typesupport_c/ardupilot_msgs/msg/rc__type_support.cpp.o[0m
[6.469s] [ 43%] [32mBuilding CXX object CMakeFiles/ardupilot_msgs__rosidl_typesupport_c.dir/rosidl_typesupport_c/ardupilot_msgs/msg/airspeed__type_support.cpp.o[0m
[6.515s] [ 44%] [32mBuilding CXX object CMakeFiles/ardupilot_msgs__rosidl_typesupport_introspection_cpp.dir/rosidl_typesupport_introspection_cpp/ardupilot_msgs/msg/detail/global_position__type_support.cpp.o[0m
[6.611s] [ 45%] [32mBuilding CXX object CMakeFiles/ardupilot_msgs__rosidl_typesupport_cpp.dir/rosidl_typesupport_cpp/ardupilot_msgs/srv/arm_motors__type_support.cpp.o[0m
[6.619s] [ 46%] [32mBuilding CXX object CMakeFiles/ardupilot_msgs__rosidl_typesupport_introspection_cpp.dir/rosidl_typesupport_introspection_cpp/ardupilot_msgs/msg/detail/rc__type_support.cpp.o[0m
[6.622s] [ 47%] [32mBuilding C object CMakeFiles/ardupilot_msgs__rosidl_typesupport_introspection_c.dir/rosidl_typesupport_introspection_c/ardupilot_msgs/msg/detail/rc__type_support.c.o[0m
[6.626s] [ 48%] [32mBuilding CXX object CMakeFiles/ardupilot_msgs__rosidl_typesupport_c.dir/rosidl_typesupport_c/ardupilot_msgs/srv/arm_motors__type_support.cpp.o[0m
[6.626s] [ 49%] [32mBuilding CXX object CMakeFiles/ardupilot_msgs__rosidl_typesupport_introspection_cpp.dir/rosidl_typesupport_introspection_cpp/ardupilot_msgs/msg/detail/status__type_support.cpp.o[0m
[6.741s] [ 50%] [32mBuilding CXX object CMakeFiles/ardupilot_msgs__rosidl_typesupport_c.dir/rosidl_typesupport_c/ardupilot_msgs/srv/mode_switch__type_support.cpp.o[0m
[6.803s] [ 51%] [32mBuilding C object CMakeFiles/ardupilot_msgs__rosidl_typesupport_introspection_c.dir/rosidl_typesupport_introspection_c/ardupilot_msgs/msg/detail/status__type_support.c.o[0m
[6.838s] [ 52%] [32mBuilding CXX object CMakeFiles/ardupilot_msgs__rosidl_typesupport_c.dir/rosidl_typesupport_c/ardupilot_msgs/srv/takeoff__type_support.cpp.o[0m
[6.895s] [ 53%] [32mBuilding CXX object CMakeFiles/ardupilot_msgs__rosidl_typesupport_fastrtps_cpp.dir/rosidl_typesupport_fastrtps_cpp/ardupilot_msgs/msg/detail/dds_fastrtps/global_position__type_support.cpp.o[0m
[6.973s] [ 54%] [32mBuilding C object CMakeFiles/ardupilot_msgs__rosidl_typesupport_introspection_c.dir/rosidl_typesupport_introspection_c/ardupilot_msgs/msg/detail/airspeed__type_support.c.o[0m
[7.018s] [ 55%] [32mBuilding CXX object CMakeFiles/ardupilot_msgs__rosidl_typesupport_fastrtps_c.dir/rosidl_typesupport_fastrtps_c/ardupilot_msgs/msg/detail/global_position__type_support_c.cpp.o[0m
[7.035s] [ 56%] [32m[1mLinking CXX shared library libardupilot_msgs__rosidl_typesupport_c.so[0m
[7.066s] [ 57%] [32mBuilding C object CMakeFiles/ardupilot_msgs__rosidl_typesupport_introspection_c.dir/rosidl_typesupport_introspection_c/ardupilot_msgs/srv/detail/arm_motors__type_support.c.o[0m
[7.166s] [ 58%] [32mBuilding CXX object CMakeFiles/ardupilot_msgs__rosidl_typesupport_fastrtps_c.dir/rosidl_typesupport_fastrtps_c/ardupilot_msgs/msg/detail/rc__type_support_c.cpp.o[0m
[7.185s] [ 58%] Built target ardupilot_msgs__rosidl_typesupport_c
[7.213s] [ 60%] [32mBuilding CXX object CMakeFiles/ardupilot_msgs__rosidl_typesupport_fastrtps_c.dir/rosidl_typesupport_fastrtps_c/ardupilot_msgs/msg/detail/status__type_support_c.cpp.o[0m
[7.221s] [ 61%] [32mBuilding C object CMakeFiles/ardupilot_msgs__rosidl_typesupport_introspection_c.dir/rosidl_typesupport_introspection_c/ardupilot_msgs/srv/detail/mode_switch__type_support.c.o[0m
[7.224s] [ 62%] [32mBuilding CXX object CMakeFiles/ardupilot_msgs__rosidl_typesupport_fastrtps_c.dir/rosidl_typesupport_fastrtps_c/ardupilot_msgs/msg/detail/airspeed__type_support_c.cpp.o[0m
[7.320s] [ 63%] [32mBuilding CXX object CMakeFiles/ardupilot_msgs__rosidl_typesupport_fastrtps_cpp.dir/rosidl_typesupport_fastrtps_cpp/ardupilot_msgs/msg/detail/dds_fastrtps/rc__type_support.cpp.o[0m
[7.387s] [ 64%] [32mBuilding C object CMakeFiles/ardupilot_msgs__rosidl_typesupport_introspection_c.dir/rosidl_typesupport_introspection_c/ardupilot_msgs/srv/detail/takeoff__type_support.c.o[0m
[7.403s] [ 65%] [32mBuilding CXX object CMakeFiles/ardupilot_msgs__rosidl_typesupport_introspection_cpp.dir/rosidl_typesupport_introspection_cpp/ardupilot_msgs/msg/detail/airspeed__type_support.cpp.o[0m
[7.411s] [ 66%] [32mBuilding CXX object CMakeFiles/ardupilot_msgs__rosidl_typesupport_introspection_cpp.dir/rosidl_typesupport_introspection_cpp/ardupilot_msgs/srv/detail/arm_motors__type_support.cpp.o[0m
[7.449s] [ 67%] [32mBuilding CXX object CMakeFiles/ardupilot_msgs__rosidl_typesupport_fastrtps_c.dir/rosidl_typesupport_fastrtps_c/ardupilot_msgs/srv/detail/arm_motors__type_support_c.cpp.o[0m
[7.478s] [ 68%] [32mBuilding CXX object CMakeFiles/ardupilot_msgs__rosidl_typesupport_introspection_cpp.dir/rosidl_typesupport_introspection_cpp/ardupilot_msgs/srv/detail/mode_switch__type_support.cpp.o[0m
[7.583s] [ 69%] [32m[1mLinking C shared library libardupilot_msgs__rosidl_typesupport_introspection_c.so[0m
[7.637s] [ 70%] [32mBuilding CXX object CMakeFiles/ardupilot_msgs__rosidl_typesupport_cpp.dir/rosidl_typesupport_cpp/ardupilot_msgs/srv/mode_switch__type_support.cpp.o[0m
[7.704s] [ 70%] Built target ardupilot_msgs__rosidl_typesupport_introspection_c
[7.729s] [ 71%] [32mBuilding CXX object CMakeFiles/ardupilot_msgs__rosidl_typesupport_cpp.dir/rosidl_typesupport_cpp/ardupilot_msgs/srv/takeoff__type_support.cpp.o[0m
[7.925s] [ 72%] [32mBuilding CXX object CMakeFiles/ardupilot_msgs__rosidl_typesupport_fastrtps_c.dir/rosidl_typesupport_fastrtps_c/ardupilot_msgs/srv/detail/mode_switch__type_support_c.cpp.o[0m
[7.990s] [ 73%] [32mBuilding CXX object CMakeFiles/ardupilot_msgs__rosidl_typesupport_fastrtps_cpp.dir/rosidl_typesupport_fastrtps_cpp/ardupilot_msgs/msg/detail/dds_fastrtps/status__type_support.cpp.o[0m
[8.058s] [ 74%] [32mBuilding CXX object CMakeFiles/ardupilot_msgs__rosidl_typesupport_introspection_cpp.dir/rosidl_typesupport_introspection_cpp/ardupilot_msgs/srv/detail/takeoff__type_support.cpp.o[0m
[8.100s] [ 75%] [32mBuilding CXX object CMakeFiles/ardupilot_msgs__rosidl_typesupport_fastrtps_cpp.dir/rosidl_typesupport_fastrtps_cpp/ardupilot_msgs/msg/detail/dds_fastrtps/airspeed__type_support.cpp.o[0m
[8.291s] [ 76%] [32mBuilding CXX object CMakeFiles/ardupilot_msgs__rosidl_typesupport_fastrtps_cpp.dir/rosidl_typesupport_fastrtps_cpp/ardupilot_msgs/srv/detail/dds_fastrtps/arm_motors__type_support.cpp.o[0m
[8.358s] [ 77%] [32mBuilding CXX object CMakeFiles/ardupilot_msgs__rosidl_typesupport_fastrtps_c.dir/rosidl_typesupport_fastrtps_c/ardupilot_msgs/srv/detail/takeoff__type_support_c.cpp.o[0m
[8.457s] [ 78%] [32mBuilding CXX object CMakeFiles/ardupilot_msgs__rosidl_typesupport_fastrtps_cpp.dir/rosidl_typesupport_fastrtps_cpp/ardupilot_msgs/srv/detail/dds_fastrtps/mode_switch__type_support.cpp.o[0m
[8.562s] [ 80%] [32mBuilding CXX object CMakeFiles/ardupilot_msgs__rosidl_typesupport_fastrtps_cpp.dir/rosidl_typesupport_fastrtps_cpp/ardupilot_msgs/srv/detail/dds_fastrtps/takeoff__type_support.cpp.o[0m
[8.849s] [ 81%] [32m[1mLinking CXX shared library libardupilot_msgs__rosidl_typesupport_introspection_cpp.so[0m
[8.925s] [ 82%] [32m[1mLinking CXX shared library libardupilot_msgs__rosidl_typesupport_cpp.so[0m
[9.097s] [ 82%] Built target ardupilot_msgs__rosidl_typesupport_introspection_cpp
[9.168s] [ 82%] Built target ardupilot_msgs__rosidl_typesupport_cpp
[9.335s] [ 83%] [32m[1mLinking CXX shared library libardupilot_msgs__rosidl_typesupport_fastrtps_c.so[0m
[9.408s] [ 83%] Built target ardupilot_msgs__rosidl_typesupport_fastrtps_c
[9.530s] [ 84%] [32m[1mLinking CXX shared library libardupilot_msgs__rosidl_typesupport_fastrtps_cpp.so[0m
[9.627s] [ 84%] Built target ardupilot_msgs__rosidl_typesupport_fastrtps_cpp
[9.654s] [ 84%] Built target ardupilot_msgs
[9.679s] [ 85%] [34m[1mGenerating Python code for ROS interfaces[0m
[11.092s] [ 85%] Built target ardupilot_msgs__py
[11.120s] [ 86%] [32mBuilding C object CMakeFiles/ardupilot_msgs__rosidl_generator_py.dir/rosidl_generator_py/ardupilot_msgs/msg/_global_position_s.c.o[0m
[11.125s] [ 88%] [32mBuilding C object CMakeFiles/ardupilot_msgs__rosidl_generator_py.dir/rosidl_generator_py/ardupilot_msgs/msg/_rc_s.c.o[0m
[11.126s] [ 88%] [32mBuilding C object CMakeFiles/ardupilot_msgs__rosidl_generator_py.dir/rosidl_generator_py/ardupilot_msgs/msg/_airspeed_s.c.o[0m
[11.126s] [ 89%] [32mBuilding C object CMakeFiles/ardupilot_msgs__rosidl_generator_py.dir/rosidl_generator_py/ardupilot_msgs/srv/_arm_motors_s.c.o[0m
[11.129s] [ 90%] [32mBuilding C object CMakeFiles/ardupilot_msgs__rosidl_generator_py.dir/rosidl_generator_py/ardupilot_msgs/msg/_status_s.c.o[0m
[11.141s] [ 91%] [32mBuilding C object CMakeFiles/ardupilot_msgs__rosidl_generator_py.dir/rosidl_generator_py/ardupilot_msgs/srv/_mode_switch_s.c.o[0m
[11.145s] [ 92%] [32mBuilding C object CMakeFiles/ardupilot_msgs__rosidl_generator_py.dir/rosidl_generator_py/ardupilot_msgs/srv/_takeoff_s.c.o[0m
[11.455s] [ 93%] [32m[1mLinking C shared library libardupilot_msgs__rosidl_generator_py.so[0m
[11.502s] [ 93%] Built target ardupilot_msgs__rosidl_generator_py
[11.517s] [ 94%] [32mBuilding C object CMakeFiles/ardupilot_msgs_s__rosidl_typesupport_introspection_c.dir/rosidl_generator_py/ardupilot_msgs/_ardupilot_msgs_s.ep.rosidl_typesupport_introspection_c.c.o[0m
[11.520s] [ 95%] [32mBuilding C object CMakeFiles/ardupilot_msgs_s__rosidl_typesupport_c.dir/rosidl_generator_py/ardupilot_msgs/_ardupilot_msgs_s.ep.rosidl_typesupport_c.c.o[0m
[11.523s] [ 96%] [32mBuilding C object CMakeFiles/ardupilot_msgs_s__rosidl_typesupport_fastrtps_c.dir/rosidl_generator_py/ardupilot_msgs/_ardupilot_msgs_s.ep.rosidl_typesupport_fastrtps_c.c.o[0m
[11.665s] [ 97%] [32m[1mLinking C shared module rosidl_generator_py/ardupilot_msgs/ardupilot_msgs_s__rosidl_typesupport_introspection_c.so[0m
[11.694s] [ 97%] Built target ardupilot_msgs_s__rosidl_typesupport_introspection_c
[11.727s] [ 98%] [32m[1mLinking C shared module rosidl_generator_py/ardupilot_msgs/ardupilot_msgs_s__rosidl_typesupport_fastrtps_c.so[0m
[11.731s] [100%] [32m[1mLinking C shared module rosidl_generator_py/ardupilot_msgs/ardupilot_msgs_s__rosidl_typesupport_c.so[0m
[11.758s] [100%] Built target ardupilot_msgs_s__rosidl_typesupport_fastrtps_c
[11.758s] [100%] Built target ardupilot_msgs_s__rosidl_typesupport_c
[11.771s] Invoked command in '/home/sachin/ardu_ws/build/ardupilot_msgs' returned '0': CMAKE_PREFIX_PATH=${CMAKE_PREFIX_PATH}:/home/sachin/ardu_ws/install/ardupilot_dds_tests:/opt/ros/jazzy DEBUGINFOD_URLS=https://debuginfod.ubuntu.com PS1=(.ros2_venv) \[\e]0;\u@\h: \w\a\]${debian_chroot:+($debian_chroot)}\[\033[01;32m\]\u@\h\[\033[00m\]:\[\033[01;34m\]\w\[\033[00m\]\$ VIRTUAL_ENV_PROMPT=(.ros2_venv) /usr/bin/cmake --build /home/sachin/ardu_ws/build/ardupilot_msgs -- -j12 -l12
[11.772s] Invoking command in '/home/sachin/ardu_ws/build/ardupilot_msgs': CMAKE_PREFIX_PATH=${CMAKE_PREFIX_PATH}:/home/sachin/ardu_ws/install/ardupilot_dds_tests:/opt/ros/jazzy DEBUGINFOD_URLS=https://debuginfod.ubuntu.com PS1=(.ros2_venv) \[\e]0;\u@\h: \w\a\]${debian_chroot:+($debian_chroot)}\[\033[01;32m\]\u@\h\[\033[00m\]:\[\033[01;34m\]\w\[\033[00m\]\$ VIRTUAL_ENV_PROMPT=(.ros2_venv) /usr/bin/cmake --install /home/sachin/ardu_ws/build/ardupilot_msgs
[11.778s] -- Install configuration: ""
[11.778s] -- Installing: /home/sachin/ardu_ws/install/ardupilot_msgs/share/ament_index/resource_index/rosidl_interfaces/ardupilot_msgs
[11.779s] -- Installing: /home/sachin/ardu_ws/install/ardupilot_msgs/share/ardupilot_msgs/msg/GlobalPosition.json
[11.779s] -- Installing: /home/sachin/ardu_ws/install/ardupilot_msgs/share/ardupilot_msgs/msg/Rc.json
[11.779s] -- Installing: /home/sachin/ardu_ws/install/ardupilot_msgs/share/ardupilot_msgs/msg/Status.json
[11.779s] -- Installing: /home/sachin/ardu_ws/install/ardupilot_msgs/share/ardupilot_msgs/msg/Airspeed.json
[11.779s] -- Installing: /home/sachin/ardu_ws/install/ardupilot_msgs/share/ardupilot_msgs/srv/ArmMotors.json
[11.779s] -- Installing: /home/sachin/ardu_ws/install/ardupilot_msgs/share/ardupilot_msgs/srv/ModeSwitch.json
[11.779s] -- Installing: /home/sachin/ardu_ws/install/ardupilot_msgs/share/ardupilot_msgs/srv/Takeoff.json
[11.779s] -- Installing: /home/sachin/ardu_ws/install/ardupilot_msgs/include/ardupilot_msgs/ardupilot_msgs
[11.779s] -- Installing: /home/sachin/ardu_ws/install/ardupilot_msgs/include/ardupilot_msgs/ardupilot_msgs/srv
[11.779s] -- Installing: /home/sachin/ardu_ws/install/ardupilot_msgs/include/ardupilot_msgs/ardupilot_msgs/srv/detail
[11.779s] -- Installing: /home/sachin/ardu_ws/install/ardupilot_msgs/include/ardupilot_msgs/ardupilot_msgs/srv/detail/takeoff__functions.c
[11.779s] -- Installing: /home/sachin/ardu_ws/install/ardupilot_msgs/include/ardupilot_msgs/ardupilot_msgs/srv/detail/takeoff__functions.h
[11.779s] -- Installing: /home/sachin/ardu_ws/install/ardupilot_msgs/include/ardupilot_msgs/ardupilot_msgs/srv/detail/arm_motors__description.c
[11.779s] -- Installing: /home/sachin/ardu_ws/install/ardupilot_msgs/include/ardupilot_msgs/ardupilot_msgs/srv/detail/mode_switch__type_support.h
[11.779s] -- Installing: /home/sachin/ardu_ws/install/ardupilot_msgs/include/ardupilot_msgs/ardupilot_msgs/srv/detail/mode_switch__description.c
[11.779s] -- Installing: /home/sachin/ardu_ws/install/ardupilot_msgs/include/ardupilot_msgs/ardupilot_msgs/srv/detail/arm_motors__type_support.h
[11.779s] -- Installing: /home/sachin/ardu_ws/install/ardupilot_msgs/include/ardupilot_msgs/ardupilot_msgs/srv/detail/arm_motors__functions.c
[11.779s] -- Installing: /home/sachin/ardu_ws/install/ardupilot_msgs/include/ardupilot_msgs/ardupilot_msgs/srv/detail/mode_switch__functions.c
[11.779s] -- Installing: /home/sachin/ardu_ws/install/ardupilot_msgs/include/ardupilot_msgs/ardupilot_msgs/srv/detail/arm_motors__type_support.c
[11.780s] -- Installing: /home/sachin/ardu_ws/install/ardupilot_msgs/include/ardupilot_msgs/ardupilot_msgs/srv/detail/takeoff__type_support.h
[11.780s] -- Installing: /home/sachin/ardu_ws/install/ardupilot_msgs/include/ardupilot_msgs/ardupilot_msgs/srv/detail/arm_motors__struct.h
[11.780s] -- Installing: /home/sachin/ardu_ws/install/ardupilot_msgs/include/ardupilot_msgs/ardupilot_msgs/srv/detail/arm_motors__functions.h
[11.780s] -- Installing: /home/sachin/ardu_ws/install/ardupilot_msgs/include/ardupilot_msgs/ardupilot_msgs/srv/detail/mode_switch__functions.h
[11.780s] -- Installing: /home/sachin/ardu_ws/install/ardupilot_msgs/include/ardupilot_msgs/ardupilot_msgs/srv/detail/takeoff__description.c
[11.780s] -- Installing: /home/sachin/ardu_ws/install/ardupilot_msgs/include/ardupilot_msgs/ardupilot_msgs/srv/detail/takeoff__type_support.c
[11.780s] -- Installing: /home/sachin/ardu_ws/install/ardupilot_msgs/include/ardupilot_msgs/ardupilot_msgs/srv/detail/takeoff__struct.h
[11.780s] -- Installing: /home/sachin/ardu_ws/install/ardupilot_msgs/include/ardupilot_msgs/ardupilot_msgs/srv/detail/mode_switch__type_support.c
[11.780s] -- Installing: /home/sachin/ardu_ws/install/ardupilot_msgs/include/ardupilot_msgs/ardupilot_msgs/srv/detail/mode_switch__struct.h
[11.780s] -- Installing: /home/sachin/ardu_ws/install/ardupilot_msgs/include/ardupilot_msgs/ardupilot_msgs/srv/arm_motors.h
[11.780s] -- Installing: /home/sachin/ardu_ws/install/ardupilot_msgs/include/ardupilot_msgs/ardupilot_msgs/srv/mode_switch.h
[11.780s] -- Installing: /home/sachin/ardu_ws/install/ardupilot_msgs/include/ardupilot_msgs/ardupilot_msgs/srv/takeoff.h
[11.780s] -- Installing: /home/sachin/ardu_ws/install/ardupilot_msgs/include/ardupilot_msgs/ardupilot_msgs/msg
[11.780s] -- Installing: /home/sachin/ardu_ws/install/ardupilot_msgs/include/ardupilot_msgs/ardupilot_msgs/msg/detail
[11.780s] -- Installing: /home/sachin/ardu_ws/install/ardupilot_msgs/include/ardupilot_msgs/ardupilot_msgs/msg/detail/airspeed__type_support.h
[11.780s] -- Installing: /home/sachin/ardu_ws/install/ardupilot_msgs/include/ardupilot_msgs/ardupilot_msgs/msg/detail/global_position__type_support.c
[11.780s] -- Installing: /home/sachin/ardu_ws/install/ardupilot_msgs/include/ardupilot_msgs/ardupilot_msgs/msg/detail/global_position__description.c
[11.780s] -- Installing: /home/sachin/ardu_ws/install/ardupilot_msgs/include/ardupilot_msgs/ardupilot_msgs/msg/detail/airspeed__functions.h
[11.780s] -- Installing: /home/sachin/ardu_ws/install/ardupilot_msgs/include/ardupilot_msgs/ardupilot_msgs/msg/detail/rc__functions.h
[11.781s] -- Installing: /home/sachin/ardu_ws/install/ardupilot_msgs/include/ardupilot_msgs/ardupilot_msgs/msg/detail/status__functions.h
[11.781s] -- Installing: /home/sachin/ardu_ws/install/ardupilot_msgs/include/ardupilot_msgs/ardupilot_msgs/msg/detail/airspeed__type_support.c
[11.781s] -- Installing: /home/sachin/ardu_ws/install/ardupilot_msgs/include/ardupilot_msgs/ardupilot_msgs/msg/detail/global_position__type_support.h
[11.781s] -- Installing: /home/sachin/ardu_ws/install/ardupilot_msgs/include/ardupilot_msgs/ardupilot_msgs/msg/detail/global_position__functions.h
[11.781s] -- Installing: /home/sachin/ardu_ws/install/ardupilot_msgs/include/ardupilot_msgs/ardupilot_msgs/msg/detail/rc__type_support.c
[11.781s] -- Installing: /home/sachin/ardu_ws/install/ardupilot_msgs/include/ardupilot_msgs/ardupilot_msgs/msg/detail/status__description.c
[11.781s] -- Installing: /home/sachin/ardu_ws/install/ardupilot_msgs/include/ardupilot_msgs/ardupilot_msgs/msg/detail/status__type_support.c
[11.781s] -- Installing: /home/sachin/ardu_ws/install/ardupilot_msgs/include/ardupilot_msgs/ardupilot_msgs/msg/detail/status__struct.h
[11.781s] -- Installing: /home/sachin/ardu_ws/install/ardupilot_msgs/include/ardupilot_msgs/ardupilot_msgs/msg/detail/rc__description.c
[11.781s] -- Installing: /home/sachin/ardu_ws/install/ardupilot_msgs/include/ardupilot_msgs/ardupilot_msgs/msg/detail/status__functions.c
[11.781s] -- Installing: /home/sachin/ardu_ws/install/ardupilot_msgs/include/ardupilot_msgs/ardupilot_msgs/msg/detail/rc__functions.c
[11.781s] -- Installing: /home/sachin/ardu_ws/install/ardupilot_msgs/include/ardupilot_msgs/ardupilot_msgs/msg/detail/airspeed__description.c
[11.781s] -- Installing: /home/sachin/ardu_ws/install/ardupilot_msgs/include/ardupilot_msgs/ardupilot_msgs/msg/detail/rc__struct.h
[11.781s] -- Installing: /home/sachin/ardu_ws/install/ardupilot_msgs/include/ardupilot_msgs/ardupilot_msgs/msg/detail/airspeed__functions.c
[11.781s] -- Installing: /home/sachin/ardu_ws/install/ardupilot_msgs/include/ardupilot_msgs/ardupilot_msgs/msg/detail/status__type_support.h
[11.781s] -- Installing: /home/sachin/ardu_ws/install/ardupilot_msgs/include/ardupilot_msgs/ardupilot_msgs/msg/detail/global_position__functions.c
[11.781s] -- Installing: /home/sachin/ardu_ws/install/ardupilot_msgs/include/ardupilot_msgs/ardupilot_msgs/msg/detail/rc__type_support.h
[11.781s] -- Installing: /home/sachin/ardu_ws/install/ardupilot_msgs/include/ardupilot_msgs/ardupilot_msgs/msg/detail/airspeed__struct.h
[11.781s] -- Installing: /home/sachin/ardu_ws/install/ardupilot_msgs/include/ardupilot_msgs/ardupilot_msgs/msg/detail/global_position__struct.h
[11.781s] -- Installing: /home/sachin/ardu_ws/install/ardupilot_msgs/include/ardupilot_msgs/ardupilot_msgs/msg/status.h
[11.781s] -- Installing: /home/sachin/ardu_ws/install/ardupilot_msgs/include/ardupilot_msgs/ardupilot_msgs/msg/airspeed.h
[11.782s] -- Installing: /home/sachin/ardu_ws/install/ardupilot_msgs/include/ardupilot_msgs/ardupilot_msgs/msg/rc.h
[11.782s] -- Installing: /home/sachin/ardu_ws/install/ardupilot_msgs/include/ardupilot_msgs/ardupilot_msgs/msg/rosidl_generator_c__visibility_control.h
[11.782s] -- Installing: /home/sachin/ardu_ws/install/ardupilot_msgs/include/ardupilot_msgs/ardupilot_msgs/msg/global_position.h
[11.782s] -- Installing: /home/sachin/ardu_ws/install/ardupilot_msgs/share/ardupilot_msgs/environment/library_path.sh
[11.782s] -- Installing: /home/sachin/ardu_ws/install/ardupilot_msgs/share/ardupilot_msgs/environment/library_path.dsv
[11.782s] -- Installing: /home/sachin/ardu_ws/install/ardupilot_msgs/lib/libardupilot_msgs__rosidl_generator_c.so
[11.782s] -- Set non-toolchain portion of runtime path of "/home/sachin/ardu_ws/install/ardupilot_msgs/lib/libardupilot_msgs__rosidl_generator_c.so" to ""
[11.782s] -- Up-to-date: /home/sachin/ardu_ws/install/ardupilot_msgs/include/ardupilot_msgs/ardupilot_msgs
[11.782s] -- Up-to-date: /home/sachin/ardu_ws/install/ardupilot_msgs/include/ardupilot_msgs/ardupilot_msgs/srv
[11.782s] -- Up-to-date: /home/sachin/ardu_ws/install/ardupilot_msgs/include/ardupilot_msgs/ardupilot_msgs/srv/detail
[11.782s] -- Installing: /home/sachin/ardu_ws/install/ardupilot_msgs/include/ardupilot_msgs/ardupilot_msgs/srv/detail/mode_switch__rosidl_typesupport_fastrtps_c.h
[11.782s] -- Installing: /home/sachin/ardu_ws/install/ardupilot_msgs/include/ardupilot_msgs/ardupilot_msgs/srv/detail/arm_motors__rosidl_typesupport_fastrtps_c.h
[11.782s] -- Installing: /home/sachin/ardu_ws/install/ardupilot_msgs/include/ardupilot_msgs/ardupilot_msgs/srv/detail/takeoff__rosidl_typesupport_fastrtps_c.h
[11.782s] -- Up-to-date: /home/sachin/ardu_ws/install/ardupilot_msgs/include/ardupilot_msgs/ardupilot_msgs/msg
[11.782s] -- Up-to-date: /home/sachin/ardu_ws/install/ardupilot_msgs/include/ardupilot_msgs/ardupilot_msgs/msg/detail
[11.782s] -- Installing: /home/sachin/ardu_ws/install/ardupilot_msgs/include/ardupilot_msgs/ardupilot_msgs/msg/detail/airspeed__rosidl_typesupport_fastrtps_c.h
[11.782s] -- Installing: /home/sachin/ardu_ws/install/ardupilot_msgs/include/ardupilot_msgs/ardupilot_msgs/msg/detail/status__rosidl_typesupport_fastrtps_c.h
[11.782s] -- Installing: /home/sachin/ardu_ws/install/ardupilot_msgs/include/ardupilot_msgs/ardupilot_msgs/msg/detail/global_position__rosidl_typesupport_fastrtps_c.h
[11.782s] -- Installing: /home/sachin/ardu_ws/install/ardupilot_msgs/include/ardupilot_msgs/ardupilot_msgs/msg/detail/rc__rosidl_typesupport_fastrtps_c.h
[11.783s] -- Installing: /home/sachin/ardu_ws/install/ardupilot_msgs/include/ardupilot_msgs/ardupilot_msgs/msg/rosidl_typesupport_fastrtps_c__visibility_control.h
[11.783s] -- Installing: /home/sachin/ardu_ws/install/ardupilot_msgs/lib/libardupilot_msgs__rosidl_typesupport_fastrtps_c.so
[11.783s] -- Set non-toolchain portion of runtime path of "/home/sachin/ardu_ws/install/ardupilot_msgs/lib/libardupilot_msgs__rosidl_typesupport_fastrtps_c.so" to ""
[11.783s] -- Up-to-date: /home/sachin/ardu_ws/install/ardupilot_msgs/include/ardupilot_msgs/ardupilot_msgs
[11.783s] -- Up-to-date: /home/sachin/ardu_ws/install/ardupilot_msgs/include/ardupilot_msgs/ardupilot_msgs/srv
[11.783s] -- Up-to-date: /home/sachin/ardu_ws/install/ardupilot_msgs/include/ardupilot_msgs/ardupilot_msgs/srv/detail
[11.783s] -- Installing: /home/sachin/ardu_ws/install/ardupilot_msgs/include/ardupilot_msgs/ardupilot_msgs/srv/detail/takeoff__struct.hpp
[11.783s] -- Installing: /home/sachin/ardu_ws/install/ardupilot_msgs/include/ardupilot_msgs/ardupilot_msgs/srv/detail/arm_motors__traits.hpp
[11.783s] -- Installing: /home/sachin/ardu_ws/install/ardupilot_msgs/include/ardupilot_msgs/ardupilot_msgs/srv/detail/arm_motors__builder.hpp
[11.783s] -- Installing: /home/sachin/ardu_ws/install/ardupilot_msgs/include/ardupilot_msgs/ardupilot_msgs/srv/detail/arm_motors__struct.hpp
[11.783s] -- Installing: /home/sachin/ardu_ws/install/ardupilot_msgs/include/ardupilot_msgs/ardupilot_msgs/srv/detail/takeoff__builder.hpp
[11.783s] -- Installing: /home/sachin/ardu_ws/install/ardupilot_msgs/include/ardupilot_msgs/ardupilot_msgs/srv/detail/arm_motors__type_support.hpp
[11.783s] -- Installing: /home/sachin/ardu_ws/install/ardupilot_msgs/include/ardupilot_msgs/ardupilot_msgs/srv/detail/mode_switch__type_support.hpp
[11.783s] -- Installing: /home/sachin/ardu_ws/install/ardupilot_msgs/include/ardupilot_msgs/ardupilot_msgs/srv/detail/mode_switch__struct.hpp
[11.783s] -- Installing: /home/sachin/ardu_ws/install/ardupilot_msgs/include/ardupilot_msgs/ardupilot_msgs/srv/detail/takeoff__traits.hpp
[11.783s] -- Installing: /home/sachin/ardu_ws/install/ardupilot_msgs/include/ardupilot_msgs/ardupilot_msgs/srv/detail/takeoff__type_support.hpp
[11.783s] -- Installing: /home/sachin/ardu_ws/install/ardupilot_msgs/include/ardupilot_msgs/ardupilot_msgs/srv/detail/mode_switch__traits.hpp
[11.783s] -- Installing: /home/sachin/ardu_ws/install/ardupilot_msgs/include/ardupilot_msgs/ardupilot_msgs/srv/detail/mode_switch__builder.hpp
[11.783s] -- Installing: /home/sachin/ardu_ws/install/ardupilot_msgs/include/ardupilot_msgs/ardupilot_msgs/srv/mode_switch.hpp
[11.783s] -- Installing: /home/sachin/ardu_ws/install/ardupilot_msgs/include/ardupilot_msgs/ardupilot_msgs/srv/takeoff.hpp
[11.783s] -- Installing: /home/sachin/ardu_ws/install/ardupilot_msgs/include/ardupilot_msgs/ardupilot_msgs/srv/arm_motors.hpp
[11.783s] -- Up-to-date: /home/sachin/ardu_ws/install/ardupilot_msgs/include/ardupilot_msgs/ardupilot_msgs/msg
[11.783s] -- Installing: /home/sachin/ardu_ws/install/ardupilot_msgs/include/ardupilot_msgs/ardupilot_msgs/msg/rc.hpp
[11.784s] -- Up-to-date: /home/sachin/ardu_ws/install/ardupilot_msgs/include/ardupilot_msgs/ardupilot_msgs/msg/detail
[11.784s] -- Installing: /home/sachin/ardu_ws/install/ardupilot_msgs/include/ardupilot_msgs/ardupilot_msgs/msg/detail/airspeed__builder.hpp
[11.784s] -- Installing: /home/sachin/ardu_ws/install/ardupilot_msgs/include/ardupilot_msgs/ardupilot_msgs/msg/detail/rc__traits.hpp
[11.784s] -- Installing: /home/sachin/ardu_ws/install/ardupilot_msgs/include/ardupilot_msgs/ardupilot_msgs/msg/detail/status__struct.hpp
[11.784s] -- Installing: /home/sachin/ardu_ws/install/ardupilot_msgs/include/ardupilot_msgs/ardupilot_msgs/msg/detail/global_position__type_support.hpp
[11.784s] -- Installing: /home/sachin/ardu_ws/install/ardupilot_msgs/include/ardupilot_msgs/ardupilot_msgs/msg/detail/status__type_support.hpp
[11.784s] -- Installing: /home/sachin/ardu_ws/install/ardupilot_msgs/include/ardupilot_msgs/ardupilot_msgs/msg/detail/rc__struct.hpp
[11.784s] -- Installing: /home/sachin/ardu_ws/install/ardupilot_msgs/include/ardupilot_msgs/ardupilot_msgs/msg/detail/rc__builder.hpp
[11.784s] -- Installing: /home/sachin/ardu_ws/install/ardupilot_msgs/include/ardupilot_msgs/ardupilot_msgs/msg/detail/status__builder.hpp
[11.784s] -- Installing: /home/sachin/ardu_ws/install/ardupilot_msgs/include/ardupilot_msgs/ardupilot_msgs/msg/detail/airspeed__type_support.hpp
[11.784s] -- Installing: /home/sachin/ardu_ws/install/ardupilot_msgs/include/ardupilot_msgs/ardupilot_msgs/msg/detail/status__traits.hpp
[11.784s] -- Installing: /home/sachin/ardu_ws/install/ardupilot_msgs/include/ardupilot_msgs/ardupilot_msgs/msg/detail/rc__type_support.hpp
[11.784s] -- Installing: /home/sachin/ardu_ws/install/ardupilot_msgs/include/ardupilot_msgs/ardupilot_msgs/msg/detail/airspeed__traits.hpp
[11.784s] -- Installing: /home/sachin/ardu_ws/install/ardupilot_msgs/include/ardupilot_msgs/ardupilot_msgs/msg/detail/global_position__builder.hpp
[11.784s] -- Installing: /home/sachin/ardu_ws/install/ardupilot_msgs/include/ardupilot_msgs/ardupilot_msgs/msg/detail/global_position__traits.hpp
[11.784s] -- Installing: /home/sachin/ardu_ws/install/ardupilot_msgs/include/ardupilot_msgs/ardupilot_msgs/msg/detail/airspeed__struct.hpp
[11.784s] -- Installing: /home/sachin/ardu_ws/install/ardupilot_msgs/include/ardupilot_msgs/ardupilot_msgs/msg/detail/global_position__struct.hpp
[11.784s] -- Installing: /home/sachin/ardu_ws/install/ardupilot_msgs/include/ardupilot_msgs/ardupilot_msgs/msg/airspeed.hpp
[11.784s] -- Installing: /home/sachin/ardu_ws/install/ardupilot_msgs/include/ardupilot_msgs/ardupilot_msgs/msg/status.hpp
[11.784s] -- Installing: /home/sachin/ardu_ws/install/ardupilot_msgs/include/ardupilot_msgs/ardupilot_msgs/msg/rosidl_generator_cpp__visibility_control.hpp
[11.784s] -- Installing: /home/sachin/ardu_ws/install/ardupilot_msgs/include/ardupilot_msgs/ardupilot_msgs/msg/global_position.hpp
[11.784s] -- Up-to-date: /home/sachin/ardu_ws/install/ardupilot_msgs/include/ardupilot_msgs/ardupilot_msgs
[11.785s] -- Up-to-date: /home/sachin/ardu_ws/install/ardupilot_msgs/include/ardupilot_msgs/ardupilot_msgs/srv
[11.785s] -- Up-to-date: /home/sachin/ardu_ws/install/ardupilot_msgs/include/ardupilot_msgs/ardupilot_msgs/srv/detail
[11.785s] -- Installing: /home/sachin/ardu_ws/install/ardupilot_msgs/include/ardupilot_msgs/ardupilot_msgs/srv/detail/dds_fastrtps
[11.785s] -- Installing: /home/sachin/ardu_ws/install/ardupilot_msgs/include/ardupilot_msgs/ardupilot_msgs/srv/detail/mode_switch__rosidl_typesupport_fastrtps_cpp.hpp
[11.785s] -- Installing: /home/sachin/ardu_ws/install/ardupilot_msgs/include/ardupilot_msgs/ardupilot_msgs/srv/detail/arm_motors__rosidl_typesupport_fastrtps_cpp.hpp
[11.785s] -- Installing: /home/sachin/ardu_ws/install/ardupilot_msgs/include/ardupilot_msgs/ardupilot_msgs/srv/detail/takeoff__rosidl_typesupport_fastrtps_cpp.hpp
[11.785s] -- Up-to-date: /home/sachin/ardu_ws/install/ardupilot_msgs/include/ardupilot_msgs/ardupilot_msgs/msg
[11.785s] -- Up-to-date: /home/sachin/ardu_ws/install/ardupilot_msgs/include/ardupilot_msgs/ardupilot_msgs/msg/detail
[11.785s] -- Installing: /home/sachin/ardu_ws/install/ardupilot_msgs/include/ardupilot_msgs/ardupilot_msgs/msg/detail/status__rosidl_typesupport_fastrtps_cpp.hpp
[11.785s] -- Installing: /home/sachin/ardu_ws/install/ardupilot_msgs/include/ardupilot_msgs/ardupilot_msgs/msg/detail/dds_fastrtps
[11.785s] -- Installing: /home/sachin/ardu_ws/install/ardupilot_msgs/include/ardupilot_msgs/ardupilot_msgs/msg/detail/global_position__rosidl_typesupport_fastrtps_cpp.hpp
[11.785s] -- Installing: /home/sachin/ardu_ws/install/ardupilot_msgs/include/ardupilot_msgs/ardupilot_msgs/msg/detail/airspeed__rosidl_typesupport_fastrtps_cpp.hpp
[11.785s] -- Installing: /home/sachin/ardu_ws/install/ardupilot_msgs/include/ardupilot_msgs/ardupilot_msgs/msg/detail/rc__rosidl_typesupport_fastrtps_cpp.hpp
[11.785s] -- Installing: /home/sachin/ardu_ws/install/ardupilot_msgs/include/ardupilot_msgs/ardupilot_msgs/msg/rosidl_typesupport_fastrtps_cpp__visibility_control.h
[11.786s] -- Installing: /home/sachin/ardu_ws/install/ardupilot_msgs/lib/libardupilot_msgs__rosidl_typesupport_fastrtps_cpp.so
[11.786s] -- Set non-toolchain portion of runtime path of "/home/sachin/ardu_ws/install/ardupilot_msgs/lib/libardupilot_msgs__rosidl_typesupport_fastrtps_cpp.so" to ""
[11.786s] -- Up-to-date: /home/sachin/ardu_ws/install/ardupilot_msgs/include/ardupilot_msgs/ardupilot_msgs
[11.786s] -- Up-to-date: /home/sachin/ardu_ws/install/ardupilot_msgs/include/ardupilot_msgs/ardupilot_msgs/srv
[11.786s] -- Up-to-date: /home/sachin/ardu_ws/install/ardupilot_msgs/include/ardupilot_msgs/ardupilot_msgs/srv/detail
[11.786s] -- Installing: /home/sachin/ardu_ws/install/ardupilot_msgs/include/ardupilot_msgs/ardupilot_msgs/srv/detail/mode_switch__rosidl_typesupport_introspection_c.h
[11.786s] -- Installing: /home/sachin/ardu_ws/install/ardupilot_msgs/include/ardupilot_msgs/ardupilot_msgs/srv/detail/arm_motors__rosidl_typesupport_introspection_c.h
[11.787s] -- Installing: /home/sachin/ardu_ws/install/ardupilot_msgs/include/ardupilot_msgs/ardupilot_msgs/srv/detail/takeoff__rosidl_typesupport_introspection_c.h
[11.787s] -- Installing: /home/sachin/ardu_ws/install/ardupilot_msgs/include/ardupilot_msgs/ardupilot_msgs/srv/detail/arm_motors__type_support.c
[11.787s] -- Installing: /home/sachin/ardu_ws/install/ardupilot_msgs/include/ardupilot_msgs/ardupilot_msgs/srv/detail/takeoff__type_support.c
[11.787s] -- Installing: /home/sachin/ardu_ws/install/ardupilot_msgs/include/ardupilot_msgs/ardupilot_msgs/srv/detail/mode_switch__type_support.c
[11.787s] -- Up-to-date: /home/sachin/ardu_ws/install/ardupilot_msgs/include/ardupilot_msgs/ardupilot_msgs/msg
[11.787s] -- Installing: /home/sachin/ardu_ws/install/ardupilot_msgs/include/ardupilot_msgs/ardupilot_msgs/msg/rosidl_typesupport_introspection_c__visibility_control.h
[11.787s] -- Up-to-date: /home/sachin/ardu_ws/install/ardupilot_msgs/include/ardupilot_msgs/ardupilot_msgs/msg/detail
[11.788s] -- Installing: /home/sachin/ardu_ws/install/ardupilot_msgs/include/ardupilot_msgs/ardupilot_msgs/msg/detail/global_position__type_support.c
[11.788s] -- Installing: /home/sachin/ardu_ws/install/ardupilot_msgs/include/ardupilot_msgs/ardupilot_msgs/msg/detail/status__rosidl_typesupport_introspection_c.h
[11.788s] -- Installing: /home/sachin/ardu_ws/install/ardupilot_msgs/include/ardupilot_msgs/ardupilot_msgs/msg/detail/airspeed__type_support.c
[11.788s] -- Installing: /home/sachin/ardu_ws/install/ardupilot_msgs/include/ardupilot_msgs/ardupilot_msgs/msg/detail/rc__rosidl_typesupport_introspection_c.h
[11.788s] -- Installing: /home/sachin/ardu_ws/install/ardupilot_msgs/include/ardupilot_msgs/ardupilot_msgs/msg/detail/rc__type_support.c
[11.788s] -- Installing: /home/sachin/ardu_ws/install/ardupilot_msgs/include/ardupilot_msgs/ardupilot_msgs/msg/detail/airspeed__rosidl_typesupport_introspection_c.h
[11.788s] -- Installing: /home/sachin/ardu_ws/install/ardupilot_msgs/include/ardupilot_msgs/ardupilot_msgs/msg/detail/status__type_support.c
[11.788s] -- Installing: /home/sachin/ardu_ws/install/ardupilot_msgs/include/ardupilot_msgs/ardupilot_msgs/msg/detail/global_position__rosidl_typesupport_introspection_c.h
[11.788s] -- Installing: /home/sachin/ardu_ws/install/ardupilot_msgs/lib/libardupilot_msgs__rosidl_typesupport_introspection_c.so
[11.788s] -- Set non-toolchain portion of runtime path of "/home/sachin/ardu_ws/install/ardupilot_msgs/lib/libardupilot_msgs__rosidl_typesupport_introspection_c.so" to ""
[11.789s] -- Installing: /home/sachin/ardu_ws/install/ardupilot_msgs/lib/libardupilot_msgs__rosidl_typesupport_c.so
[11.789s] -- Set non-toolchain portion of runtime path of "/home/sachin/ardu_ws/install/ardupilot_msgs/lib/libardupilot_msgs__rosidl_typesupport_c.so" to ""
[11.789s] -- Up-to-date: /home/sachin/ardu_ws/install/ardupilot_msgs/include/ardupilot_msgs/ardupilot_msgs
[11.789s] -- Up-to-date: /home/sachin/ardu_ws/install/ardupilot_msgs/include/ardupilot_msgs/ardupilot_msgs/srv
[11.789s] -- Up-to-date: /home/sachin/ardu_ws/install/ardupilot_msgs/include/ardupilot_msgs/ardupilot_msgs/srv/detail
[11.789s] -- Installing: /home/sachin/ardu_ws/install/ardupilot_msgs/include/ardupilot_msgs/ardupilot_msgs/srv/detail/mode_switch__type_support.cpp
[11.789s] -- Installing: /home/sachin/ardu_ws/install/ardupilot_msgs/include/ardupilot_msgs/ardupilot_msgs/srv/detail/takeoff__type_support.cpp
[11.789s] -- Installing: /home/sachin/ardu_ws/install/ardupilot_msgs/include/ardupilot_msgs/ardupilot_msgs/srv/detail/arm_motors__type_support.cpp
[11.790s] -- Installing: /home/sachin/ardu_ws/install/ardupilot_msgs/include/ardupilot_msgs/ardupilot_msgs/srv/detail/takeoff__rosidl_typesupport_introspection_cpp.hpp
[11.790s] -- Installing: /home/sachin/ardu_ws/install/ardupilot_msgs/include/ardupilot_msgs/ardupilot_msgs/srv/detail/arm_motors__rosidl_typesupport_introspection_cpp.hpp
[11.790s] -- Installing: /home/sachin/ardu_ws/install/ardupilot_msgs/include/ardupilot_msgs/ardupilot_msgs/srv/detail/mode_switch__rosidl_typesupport_introspection_cpp.hpp
[11.790s] -- Up-to-date: /home/sachin/ardu_ws/install/ardupilot_msgs/include/ardupilot_msgs/ardupilot_msgs/msg
[11.790s] -- Up-to-date: /home/sachin/ardu_ws/install/ardupilot_msgs/include/ardupilot_msgs/ardupilot_msgs/msg/detail
[11.790s] -- Installing: /home/sachin/ardu_ws/install/ardupilot_msgs/include/ardupilot_msgs/ardupilot_msgs/msg/detail/rc__rosidl_typesupport_introspection_cpp.hpp
[11.790s] -- Installing: /home/sachin/ardu_ws/install/ardupilot_msgs/include/ardupilot_msgs/ardupilot_msgs/msg/detail/global_position__type_support.cpp
[11.790s] -- Installing: /home/sachin/ardu_ws/install/ardupilot_msgs/include/ardupilot_msgs/ardupilot_msgs/msg/detail/rc__type_support.cpp
[11.790s] -- Installing: /home/sachin/ardu_ws/install/ardupilot_msgs/include/ardupilot_msgs/ardupilot_msgs/msg/detail/global_position__rosidl_typesupport_introspection_cpp.hpp
[11.790s] -- Installing: /home/sachin/ardu_ws/install/ardupilot_msgs/include/ardupilot_msgs/ardupilot_msgs/msg/detail/status__rosidl_typesupport_introspection_cpp.hpp
[11.790s] -- Installing: /home/sachin/ardu_ws/install/ardupilot_msgs/include/ardupilot_msgs/ardupilot_msgs/msg/detail/status__type_support.cpp
[11.790s] -- Installing: /home/sachin/ardu_ws/install/ardupilot_msgs/include/ardupilot_msgs/ardupilot_msgs/msg/detail/airspeed__rosidl_typesupport_introspection_cpp.hpp
[11.790s] -- Installing: /home/sachin/ardu_ws/install/ardupilot_msgs/include/ardupilot_msgs/ardupilot_msgs/msg/detail/airspeed__type_support.cpp
[11.791s] -- Installing: /home/sachin/ardu_ws/install/ardupilot_msgs/lib/libardupilot_msgs__rosidl_typesupport_introspection_cpp.so
[11.791s] -- Set non-toolchain portion of runtime path of "/home/sachin/ardu_ws/install/ardupilot_msgs/lib/libardupilot_msgs__rosidl_typesupport_introspection_cpp.so" to ""
[11.791s] -- Installing: /home/sachin/ardu_ws/install/ardupilot_msgs/lib/libardupilot_msgs__rosidl_typesupport_cpp.so
[11.791s] -- Set non-toolchain portion of runtime path of "/home/sachin/ardu_ws/install/ardupilot_msgs/lib/libardupilot_msgs__rosidl_typesupport_cpp.so" to ""
[11.791s] -- Installing: /home/sachin/ardu_ws/install/ardupilot_msgs/share/ardupilot_msgs/environment/pythonpath.sh
[11.791s] -- Installing: /home/sachin/ardu_ws/install/ardupilot_msgs/share/ardupilot_msgs/environment/pythonpath.dsv
[11.791s] -- Installing: /home/sachin/ardu_ws/install/ardupilot_msgs/lib/python3.12/site-packages/ardupilot_msgs-0.0.0-py3.12.egg-info
[11.791s] -- Installing: /home/sachin/ardu_ws/install/ardupilot_msgs/lib/python3.12/site-packages/ardupilot_msgs-0.0.0-py3.12.egg-info/PKG-INFO
[11.791s] -- Installing: /home/sachin/ardu_ws/install/ardupilot_msgs/lib/python3.12/site-packages/ardupilot_msgs-0.0.0-py3.12.egg-info/dependency_links.txt
[11.791s] -- Installing: /home/sachin/ardu_ws/install/ardupilot_msgs/lib/python3.12/site-packages/ardupilot_msgs-0.0.0-py3.12.egg-info/SOURCES.txt
[11.791s] -- Installing: /home/sachin/ardu_ws/install/ardupilot_msgs/lib/python3.12/site-packages/ardupilot_msgs-0.0.0-py3.12.egg-info/top_level.txt
[11.791s] -- Installing: /home/sachin/ardu_ws/install/ardupilot_msgs/lib/python3.12/site-packages/ardupilot_msgs
[11.791s] -- Installing: /home/sachin/ardu_ws/install/ardupilot_msgs/lib/python3.12/site-packages/ardupilot_msgs/srv
[11.791s] -- Installing: /home/sachin/ardu_ws/install/ardupilot_msgs/lib/python3.12/site-packages/ardupilot_msgs/srv/_takeoff_s.c
[11.792s] -- Installing: /home/sachin/ardu_ws/install/ardupilot_msgs/lib/python3.12/site-packages/ardupilot_msgs/srv/__init__.py
[11.792s] -- Installing: /home/sachin/ardu_ws/install/ardupilot_msgs/lib/python3.12/site-packages/ardupilot_msgs/srv/_takeoff.py
[11.792s] -- Installing: /home/sachin/ardu_ws/install/ardupilot_msgs/lib/python3.12/site-packages/ardupilot_msgs/srv/_arm_motors_s.c
[11.792s] -- Installing: /home/sachin/ardu_ws/install/ardupilot_msgs/lib/python3.12/site-packages/ardupilot_msgs/srv/_arm_motors.py
[11.792s] -- Installing: /home/sachin/ardu_ws/install/ardupilot_msgs/lib/python3.12/site-packages/ardupilot_msgs/srv/_mode_switch_s.c
[11.792s] -- Installing: /home/sachin/ardu_ws/install/ardupilot_msgs/lib/python3.12/site-packages/ardupilot_msgs/srv/_mode_switch.py
[11.792s] -- Installing: /home/sachin/ardu_ws/install/ardupilot_msgs/lib/python3.12/site-packages/ardupilot_msgs/_ardupilot_msgs_s.ep.rosidl_typesupport_introspection_c.c
[11.792s] -- Installing: /home/sachin/ardu_ws/install/ardupilot_msgs/lib/python3.12/site-packages/ardupilot_msgs/__init__.py
[11.792s] -- Installing: /home/sachin/ardu_ws/install/ardupilot_msgs/lib/python3.12/site-packages/ardupilot_msgs/ardupilot_msgs_s__rosidl_typesupport_introspection_c.so
[11.792s] -- Installing: /home/sachin/ardu_ws/install/ardupilot_msgs/lib/python3.12/site-packages/ardupilot_msgs/_ardupilot_msgs_s.ep.rosidl_typesupport_fastrtps_c.c
[11.792s] -- Installing: /home/sachin/ardu_ws/install/ardupilot_msgs/lib/python3.12/site-packages/ardupilot_msgs/msg
[11.792s] -- Installing: /home/sachin/ardu_ws/install/ardupilot_msgs/lib/python3.12/site-packages/ardupilot_msgs/msg/_global_position.py
[11.792s] -- Installing: /home/sachin/ardu_ws/install/ardupilot_msgs/lib/python3.12/site-packages/ardupilot_msgs/msg/_global_position_s.c
[11.793s] -- Installing: /home/sachin/ardu_ws/install/ardupilot_msgs/lib/python3.12/site-packages/ardupilot_msgs/msg/__init__.py
[11.793s] -- Installing: /home/sachin/ardu_ws/install/ardupilot_msgs/lib/python3.12/site-packages/ardupilot_msgs/msg/_rc_s.c
[11.793s] -- Installing: /home/sachin/ardu_ws/install/ardupilot_msgs/lib/python3.12/site-packages/ardupilot_msgs/msg/_airspeed_s.c
[11.793s] -- Installing: /home/sachin/ardu_ws/install/ardupilot_msgs/lib/python3.12/site-packages/ardupilot_msgs/msg/_rc.py
[11.793s] -- Installing: /home/sachin/ardu_ws/install/ardupilot_msgs/lib/python3.12/site-packages/ardupilot_msgs/msg/_status_s.c
[11.793s] -- Installing: /home/sachin/ardu_ws/install/ardupilot_msgs/lib/python3.12/site-packages/ardupilot_msgs/msg/_status.py
[11.793s] -- Installing: /home/sachin/ardu_ws/install/ardupilot_msgs/lib/python3.12/site-packages/ardupilot_msgs/msg/_airspeed.py
[11.793s] -- Installing: /home/sachin/ardu_ws/install/ardupilot_msgs/lib/python3.12/site-packages/ardupilot_msgs/ardupilot_msgs_s__rosidl_typesupport_fastrtps_c.so
[11.793s] -- Installing: /home/sachin/ardu_ws/install/ardupilot_msgs/lib/python3.12/site-packages/ardupilot_msgs/ardupilot_msgs_s__rosidl_typesupport_c.so
[11.793s] -- Installing: /home/sachin/ardu_ws/install/ardupilot_msgs/lib/python3.12/site-packages/ardupilot_msgs/_ardupilot_msgs_s.ep.rosidl_typesupport_c.c
[11.832s] Listing '/home/sachin/ardu_ws/install/ardupilot_msgs/lib/python3.12/site-packages/ardupilot_msgs'...
[11.832s] Compiling '/home/sachin/ardu_ws/install/ardupilot_msgs/lib/python3.12/site-packages/ardupilot_msgs/__init__.py'...
[11.832s] Listing '/home/sachin/ardu_ws/install/ardupilot_msgs/lib/python3.12/site-packages/ardupilot_msgs/msg'...
[11.832s] Compiling '/home/sachin/ardu_ws/install/ardupilot_msgs/lib/python3.12/site-packages/ardupilot_msgs/msg/__init__.py'...
[11.832s] Compiling '/home/sachin/ardu_ws/install/ardupilot_msgs/lib/python3.12/site-packages/ardupilot_msgs/msg/_airspeed.py'...
[11.832s] Compiling '/home/sachin/ardu_ws/install/ardupilot_msgs/lib/python3.12/site-packages/ardupilot_msgs/msg/_global_position.py'...
[11.833s] Compiling '/home/sachin/ardu_ws/install/ardupilot_msgs/lib/python3.12/site-packages/ardupilot_msgs/msg/_rc.py'...
[11.833s] Compiling '/home/sachin/ardu_ws/install/ardupilot_msgs/lib/python3.12/site-packages/ardupilot_msgs/msg/_status.py'...
[11.833s] Listing '/home/sachin/ardu_ws/install/ardupilot_msgs/lib/python3.12/site-packages/ardupilot_msgs/srv'...
[11.833s] Compiling '/home/sachin/ardu_ws/install/ardupilot_msgs/lib/python3.12/site-packages/ardupilot_msgs/srv/__init__.py'...
[11.833s] Compiling '/home/sachin/ardu_ws/install/ardupilot_msgs/lib/python3.12/site-packages/ardupilot_msgs/srv/_arm_motors.py'...
[11.833s] Compiling '/home/sachin/ardu_ws/install/ardupilot_msgs/lib/python3.12/site-packages/ardupilot_msgs/srv/_mode_switch.py'...
[11.833s] Compiling '/home/sachin/ardu_ws/install/ardupilot_msgs/lib/python3.12/site-packages/ardupilot_msgs/srv/_takeoff.py'...
[11.838s] -- Installing: /home/sachin/ardu_ws/install/ardupilot_msgs/lib/python3.12/site-packages/ardupilot_msgs/ardupilot_msgs_s__rosidl_typesupport_fastrtps_c.so
[11.838s] -- Set non-toolchain portion of runtime path of "/home/sachin/ardu_ws/install/ardupilot_msgs/lib/python3.12/site-packages/ardupilot_msgs/ardupilot_msgs_s__rosidl_typesupport_fastrtps_c.so" to ""
[11.838s] -- Installing: /home/sachin/ardu_ws/install/ardupilot_msgs/lib/python3.12/site-packages/ardupilot_msgs/ardupilot_msgs_s__rosidl_typesupport_introspection_c.so
[11.840s] -- Set non-toolchain portion of runtime path of "/home/sachin/ardu_ws/install/ardupilot_msgs/lib/python3.12/site-packages/ardupilot_msgs/ardupilot_msgs_s__rosidl_typesupport_introspection_c.so" to ""
[11.840s] -- Installing: /home/sachin/ardu_ws/install/ardupilot_msgs/lib/python3.12/site-packages/ardupilot_msgs/ardupilot_msgs_s__rosidl_typesupport_c.so
[11.841s] -- Set non-toolchain portion of runtime path of "/home/sachin/ardu_ws/install/ardupilot_msgs/lib/python3.12/site-packages/ardupilot_msgs/ardupilot_msgs_s__rosidl_typesupport_c.so" to ""
[11.841s] -- Installing: /home/sachin/ardu_ws/install/ardupilot_msgs/lib/libardupilot_msgs__rosidl_generator_py.so
[11.841s] -- Set non-toolchain portion of runtime path of "/home/sachin/ardu_ws/install/ardupilot_msgs/lib/libardupilot_msgs__rosidl_generator_py.so" to ""
[11.841s] -- Installing: /home/sachin/ardu_ws/install/ardupilot_msgs/share/ament_index/resource_index/rust_packages/ardupilot_msgs
[11.841s] -- Installing: /home/sachin/ardu_ws/install/ardupilot_msgs/share/ardupilot_msgs/rust
[11.841s] -- Installing: /home/sachin/ardu_ws/install/ardupilot_msgs/share/ardupilot_msgs/rust/Cargo.toml
[11.841s] -- Installing: /home/sachin/ardu_ws/install/ardupilot_msgs/share/ardupilot_msgs/rust/src
[11.841s] -- Installing: /home/sachin/ardu_ws/install/ardupilot_msgs/share/ardupilot_msgs/rust/src/srv
[11.841s] -- Installing: /home/sachin/ardu_ws/install/ardupilot_msgs/share/ardupilot_msgs/rust/src/srv/rmw.rs
[11.842s] -- Installing: /home/sachin/ardu_ws/install/ardupilot_msgs/share/ardupilot_msgs/rust/src/lib.rs
[11.842s] -- Installing: /home/sachin/ardu_ws/install/ardupilot_msgs/share/ardupilot_msgs/rust/src/srv.rs
[11.842s] -- Installing: /home/sachin/ardu_ws/install/ardupilot_msgs/share/ardupilot_msgs/rust/src/msg
[11.842s] -- Installing: /home/sachin/ardu_ws/install/ardupilot_msgs/share/ardupilot_msgs/rust/src/msg/rmw.rs
[11.842s] -- Installing: /home/sachin/ardu_ws/install/ardupilot_msgs/share/ardupilot_msgs/rust/src/msg.rs
[11.842s] -- Installing: /home/sachin/ardu_ws/install/ardupilot_msgs/share/ardupilot_msgs/rust/build.rs
[11.843s] -- Installing: /home/sachin/ardu_ws/install/ardupilot_msgs/share/ardupilot_msgs/msg/GlobalPosition.idl
[11.843s] -- Installing: /home/sachin/ardu_ws/install/ardupilot_msgs/share/ardupilot_msgs/msg/Rc.idl
[11.843s] -- Installing: /home/sachin/ardu_ws/install/ardupilot_msgs/share/ardupilot_msgs/msg/Status.idl
[11.843s] -- Installing: /home/sachin/ardu_ws/install/ardupilot_msgs/share/ardupilot_msgs/msg/Airspeed.idl
[11.843s] -- Installing: /home/sachin/ardu_ws/install/ardupilot_msgs/share/ardupilot_msgs/srv/ArmMotors.idl
[11.843s] -- Installing: /home/sachin/ardu_ws/install/ardupilot_msgs/share/ardupilot_msgs/srv/ModeSwitch.idl
[11.843s] -- Installing: /home/sachin/ardu_ws/install/ardupilot_msgs/share/ardupilot_msgs/srv/Takeoff.idl
[11.843s] -- Installing: /home/sachin/ardu_ws/install/ardupilot_msgs/share/ardupilot_msgs/msg/GlobalPosition.msg
[11.843s] -- Installing: /home/sachin/ardu_ws/install/ardupilot_msgs/share/ardupilot_msgs/msg/Rc.msg
[11.845s] -- Installing: /home/sachin/ardu_ws/install/ardupilot_msgs/share/ardupilot_msgs/msg/Status.msg
[11.845s] -- Installing: /home/sachin/ardu_ws/install/ardupilot_msgs/share/ardupilot_msgs/msg/Airspeed.msg
[11.845s] -- Installing: /home/sachin/ardu_ws/install/ardupilot_msgs/share/ardupilot_msgs/srv/ArmMotors.srv
[11.845s] -- Installing: /home/sachin/ardu_ws/install/ardupilot_msgs/share/ardupilot_msgs/srv/ModeSwitch.srv
[11.846s] -- Installing: /home/sachin/ardu_ws/install/ardupilot_msgs/share/ardupilot_msgs/srv/Takeoff.srv
[11.846s] -- Installing: /home/sachin/ardu_ws/install/ardupilot_msgs/share/ament_index/resource_index/package_run_dependencies/ardupilot_msgs
[11.846s] -- Installing: /home/sachin/ardu_ws/install/ardupilot_msgs/share/ament_index/resource_index/parent_prefix_path/ardupilot_msgs
[11.846s] -- Installing: /home/sachin/ardu_ws/install/ardupilot_msgs/share/ardupilot_msgs/environment/ament_prefix_path.sh
[11.846s] -- Installing: /home/sachin/ardu_ws/install/ardupilot_msgs/share/ardupilot_msgs/environment/ament_prefix_path.dsv
[11.847s] -- Installing: /home/sachin/ardu_ws/install/ardupilot_msgs/share/ardupilot_msgs/environment/path.sh
[11.848s] -- Installing: /home/sachin/ardu_ws/install/ardupilot_msgs/share/ardupilot_msgs/environment/path.dsv
[11.848s] -- Installing: /home/sachin/ardu_ws/install/ardupilot_msgs/share/ardupilot_msgs/local_setup.bash
[11.848s] -- Installing: /home/sachin/ardu_ws/install/ardupilot_msgs/share/ardupilot_msgs/local_setup.sh
[11.848s] -- Installing: /home/sachin/ardu_ws/install/ardupilot_msgs/share/ardupilot_msgs/local_setup.zsh
[11.848s] -- Installing: /home/sachin/ardu_ws/install/ardupilot_msgs/share/ardupilot_msgs/local_setup.dsv
[11.848s] -- Installing: /home/sachin/ardu_ws/install/ardupilot_msgs/share/ardupilot_msgs/package.dsv
[11.849s] -- Installing: /home/sachin/ardu_ws/install/ardupilot_msgs/share/ament_index/resource_index/packages/ardupilot_msgs
[11.849s] -- Installing: /home/sachin/ardu_ws/install/ardupilot_msgs/share/ardupilot_msgs/cmake/export_ardupilot_msgs__rosidl_generator_cExport.cmake
[11.849s] -- Installing: /home/sachin/ardu_ws/install/ardupilot_msgs/share/ardupilot_msgs/cmake/export_ardupilot_msgs__rosidl_generator_cExport-noconfig.cmake
[11.849s] -- Installing: /home/sachin/ardu_ws/install/ardupilot_msgs/share/ardupilot_msgs/cmake/export_ardupilot_msgs__rosidl_typesupport_fastrtps_cExport.cmake
[11.849s] -- Installing: /home/sachin/ardu_ws/install/ardupilot_msgs/share/ardupilot_msgs/cmake/export_ardupilot_msgs__rosidl_typesupport_fastrtps_cExport-noconfig.cmake
[11.849s] -- Installing: /home/sachin/ardu_ws/install/ardupilot_msgs/share/ardupilot_msgs/cmake/export_ardupilot_msgs__rosidl_generator_cppExport.cmake
[11.849s] -- Installing: /home/sachin/ardu_ws/install/ardupilot_msgs/share/ardupilot_msgs/cmake/export_ardupilot_msgs__rosidl_typesupport_fastrtps_cppExport.cmake
[11.849s] -- Installing: /home/sachin/ardu_ws/install/ardupilot_msgs/share/ardupilot_msgs/cmake/export_ardupilot_msgs__rosidl_typesupport_fastrtps_cppExport-noconfig.cmake
[11.850s] -- Installing: /home/sachin/ardu_ws/install/ardupilot_msgs/share/ardupilot_msgs/cmake/ardupilot_msgs__rosidl_typesupport_introspection_cExport.cmake
[11.850s] -- Installing: /home/sachin/ardu_ws/install/ardupilot_msgs/share/ardupilot_msgs/cmake/ardupilot_msgs__rosidl_typesupport_introspection_cExport-noconfig.cmake
[11.850s] -- Installing: /home/sachin/ardu_ws/install/ardupilot_msgs/share/ardupilot_msgs/cmake/ardupilot_msgs__rosidl_typesupport_cExport.cmake
[11.850s] -- Installing: /home/sachin/ardu_ws/install/ardupilot_msgs/share/ardupilot_msgs/cmake/ardupilot_msgs__rosidl_typesupport_cExport-noconfig.cmake
[11.850s] -- Installing: /home/sachin/ardu_ws/install/ardupilot_msgs/share/ardupilot_msgs/cmake/ardupilot_msgs__rosidl_typesupport_introspection_cppExport.cmake
[11.850s] -- Installing: /home/sachin/ardu_ws/install/ardupilot_msgs/share/ardupilot_msgs/cmake/ardupilot_msgs__rosidl_typesupport_introspection_cppExport-noconfig.cmake
[11.850s] -- Installing: /home/sachin/ardu_ws/install/ardupilot_msgs/share/ardupilot_msgs/cmake/ardupilot_msgs__rosidl_typesupport_cppExport.cmake
[11.850s] -- Installing: /home/sachin/ardu_ws/install/ardupilot_msgs/share/ardupilot_msgs/cmake/ardupilot_msgs__rosidl_typesupport_cppExport-noconfig.cmake
[11.850s] -- Installing: /home/sachin/ardu_ws/install/ardupilot_msgs/share/ardupilot_msgs/cmake/export_ardupilot_msgs__rosidl_generator_pyExport.cmake
[11.851s] -- Installing: /home/sachin/ardu_ws/install/ardupilot_msgs/share/ardupilot_msgs/cmake/export_ardupilot_msgs__rosidl_generator_pyExport-noconfig.cmake
[11.851s] -- Installing: /home/sachin/ardu_ws/install/ardupilot_msgs/share/ardupilot_msgs/cmake/rosidl_cmake-extras.cmake
[11.851s] -- Installing: /home/sachin/ardu_ws/install/ardupilot_msgs/share/ardupilot_msgs/cmake/ament_cmake_export_dependencies-extras.cmake
[11.851s] -- Installing: /home/sachin/ardu_ws/install/ardupilot_msgs/share/ardupilot_msgs/cmake/ament_cmake_export_include_directories-extras.cmake
[11.851s] -- Installing: /home/sachin/ardu_ws/install/ardupilot_msgs/share/ardupilot_msgs/cmake/ament_cmake_export_libraries-extras.cmake
[11.851s] -- Installing: /home/sachin/ardu_ws/install/ardupilot_msgs/share/ardupilot_msgs/cmake/ament_cmake_export_targets-extras.cmake
[11.851s] -- Installing: /home/sachin/ardu_ws/install/ardupilot_msgs/share/ardupilot_msgs/cmake/rosidl_cmake_export_typesupport_targets-extras.cmake
[11.851s] -- Installing: /home/sachin/ardu_ws/install/ardupilot_msgs/share/ardupilot_msgs/cmake/rosidl_cmake_export_typesupport_libraries-extras.cmake
[11.852s] -- Installing: /home/sachin/ardu_ws/install/ardupilot_msgs/share/ardupilot_msgs/cmake/ardupilot_msgsConfig.cmake
[11.852s] -- Installing: /home/sachin/ardu_ws/install/ardupilot_msgs/share/ardupilot_msgs/cmake/ardupilot_msgsConfig-version.cmake
[11.852s] -- Installing: /home/sachin/ardu_ws/install/ardupilot_msgs/share/ardupilot_msgs/package.xml
[11.855s] Invoked command in '/home/sachin/ardu_ws/build/ardupilot_msgs' returned '0': CMAKE_PREFIX_PATH=${CMAKE_PREFIX_PATH}:/home/sachin/ardu_ws/install/ardupilot_dds_tests:/opt/ros/jazzy DEBUGINFOD_URLS=https://debuginfod.ubuntu.com PS1=(.ros2_venv) \[\e]0;\u@\h: \w\a\]${debian_chroot:+($debian_chroot)}\[\033[01;32m\]\u@\h\[\033[00m\]:\[\033[01;34m\]\w\[\033[00m\]\$ VIRTUAL_ENV_PROMPT=(.ros2_venv) /usr/bin/cmake --install /home/sachin/ardu_ws/build/ardupilot_msgs
