[0.022s] Invoking command in '/home/sachin/ardu_ws/build/ardupilot_gz_application': CMAKE_PREFIX_PATH=${CMAKE_PREFIX_PATH}:/home/sachin/ardu_ws/install/ardupilot_dds_tests:/opt/ros/jazzy DEBUGINFOD_URLS=https://debuginfod.ubuntu.com PS1=(.ros2_venv) \[\e]0;\u@\h: \w\a\]${debian_chroot:+($debian_chroot)}\[\033[01;32m\]\u@\h\[\033[00m\]:\[\033[01;34m\]\w\[\033[00m\]\$ VIRTUAL_ENV_PROMPT=(.ros2_venv) /usr/bin/cmake /home/sachin/ardu_ws/src/ardupilot_gz/ardupilot_gz_application -DCMAKE_INSTALL_PREFIX=/home/sachin/ardu_ws/install/ardupilot_gz_application
[0.071s] -- The C compiler identification is GNU 13.3.0
[0.124s] -- The CXX compiler identification is GNU 13.3.0
[0.139s] -- Detecting C compiler ABI info
[0.200s] -- Detecting C compiler ABI info - done
[0.206s] -- Check for working C compiler: /usr/lib/ccache/cc - skipped
[0.206s] -- Detecting C compile features
[0.207s] -- Detecting C compile features - done
[0.216s] -- Detecting CXX compiler ABI info
[0.285s] -- Detecting CXX compiler ABI info - done
[0.292s] -- Check for working CXX compiler: /usr/lib/ccache/c++ - skipped
[0.292s] -- Detecting CXX compile features
[0.292s] -- Detecting CXX compile features - done
[0.295s] -- Found ament_cmake: 2.5.6 (/opt/ros/jazzy/share/ament_cmake/cmake)
[0.395s] -- Found Python3: /home/sachin/.ros2_venv/bin/python3 (found version "3.12.3") found components: Interpreter 
[0.506s] -- Found ament_lint_auto: 0.17.5 (/opt/ros/jazzy/share/ament_lint_auto/cmake)
[0.618s] -- Added test 'copyright' to check source files copyright and LICENSE
[0.619s] -- Added test 'lint_cmake' to check CMake code style
[0.620s] -- Added test 'xmllint' to check XML markup files
[0.622s] -- Configuring done (0.6s)
[0.624s] -- Generating done (0.0s)
[0.625s] -- Build files have been written to: /home/sachin/ardu_ws/build/ardupilot_gz_application
[0.628s] Invoked command in '/home/sachin/ardu_ws/build/ardupilot_gz_application' returned '0': CMAKE_PREFIX_PATH=${CMAKE_PREFIX_PATH}:/home/sachin/ardu_ws/install/ardupilot_dds_tests:/opt/ros/jazzy DEBUGINFOD_URLS=https://debuginfod.ubuntu.com PS1=(.ros2_venv) \[\e]0;\u@\h: \w\a\]${debian_chroot:+($debian_chroot)}\[\033[01;32m\]\u@\h\[\033[00m\]:\[\033[01;34m\]\w\[\033[00m\]\$ VIRTUAL_ENV_PROMPT=(.ros2_venv) /usr/bin/cmake /home/sachin/ardu_ws/src/ardupilot_gz/ardupilot_gz_application -DCMAKE_INSTALL_PREFIX=/home/sachin/ardu_ws/install/ardupilot_gz_application
[0.629s] Invoking command in '/home/sachin/ardu_ws/build/ardupilot_gz_application': CMAKE_PREFIX_PATH=${CMAKE_PREFIX_PATH}:/home/sachin/ardu_ws/install/ardupilot_dds_tests:/opt/ros/jazzy DEBUGINFOD_URLS=https://debuginfod.ubuntu.com PS1=(.ros2_venv) \[\e]0;\u@\h: \w\a\]${debian_chroot:+($debian_chroot)}\[\033[01;32m\]\u@\h\[\033[00m\]:\[\033[01;34m\]\w\[\033[00m\]\$ VIRTUAL_ENV_PROMPT=(.ros2_venv) /usr/bin/cmake --build /home/sachin/ardu_ws/build/ardupilot_gz_application -- -j12 -l12
[0.657s] Invoked command in '/home/sachin/ardu_ws/build/ardupilot_gz_application' returned '0': CMAKE_PREFIX_PATH=${CMAKE_PREFIX_PATH}:/home/sachin/ardu_ws/install/ardupilot_dds_tests:/opt/ros/jazzy DEBUGINFOD_URLS=https://debuginfod.ubuntu.com PS1=(.ros2_venv) \[\e]0;\u@\h: \w\a\]${debian_chroot:+($debian_chroot)}\[\033[01;32m\]\u@\h\[\033[00m\]:\[\033[01;34m\]\w\[\033[00m\]\$ VIRTUAL_ENV_PROMPT=(.ros2_venv) /usr/bin/cmake --build /home/sachin/ardu_ws/build/ardupilot_gz_application -- -j12 -l12
[0.664s] Invoking command in '/home/sachin/ardu_ws/build/ardupilot_gz_application': CMAKE_PREFIX_PATH=${CMAKE_PREFIX_PATH}:/home/sachin/ardu_ws/install/ardupilot_dds_tests:/opt/ros/jazzy DEBUGINFOD_URLS=https://debuginfod.ubuntu.com PS1=(.ros2_venv) \[\e]0;\u@\h: \w\a\]${debian_chroot:+($debian_chroot)}\[\033[01;32m\]\u@\h\[\033[00m\]:\[\033[01;34m\]\w\[\033[00m\]\$ VIRTUAL_ENV_PROMPT=(.ros2_venv) /usr/bin/cmake --install /home/sachin/ardu_ws/build/ardupilot_gz_application
[0.670s] -- Install configuration: ""
[0.670s] -- Installing: /home/sachin/ardu_ws/install/ardupilot_gz_application/share/ament_index/resource_index/package_run_dependencies/ardupilot_gz_application
[0.670s] -- Installing: /home/sachin/ardu_ws/install/ardupilot_gz_application/share/ament_index/resource_index/parent_prefix_path/ardupilot_gz_application
[0.671s] -- Installing: /home/sachin/ardu_ws/install/ardupilot_gz_application/share/ardupilot_gz_application/environment/ament_prefix_path.sh
[0.671s] -- Installing: /home/sachin/ardu_ws/install/ardupilot_gz_application/share/ardupilot_gz_application/environment/ament_prefix_path.dsv
[0.671s] -- Installing: /home/sachin/ardu_ws/install/ardupilot_gz_application/share/ardupilot_gz_application/environment/path.sh
[0.671s] -- Installing: /home/sachin/ardu_ws/install/ardupilot_gz_application/share/ardupilot_gz_application/environment/path.dsv
[0.671s] -- Installing: /home/sachin/ardu_ws/install/ardupilot_gz_application/share/ardupilot_gz_application/local_setup.bash
[0.671s] -- Installing: /home/sachin/ardu_ws/install/ardupilot_gz_application/share/ardupilot_gz_application/local_setup.sh
[0.671s] -- Installing: /home/sachin/ardu_ws/install/ardupilot_gz_application/share/ardupilot_gz_application/local_setup.zsh
[0.671s] -- Installing: /home/sachin/ardu_ws/install/ardupilot_gz_application/share/ardupilot_gz_application/local_setup.dsv
[0.671s] -- Installing: /home/sachin/ardu_ws/install/ardupilot_gz_application/share/ardupilot_gz_application/package.dsv
[0.671s] -- Installing: /home/sachin/ardu_ws/install/ardupilot_gz_application/share/ament_index/resource_index/packages/ardupilot_gz_application
[0.672s] -- Installing: /home/sachin/ardu_ws/install/ardupilot_gz_application/share/ardupilot_gz_application/cmake/ardupilot_gz_applicationConfig.cmake
[0.672s] -- Installing: /home/sachin/ardu_ws/install/ardupilot_gz_application/share/ardupilot_gz_application/cmake/ardupilot_gz_applicationConfig-version.cmake
[0.672s] -- Installing: /home/sachin/ardu_ws/install/ardupilot_gz_application/share/ardupilot_gz_application/package.xml
[0.672s] Invoked command in '/home/sachin/ardu_ws/build/ardupilot_gz_application' returned '0': CMAKE_PREFIX_PATH=${CMAKE_PREFIX_PATH}:/home/sachin/ardu_ws/install/ardupilot_dds_tests:/opt/ros/jazzy DEBUGINFOD_URLS=https://debuginfod.ubuntu.com PS1=(.ros2_venv) \[\e]0;\u@\h: \w\a\]${debian_chroot:+($debian_chroot)}\[\033[01;32m\]\u@\h\[\033[00m\]:\[\033[01;34m\]\w\[\033[00m\]\$ VIRTUAL_ENV_PROMPT=(.ros2_venv) /usr/bin/cmake --install /home/sachin/ardu_ws/build/ardupilot_gz_application
