Built target ament_cmake_python_copy_ardupilot_sitl
running egg_info
writing ardupilot_sitl.egg-info/PKG-INFO
writing dependency_links to ardupilot_sitl.egg-info/dependency_links.txt
writing top-level names to ardupilot_sitl.egg-info/top_level.txt
reading manifest file 'ardupilot_sitl.egg-info/SOURCES.txt'
writing manifest file 'ardupilot_sitl.egg-info/SOURCES.txt'
[32m[0mSetting top to                           :[0m [0m[32m[32m/home/sachin/ardu_ws/src/ardupilot[0m [0m
[32m[0mSetting out to                           :[0m [0m[32m[32m/home/sachin/ardu_ws/src/ardupilot/build[0m [0m
Built target ament_cmake_python_build_ardupilot_sitl_egg
[32m[0mAutoconfiguration                        :[0m [0m[32m[32menabled[0m [0m
[32m[0mChecking for program 'python'            :[0m [0m[32m[32m/home/sachin/.ros2_venv/bin/python3[0m [0m
[32m[0mChecking for python version >= 3.9.0     :[0m [0m[32m[32m3.12.3[0m [0m
[32m[0mSetting board to                         :[0m [0m[32m[32msitl[0m [0m
Processing /home/sachin/ardu_ws/src/ardupilot/libraries/AP_HAL_SITL/hwdef/sitl/hwdef.dat
Writing hwdef setup in /home/sachin/ardu_ws/src/ardupilot/build/sitl/hwdef.h
[32m[0mUsing toolchain                          :[0m [0m[32m[32mnative[0m [0m
[32m[0mChecking for 'g++' (C++ compiler)        :[0m [0m[32m[32m/usr/lib/ccache/g++[0m [0m
[32m[0mChecking for 'gcc' (C compiler)          :[0m [0m[32m[32m/usr/lib/ccache/gcc[0m [0m
[32m[0mChecking for c flags '-MMD'              :[0m [0m[32m[32myes[0m [0m
[32m[0mChecking for cxx flags '-MMD'            :[0m [0m[32m[32myes[0m [0m
[32m[0mCXX Compiler                             :[0m [0m[32m[32mg++ 13.3.0[0m [0m
[32m[0mChecking for need to link with librt     :[0m [0m[32m[32mnot necessary[0m [0m
[32m[0mChecking for feenableexcept              :[0m [0m[32m[32myes[0m [0m
[32m[0mEnabling -Werror                         :[0m [0m[32m[32mno[0m [0m
[32m[0mEnabled OpenDroneID                      :[0m [0m[32m[33mno[0m [0m
[32m[0mEnabled firmware ID checking             :[0m [0m[32m[33mno[0m [0m
[32m[0mGPS Debug Logging                        :[0m [0m[32m[33mno[0m [0m
[32m[0mEnabled DDS                              :[0m [0m[32m[32myes[0m [0m
[32m[0mChecking for HAVE_CMATH_ISFINITE         :[0m [0m[32m[32myes[0m [0m
[32m[0mChecking for HAVE_CMATH_ISINF            :[0m [0m[32m[32myes[0m [0m
[32m[0mChecking for HAVE_CMATH_ISNAN            :[0m [0m[32m[32myes[0m [0m
[32m[0mChecking for NEED_CMATH_ISFINITE_STD_NAMESPACE :[0m [0m[32m[32myes[0m [0m
[32m[0mChecking for NEED_CMATH_ISINF_STD_NAMESPACE    :[0m [0m[32m[32myes[0m [0m
[32m[0mChecking for NEED_CMATH_ISNAN_STD_NAMESPACE    :[0m [0m[32m[32myes[0m [0m
[32m[0mChecking for header endian.h                   :[0m [0m[32m[32myes[0m [0m
[32m[0mChecking for header byteswap.h                 :[0m [0m[32m[32myes[0m [0m
[32m[0mChecking for HAVE_MEMRCHR                      :[0m [0m[32m[32myes[0m [0m
[32m[0mConfigured VSCode Intellisense:                :[0m [0m[32m[33mno[0m [0m
[32m[0mDC_DSDL compiler in                            :[0m [0m[32m[32m/home/sachin/ardu_ws/src/ardupilot/modules/DroneCAN/dronecan_dsdlc[0m [0m
[32m[0mSource is git repository                       :[0m [0m[32m[32myes[0m [0m
[32m[0mUpdate submodules                              :[0m [0m[32m[32myes[0m [0m
[32m[0mChecking for program 'git'                     :[0m [0m[32m[32m/usr/bin/git[0m [0m
[32m[0mLittlefs                                       :[0m [0m[32m[33mdisabled[0m [0m
[32m[0mChecking for program 'size'                    :[0m [0m[32m[32m/usr/bin/size[0m [0m
[32m[0mBenchmarks                                     :[0m [0m[32m[33mdisabled[0m [0m
[32m[0mUnit tests                                     :[0m [0m[32m[32menabled[0m [0m
[32m[0mScripting                                      :[0m [0m[32m[32mmaybe[0m [0m
[32m[0mChecking for program 'microxrceddsgen'         :[0m [0m[32m[32m/home/sachin/ardu_ws/Micro-XRCE-DDS-Gen/scripts/microxrceddsgen[0m [0m
[32m[0mScripting runtime checks                       :[0m [0m[32m[32menabled[0m [0m
[32m[0mDebug build                                    :[0m [0m[32m[33mdisabled[0m [0m
[32m[0mCoverage build                                 :[0m [0m[32m[33mdisabled[0m [0m
[32m[0mConsistent build                               :[0m [0m[32m[33mdisabled[0m [0m
[32m[0mForce 32-bit build                             :[0m [0m[32m[33mdisabled[0m [0m
[32m[0mChecking for program 'rsync'                   :[0m [0m[32m[32m/usr/bin/rsync[0m [0m
[32mRemoving target_list file /home/sachin/ardu_ws/src/ardupilot/build/sitl/target_list[0m
[32m'configure' finished successfully (1.437s)[0m
Built target ardupilot_configure
[32mWaf: Entering directory `/home/sachin/ardu_ws/src/ardupilot/build/sitl'[0m
Embedding file default_params/airsim-quadX.parm:Tools/autotest/default_params/airsim-quadX.parm
Embedding file default_params/airsim-rover.parm:Tools/autotest/default_params/airsim-rover.parm
Embedding file default_params/balancebot.parm:Tools/autotest/default_params/balancebot.parm
Embedding file default_params/blimp-motor.parm:Tools/autotest/default_params/blimp-motor.parm
Embedding file default_params/blimp.parm:Tools/autotest/default_params/blimp.parm
Embedding file default_params/copter-X.parm:Tools/autotest/default_params/copter-X.parm
Embedding file default_params/copter-beacon.parm:Tools/autotest/default_params/copter-beacon.parm
Embedding file default_params/copter-bfx.parm:Tools/autotest/default_params/copter-bfx.parm
Embedding file default_params/copter-coax.parm:Tools/autotest/default_params/copter-coax.parm
Embedding file default_params/copter-cwx.parm:Tools/autotest/default_params/copter-cwx.parm
Embedding file default_params/copter-deca-cwx.parm:Tools/autotest/default_params/copter-deca-cwx.parm
Embedding file default_params/copter-deca.parm:Tools/autotest/default_params/copter-deca.parm
Embedding file default_params/copter-djix.parm:Tools/autotest/default_params/copter-djix.parm
Embedding file default_params/copter-dodecahexa.parm:Tools/autotest/default_params/copter-dodecahexa.parm
Embedding file default_params/copter-dotriaconta_octaquad_x.parm:Tools/autotest/default_params/copter-dotriaconta_octaquad_x.parm
Embedding file default_params/copter-gimbal.parm:Tools/autotest/default_params/copter-gimbal.parm
Embedding file default_params/copter-gps-for-yaw-nmea.parm:Tools/autotest/default_params/copter-gps-for-yaw-nmea.parm
Embedding file default_params/copter-gps-for-yaw.parm:Tools/autotest/default_params/copter-gps-for-yaw.parm
Embedding file default_params/copter-heli-ddfptail.parm:Tools/autotest/default_params/copter-heli-ddfptail.parm
Embedding file default_params/copter-heli-ddvptail.parm:Tools/autotest/default_params/copter-heli-ddvptail.parm
Embedding file default_params/copter-heli-dual.parm:Tools/autotest/default_params/copter-heli-dual.parm
Embedding file default_params/copter-heli-gas.parm:Tools/autotest/default_params/copter-heli-gas.parm
Embedding file default_params/copter-heli.parm:Tools/autotest/default_params/copter-heli.parm
Embedding file default_params/copter-heliquad.parm:Tools/autotest/default_params/copter-heliquad.parm
Embedding file default_params/copter-hexa-cwx.parm:Tools/autotest/default_params/copter-hexa-cwx.parm
Embedding file default_params/copter-hexa-dji.parm:Tools/autotest/default_params/copter-hexa-dji.parm
Embedding file default_params/copter-hexa.parm:Tools/autotest/default_params/copter-hexa.parm
Embedding file default_params/copter-hexadeca_octa.parm:Tools/autotest/default_params/copter-hexadeca_octa.parm
Embedding file default_params/copter-hexadeca_octa_cwx.parm:Tools/autotest/default_params/copter-hexadeca_octa_cwx.parm
Embedding file default_params/copter-octa-cwx.parm:Tools/autotest/default_params/copter-octa-cwx.parm
Embedding file default_params/copter-octa-dji.parm:Tools/autotest/default_params/copter-octa-dji.parm
Embedding file default_params/copter-octa.parm:Tools/autotest/default_params/copter-octa.parm
Embedding file default_params/copter-octaquad-cor.parm:Tools/autotest/default_params/copter-octaquad-cor.parm
Embedding file default_params/copter-octaquad-cw-cor.parm:Tools/autotest/default_params/copter-octaquad-cw-cor.parm
Embedding file default_params/copter-octaquad-cwx.parm:Tools/autotest/default_params/copter-octaquad-cwx.parm
Embedding file default_params/copter-octaquad.parm:Tools/autotest/default_params/copter-octaquad.parm
Embedding file default_params/copter-optflow.parm:Tools/autotest/default_params/copter-optflow.parm
Embedding file default_params/copter-ppp-periph.parm:Tools/autotest/default_params/copter-ppp-periph.parm
Embedding file default_params/copter-ppp.parm:Tools/autotest/default_params/copter-ppp.parm
Embedding file default_params/copter-rangefinder.parm:Tools/autotest/default_params/copter-rangefinder.parm
Embedding file default_params/copter-single.parm:Tools/autotest/default_params/copter-single.parm
Embedding file default_params/copter-tri.parm:Tools/autotest/default_params/copter-tri.parm
Embedding file default_params/copter-vicon.parm:Tools/autotest/default_params/copter-vicon.parm
Embedding file default_params/copter-winch.parm:Tools/autotest/default_params/copter-winch.parm
Embedding file default_params/copter-wind-estimates.parm:Tools/autotest/default_params/copter-wind-estimates.parm
Embedding file default_params/copter-y6.parm:Tools/autotest/default_params/copter-y6.parm
Embedding file default_params/copter.parm:Tools/autotest/default_params/copter.parm
Embedding file default_params/firefly.parm:Tools/autotest/default_params/firefly.parm
Embedding file default_params/gazebo-iris.parm:Tools/autotest/default_params/gazebo-iris.parm
Embedding file default_params/gazebo-zephyr.parm:Tools/autotest/default_params/gazebo-zephyr.parm
Embedding file default_params/glider.parm:Tools/autotest/default_params/glider.parm
Embedding file default_params/motorboat.parm:Tools/autotest/default_params/motorboat.parm
Embedding file default_params/msposd.parm:Tools/autotest/default_params/msposd.parm
Embedding file default_params/periph-battmon.parm:Tools/autotest/default_params/periph-battmon.parm
Embedding file default_params/periph-compass.parm:Tools/autotest/default_params/periph-compass.parm
Embedding file default_params/periph-ppp.parm:Tools/autotest/default_params/periph-ppp.parm
Embedding file default_params/periph.parm:Tools/autotest/default_params/periph.parm
Embedding file default_params/plane-dspoilers.parm:Tools/autotest/default_params/plane-dspoilers.parm
Embedding file default_params/plane-elevons.parm:Tools/autotest/default_params/plane-elevons.parm
Embedding file default_params/plane-ice.parm:Tools/autotest/default_params/plane-ice.parm
Embedding file default_params/plane-jet.parm:Tools/autotest/default_params/plane-jet.parm
Embedding file default_params/plane-redundant.parm:Tools/autotest/default_params/plane-redundant.parm
Embedding file default_params/plane-soaring.parm:Tools/autotest/default_params/plane-soaring.parm
Embedding file default_params/plane-tailsitter.parm:Tools/autotest/default_params/plane-tailsitter.parm
Embedding file default_params/plane-vtail.parm:Tools/autotest/default_params/plane-vtail.parm
Embedding file default_params/quad-can.parm:Tools/autotest/default_params/quad-can.parm
Embedding file default_params/quad-periph.parm:Tools/autotest/default_params/quad-periph.parm
Embedding file default_params/quadplane-can.parm:Tools/autotest/default_params/quadplane-can.parm
Embedding file default_params/quadplane-cl84.parm:Tools/autotest/default_params/quadplane-cl84.parm
Embedding file default_params/quadplane-copter_tailsitter.parm:Tools/autotest/default_params/quadplane-copter_tailsitter.parm
Embedding file default_params/quadplane-ice.parm:Tools/autotest/default_params/quadplane-ice.parm
Embedding file default_params/quadplane-periph.parm:Tools/autotest/default_params/quadplane-periph.parm
Embedding file default_params/quadplane-ppp-periph.parm:Tools/autotest/default_params/quadplane-ppp-periph.parm
Embedding file default_params/quadplane-ppp.parm:Tools/autotest/default_params/quadplane-ppp.parm
Embedding file default_params/quadplane-tilt.parm:Tools/autotest/default_params/quadplane-tilt.parm
Embedding file default_params/quadplane-tilthvec.parm:Tools/autotest/default_params/quadplane-tilthvec.parm
Embedding file default_params/quadplane-tilttri.parm:Tools/autotest/default_params/quadplane-tilttri.parm
Embedding file default_params/quadplane-tilttrivec.parm:Tools/autotest/default_params/quadplane-tilttrivec.parm
Embedding file default_params/quadplane-tri.parm:Tools/autotest/default_params/quadplane-tri.parm
Embedding file default_params/quadplane.parm:Tools/autotest/default_params/quadplane.parm
Embedding file default_params/rover-omni3mecanum.parm:Tools/autotest/default_params/rover-omni3mecanum.parm
Embedding file default_params/rover-skid.parm:Tools/autotest/default_params/rover-skid.parm
Embedding file default_params/rover-vectored.parm:Tools/autotest/default_params/rover-vectored.parm
Embedding file default_params/rover.parm:Tools/autotest/default_params/rover.parm
Embedding file default_params/sailboat-motor.parm:Tools/autotest/default_params/sailboat-motor.parm
Embedding file default_params/sailboat.parm:Tools/autotest/default_params/sailboat.parm
Embedding file default_params/stratoblimp.parm:Tools/autotest/default_params/stratoblimp.parm
Embedding file default_params/sub-6dof.parm:Tools/autotest/default_params/sub-6dof.parm
Embedding file default_params/sub-gps-for-yaw-nmea.parm:Tools/autotest/default_params/sub-gps-for-yaw-nmea.parm
Embedding file default_params/sub.parm:Tools/autotest/default_params/sub.parm
Embedding file default_params/tracker-gps-for-yaw.parm:Tools/autotest/default_params/tracker-gps-for-yaw.parm
Embedding file locations.txt:Tools/autotest/locations.txt
Embedding file models/Callisto.json:Tools/autotest/models/Callisto.json
Embedding file models/Callisto.parm:Tools/autotest/models/Callisto.parm
Embedding file models/freestyle.json:Tools/autotest/models/freestyle.json
Embedding file models/freestyle.parm:Tools/autotest/models/freestyle.parm
Embedding file models/heliquad.json:Tools/autotest/models/heliquad.json
Embedding file models/plane-3d.parm:Tools/autotest/models/plane-3d.parm
Embedding file models/plane-reverse-rc-pitch-yaw.parm:Tools/autotest/models/plane-reverse-rc-pitch-yaw.parm
Embedding file models/plane-reverse-servo-pitch-yaw.parm:Tools/autotest/models/plane-reverse-servo-pitch-yaw.parm
Embedding file models/plane.parm:Tools/autotest/models/plane.parm
Embedding file models/skywalker_2013.json:Tools/autotest/models/skywalker_2013.json
Embedding file models/xplane_heli.json:Tools/autotest/models/xplane_heli.json
Embedding file models/xplane_plane.json:Tools/autotest/models/xplane_plane.json
Embedding file vehicleinfo.json:Tools/autotest/pysim/vehicleinfo.json
Building /home/sachin/ardu_ws/src/ardupilot/build/sitl/modules/Micro-XRCE-DDS-Client/include/uxr/client/config.h
Building /home/sachin/ardu_ws/src/ardupilot/build/sitl/modules/Micro-CDR/include/ucdr/config.h
[32mNo target_list file found, creating[0m
[32mGenerating compile_commands.json[0m
[32mGenerating compile_commands.json[0m
[32mGenerating compile_commands.json[0m
[32mGenerating compile_commands.json[0m
[32mGenerating compile_commands.json[0m
[32mGenerating compile_commands.json[0m
[32mGenerating compile_commands.json[0m
[32mBuild commands will be stored in build/sitl/compile_commands.json[0m
[32mGenerating compile_commands.json[0m
[32mBuild commands will be stored in build/sitl/compile_commands.json[0m
[32mBuild commands will be stored in build/sitl/compile_commands.json[0m
[32mGenerating compile_commands.json[0m
[32mBuild commands will be stored in build/sitl/compile_commands.json[0m
[32mBuild commands will be stored in build/sitl/compile_commands.json[0m
[32mGenerating compile_commands.json[0m
[32mBuild commands will be stored in build/sitl/compile_commands.json[0m
[32mBuild commands will be stored in build/sitl/compile_commands.json[0m
[32mGenerating compile_commands.json[0m
[32mBuild commands will be stored in build/sitl/compile_commands.json[0m
[32mBuild commands will be stored in build/sitl/compile_commands.json[0m
[32mBuild commands will be stored in build/sitl/compile_commands.json[0m
[32mGenerating compile_commands.json[0m
[32mBuild commands will be stored in build/sitl/compile_commands.json[0m
[32mBuild commands will be stored in build/sitl/compile_commands.json[0m
[32mGenerating compile_commands.json[0m
[32mBuild commands will be stored in build/sitl/compile_commands.json[0m
[2044/2371] Linking [33mbuild/sitl/bin/antennatracker[0m
[2126/2371] Linking [33mbuild/sitl/bin/arducopter[0m
[2194/2371] Linking [33mbuild/sitl/bin/arducopter-heli[0m
[2259/2371] Linking [33mbuild/sitl/bin/arduplane[0m
[2297/2371] Linking [33mbuild/sitl/bin/ardusub[0m
[2325/2371] Linking [33mbuild/sitl/bin/blimp[0m
[2364/2371] Linking [33mbuild/sitl/bin/ardurover[0m
[2365/2371] checking symbols [36mbuild/sitl/bin/antennatracker[0m
[2366/2371] checking symbols [36mbuild/sitl/bin/arducopter[0m
[2367/2371] checking symbols [36mbuild/sitl/bin/arducopter-heli[0m
[2368/2371] checking symbols [36mbuild/sitl/bin/ardusub[0m
[2369/2371] checking symbols [36mbuild/sitl/bin/blimp[0m
[2370/2371] checking symbols [36mbuild/sitl/bin/arduplane[0m
[2371/2371] checking symbols [36mbuild/sitl/bin/ardurover[0m
[32mWaf: Leaving directory `/home/sachin/ardu_ws/src/ardupilot/build/sitl'[0m
[32m[0m
[32m[0m[01;1mBUILD SUMMARY[0m
[32m[0m[01;1mBuild directory: [0m/home/sachin/ardu_ws/src/ardupilot/build/sitl[0m
[32m[0m[01;1mTarget               Text (B)  Data (B)  BSS (B)  Total Flash Used (B)  Free Flash (B)  External Flash Used (B)[0m
---------------------------------------------------------------------------------------------------------------
bin/antennatracker    3472111    150053   265560               3622164  Not Applicable  Not Applicable         
bin/arducopter        4643627    218429   284392               4862056  Not Applicable  Not Applicable         
bin/arducopter-heli   4636099    219485   285288               4855584  Not Applicable  Not Applicable         
bin/arduplane         4611451    221653   283112               4833104  Not Applicable  Not Applicable         
bin/ardusub           4220483    192293   285016               4412776  Not Applicable  Not Applicable         
bin/blimp             3564927    154461   268056               3719388  Not Applicable  Not Applicable         
bin/ardurover         4301827    196493   282728               4498320  Not Applicable  Not Applicable         
[32m[0m
[32m'build' finished successfully (7.068s)[0m
Built target ardupilot_build
-- Install configuration: ""
-- Installing: /home/sachin/ardu_ws/install/ardupilot_sitl/bin/antennatracker
-- Installing: /home/sachin/ardu_ws/install/ardupilot_sitl/bin/arducopter
-- Installing: /home/sachin/ardu_ws/install/ardupilot_sitl/bin/arducopter-heli
-- Installing: /home/sachin/ardu_ws/install/ardupilot_sitl/bin/arduplane
-- Installing: /home/sachin/ardu_ws/install/ardupilot_sitl/bin/ardurover
-- Installing: /home/sachin/ardu_ws/install/ardupilot_sitl/bin/ardusub
-- Installing: /home/sachin/ardu_ws/install/ardupilot_sitl/bin/blimp
-- Up-to-date: /home/sachin/ardu_ws/install/ardupilot_sitl/.//lib
-- Up-to-date: /home/sachin/ardu_ws/install/ardupilot_sitl/.//lib/libBlimp_libs.a
-- Up-to-date: /home/sachin/ardu_ws/install/ardupilot_sitl/.//lib/libArduPlane_libs.a
-- Up-to-date: /home/sachin/ardu_ws/install/ardupilot_sitl/.//lib/libArduSub_libs.a
-- Up-to-date: /home/sachin/ardu_ws/install/ardupilot_sitl/.//lib/libAntennaTracker_libs.a
-- Up-to-date: /home/sachin/ardu_ws/install/ardupilot_sitl/.//lib/libArduCopter_libs.a
-- Up-to-date: /home/sachin/ardu_ws/install/ardupilot_sitl/.//lib/libRover_libs.a
-- Up-to-date: /home/sachin/ardu_ws/install/ardupilot_sitl/share/ardupilot_sitl//launch
-- Up-to-date: /home/sachin/ardu_ws/install/ardupilot_sitl/share/ardupilot_sitl//launch/micro_ros_agent.launch.py
-- Up-to-date: /home/sachin/ardu_ws/install/ardupilot_sitl/share/ardupilot_sitl//launch/sitl_mavproxy.launch.py
-- Up-to-date: /home/sachin/ardu_ws/install/ardupilot_sitl/share/ardupilot_sitl//launch/mavproxy.launch.py
-- Up-to-date: /home/sachin/ardu_ws/install/ardupilot_sitl/share/ardupilot_sitl//launch/sitl_dds_udp.launch.py
-- Up-to-date: /home/sachin/ardu_ws/install/ardupilot_sitl/share/ardupilot_sitl//launch/sitl_dds_serial.launch.py
-- Up-to-date: /home/sachin/ardu_ws/install/ardupilot_sitl/share/ardupilot_sitl//launch/sitl.launch.py
-- Up-to-date: /home/sachin/ardu_ws/install/ardupilot_sitl/share/ardupilot_sitl//launch/virtual_ports.launch.py
-- Up-to-date: /home/sachin/ardu_ws/install/ardupilot_sitl/share/ardupilot_sitl/config/default_params
-- Up-to-date: /home/sachin/ardu_ws/install/ardupilot_sitl/share/ardupilot_sitl/config/default_params/dds_use_ns.parm
-- Up-to-date: /home/sachin/ardu_ws/install/ardupilot_sitl/share/ardupilot_sitl/config/default_params/dds_serial.parm
-- Up-to-date: /home/sachin/ardu_ws/install/ardupilot_sitl/share/ardupilot_sitl/config/default_params/dds_udp.parm
-- Up-to-date: /home/sachin/ardu_ws/install/ardupilot_sitl/share/ardupilot_sitl/config//default_params
-- Up-to-date: /home/sachin/ardu_ws/install/ardupilot_sitl/share/ardupilot_sitl/config//default_params/copter-dodecahexa.parm
-- Up-to-date: /home/sachin/ardu_ws/install/ardupilot_sitl/share/ardupilot_sitl/config//default_params/quadplane-ice.parm
-- Up-to-date: /home/sachin/ardu_ws/install/ardupilot_sitl/share/ardupilot_sitl/config//default_params/quadplane-tilt.parm
-- Up-to-date: /home/sachin/ardu_ws/install/ardupilot_sitl/share/ardupilot_sitl/config//default_params/periph-battmon.parm
-- Up-to-date: /home/sachin/ardu_ws/install/ardupilot_sitl/share/ardupilot_sitl/config//default_params/copter-hexadeca_octa.parm
-- Up-to-date: /home/sachin/ardu_ws/install/ardupilot_sitl/share/ardupilot_sitl/config//default_params/quadplane-tilttrivec.parm
-- Up-to-date: /home/sachin/ardu_ws/install/ardupilot_sitl/share/ardupilot_sitl/config//default_params/copter-octaquad-cor.parm
-- Up-to-date: /home/sachin/ardu_ws/install/ardupilot_sitl/share/ardupilot_sitl/config//default_params/plane-redundant.parm
-- Up-to-date: /home/sachin/ardu_ws/install/ardupilot_sitl/share/ardupilot_sitl/config//default_params/quadplane-copter_tailsitter.parm
-- Up-to-date: /home/sachin/ardu_ws/install/ardupilot_sitl/share/ardupilot_sitl/config//default_params/copter-octaquad.parm
-- Up-to-date: /home/sachin/ardu_ws/install/ardupilot_sitl/share/ardupilot_sitl/config//default_params/quadplane.parm
-- Up-to-date: /home/sachin/ardu_ws/install/ardupilot_sitl/share/ardupilot_sitl/config//default_params/copter-heli-gas.parm
-- Up-to-date: /home/sachin/ardu_ws/install/ardupilot_sitl/share/ardupilot_sitl/config//default_params/quadplane-can.parm
-- Up-to-date: /home/sachin/ardu_ws/install/ardupilot_sitl/share/ardupilot_sitl/config//default_params/rover-vectored.parm
-- Up-to-date: /home/sachin/ardu_ws/install/ardupilot_sitl/share/ardupilot_sitl/config//default_params/msposd.parm
-- Up-to-date: /home/sachin/ardu_ws/install/ardupilot_sitl/share/ardupilot_sitl/config//default_params/sub-6dof.parm
-- Up-to-date: /home/sachin/ardu_ws/install/ardupilot_sitl/share/ardupilot_sitl/config//default_params/gazebo-iris.parm
-- Up-to-date: /home/sachin/ardu_ws/install/ardupilot_sitl/share/ardupilot_sitl/config//default_params/airsim-rover.parm
-- Up-to-date: /home/sachin/ardu_ws/install/ardupilot_sitl/share/ardupilot_sitl/config//default_params/copter-ppp-periph.parm
-- Up-to-date: /home/sachin/ardu_ws/install/ardupilot_sitl/share/ardupilot_sitl/config//default_params/copter-X.parm
-- Up-to-date: /home/sachin/ardu_ws/install/ardupilot_sitl/share/ardupilot_sitl/config//default_params/periph-compass.parm
-- Up-to-date: /home/sachin/ardu_ws/install/ardupilot_sitl/share/ardupilot_sitl/config//default_params/quadplane-ppp-periph.parm
-- Up-to-date: /home/sachin/ardu_ws/install/ardupilot_sitl/share/ardupilot_sitl/config//default_params/copter-octa-dji.parm
-- Up-to-date: /home/sachin/ardu_ws/install/ardupilot_sitl/share/ardupilot_sitl/config//default_params/plane-soaring.parm
-- Up-to-date: /home/sachin/ardu_ws/install/ardupilot_sitl/share/ardupilot_sitl/config//default_params/rover-skid.parm
-- Up-to-date: /home/sachin/ardu_ws/install/ardupilot_sitl/share/ardupilot_sitl/config//default_params/copter-hexa.parm
-- Up-to-date: /home/sachin/ardu_ws/install/ardupilot_sitl/share/ardupilot_sitl/config//default_params/copter-beacon.parm
-- Up-to-date: /home/sachin/ardu_ws/install/ardupilot_sitl/share/ardupilot_sitl/config//default_params/plane-vtail.parm
-- Up-to-date: /home/sachin/ardu_ws/install/ardupilot_sitl/share/ardupilot_sitl/config//default_params/plane-tailsitter.parm
-- Up-to-date: /home/sachin/ardu_ws/install/ardupilot_sitl/share/ardupilot_sitl/config//default_params/quadplane-tri.parm
-- Up-to-date: /home/sachin/ardu_ws/install/ardupilot_sitl/share/ardupilot_sitl/config//default_params/copter-heli-ddfptail.parm
-- Up-to-date: /home/sachin/ardu_ws/install/ardupilot_sitl/share/ardupilot_sitl/config//default_params/quadplane-periph.parm
-- Up-to-date: /home/sachin/ardu_ws/install/ardupilot_sitl/share/ardupilot_sitl/config//default_params/blimp.parm
-- Up-to-date: /home/sachin/ardu_ws/install/ardupilot_sitl/share/ardupilot_sitl/config//default_params/blimp-motor.parm
-- Up-to-date: /home/sachin/ardu_ws/install/ardupilot_sitl/share/ardupilot_sitl/config//default_params/copter-deca.parm
-- Up-to-date: /home/sachin/ardu_ws/install/ardupilot_sitl/share/ardupilot_sitl/config//default_params/quadplane-cl84.parm
-- Up-to-date: /home/sachin/ardu_ws/install/ardupilot_sitl/share/ardupilot_sitl/config//default_params/copter-gps-for-yaw-nmea.parm
-- Up-to-date: /home/sachin/ardu_ws/install/ardupilot_sitl/share/ardupilot_sitl/config//default_params/gazebo-zephyr.parm
-- Up-to-date: /home/sachin/ardu_ws/install/ardupilot_sitl/share/ardupilot_sitl/config//default_params/copter-vicon.parm
-- Up-to-date: /home/sachin/ardu_ws/install/ardupilot_sitl/share/ardupilot_sitl/config//default_params/sub.parm
-- Up-to-date: /home/sachin/ardu_ws/install/ardupilot_sitl/share/ardupilot_sitl/config//default_params/quadplane-tilttri.parm
-- Up-to-date: /home/sachin/ardu_ws/install/ardupilot_sitl/share/ardupilot_sitl/config//default_params/copter-ppp.parm
-- Up-to-date: /home/sachin/ardu_ws/install/ardupilot_sitl/share/ardupilot_sitl/config//default_params/copter-winch.parm
-- Up-to-date: /home/sachin/ardu_ws/install/ardupilot_sitl/share/ardupilot_sitl/config//default_params/copter-tri.parm
-- Up-to-date: /home/sachin/ardu_ws/install/ardupilot_sitl/share/ardupilot_sitl/config//default_params/copter-wind-estimates.parm
-- Up-to-date: /home/sachin/ardu_ws/install/ardupilot_sitl/share/ardupilot_sitl/config//default_params/copter-gimbal.parm
-- Up-to-date: /home/sachin/ardu_ws/install/ardupilot_sitl/share/ardupilot_sitl/config//default_params/tracker-gps-for-yaw.parm
-- Up-to-date: /home/sachin/ardu_ws/install/ardupilot_sitl/share/ardupilot_sitl/config//default_params/copter-heli-ddvptail.parm
-- Up-to-date: /home/sachin/ardu_ws/install/ardupilot_sitl/share/ardupilot_sitl/config//default_params/copter-octa.parm
-- Up-to-date: /home/sachin/ardu_ws/install/ardupilot_sitl/share/ardupilot_sitl/config//default_params/stratoblimp.parm
-- Up-to-date: /home/sachin/ardu_ws/install/ardupilot_sitl/share/ardupilot_sitl/config//default_params/rover-omni3mecanum.parm
-- Up-to-date: /home/sachin/ardu_ws/install/ardupilot_sitl/share/ardupilot_sitl/config//default_params/copter-single.parm
-- Up-to-date: /home/sachin/ardu_ws/install/ardupilot_sitl/share/ardupilot_sitl/config//default_params/copter-rangefinder.parm
-- Up-to-date: /home/sachin/ardu_ws/install/ardupilot_sitl/share/ardupilot_sitl/config//default_params/plane-jet.parm
-- Up-to-date: /home/sachin/ardu_ws/install/ardupilot_sitl/share/ardupilot_sitl/config//default_params/periph-ppp.parm
-- Up-to-date: /home/sachin/ardu_ws/install/ardupilot_sitl/share/ardupilot_sitl/config//default_params/copter-dotriaconta_octaquad_x.parm
-- Up-to-date: /home/sachin/ardu_ws/install/ardupilot_sitl/share/ardupilot_sitl/config//default_params/periph.parm
-- Up-to-date: /home/sachin/ardu_ws/install/ardupilot_sitl/share/ardupilot_sitl/config//default_params/quad-periph.parm
-- Up-to-date: /home/sachin/ardu_ws/install/ardupilot_sitl/share/ardupilot_sitl/config//default_params/copter-deca-cwx.parm
-- Up-to-date: /home/sachin/ardu_ws/install/ardupilot_sitl/share/ardupilot_sitl/config//default_params/copter-djix.parm
-- Up-to-date: /home/sachin/ardu_ws/install/ardupilot_sitl/share/ardupilot_sitl/config//default_params/copter-cwx.parm
-- Up-to-date: /home/sachin/ardu_ws/install/ardupilot_sitl/share/ardupilot_sitl/config//default_params/copter-octaquad-cwx.parm
-- Up-to-date: /home/sachin/ardu_ws/install/ardupilot_sitl/share/ardupilot_sitl/config//default_params/copter-octaquad-cw-cor.parm
-- Up-to-date: /home/sachin/ardu_ws/install/ardupilot_sitl/share/ardupilot_sitl/config//default_params/firefly.parm
-- Up-to-date: /home/sachin/ardu_ws/install/ardupilot_sitl/share/ardupilot_sitl/config//default_params/quadplane-ppp.parm
-- Up-to-date: /home/sachin/ardu_ws/install/ardupilot_sitl/share/ardupilot_sitl/config//default_params/motorboat.parm
-- Up-to-date: /home/sachin/ardu_ws/install/ardupilot_sitl/share/ardupilot_sitl/config//default_params/copter-bfx.parm
-- Up-to-date: /home/sachin/ardu_ws/install/ardupilot_sitl/share/ardupilot_sitl/config//default_params/copter-coax.parm
-- Up-to-date: /home/sachin/ardu_ws/install/ardupilot_sitl/share/ardupilot_sitl/config//default_params/copter-gps-for-yaw.parm
-- Up-to-date: /home/sachin/ardu_ws/install/ardupilot_sitl/share/ardupilot_sitl/config//default_params/copter-hexa-dji.parm
-- Up-to-date: /home/sachin/ardu_ws/install/ardupilot_sitl/share/ardupilot_sitl/config//default_params/sub-gps-for-yaw-nmea.parm
-- Up-to-date: /home/sachin/ardu_ws/install/ardupilot_sitl/share/ardupilot_sitl/config//default_params/sailboat.parm
-- Up-to-date: /home/sachin/ardu_ws/install/ardupilot_sitl/share/ardupilot_sitl/config//default_params/copter-y6.parm
-- Up-to-date: /home/sachin/ardu_ws/install/ardupilot_sitl/share/ardupilot_sitl/config//default_params/plane-dspoilers.parm
-- Up-to-date: /home/sachin/ardu_ws/install/ardupilot_sitl/share/ardupilot_sitl/config//default_params/glider.parm
-- Up-to-date: /home/sachin/ardu_ws/install/ardupilot_sitl/share/ardupilot_sitl/config//default_params/copter-hexadeca_octa_cwx.parm
-- Up-to-date: /home/sachin/ardu_ws/install/ardupilot_sitl/share/ardupilot_sitl/config//default_params/copter.parm
-- Up-to-date: /home/sachin/ardu_ws/install/ardupilot_sitl/share/ardupilot_sitl/config//default_params/quadplane-tilthvec.parm
-- Up-to-date: /home/sachin/ardu_ws/install/ardupilot_sitl/share/ardupilot_sitl/config//default_params/quad-can.parm
-- Up-to-date: /home/sachin/ardu_ws/install/ardupilot_sitl/share/ardupilot_sitl/config//default_params/plane-ice.parm
-- Up-to-date: /home/sachin/ardu_ws/install/ardupilot_sitl/share/ardupilot_sitl/config//default_params/airsim-quadX.parm
-- Up-to-date: /home/sachin/ardu_ws/install/ardupilot_sitl/share/ardupilot_sitl/config//default_params/copter-heli-dual.parm
-- Up-to-date: /home/sachin/ardu_ws/install/ardupilot_sitl/share/ardupilot_sitl/config//default_params/balancebot.parm
-- Up-to-date: /home/sachin/ardu_ws/install/ardupilot_sitl/share/ardupilot_sitl/config//default_params/copter-optflow.parm
-- Up-to-date: /home/sachin/ardu_ws/install/ardupilot_sitl/share/ardupilot_sitl/config//default_params/rover.parm
-- Up-to-date: /home/sachin/ardu_ws/install/ardupilot_sitl/share/ardupilot_sitl/config//default_params/plane-elevons.parm
-- Up-to-date: /home/sachin/ardu_ws/install/ardupilot_sitl/share/ardupilot_sitl/config//default_params/copter-hexa-cwx.parm
-- Up-to-date: /home/sachin/ardu_ws/install/ardupilot_sitl/share/ardupilot_sitl/config//default_params/copter-heli.parm
-- Up-to-date: /home/sachin/ardu_ws/install/ardupilot_sitl/share/ardupilot_sitl/config//default_params/copter-octa-cwx.parm
-- Up-to-date: /home/sachin/ardu_ws/install/ardupilot_sitl/share/ardupilot_sitl/config//default_params/copter-heliquad.parm
-- Up-to-date: /home/sachin/ardu_ws/install/ardupilot_sitl/share/ardupilot_sitl/config//default_params/sailboat-motor.parm
-- Up-to-date: /home/sachin/ardu_ws/install/ardupilot_sitl/share/ardupilot_sitl/config//models
-- Up-to-date: /home/sachin/ardu_ws/install/ardupilot_sitl/share/ardupilot_sitl/config//models/plane-3d.parm
-- Up-to-date: /home/sachin/ardu_ws/install/ardupilot_sitl/share/ardupilot_sitl/config//models/plane-reverse-servo-pitch-yaw.parm
-- Up-to-date: /home/sachin/ardu_ws/install/ardupilot_sitl/share/ardupilot_sitl/config//models/plane-reverse-rc-pitch-yaw.parm
-- Up-to-date: /home/sachin/ardu_ws/install/ardupilot_sitl/share/ardupilot_sitl/config//models/freestyle.parm
-- Up-to-date: /home/sachin/ardu_ws/install/ardupilot_sitl/share/ardupilot_sitl/config//models/xplane_plane.json
-- Up-to-date: /home/sachin/ardu_ws/install/ardupilot_sitl/share/ardupilot_sitl/config//models/Callisto.parm
-- Up-to-date: /home/sachin/ardu_ws/install/ardupilot_sitl/share/ardupilot_sitl/config//models/skywalker_2013.json
-- Up-to-date: /home/sachin/ardu_ws/install/ardupilot_sitl/share/ardupilot_sitl/config//models/Callisto.json
-- Up-to-date: /home/sachin/ardu_ws/install/ardupilot_sitl/share/ardupilot_sitl/config//models/freestyle.json
-- Up-to-date: /home/sachin/ardu_ws/install/ardupilot_sitl/share/ardupilot_sitl/config//models/xplane_heli.json
-- Up-to-date: /home/sachin/ardu_ws/install/ardupilot_sitl/share/ardupilot_sitl/config//models/heliquad.json
-- Up-to-date: /home/sachin/ardu_ws/install/ardupilot_sitl/share/ardupilot_sitl/config//models/plane.parm
-- Up-to-date: /home/sachin/ardu_ws/install/ardupilot_sitl/share/ardupilot_sitl/environment/pythonpath.sh
-- Up-to-date: /home/sachin/ardu_ws/install/ardupilot_sitl/share/ardupilot_sitl/environment/pythonpath.dsv
-- Up-to-date: /home/sachin/ardu_ws/install/ardupilot_sitl/lib/python3.12/site-packages/ardupilot_sitl-0.0.0-py3.12.egg-info
-- Installing: /home/sachin/ardu_ws/install/ardupilot_sitl/lib/python3.12/site-packages/ardupilot_sitl-0.0.0-py3.12.egg-info/PKG-INFO
-- Installing: /home/sachin/ardu_ws/install/ardupilot_sitl/lib/python3.12/site-packages/ardupilot_sitl-0.0.0-py3.12.egg-info/dependency_links.txt
-- Installing: /home/sachin/ardu_ws/install/ardupilot_sitl/lib/python3.12/site-packages/ardupilot_sitl-0.0.0-py3.12.egg-info/SOURCES.txt
-- Installing: /home/sachin/ardu_ws/install/ardupilot_sitl/lib/python3.12/site-packages/ardupilot_sitl-0.0.0-py3.12.egg-info/top_level.txt
-- Up-to-date: /home/sachin/ardu_ws/install/ardupilot_sitl/lib/python3.12/site-packages/ardupilot_sitl
-- Up-to-date: /home/sachin/ardu_ws/install/ardupilot_sitl/lib/python3.12/site-packages/ardupilot_sitl/actions.py
-- Up-to-date: /home/sachin/ardu_ws/install/ardupilot_sitl/lib/python3.12/site-packages/ardupilot_sitl/__init__.py
-- Up-to-date: /home/sachin/ardu_ws/install/ardupilot_sitl/lib/python3.12/site-packages/ardupilot_sitl/launch.py
-- Up-to-date: /home/sachin/ardu_ws/install/ardupilot_sitl/lib/python3.12/site-packages/ardupilot_sitl/utilities.py
Listing '/home/sachin/ardu_ws/install/ardupilot_sitl/lib/python3.12/site-packages/ardupilot_sitl'...
-- Up-to-date: /home/sachin/ardu_ws/install/ardupilot_sitl/share/ament_index/resource_index/package_run_dependencies/ardupilot_sitl
-- Up-to-date: /home/sachin/ardu_ws/install/ardupilot_sitl/share/ament_index/resource_index/parent_prefix_path/ardupilot_sitl
-- Up-to-date: /home/sachin/ardu_ws/install/ardupilot_sitl/share/ardupilot_sitl/environment/ament_prefix_path.sh
-- Up-to-date: /home/sachin/ardu_ws/install/ardupilot_sitl/share/ardupilot_sitl/environment/ament_prefix_path.dsv
-- Up-to-date: /home/sachin/ardu_ws/install/ardupilot_sitl/share/ardupilot_sitl/environment/path.sh
-- Up-to-date: /home/sachin/ardu_ws/install/ardupilot_sitl/share/ardupilot_sitl/environment/path.dsv
-- Up-to-date: /home/sachin/ardu_ws/install/ardupilot_sitl/share/ardupilot_sitl/local_setup.bash
-- Up-to-date: /home/sachin/ardu_ws/install/ardupilot_sitl/share/ardupilot_sitl/local_setup.sh
-- Up-to-date: /home/sachin/ardu_ws/install/ardupilot_sitl/share/ardupilot_sitl/local_setup.zsh
-- Up-to-date: /home/sachin/ardu_ws/install/ardupilot_sitl/share/ardupilot_sitl/local_setup.dsv
-- Installing: /home/sachin/ardu_ws/install/ardupilot_sitl/share/ardupilot_sitl/package.dsv
-- Up-to-date: /home/sachin/ardu_ws/install/ardupilot_sitl/share/ament_index/resource_index/packages/ardupilot_sitl
-- Up-to-date: /home/sachin/ardu_ws/install/ardupilot_sitl/share/ardupilot_sitl/cmake/ardupilot_sitlConfig.cmake
-- Up-to-date: /home/sachin/ardu_ws/install/ardupilot_sitl/share/ardupilot_sitl/cmake/ardupilot_sitlConfig-version.cmake
-- Up-to-date: /home/sachin/ardu_ws/install/ardupilot_sitl/share/ardupilot_sitl/package.xml
