-- Install configuration: ""
-- Up-to-date: /home/sachin/ardu_ws/install/ardupilot_sitl_models/share/ardupilot_sitl_models/config
-- Up-to-date: /home/sachin/ardu_ws/install/ardupilot_sitl_models/share/ardupilot_sitl_models/config/r1_rover.param
-- Up-to-date: /home/sachin/ardu_ws/install/ardupilot_sitl_models/share/ardupilot_sitl_models/config/skywalker_x8.param
-- Up-to-date: /home/sachin/ardu_ws/install/ardupilot_sitl_models/share/ardupilot_sitl_models/config/sawppy.param
-- Up-to-date: /home/sachin/ardu_ws/install/ardupilot_sitl_models/share/ardupilot_sitl_models/config/alti_transition_quad.param
-- Up-to-date: /home/sachin/ardu_ws/install/ardupilot_sitl_models/share/ardupilot_sitl_models/config/bicopter.param
-- Up-to-date: /home/sachin/ardu_ws/install/ardupilot_sitl_models/share/ardupilot_sitl_models/config/skywalker_x8_quad.param
-- Up-to-date: /home/sachin/ardu_ws/install/ardupilot_sitl_models/share/ardupilot_sitl_models/config/skycat_tvbs.param
-- Up-to-date: /home/sachin/ardu_ws/install/ardupilot_sitl_models/share/ardupilot_sitl_models/config/wsc_aircraft.param
-- Up-to-date: /home/sachin/ardu_ws/install/ardupilot_sitl_models/share/ardupilot_sitl_models/config/catamaran.param
-- Up-to-date: /home/sachin/ardu_ws/install/ardupilot_sitl_models/share/ardupilot_sitl_models/config/daf_xf_450_tractor.param
-- Up-to-date: /home/sachin/ardu_ws/install/ardupilot_sitl_models/share/ardupilot_sitl_models/config/hexapod_copter.param
-- Up-to-date: /home/sachin/ardu_ws/install/ardupilot_sitl_models/share/ardupilot_sitl_models/config/swan_k1_hwing.param
-- Up-to-date: /home/sachin/ardu_ws/install/ardupilot_sitl_models/share/ardupilot_sitl_models/config/quadruped.param
-- Up-to-date: /home/sachin/ardu_ws/install/ardupilot_sitl_models/share/ardupilot_sitl_models/models
-- Up-to-date: /home/sachin/ardu_ws/install/ardupilot_sitl_models/share/ardupilot_sitl_models/models/sonoma_raceway
-- Up-to-date: /home/sachin/ardu_ws/install/ardupilot_sitl_models/share/ardupilot_sitl_models/models/sonoma_raceway/model.sdf
-- Up-to-date: /home/sachin/ardu_ws/install/ardupilot_sitl_models/share/ardupilot_sitl_models/models/sonoma_raceway/meshes
-- Up-to-date: /home/sachin/ardu_ws/install/ardupilot_sitl_models/share/ardupilot_sitl_models/models/sonoma_raceway/meshes/Raceway.obj
-- Up-to-date: /home/sachin/ardu_ws/install/ardupilot_sitl_models/share/ardupilot_sitl_models/models/sonoma_raceway/meshes/Raceway.mtl
-- Up-to-date: /home/sachin/ardu_ws/install/ardupilot_sitl_models/share/ardupilot_sitl_models/models/sonoma_raceway/materials
-- Up-to-date: /home/sachin/ardu_ws/install/ardupilot_sitl_models/share/ardupilot_sitl_models/models/sonoma_raceway/materials/textures
-- Up-to-date: /home/sachin/ardu_ws/install/ardupilot_sitl_models/share/ardupilot_sitl_models/models/sonoma_raceway/materials/textures/Asphalt.png
-- Up-to-date: /home/sachin/ardu_ws/install/ardupilot_sitl_models/share/ardupilot_sitl_models/models/sonoma_raceway/materials/textures/Track.png
-- Up-to-date: /home/sachin/ardu_ws/install/ardupilot_sitl_models/share/ardupilot_sitl_models/models/sonoma_raceway/materials/textures/TireStack.png
-- Up-to-date: /home/sachin/ardu_ws/install/ardupilot_sitl_models/share/ardupilot_sitl_models/models/sonoma_raceway/materials/textures/RumbleStrip&Barrier.png
-- Up-to-date: /home/sachin/ardu_ws/install/ardupilot_sitl_models/share/ardupilot_sitl_models/models/sonoma_raceway/materials/textures/Railing.png
-- Up-to-date: /home/sachin/ardu_ws/install/ardupilot_sitl_models/share/ardupilot_sitl_models/models/sonoma_raceway/materials/textures/Stands.png
-- Up-to-date: /home/sachin/ardu_ws/install/ardupilot_sitl_models/share/ardupilot_sitl_models/models/sonoma_raceway/materials/textures/Wall.png
-- Up-to-date: /home/sachin/ardu_ws/install/ardupilot_sitl_models/share/ardupilot_sitl_models/models/sonoma_raceway/materials/textures/Bridge.png
-- Up-to-date: /home/sachin/ardu_ws/install/ardupilot_sitl_models/share/ardupilot_sitl_models/models/sonoma_raceway/materials/textures/Fence.png
-- Up-to-date: /home/sachin/ardu_ws/install/ardupilot_sitl_models/share/ardupilot_sitl_models/models/sonoma_raceway/materials/textures/Grass.png
-- Up-to-date: /home/sachin/ardu_ws/install/ardupilot_sitl_models/share/ardupilot_sitl_models/models/sonoma_raceway/materials/textures/RumbleStrip.png
-- Up-to-date: /home/sachin/ardu_ws/install/ardupilot_sitl_models/share/ardupilot_sitl_models/models/sonoma_raceway/materials/textures/Fence_Opacity.png
-- Up-to-date: /home/sachin/ardu_ws/install/ardupilot_sitl_models/share/ardupilot_sitl_models/models/sonoma_raceway/materials/textures/Roof.png
-- Up-to-date: /home/sachin/ardu_ws/install/ardupilot_sitl_models/share/ardupilot_sitl_models/models/sonoma_raceway/materials/textures/Window.png
-- Up-to-date: /home/sachin/ardu_ws/install/ardupilot_sitl_models/share/ardupilot_sitl_models/models/sonoma_raceway/materials/textures/Trim.png
-- Up-to-date: /home/sachin/ardu_ws/install/ardupilot_sitl_models/share/ardupilot_sitl_models/models/sonoma_raceway/materials/textures/Concrete.png
-- Up-to-date: /home/sachin/ardu_ws/install/ardupilot_sitl_models/share/ardupilot_sitl_models/models/sonoma_raceway/materials/textures/Checker.png
-- Up-to-date: /home/sachin/ardu_ws/install/ardupilot_sitl_models/share/ardupilot_sitl_models/models/sonoma_raceway/model.config
-- Up-to-date: /home/sachin/ardu_ws/install/ardupilot_sitl_models/share/ardupilot_sitl_models/models/fire_hydrant
-- Up-to-date: /home/sachin/ardu_ws/install/ardupilot_sitl_models/share/ardupilot_sitl_models/models/fire_hydrant/model.sdf
-- Up-to-date: /home/sachin/ardu_ws/install/ardupilot_sitl_models/share/ardupilot_sitl_models/models/fire_hydrant/meshes
-- Up-to-date: /home/sachin/ardu_ws/install/ardupilot_sitl_models/share/ardupilot_sitl_models/models/fire_hydrant/meshes/fire_hydrant.dae
-- Up-to-date: /home/sachin/ardu_ws/install/ardupilot_sitl_models/share/ardupilot_sitl_models/models/fire_hydrant/materials
-- Up-to-date: /home/sachin/ardu_ws/install/ardupilot_sitl_models/share/ardupilot_sitl_models/models/fire_hydrant/materials/textures
-- Up-to-date: /home/sachin/ardu_ws/install/ardupilot_sitl_models/share/ardupilot_sitl_models/models/fire_hydrant/materials/textures/fire_hydrant_spec.png
-- Up-to-date: /home/sachin/ardu_ws/install/ardupilot_sitl_models/share/ardupilot_sitl_models/models/fire_hydrant/materials/textures/fire_hydrant_diffuse.png
-- Up-to-date: /home/sachin/ardu_ws/install/ardupilot_sitl_models/share/ardupilot_sitl_models/models/fire_hydrant/model.config
-- Up-to-date: /home/sachin/ardu_ws/install/ardupilot_sitl_models/share/ardupilot_sitl_models/models/fire_hydrant/thumbnails
-- Up-to-date: /home/sachin/ardu_ws/install/ardupilot_sitl_models/share/ardupilot_sitl_models/models/fire_hydrant/thumbnails/2.png
-- Up-to-date: /home/sachin/ardu_ws/install/ardupilot_sitl_models/share/ardupilot_sitl_models/models/fire_hydrant/thumbnails/3.png
-- Up-to-date: /home/sachin/ardu_ws/install/ardupilot_sitl_models/share/ardupilot_sitl_models/models/fire_hydrant/thumbnails/5.png
-- Up-to-date: /home/sachin/ardu_ws/install/ardupilot_sitl_models/share/ardupilot_sitl_models/models/fire_hydrant/thumbnails/1.png
-- Up-to-date: /home/sachin/ardu_ws/install/ardupilot_sitl_models/share/ardupilot_sitl_models/models/fire_hydrant/thumbnails/4.png
-- Up-to-date: /home/sachin/ardu_ws/install/ardupilot_sitl_models/share/ardupilot_sitl_models/models/daf_xf_450_flatbed_trailer
-- Up-to-date: /home/sachin/ardu_ws/install/ardupilot_sitl_models/share/ardupilot_sitl_models/models/daf_xf_450_flatbed_trailer/model.sdf.erb
-- Up-to-date: /home/sachin/ardu_ws/install/ardupilot_sitl_models/share/ardupilot_sitl_models/models/daf_xf_450_flatbed_trailer/model.sdf
-- Up-to-date: /home/sachin/ardu_ws/install/ardupilot_sitl_models/share/ardupilot_sitl_models/models/daf_xf_450_flatbed_trailer/meshes
-- Up-to-date: /home/sachin/ardu_ws/install/ardupilot_sitl_models/share/ardupilot_sitl_models/models/daf_xf_450_flatbed_trailer/meshes/trailer_chassis.dae
-- Up-to-date: /home/sachin/ardu_ws/install/ardupilot_sitl_models/share/ardupilot_sitl_models/models/daf_xf_450_flatbed_trailer/meshes/trailer_wheel_hub.dae
-- Up-to-date: /home/sachin/ardu_ws/install/ardupilot_sitl_models/share/ardupilot_sitl_models/models/daf_xf_450_flatbed_trailer/meshes/trailer_wheel_tyre.dae
-- Up-to-date: /home/sachin/ardu_ws/install/ardupilot_sitl_models/share/ardupilot_sitl_models/models/daf_xf_450_flatbed_trailer/materials
-- Up-to-date: /home/sachin/ardu_ws/install/ardupilot_sitl_models/share/ardupilot_sitl_models/models/daf_xf_450_flatbed_trailer/materials/textures
-- Up-to-date: /home/sachin/ardu_ws/install/ardupilot_sitl_models/share/ardupilot_sitl_models/models/daf_xf_450_flatbed_trailer/materials/textures/silver_metal
-- Up-to-date: /home/sachin/ardu_ws/install/ardupilot_sitl_models/share/ardupilot_sitl_models/models/daf_xf_450_flatbed_trailer/materials/textures/silver_metal/silver_metal_roughness.jpg
-- Up-to-date: /home/sachin/ardu_ws/install/ardupilot_sitl_models/share/ardupilot_sitl_models/models/daf_xf_450_flatbed_trailer/materials/textures/silver_metal/silver_metal_diffuse.jpg
-- Up-to-date: /home/sachin/ardu_ws/install/ardupilot_sitl_models/share/ardupilot_sitl_models/models/daf_xf_450_flatbed_trailer/materials/textures/silver_metal/silver_metal_metallic.jpg
-- Up-to-date: /home/sachin/ardu_ws/install/ardupilot_sitl_models/share/ardupilot_sitl_models/models/daf_xf_450_flatbed_trailer/materials/textures/silver_metal/silver_metal_normal.jpg
-- Up-to-date: /home/sachin/ardu_ws/install/ardupilot_sitl_models/share/ardupilot_sitl_models/models/daf_xf_450_flatbed_trailer/materials/textures/tractor_chassis.png
-- Up-to-date: /home/sachin/ardu_ws/install/ardupilot_sitl_models/share/ardupilot_sitl_models/models/daf_xf_450_flatbed_trailer/materials/textures/rubber_01
-- Up-to-date: /home/sachin/ardu_ws/install/ardupilot_sitl_models/share/ardupilot_sitl_models/models/daf_xf_450_flatbed_trailer/materials/textures/rubber_01/rubber_01_diffuse.jpg
-- Up-to-date: /home/sachin/ardu_ws/install/ardupilot_sitl_models/share/ardupilot_sitl_models/models/daf_xf_450_flatbed_trailer/materials/textures/rubber_01/rubber_01_normal.jpg
-- Up-to-date: /home/sachin/ardu_ws/install/ardupilot_sitl_models/share/ardupilot_sitl_models/models/daf_xf_450_flatbed_trailer/materials/textures/rubber_01/rubber_01_roughness.jpg
-- Up-to-date: /home/sachin/ardu_ws/install/ardupilot_sitl_models/share/ardupilot_sitl_models/models/daf_xf_450_flatbed_trailer/model.config
-- Up-to-date: /home/sachin/ardu_ws/install/ardupilot_sitl_models/share/ardupilot_sitl_models/models/wildthumper_with_lidar
-- Up-to-date: /home/sachin/ardu_ws/install/ardupilot_sitl_models/share/ardupilot_sitl_models/models/wildthumper_with_lidar/model.sdf
-- Up-to-date: /home/sachin/ardu_ws/install/ardupilot_sitl_models/share/ardupilot_sitl_models/models/wildthumper_with_lidar/meshes
-- Up-to-date: /home/sachin/ardu_ws/install/ardupilot_sitl_models/share/ardupilot_sitl_models/models/wildthumper_with_lidar/meshes/sensors
-- Up-to-date: /home/sachin/ardu_ws/install/ardupilot_sitl_models/share/ardupilot_sitl_models/models/wildthumper_with_lidar/meshes/sensors/rplidar_a1.dae
-- Up-to-date: /home/sachin/ardu_ws/install/ardupilot_sitl_models/share/ardupilot_sitl_models/models/wildthumper_with_lidar/model.config
-- Up-to-date: /home/sachin/ardu_ws/install/ardupilot_sitl_models/share/ardupilot_sitl_models/models/construction_barrel
-- Up-to-date: /home/sachin/ardu_ws/install/ardupilot_sitl_models/share/ardupilot_sitl_models/models/construction_barrel/model.sdf
-- Up-to-date: /home/sachin/ardu_ws/install/ardupilot_sitl_models/share/ardupilot_sitl_models/models/construction_barrel/meshes
-- Up-to-date: /home/sachin/ardu_ws/install/ardupilot_sitl_models/share/ardupilot_sitl_models/models/construction_barrel/meshes/construction_barrel.dae
-- Up-to-date: /home/sachin/ardu_ws/install/ardupilot_sitl_models/share/ardupilot_sitl_models/models/construction_barrel/materials
-- Up-to-date: /home/sachin/ardu_ws/install/ardupilot_sitl_models/share/ardupilot_sitl_models/models/construction_barrel/materials/textures
-- Up-to-date: /home/sachin/ardu_ws/install/ardupilot_sitl_models/share/ardupilot_sitl_models/models/construction_barrel/materials/textures/Construction_Barrel_Spec.png
-- Up-to-date: /home/sachin/ardu_ws/install/ardupilot_sitl_models/share/ardupilot_sitl_models/models/construction_barrel/materials/textures/Construction_Barrel_Diffuse.png
-- Up-to-date: /home/sachin/ardu_ws/install/ardupilot_sitl_models/share/ardupilot_sitl_models/models/construction_barrel/model.config
-- Up-to-date: /home/sachin/ardu_ws/install/ardupilot_sitl_models/share/ardupilot_sitl_models/models/construction_barrel/thumbnails
-- Up-to-date: /home/sachin/ardu_ws/install/ardupilot_sitl_models/share/ardupilot_sitl_models/models/construction_barrel/thumbnails/2.png
-- Up-to-date: /home/sachin/ardu_ws/install/ardupilot_sitl_models/share/ardupilot_sitl_models/models/construction_barrel/thumbnails/3.png
-- Up-to-date: /home/sachin/ardu_ws/install/ardupilot_sitl_models/share/ardupilot_sitl_models/models/construction_barrel/thumbnails/5.png
-- Up-to-date: /home/sachin/ardu_ws/install/ardupilot_sitl_models/share/ardupilot_sitl_models/models/construction_barrel/thumbnails/1.png
-- Up-to-date: /home/sachin/ardu_ws/install/ardupilot_sitl_models/share/ardupilot_sitl_models/models/construction_barrel/thumbnails/4.png
-- Up-to-date: /home/sachin/ardu_ws/install/ardupilot_sitl_models/share/ardupilot_sitl_models/models/steel_plate_1x1
-- Up-to-date: /home/sachin/ardu_ws/install/ardupilot_sitl_models/share/ardupilot_sitl_models/models/steel_plate_1x1/model.sdf
-- Up-to-date: /home/sachin/ardu_ws/install/ardupilot_sitl_models/share/ardupilot_sitl_models/models/steel_plate_1x1/materials
-- Up-to-date: /home/sachin/ardu_ws/install/ardupilot_sitl_models/share/ardupilot_sitl_models/models/steel_plate_1x1/materials/textures
-- Up-to-date: /home/sachin/ardu_ws/install/ardupilot_sitl_models/share/ardupilot_sitl_models/models/steel_plate_1x1/materials/textures/steelplate1_ao.png
-- Up-to-date: /home/sachin/ardu_ws/install/ardupilot_sitl_models/share/ardupilot_sitl_models/models/steel_plate_1x1/materials/textures/steelplate1_height.png
-- Up-to-date: /home/sachin/ardu_ws/install/ardupilot_sitl_models/share/ardupilot_sitl_models/models/steel_plate_1x1/materials/textures/steelplate1_normal-ogl.png
-- Up-to-date: /home/sachin/ardu_ws/install/ardupilot_sitl_models/share/ardupilot_sitl_models/models/steel_plate_1x1/materials/textures/steelplate1_albedo.png
-- Up-to-date: /home/sachin/ardu_ws/install/ardupilot_sitl_models/share/ardupilot_sitl_models/models/steel_plate_1x1/materials/textures/steelplate1_roughness.png
-- Up-to-date: /home/sachin/ardu_ws/install/ardupilot_sitl_models/share/ardupilot_sitl_models/models/steel_plate_1x1/materials/textures/steelplate1_metallic.png
-- Up-to-date: /home/sachin/ardu_ws/install/ardupilot_sitl_models/share/ardupilot_sitl_models/models/steel_plate_1x1/model.config
-- Up-to-date: /home/sachin/ardu_ws/install/ardupilot_sitl_models/share/ardupilot_sitl_models/models/construction_cone
-- Up-to-date: /home/sachin/ardu_ws/install/ardupilot_sitl_models/share/ardupilot_sitl_models/models/construction_cone/model.sdf
-- Up-to-date: /home/sachin/ardu_ws/install/ardupilot_sitl_models/share/ardupilot_sitl_models/models/construction_cone/meshes
-- Up-to-date: /home/sachin/ardu_ws/install/ardupilot_sitl_models/share/ardupilot_sitl_models/models/construction_cone/meshes/construction_cone.dae
-- Up-to-date: /home/sachin/ardu_ws/install/ardupilot_sitl_models/share/ardupilot_sitl_models/models/construction_cone/materials
-- Up-to-date: /home/sachin/ardu_ws/install/ardupilot_sitl_models/share/ardupilot_sitl_models/models/construction_cone/materials/textures
-- Up-to-date: /home/sachin/ardu_ws/install/ardupilot_sitl_models/share/ardupilot_sitl_models/models/construction_cone/materials/textures/Construction_Cone_Diffuse.png
-- Up-to-date: /home/sachin/ardu_ws/install/ardupilot_sitl_models/share/ardupilot_sitl_models/models/construction_cone/model.config
-- Up-to-date: /home/sachin/ardu_ws/install/ardupilot_sitl_models/share/ardupilot_sitl_models/models/construction_cone/thumbnails
-- Up-to-date: /home/sachin/ardu_ws/install/ardupilot_sitl_models/share/ardupilot_sitl_models/models/construction_cone/thumbnails/2.png
-- Up-to-date: /home/sachin/ardu_ws/install/ardupilot_sitl_models/share/ardupilot_sitl_models/models/construction_cone/thumbnails/3.png
-- Up-to-date: /home/sachin/ardu_ws/install/ardupilot_sitl_models/share/ardupilot_sitl_models/models/construction_cone/thumbnails/5.png
-- Up-to-date: /home/sachin/ardu_ws/install/ardupilot_sitl_models/share/ardupilot_sitl_models/models/construction_cone/thumbnails/1.png
-- Up-to-date: /home/sachin/ardu_ws/install/ardupilot_sitl_models/share/ardupilot_sitl_models/models/construction_cone/thumbnails/4.png
-- Up-to-date: /home/sachin/ardu_ws/install/ardupilot_sitl_models/share/ardupilot_sitl_models/models/swan_k1_hwing
-- Up-to-date: /home/sachin/ardu_ws/install/ardupilot_sitl_models/share/ardupilot_sitl_models/models/swan_k1_hwing/model.sdf
-- Up-to-date: /home/sachin/ardu_ws/install/ardupilot_sitl_models/share/ardupilot_sitl_models/models/swan_k1_hwing/meshes
-- Up-to-date: /home/sachin/ardu_ws/install/ardupilot_sitl_models/share/ardupilot_sitl_models/models/swan_k1_hwing/meshes/swan_k1_hwing_fuselage.dae
-- Up-to-date: /home/sachin/ardu_ws/install/ardupilot_sitl_models/share/ardupilot_sitl_models/models/swan_k1_hwing/meshes/swan_k1_hwing_motor.dae
-- Up-to-date: /home/sachin/ardu_ws/install/ardupilot_sitl_models/share/ardupilot_sitl_models/models/swan_k1_hwing/meshes/iris_prop_ccw.dae
-- Up-to-date: /home/sachin/ardu_ws/install/ardupilot_sitl_models/share/ardupilot_sitl_models/models/swan_k1_hwing/meshes/swan_k1_hwing_engine.dae
-- Up-to-date: /home/sachin/ardu_ws/install/ardupilot_sitl_models/share/ardupilot_sitl_models/models/swan_k1_hwing/meshes/foxmap.tga
-- Up-to-date: /home/sachin/ardu_ws/install/ardupilot_sitl_models/share/ardupilot_sitl_models/models/swan_k1_hwing/meshes/iris_prop_cw.dae
-- Up-to-date: /home/sachin/ardu_ws/install/ardupilot_sitl_models/share/ardupilot_sitl_models/models/swan_k1_hwing/materials
-- Up-to-date: /home/sachin/ardu_ws/install/ardupilot_sitl_models/share/ardupilot_sitl_models/models/swan_k1_hwing/materials/foxmap.tga
-- Up-to-date: /home/sachin/ardu_ws/install/ardupilot_sitl_models/share/ardupilot_sitl_models/models/swan_k1_hwing/materials/textures
-- Up-to-date: /home/sachin/ardu_ws/install/ardupilot_sitl_models/share/ardupilot_sitl_models/models/swan_k1_hwing/materials/textures/foxmap.tga
-- Up-to-date: /home/sachin/ardu_ws/install/ardupilot_sitl_models/share/ardupilot_sitl_models/models/swan_k1_hwing/materials/textures/blue_metal
-- Up-to-date: /home/sachin/ardu_ws/install/ardupilot_sitl_models/share/ardupilot_sitl_models/models/swan_k1_hwing/materials/textures/blue_metal/blue_metal_roughness.jpg
-- Up-to-date: /home/sachin/ardu_ws/install/ardupilot_sitl_models/share/ardupilot_sitl_models/models/swan_k1_hwing/materials/textures/blue_metal/blue_metal_basecolor.jpg
-- Up-to-date: /home/sachin/ardu_ws/install/ardupilot_sitl_models/share/ardupilot_sitl_models/models/swan_k1_hwing/materials/textures/blue_metal/blue_metal_normal.jpg
-- Up-to-date: /home/sachin/ardu_ws/install/ardupilot_sitl_models/share/ardupilot_sitl_models/models/swan_k1_hwing/materials/textures/blue_metal/blue_metal_metallic.jpg
-- Up-to-date: /home/sachin/ardu_ws/install/ardupilot_sitl_models/share/ardupilot_sitl_models/models/swan_k1_hwing/materials/textures/metal_graphite
-- Up-to-date: /home/sachin/ardu_ws/install/ardupilot_sitl_models/share/ardupilot_sitl_models/models/swan_k1_hwing/materials/textures/metal_graphite/metal_graphite_roughness.jpg
-- Up-to-date: /home/sachin/ardu_ws/install/ardupilot_sitl_models/share/ardupilot_sitl_models/models/swan_k1_hwing/materials/textures/metal_graphite/metal_graphite_metallic.jpg
-- Up-to-date: /home/sachin/ardu_ws/install/ardupilot_sitl_models/share/ardupilot_sitl_models/models/swan_k1_hwing/materials/textures/metal_graphite/metal_graphite_normal.jpg
-- Up-to-date: /home/sachin/ardu_ws/install/ardupilot_sitl_models/share/ardupilot_sitl_models/models/swan_k1_hwing/materials/textures/metal_graphite/metal_graphite_basecolor.jpg
-- Up-to-date: /home/sachin/ardu_ws/install/ardupilot_sitl_models/share/ardupilot_sitl_models/models/swan_k1_hwing/model.config
-- Up-to-date: /home/sachin/ardu_ws/install/ardupilot_sitl_models/share/ardupilot_sitl_models/models/daf_xf_450_tractor
-- Up-to-date: /home/sachin/ardu_ws/install/ardupilot_sitl_models/share/ardupilot_sitl_models/models/daf_xf_450_tractor/model.sdf.erb
-- Up-to-date: /home/sachin/ardu_ws/install/ardupilot_sitl_models/share/ardupilot_sitl_models/models/daf_xf_450_tractor/model.sdf
-- Up-to-date: /home/sachin/ardu_ws/install/ardupilot_sitl_models/share/ardupilot_sitl_models/models/daf_xf_450_tractor/meshes
-- Up-to-date: /home/sachin/ardu_ws/install/ardupilot_sitl_models/share/ardupilot_sitl_models/models/daf_xf_450_tractor/meshes/tractor_wheel_hub_rear.dae
-- Up-to-date: /home/sachin/ardu_ws/install/ardupilot_sitl_models/share/ardupilot_sitl_models/models/daf_xf_450_tractor/meshes/tractor_wheel_tyre_rear.dae
-- Up-to-date: /home/sachin/ardu_ws/install/ardupilot_sitl_models/share/ardupilot_sitl_models/models/daf_xf_450_tractor/meshes/tractor_chassis.dae
-- Up-to-date: /home/sachin/ardu_ws/install/ardupilot_sitl_models/share/ardupilot_sitl_models/models/daf_xf_450_tractor/meshes/tractor_wheel_tyre_front.dae
-- Up-to-date: /home/sachin/ardu_ws/install/ardupilot_sitl_models/share/ardupilot_sitl_models/models/daf_xf_450_tractor/meshes/tractor_wheel_hub_front.dae
-- Up-to-date: /home/sachin/ardu_ws/install/ardupilot_sitl_models/share/ardupilot_sitl_models/models/daf_xf_450_tractor/meshes/trailer_chassis.dae
-- Up-to-date: /home/sachin/ardu_ws/install/ardupilot_sitl_models/share/ardupilot_sitl_models/models/daf_xf_450_tractor/meshes/trailer_wheel_hub.dae
-- Up-to-date: /home/sachin/ardu_ws/install/ardupilot_sitl_models/share/ardupilot_sitl_models/models/daf_xf_450_tractor/meshes/trailer_wheel_tyre.dae
-- Up-to-date: /home/sachin/ardu_ws/install/ardupilot_sitl_models/share/ardupilot_sitl_models/models/daf_xf_450_tractor/materials
-- Up-to-date: /home/sachin/ardu_ws/install/ardupilot_sitl_models/share/ardupilot_sitl_models/models/daf_xf_450_tractor/materials/textures
-- Up-to-date: /home/sachin/ardu_ws/install/ardupilot_sitl_models/share/ardupilot_sitl_models/models/daf_xf_450_tractor/materials/textures/silver_metal
-- Up-to-date: /home/sachin/ardu_ws/install/ardupilot_sitl_models/share/ardupilot_sitl_models/models/daf_xf_450_tractor/materials/textures/silver_metal/silver_metal_roughness.jpg
-- Up-to-date: /home/sachin/ardu_ws/install/ardupilot_sitl_models/share/ardupilot_sitl_models/models/daf_xf_450_tractor/materials/textures/silver_metal/silver_metal_diffuse.jpg
-- Up-to-date: /home/sachin/ardu_ws/install/ardupilot_sitl_models/share/ardupilot_sitl_models/models/daf_xf_450_tractor/materials/textures/silver_metal/silver_metal_metallic.jpg
-- Up-to-date: /home/sachin/ardu_ws/install/ardupilot_sitl_models/share/ardupilot_sitl_models/models/daf_xf_450_tractor/materials/textures/silver_metal/silver_metal_normal.jpg
-- Up-to-date: /home/sachin/ardu_ws/install/ardupilot_sitl_models/share/ardupilot_sitl_models/models/daf_xf_450_tractor/materials/textures/tractor_chassis.png
-- Up-to-date: /home/sachin/ardu_ws/install/ardupilot_sitl_models/share/ardupilot_sitl_models/models/daf_xf_450_tractor/materials/textures/rubber_01
-- Up-to-date: /home/sachin/ardu_ws/install/ardupilot_sitl_models/share/ardupilot_sitl_models/models/daf_xf_450_tractor/materials/textures/rubber_01/rubber_01_diffuse.jpg
-- Up-to-date: /home/sachin/ardu_ws/install/ardupilot_sitl_models/share/ardupilot_sitl_models/models/daf_xf_450_tractor/materials/textures/rubber_01/rubber_01_normal.jpg
-- Up-to-date: /home/sachin/ardu_ws/install/ardupilot_sitl_models/share/ardupilot_sitl_models/models/daf_xf_450_tractor/materials/textures/rubber_01/rubber_01_roughness.jpg
-- Up-to-date: /home/sachin/ardu_ws/install/ardupilot_sitl_models/share/ardupilot_sitl_models/models/daf_xf_450_tractor/model.config
-- Up-to-date: /home/sachin/ardu_ws/install/ardupilot_sitl_models/share/ardupilot_sitl_models/models/quadruped
-- Up-to-date: /home/sachin/ardu_ws/install/ardupilot_sitl_models/share/ardupilot_sitl_models/models/quadruped/model.sdf
-- Up-to-date: /home/sachin/ardu_ws/install/ardupilot_sitl_models/share/ardupilot_sitl_models/models/quadruped/meshes
-- Up-to-date: /home/sachin/ardu_ws/install/ardupilot_sitl_models/share/ardupilot_sitl_models/models/quadruped/meshes/hexapod_coxa_r.dae
-- Up-to-date: /home/sachin/ardu_ws/install/ardupilot_sitl_models/share/ardupilot_sitl_models/models/quadruped/meshes/hexapod_tibia_r.dae
-- Up-to-date: /home/sachin/ardu_ws/install/ardupilot_sitl_models/share/ardupilot_sitl_models/models/quadruped/meshes/hexapod_body.dae
-- Up-to-date: /home/sachin/ardu_ws/install/ardupilot_sitl_models/share/ardupilot_sitl_models/models/quadruped/meshes/hexapod_tibia_l.dae
-- Up-to-date: /home/sachin/ardu_ws/install/ardupilot_sitl_models/share/ardupilot_sitl_models/models/quadruped/meshes/hexapod_femur_l.dae
-- Up-to-date: /home/sachin/ardu_ws/install/ardupilot_sitl_models/share/ardupilot_sitl_models/models/quadruped/meshes/hexapod_femur_r.dae
-- Up-to-date: /home/sachin/ardu_ws/install/ardupilot_sitl_models/share/ardupilot_sitl_models/models/quadruped/meshes/hexapod_coxa_l.dae
-- Up-to-date: /home/sachin/ardu_ws/install/ardupilot_sitl_models/share/ardupilot_sitl_models/models/quadruped/materials
-- Up-to-date: /home/sachin/ardu_ws/install/ardupilot_sitl_models/share/ardupilot_sitl_models/models/quadruped/materials/textures
-- Up-to-date: /home/sachin/ardu_ws/install/ardupilot_sitl_models/share/ardupilot_sitl_models/models/quadruped/materials/textures/silver_blue_metal
-- Up-to-date: /home/sachin/ardu_ws/install/ardupilot_sitl_models/share/ardupilot_sitl_models/models/quadruped/materials/textures/silver_blue_metal/silver_blue_metal_metallic.jpg
-- Up-to-date: /home/sachin/ardu_ws/install/ardupilot_sitl_models/share/ardupilot_sitl_models/models/quadruped/materials/textures/silver_blue_metal/silver_blue_metal_roughness.jpg
-- Up-to-date: /home/sachin/ardu_ws/install/ardupilot_sitl_models/share/ardupilot_sitl_models/models/quadruped/materials/textures/silver_blue_metal/silver_blue_metal_diffuse.jpg
-- Up-to-date: /home/sachin/ardu_ws/install/ardupilot_sitl_models/share/ardupilot_sitl_models/models/quadruped/materials/textures/silver_blue_metal/silver_blue_metal_normal.jpg
-- Up-to-date: /home/sachin/ardu_ws/install/ardupilot_sitl_models/share/ardupilot_sitl_models/models/quadruped/model.config
-- Up-to-date: /home/sachin/ardu_ws/install/ardupilot_sitl_models/share/ardupilot_sitl_models/models/blueboat
-- Up-to-date: /home/sachin/ardu_ws/install/ardupilot_sitl_models/share/ardupilot_sitl_models/models/blueboat/model.sdf
-- Up-to-date: /home/sachin/ardu_ws/install/ardupilot_sitl_models/share/ardupilot_sitl_models/models/blueboat/meshes
-- Up-to-date: /home/sachin/ardu_ws/install/ardupilot_sitl_models/share/ardupilot_sitl_models/models/blueboat/meshes/blueboat_motor_stbd.dae
-- Up-to-date: /home/sachin/ardu_ws/install/ardupilot_sitl_models/share/ardupilot_sitl_models/models/blueboat/meshes/blueboat_frame_asm_fore.dae
-- Up-to-date: /home/sachin/ardu_ws/install/ardupilot_sitl_models/share/ardupilot_sitl_models/models/blueboat/meshes/blueboat_hull_collision.stl
-- Up-to-date: /home/sachin/ardu_ws/install/ardupilot_sitl_models/share/ardupilot_sitl_models/models/blueboat/meshes/blueboat_hull.dae
-- Up-to-date: /home/sachin/ardu_ws/install/ardupilot_sitl_models/share/ardupilot_sitl_models/models/blueboat/meshes/blueboat_hatch_asm_port.dae
-- Up-to-date: /home/sachin/ardu_ws/install/ardupilot_sitl_models/share/ardupilot_sitl_models/models/blueboat/meshes/blueboat_prop_stbd.dae
-- Up-to-date: /home/sachin/ardu_ws/install/ardupilot_sitl_models/share/ardupilot_sitl_models/models/blueboat/meshes/blueboat_motor_port.dae
-- Up-to-date: /home/sachin/ardu_ws/install/ardupilot_sitl_models/share/ardupilot_sitl_models/models/blueboat/meshes/blueboat_prop_port.dae
-- Up-to-date: /home/sachin/ardu_ws/install/ardupilot_sitl_models/share/ardupilot_sitl_models/models/blueboat/meshes/blueboat_aerial.dae
-- Up-to-date: /home/sachin/ardu_ws/install/ardupilot_sitl_models/share/ardupilot_sitl_models/models/blueboat/meshes/blueboat_hatch_asm_stbd.dae
-- Up-to-date: /home/sachin/ardu_ws/install/ardupilot_sitl_models/share/ardupilot_sitl_models/models/blueboat/meshes/blueboat_frame_asm_aft.dae
-- Up-to-date: /home/sachin/ardu_ws/install/ardupilot_sitl_models/share/ardupilot_sitl_models/models/blueboat/meshes/blueboat_flag.dae
-- Up-to-date: /home/sachin/ardu_ws/install/ardupilot_sitl_models/share/ardupilot_sitl_models/models/blueboat/meshes/blueboat_crosstube.dae
-- Up-to-date: /home/sachin/ardu_ws/install/ardupilot_sitl_models/share/ardupilot_sitl_models/models/blueboat/meshes/blueboat_hull_collision.dae
-- Up-to-date: /home/sachin/ardu_ws/install/ardupilot_sitl_models/share/ardupilot_sitl_models/models/blueboat/model.config
-- Up-to-date: /home/sachin/ardu_ws/install/ardupilot_sitl_models/share/ardupilot_sitl_models/models/rocky_asphalt_20x20
-- Up-to-date: /home/sachin/ardu_ws/install/ardupilot_sitl_models/share/ardupilot_sitl_models/models/rocky_asphalt_20x20/model.sdf
-- Up-to-date: /home/sachin/ardu_ws/install/ardupilot_sitl_models/share/ardupilot_sitl_models/models/rocky_asphalt_20x20/model.config
-- Up-to-date: /home/sachin/ardu_ws/install/ardupilot_sitl_models/share/ardupilot_sitl_models/models/alti_transition_quad
-- Up-to-date: /home/sachin/ardu_ws/install/ardupilot_sitl_models/share/ardupilot_sitl_models/models/alti_transition_quad/model.sdf.erb
-- Up-to-date: /home/sachin/ardu_ws/install/ardupilot_sitl_models/share/ardupilot_sitl_models/models/alti_transition_quad/model.sdf
-- Up-to-date: /home/sachin/ardu_ws/install/ardupilot_sitl_models/share/ardupilot_sitl_models/models/alti_transition_quad/meshes
-- Up-to-date: /home/sachin/ardu_ws/install/ardupilot_sitl_models/share/ardupilot_sitl_models/models/alti_transition_quad/meshes/prop_ccw.dae
-- Up-to-date: /home/sachin/ardu_ws/install/ardupilot_sitl_models/share/ardupilot_sitl_models/models/alti_transition_quad/meshes/alti_transition_base.dae
-- Up-to-date: /home/sachin/ardu_ws/install/ardupilot_sitl_models/share/ardupilot_sitl_models/models/alti_transition_quad/meshes/alti_transition_elevator.dae
-- Up-to-date: /home/sachin/ardu_ws/install/ardupilot_sitl_models/share/ardupilot_sitl_models/models/alti_transition_quad/meshes/alti_transition_aileron_left.dae
-- Up-to-date: /home/sachin/ardu_ws/install/ardupilot_sitl_models/share/ardupilot_sitl_models/models/alti_transition_quad/meshes/prop_cw.dae
-- Up-to-date: /home/sachin/ardu_ws/install/ardupilot_sitl_models/share/ardupilot_sitl_models/models/alti_transition_quad/meshes/alti_transition_engine.dae
-- Up-to-date: /home/sachin/ardu_ws/install/ardupilot_sitl_models/share/ardupilot_sitl_models/models/alti_transition_quad/meshes/alti_transition_aileron_right.dae
-- Up-to-date: /home/sachin/ardu_ws/install/ardupilot_sitl_models/share/ardupilot_sitl_models/models/alti_transition_quad/materials
-- Up-to-date: /home/sachin/ardu_ws/install/ardupilot_sitl_models/share/ardupilot_sitl_models/models/alti_transition_quad/materials/textures
-- Up-to-date: /home/sachin/ardu_ws/install/ardupilot_sitl_models/share/ardupilot_sitl_models/models/alti_transition_quad/materials/textures/x8.tga
-- Up-to-date: /home/sachin/ardu_ws/install/ardupilot_sitl_models/share/ardupilot_sitl_models/models/alti_transition_quad/materials/textures/AltiTransitionMap.png
-- Up-to-date: /home/sachin/ardu_ws/install/ardupilot_sitl_models/share/ardupilot_sitl_models/models/alti_transition_quad/model.config
-- Up-to-date: /home/sachin/ardu_ws/install/ardupilot_sitl_models/share/ardupilot_sitl_models/models/steel_plate_3x3
-- Up-to-date: /home/sachin/ardu_ws/install/ardupilot_sitl_models/share/ardupilot_sitl_models/models/steel_plate_3x3/model.sdf
-- Up-to-date: /home/sachin/ardu_ws/install/ardupilot_sitl_models/share/ardupilot_sitl_models/models/steel_plate_3x3/model.config
-- Up-to-date: /home/sachin/ardu_ws/install/ardupilot_sitl_models/share/ardupilot_sitl_models/models/skycat_tvbs
-- Up-to-date: /home/sachin/ardu_ws/install/ardupilot_sitl_models/share/ardupilot_sitl_models/models/skycat_tvbs/model.sdf
-- Up-to-date: /home/sachin/ardu_ws/install/ardupilot_sitl_models/share/ardupilot_sitl_models/models/skycat_tvbs/meshes
-- Up-to-date: /home/sachin/ardu_ws/install/ardupilot_sitl_models/share/ardupilot_sitl_models/models/skycat_tvbs/meshes/iris_prop_ccw.dae
-- Up-to-date: /home/sachin/ardu_ws/install/ardupilot_sitl_models/share/ardupilot_sitl_models/models/skycat_tvbs/meshes/skycat_tilt_right.dae
-- Up-to-date: /home/sachin/ardu_ws/install/ardupilot_sitl_models/share/ardupilot_sitl_models/models/skycat_tvbs/meshes/skycat_elevon_right.dae
-- Up-to-date: /home/sachin/ardu_ws/install/ardupilot_sitl_models/share/ardupilot_sitl_models/models/skycat_tvbs/meshes/skycat_elevon_left.dae
-- Up-to-date: /home/sachin/ardu_ws/install/ardupilot_sitl_models/share/ardupilot_sitl_models/models/skycat_tvbs/meshes/iris_prop_cw.dae
-- Up-to-date: /home/sachin/ardu_ws/install/ardupilot_sitl_models/share/ardupilot_sitl_models/models/skycat_tvbs/meshes/skycat_tilt_left.dae
-- Up-to-date: /home/sachin/ardu_ws/install/ardupilot_sitl_models/share/ardupilot_sitl_models/models/skycat_tvbs/meshes/skycat_base.dae
-- Up-to-date: /home/sachin/ardu_ws/install/ardupilot_sitl_models/share/ardupilot_sitl_models/models/skycat_tvbs/materials
-- Up-to-date: /home/sachin/ardu_ws/install/ardupilot_sitl_models/share/ardupilot_sitl_models/models/skycat_tvbs/materials/textures
-- Up-to-date: /home/sachin/ardu_ws/install/ardupilot_sitl_models/share/ardupilot_sitl_models/models/skycat_tvbs/materials/textures/skycat.png
-- Up-to-date: /home/sachin/ardu_ws/install/ardupilot_sitl_models/share/ardupilot_sitl_models/models/skycat_tvbs/materials/textures/metal_graphite
-- Up-to-date: /home/sachin/ardu_ws/install/ardupilot_sitl_models/share/ardupilot_sitl_models/models/skycat_tvbs/materials/textures/metal_graphite/metal_graphite_roughness.jpg
-- Up-to-date: /home/sachin/ardu_ws/install/ardupilot_sitl_models/share/ardupilot_sitl_models/models/skycat_tvbs/materials/textures/metal_graphite/metal_graphite_metallic.jpg
-- Up-to-date: /home/sachin/ardu_ws/install/ardupilot_sitl_models/share/ardupilot_sitl_models/models/skycat_tvbs/materials/textures/metal_graphite/metal_graphite_normal.jpg
-- Up-to-date: /home/sachin/ardu_ws/install/ardupilot_sitl_models/share/ardupilot_sitl_models/models/skycat_tvbs/materials/textures/metal_graphite/metal_graphite_basecolor.jpg
-- Up-to-date: /home/sachin/ardu_ws/install/ardupilot_sitl_models/share/ardupilot_sitl_models/models/skycat_tvbs/model.config
-- Up-to-date: /home/sachin/ardu_ws/install/ardupilot_sitl_models/share/ardupilot_sitl_models/models/skywalker_x8_quad
-- Up-to-date: /home/sachin/ardu_ws/install/ardupilot_sitl_models/share/ardupilot_sitl_models/models/skywalker_x8_quad/model.sdf
-- Up-to-date: /home/sachin/ardu_ws/install/ardupilot_sitl_models/share/ardupilot_sitl_models/models/skywalker_x8_quad/model.config
-- Up-to-date: /home/sachin/ardu_ws/install/ardupilot_sitl_models/share/ardupilot_sitl_models/models/r1_rover
-- Up-to-date: /home/sachin/ardu_ws/install/ardupilot_sitl_models/share/ardupilot_sitl_models/models/r1_rover/model.sdf
-- Up-to-date: /home/sachin/ardu_ws/install/ardupilot_sitl_models/share/ardupilot_sitl_models/models/r1_rover/meshes
-- Up-to-date: /home/sachin/ardu_ws/install/ardupilot_sitl_models/share/ardupilot_sitl_models/models/r1_rover/meshes/wheel_link_simple.STL
-- Up-to-date: /home/sachin/ardu_ws/install/ardupilot_sitl_models/share/ardupilot_sitl_models/models/r1_rover/meshes/antenna_link.STL
-- Up-to-date: /home/sachin/ardu_ws/install/ardupilot_sitl_models/share/ardupilot_sitl_models/models/r1_rover/meshes/wheel_link.STL
-- Up-to-date: /home/sachin/ardu_ws/install/ardupilot_sitl_models/share/ardupilot_sitl_models/models/r1_rover/meshes/battery_link.STL
-- Up-to-date: /home/sachin/ardu_ws/install/ardupilot_sitl_models/share/ardupilot_sitl_models/models/r1_rover/meshes/housing_link.STL
-- Up-to-date: /home/sachin/ardu_ws/install/ardupilot_sitl_models/share/ardupilot_sitl_models/models/r1_rover/meshes/top_link.STL
-- Up-to-date: /home/sachin/ardu_ws/install/ardupilot_sitl_models/share/ardupilot_sitl_models/models/r1_rover/meshes/chassis_link.STL
-- Up-to-date: /home/sachin/ardu_ws/install/ardupilot_sitl_models/share/ardupilot_sitl_models/models/r1_rover/model.config
-- Up-to-date: /home/sachin/ardu_ws/install/ardupilot_sitl_models/share/ardupilot_sitl_models/models/dumpster
-- Up-to-date: /home/sachin/ardu_ws/install/ardupilot_sitl_models/share/ardupilot_sitl_models/models/dumpster/model.sdf
-- Up-to-date: /home/sachin/ardu_ws/install/ardupilot_sitl_models/share/ardupilot_sitl_models/models/dumpster/meshes
-- Up-to-date: /home/sachin/ardu_ws/install/ardupilot_sitl_models/share/ardupilot_sitl_models/models/dumpster/meshes/dumpster.dae
-- Up-to-date: /home/sachin/ardu_ws/install/ardupilot_sitl_models/share/ardupilot_sitl_models/models/dumpster/materials
-- Up-to-date: /home/sachin/ardu_ws/install/ardupilot_sitl_models/share/ardupilot_sitl_models/models/dumpster/materials/textures
-- Up-to-date: /home/sachin/ardu_ws/install/ardupilot_sitl_models/share/ardupilot_sitl_models/models/dumpster/materials/textures/Dumpster_Spec.png
-- Up-to-date: /home/sachin/ardu_ws/install/ardupilot_sitl_models/share/ardupilot_sitl_models/models/dumpster/materials/textures/Dumpster_Diffuse.png
-- Up-to-date: /home/sachin/ardu_ws/install/ardupilot_sitl_models/share/ardupilot_sitl_models/models/dumpster/materials/scripts
-- Up-to-date: /home/sachin/ardu_ws/install/ardupilot_sitl_models/share/ardupilot_sitl_models/models/dumpster/materials/scripts/dumpster.material
-- Up-to-date: /home/sachin/ardu_ws/install/ardupilot_sitl_models/share/ardupilot_sitl_models/models/dumpster/model.config
-- Up-to-date: /home/sachin/ardu_ws/install/ardupilot_sitl_models/share/ardupilot_sitl_models/models/dumpster/thumbnails
-- Up-to-date: /home/sachin/ardu_ws/install/ardupilot_sitl_models/share/ardupilot_sitl_models/models/dumpster/thumbnails/2.png
-- Up-to-date: /home/sachin/ardu_ws/install/ardupilot_sitl_models/share/ardupilot_sitl_models/models/dumpster/thumbnails/3.png
-- Up-to-date: /home/sachin/ardu_ws/install/ardupilot_sitl_models/share/ardupilot_sitl_models/models/dumpster/thumbnails/5.png
-- Up-to-date: /home/sachin/ardu_ws/install/ardupilot_sitl_models/share/ardupilot_sitl_models/models/dumpster/thumbnails/1.png
-- Up-to-date: /home/sachin/ardu_ws/install/ardupilot_sitl_models/share/ardupilot_sitl_models/models/dumpster/thumbnails/4.png
-- Up-to-date: /home/sachin/ardu_ws/install/ardupilot_sitl_models/share/ardupilot_sitl_models/models/catamaran
-- Up-to-date: /home/sachin/ardu_ws/install/ardupilot_sitl_models/share/ardupilot_sitl_models/models/catamaran/model.sdf
-- Up-to-date: /home/sachin/ardu_ws/install/ardupilot_sitl_models/share/ardupilot_sitl_models/models/catamaran/meshes
-- Up-to-date: /home/sachin/ardu_ws/install/ardupilot_sitl_models/share/ardupilot_sitl_models/models/catamaran/meshes/fin_collision.stl
-- Up-to-date: /home/sachin/ardu_ws/install/ardupilot_sitl_models/share/ardupilot_sitl_models/models/catamaran/meshes/wind_sensor_collision.stl
-- Up-to-date: /home/sachin/ardu_ws/install/ardupilot_sitl_models/share/ardupilot_sitl_models/models/catamaran/meshes/wind_sensor.dae
-- Up-to-date: /home/sachin/ardu_ws/install/ardupilot_sitl_models/share/ardupilot_sitl_models/models/catamaran/meshes/hull_platform.dae
-- Up-to-date: /home/sachin/ardu_ws/install/ardupilot_sitl_models/share/ardupilot_sitl_models/models/catamaran/meshes/rudder_collision.stl
-- Up-to-date: /home/sachin/ardu_ws/install/ardupilot_sitl_models/share/ardupilot_sitl_models/models/catamaran/meshes/rudder.dae
-- Up-to-date: /home/sachin/ardu_ws/install/ardupilot_sitl_models/share/ardupilot_sitl_models/models/catamaran/meshes/rig.dae
-- Up-to-date: /home/sachin/ardu_ws/install/ardupilot_sitl_models/share/ardupilot_sitl_models/models/catamaran/meshes/hull_right_collision.stl
-- Up-to-date: /home/sachin/ardu_ws/install/ardupilot_sitl_models/share/ardupilot_sitl_models/models/catamaran/meshes/fin.dae
-- Up-to-date: /home/sachin/ardu_ws/install/ardupilot_sitl_models/share/ardupilot_sitl_models/models/catamaran/meshes/hull_left_collision.stl
-- Up-to-date: /home/sachin/ardu_ws/install/ardupilot_sitl_models/share/ardupilot_sitl_models/models/catamaran/model.config
-- Up-to-date: /home/sachin/ardu_ws/install/ardupilot_sitl_models/share/ardupilot_sitl_models/models/bicopter
-- Up-to-date: /home/sachin/ardu_ws/install/ardupilot_sitl_models/share/ardupilot_sitl_models/models/bicopter/model.sdf
-- Up-to-date: /home/sachin/ardu_ws/install/ardupilot_sitl_models/share/ardupilot_sitl_models/models/bicopter/meshes
-- Up-to-date: /home/sachin/ardu_ws/install/ardupilot_sitl_models/share/ardupilot_sitl_models/models/bicopter/meshes/ccw_mot.stl
-- Up-to-date: /home/sachin/ardu_ws/install/ardupilot_sitl_models/share/ardupilot_sitl_models/models/bicopter/meshes/ccw_servo.stl
-- Up-to-date: /home/sachin/ardu_ws/install/ardupilot_sitl_models/share/ardupilot_sitl_models/models/bicopter/meshes/base.stl
-- Up-to-date: /home/sachin/ardu_ws/install/ardupilot_sitl_models/share/ardupilot_sitl_models/models/bicopter/meshes/cw_servo.stl
-- Up-to-date: /home/sachin/ardu_ws/install/ardupilot_sitl_models/share/ardupilot_sitl_models/models/bicopter/meshes/cw_mot.stl
-- Up-to-date: /home/sachin/ardu_ws/install/ardupilot_sitl_models/share/ardupilot_sitl_models/models/bicopter/model.config
-- Up-to-date: /home/sachin/ardu_ws/install/ardupilot_sitl_models/share/ardupilot_sitl_models/models/sawppy
-- Up-to-date: /home/sachin/ardu_ws/install/ardupilot_sitl_models/share/ardupilot_sitl_models/models/sawppy/model.sdf
-- Up-to-date: /home/sachin/ardu_ws/install/ardupilot_sitl_models/share/ardupilot_sitl_models/models/sawppy/meshes
-- Up-to-date: /home/sachin/ardu_ws/install/ardupilot_sitl_models/share/ardupilot_sitl_models/models/sawppy/meshes/sensors
-- Up-to-date: /home/sachin/ardu_ws/install/ardupilot_sitl_models/share/ardupilot_sitl_models/models/sawppy/meshes/sensors/rplidar_a1_low.stl
-- Up-to-date: /home/sachin/ardu_ws/install/ardupilot_sitl_models/share/ardupilot_sitl_models/models/sawppy/meshes/sensors/rplidar_a1_assembly_low.stl
-- Up-to-date: /home/sachin/ardu_ws/install/ardupilot_sitl_models/share/ardupilot_sitl_models/models/sawppy/meshes/bases
-- Up-to-date: /home/sachin/ardu_ws/install/ardupilot_sitl_models/share/ardupilot_sitl_models/models/sawppy/meshes/bases/back_right_steering_asm.stl
-- Up-to-date: /home/sachin/ardu_ws/install/ardupilot_sitl_models/share/ardupilot_sitl_models/models/sawppy/meshes/bases/left_bogie_asm.stl
-- Up-to-date: /home/sachin/ardu_ws/install/ardupilot_sitl_models/share/ardupilot_sitl_models/models/sawppy/meshes/bases/right_rocker_asm.stl
-- Up-to-date: /home/sachin/ardu_ws/install/ardupilot_sitl_models/share/ardupilot_sitl_models/models/sawppy/meshes/bases/left_rocker_asm.stl
-- Up-to-date: /home/sachin/ardu_ws/install/ardupilot_sitl_models/share/ardupilot_sitl_models/models/sawppy/meshes/bases/body_box.stl
-- Up-to-date: /home/sachin/ardu_ws/install/ardupilot_sitl_models/share/ardupilot_sitl_models/models/sawppy/meshes/bases/front_right_steering_asm.stl
-- Up-to-date: /home/sachin/ardu_ws/install/ardupilot_sitl_models/share/ardupilot_sitl_models/models/sawppy/meshes/bases/right_bogie_asm.stl
-- Up-to-date: /home/sachin/ardu_ws/install/ardupilot_sitl_models/share/ardupilot_sitl_models/models/sawppy/meshes/bases/turnbuckle.stl
-- Up-to-date: /home/sachin/ardu_ws/install/ardupilot_sitl_models/share/ardupilot_sitl_models/models/sawppy/meshes/bases/front_left_steering_asm.stl
-- Up-to-date: /home/sachin/ardu_ws/install/ardupilot_sitl_models/share/ardupilot_sitl_models/models/sawppy/meshes/bases/back_left_steering_asm.stl
-- Up-to-date: /home/sachin/ardu_ws/install/ardupilot_sitl_models/share/ardupilot_sitl_models/models/sawppy/meshes/bases/differential.stl
-- Up-to-date: /home/sachin/ardu_ws/install/ardupilot_sitl_models/share/ardupilot_sitl_models/models/sawppy/meshes/wheels
-- Up-to-date: /home/sachin/ardu_ws/install/ardupilot_sitl_models/share/ardupilot_sitl_models/models/sawppy/meshes/wheels/wheel.stl
-- Up-to-date: /home/sachin/ardu_ws/install/ardupilot_sitl_models/share/ardupilot_sitl_models/models/sawppy/meshes/wheels/wheel_asm.stl
-- Up-to-date: /home/sachin/ardu_ws/install/ardupilot_sitl_models/share/ardupilot_sitl_models/models/sawppy/model.config
-- Up-to-date: /home/sachin/ardu_ws/install/ardupilot_sitl_models/share/ardupilot_sitl_models/models/bicopter_with_ardupilot
-- Up-to-date: /home/sachin/ardu_ws/install/ardupilot_sitl_models/share/ardupilot_sitl_models/models/bicopter_with_ardupilot/model.sdf
-- Up-to-date: /home/sachin/ardu_ws/install/ardupilot_sitl_models/share/ardupilot_sitl_models/models/bicopter_with_ardupilot/model.config
-- Up-to-date: /home/sachin/ardu_ws/install/ardupilot_sitl_models/share/ardupilot_sitl_models/models/rocky_asphalt_4x4
-- Up-to-date: /home/sachin/ardu_ws/install/ardupilot_sitl_models/share/ardupilot_sitl_models/models/rocky_asphalt_4x4/model.sdf
-- Up-to-date: /home/sachin/ardu_ws/install/ardupilot_sitl_models/share/ardupilot_sitl_models/models/rocky_asphalt_4x4/materials
-- Up-to-date: /home/sachin/ardu_ws/install/ardupilot_sitl_models/share/ardupilot_sitl_models/models/rocky_asphalt_4x4/materials/textures
-- Up-to-date: /home/sachin/ardu_ws/install/ardupilot_sitl_models/share/ardupilot_sitl_models/models/rocky_asphalt_4x4/materials/textures/rocky_asphalt1_Height.png
-- Up-to-date: /home/sachin/ardu_ws/install/ardupilot_sitl_models/share/ardupilot_sitl_models/models/rocky_asphalt_4x4/materials/textures/rocky_asphalt1_ao.png
-- Up-to-date: /home/sachin/ardu_ws/install/ardupilot_sitl_models/share/ardupilot_sitl_models/models/rocky_asphalt_4x4/materials/textures/rocky_asphalt1_Metallic.png
-- Up-to-date: /home/sachin/ardu_ws/install/ardupilot_sitl_models/share/ardupilot_sitl_models/models/rocky_asphalt_4x4/materials/textures/rocky_asphalt1_Normal-ogl.png
-- Up-to-date: /home/sachin/ardu_ws/install/ardupilot_sitl_models/share/ardupilot_sitl_models/models/rocky_asphalt_4x4/materials/textures/rocky_asphalt1_Roughness.png
-- Up-to-date: /home/sachin/ardu_ws/install/ardupilot_sitl_models/share/ardupilot_sitl_models/models/rocky_asphalt_4x4/materials/textures/rocky_asphalt1_albedo.png
-- Up-to-date: /home/sachin/ardu_ws/install/ardupilot_sitl_models/share/ardupilot_sitl_models/models/rocky_asphalt_4x4/model.config
-- Up-to-date: /home/sachin/ardu_ws/install/ardupilot_sitl_models/share/ardupilot_sitl_models/models/skywalker_x8
-- Up-to-date: /home/sachin/ardu_ws/install/ardupilot_sitl_models/share/ardupilot_sitl_models/models/skywalker_x8/model.sdf
-- Up-to-date: /home/sachin/ardu_ws/install/ardupilot_sitl_models/share/ardupilot_sitl_models/models/skywalker_x8/meshes
-- Up-to-date: /home/sachin/ardu_ws/install/ardupilot_sitl_models/share/ardupilot_sitl_models/models/skywalker_x8/meshes/iris_prop_ccw.dae
-- Up-to-date: /home/sachin/ardu_ws/install/ardupilot_sitl_models/share/ardupilot_sitl_models/models/skywalker_x8/meshes/x8_elevon_left.dae
-- Up-to-date: /home/sachin/ardu_ws/install/ardupilot_sitl_models/share/ardupilot_sitl_models/models/skywalker_x8/meshes/x8_wing.dae
-- Up-to-date: /home/sachin/ardu_ws/install/ardupilot_sitl_models/share/ardupilot_sitl_models/models/skywalker_x8/meshes/x8_elevon_right.dae
-- Up-to-date: /home/sachin/ardu_ws/install/ardupilot_sitl_models/share/ardupilot_sitl_models/models/skywalker_x8/meshes/iris_prop_cw.dae
-- Up-to-date: /home/sachin/ardu_ws/install/ardupilot_sitl_models/share/ardupilot_sitl_models/models/skywalker_x8/materials
-- Up-to-date: /home/sachin/ardu_ws/install/ardupilot_sitl_models/share/ardupilot_sitl_models/models/skywalker_x8/materials/textures
-- Up-to-date: /home/sachin/ardu_ws/install/ardupilot_sitl_models/share/ardupilot_sitl_models/models/skywalker_x8/materials/textures/x8.tga
-- Up-to-date: /home/sachin/ardu_ws/install/ardupilot_sitl_models/share/ardupilot_sitl_models/models/skywalker_x8/materials/textures/blue_metal
-- Up-to-date: /home/sachin/ardu_ws/install/ardupilot_sitl_models/share/ardupilot_sitl_models/models/skywalker_x8/materials/textures/blue_metal/blue_metal_roughness.jpg
-- Up-to-date: /home/sachin/ardu_ws/install/ardupilot_sitl_models/share/ardupilot_sitl_models/models/skywalker_x8/materials/textures/blue_metal/blue_metal_basecolor.jpg
-- Up-to-date: /home/sachin/ardu_ws/install/ardupilot_sitl_models/share/ardupilot_sitl_models/models/skywalker_x8/materials/textures/blue_metal/blue_metal_normal.jpg
-- Up-to-date: /home/sachin/ardu_ws/install/ardupilot_sitl_models/share/ardupilot_sitl_models/models/skywalker_x8/materials/textures/blue_metal/blue_metal_metallic.jpg
-- Up-to-date: /home/sachin/ardu_ws/install/ardupilot_sitl_models/share/ardupilot_sitl_models/models/skywalker_x8/materials/textures/metal_graphite
-- Up-to-date: /home/sachin/ardu_ws/install/ardupilot_sitl_models/share/ardupilot_sitl_models/models/skywalker_x8/materials/textures/metal_graphite/metal_graphite_roughness.jpg
-- Up-to-date: /home/sachin/ardu_ws/install/ardupilot_sitl_models/share/ardupilot_sitl_models/models/skywalker_x8/materials/textures/metal_graphite/metal_graphite_metallic.jpg
-- Up-to-date: /home/sachin/ardu_ws/install/ardupilot_sitl_models/share/ardupilot_sitl_models/models/skywalker_x8/materials/textures/metal_graphite/metal_graphite_normal.jpg
-- Up-to-date: /home/sachin/ardu_ws/install/ardupilot_sitl_models/share/ardupilot_sitl_models/models/skywalker_x8/materials/textures/metal_graphite/metal_graphite_basecolor.jpg
-- Up-to-date: /home/sachin/ardu_ws/install/ardupilot_sitl_models/share/ardupilot_sitl_models/models/skywalker_x8/model.config
-- Up-to-date: /home/sachin/ardu_ws/install/ardupilot_sitl_models/share/ardupilot_sitl_models/models/wildthumper
-- Up-to-date: /home/sachin/ardu_ws/install/ardupilot_sitl_models/share/ardupilot_sitl_models/models/wildthumper/model.sdf
-- Up-to-date: /home/sachin/ardu_ws/install/ardupilot_sitl_models/share/ardupilot_sitl_models/models/wildthumper/meshes
-- Up-to-date: /home/sachin/ardu_ws/install/ardupilot_sitl_models/share/ardupilot_sitl_models/models/wildthumper/meshes/bases
-- Up-to-date: /home/sachin/ardu_ws/install/ardupilot_sitl_models/share/ardupilot_sitl_models/models/wildthumper/meshes/bases/right_motor_asm.dae
-- Up-to-date: /home/sachin/ardu_ws/install/ardupilot_sitl_models/share/ardupilot_sitl_models/models/wildthumper/meshes/bases/small_chassis_with_frame_connector.dae
-- Up-to-date: /home/sachin/ardu_ws/install/ardupilot_sitl_models/share/ardupilot_sitl_models/models/wildthumper/meshes/bases/top_chassis.dae
-- Up-to-date: /home/sachin/ardu_ws/install/ardupilot_sitl_models/share/ardupilot_sitl_models/models/wildthumper/meshes/bases/top_chassis_with_standoffs.dae
-- Up-to-date: /home/sachin/ardu_ws/install/ardupilot_sitl_models/share/ardupilot_sitl_models/models/wildthumper/meshes/bases/left_motor_asm.dae
-- Up-to-date: /home/sachin/ardu_ws/install/ardupilot_sitl_models/share/ardupilot_sitl_models/models/wildthumper/meshes/bases/wheel_chassis_short.dae
-- Up-to-date: /home/sachin/ardu_ws/install/ardupilot_sitl_models/share/ardupilot_sitl_models/models/wildthumper/meshes/bases/wheel_chassis_long.dae
-- Up-to-date: /home/sachin/ardu_ws/install/ardupilot_sitl_models/share/ardupilot_sitl_models/models/wildthumper/meshes/wheels
-- Up-to-date: /home/sachin/ardu_ws/install/ardupilot_sitl_models/share/ardupilot_sitl_models/models/wildthumper/meshes/wheels/left_wheel_adapter.dae
-- Up-to-date: /home/sachin/ardu_ws/install/ardupilot_sitl_models/share/ardupilot_sitl_models/models/wildthumper/meshes/wheels/right_wheel_tyre.dae
-- Up-to-date: /home/sachin/ardu_ws/install/ardupilot_sitl_models/share/ardupilot_sitl_models/models/wildthumper/meshes/wheels/left_wheel_tyre.dae
-- Up-to-date: /home/sachin/ardu_ws/install/ardupilot_sitl_models/share/ardupilot_sitl_models/models/wildthumper/meshes/wheels/left_wheel_rim.dae
-- Up-to-date: /home/sachin/ardu_ws/install/ardupilot_sitl_models/share/ardupilot_sitl_models/models/wildthumper/meshes/wheels/right_wheel_rim.dae
-- Up-to-date: /home/sachin/ardu_ws/install/ardupilot_sitl_models/share/ardupilot_sitl_models/models/wildthumper/meshes/wheels/right_wheel_adapter.dae
-- Up-to-date: /home/sachin/ardu_ws/install/ardupilot_sitl_models/share/ardupilot_sitl_models/models/wildthumper/materials
-- Up-to-date: /home/sachin/ardu_ws/install/ardupilot_sitl_models/share/ardupilot_sitl_models/models/wildthumper/materials/textures
-- Up-to-date: /home/sachin/ardu_ws/install/ardupilot_sitl_models/share/ardupilot_sitl_models/models/wildthumper/materials/textures/silver_metal
-- Up-to-date: /home/sachin/ardu_ws/install/ardupilot_sitl_models/share/ardupilot_sitl_models/models/wildthumper/materials/textures/silver_metal/silver_metal_roughness.jpg
-- Up-to-date: /home/sachin/ardu_ws/install/ardupilot_sitl_models/share/ardupilot_sitl_models/models/wildthumper/materials/textures/silver_metal/silver_metal_diffuse.jpg
-- Up-to-date: /home/sachin/ardu_ws/install/ardupilot_sitl_models/share/ardupilot_sitl_models/models/wildthumper/materials/textures/silver_metal/silver_metal_metallic.jpg
-- Up-to-date: /home/sachin/ardu_ws/install/ardupilot_sitl_models/share/ardupilot_sitl_models/models/wildthumper/materials/textures/silver_metal/silver_metal_normal.jpg
-- Up-to-date: /home/sachin/ardu_ws/install/ardupilot_sitl_models/share/ardupilot_sitl_models/models/wildthumper/materials/textures/red_metal
-- Up-to-date: /home/sachin/ardu_ws/install/ardupilot_sitl_models/share/ardupilot_sitl_models/models/wildthumper/materials/textures/red_metal/red_metal_metallic.jpg
-- Up-to-date: /home/sachin/ardu_ws/install/ardupilot_sitl_models/share/ardupilot_sitl_models/models/wildthumper/materials/textures/red_metal/red_metal_diffuse.jpg
-- Up-to-date: /home/sachin/ardu_ws/install/ardupilot_sitl_models/share/ardupilot_sitl_models/models/wildthumper/materials/textures/red_metal/red_metal_roughness.jpg
-- Up-to-date: /home/sachin/ardu_ws/install/ardupilot_sitl_models/share/ardupilot_sitl_models/models/wildthumper/materials/textures/red_metal/red_metal_normal.jpg
-- Up-to-date: /home/sachin/ardu_ws/install/ardupilot_sitl_models/share/ardupilot_sitl_models/models/wildthumper/materials/textures/black_metal
-- Up-to-date: /home/sachin/ardu_ws/install/ardupilot_sitl_models/share/ardupilot_sitl_models/models/wildthumper/materials/textures/black_metal/black_metal_normal.jpg
-- Up-to-date: /home/sachin/ardu_ws/install/ardupilot_sitl_models/share/ardupilot_sitl_models/models/wildthumper/materials/textures/black_metal/black_metal_metallic.jpg
-- Up-to-date: /home/sachin/ardu_ws/install/ardupilot_sitl_models/share/ardupilot_sitl_models/models/wildthumper/materials/textures/black_metal/black_metal_diffuse.jpg
-- Up-to-date: /home/sachin/ardu_ws/install/ardupilot_sitl_models/share/ardupilot_sitl_models/models/wildthumper/materials/textures/black_metal/black_metal_roughness.jpg
-- Up-to-date: /home/sachin/ardu_ws/install/ardupilot_sitl_models/share/ardupilot_sitl_models/models/wildthumper/materials/textures/rubber_01
-- Up-to-date: /home/sachin/ardu_ws/install/ardupilot_sitl_models/share/ardupilot_sitl_models/models/wildthumper/materials/textures/rubber_01/rubber_01_diffuse.jpg
-- Up-to-date: /home/sachin/ardu_ws/install/ardupilot_sitl_models/share/ardupilot_sitl_models/models/wildthumper/materials/textures/rubber_01/rubber_01_normal.jpg
-- Up-to-date: /home/sachin/ardu_ws/install/ardupilot_sitl_models/share/ardupilot_sitl_models/models/wildthumper/materials/textures/rubber_01/rubber_01_roughness.jpg
-- Up-to-date: /home/sachin/ardu_ws/install/ardupilot_sitl_models/share/ardupilot_sitl_models/models/wildthumper/model.config
-- Up-to-date: /home/sachin/ardu_ws/install/ardupilot_sitl_models/share/ardupilot_sitl_models/models/rover_playpen
-- Up-to-date: /home/sachin/ardu_ws/install/ardupilot_sitl_models/share/ardupilot_sitl_models/models/rover_playpen/model.sdf
-- Up-to-date: /home/sachin/ardu_ws/install/ardupilot_sitl_models/share/ardupilot_sitl_models/models/rover_playpen/model.config
-- Up-to-date: /home/sachin/ardu_ws/install/ardupilot_sitl_models/share/ardupilot_sitl_models/models/wsc_aircraft
-- Up-to-date: /home/sachin/ardu_ws/install/ardupilot_sitl_models/share/ardupilot_sitl_models/models/wsc_aircraft/model.sdf
-- Up-to-date: /home/sachin/ardu_ws/install/ardupilot_sitl_models/share/ardupilot_sitl_models/models/wsc_aircraft/meshes
-- Up-to-date: /home/sachin/ardu_ws/install/ardupilot_sitl_models/share/ardupilot_sitl_models/models/wsc_aircraft/meshes/wing_root_right.dae
-- Up-to-date: /home/sachin/ardu_ws/install/ardupilot_sitl_models/share/ardupilot_sitl_models/models/wsc_aircraft/meshes/fuselage.dae
-- Up-to-date: /home/sachin/ardu_ws/install/ardupilot_sitl_models/share/ardupilot_sitl_models/models/wsc_aircraft/meshes/hang_block_pitch.dae
-- Up-to-date: /home/sachin/ardu_ws/install/ardupilot_sitl_models/share/ardupilot_sitl_models/models/wsc_aircraft/meshes/wing_root_right_2.dae
-- Up-to-date: /home/sachin/ardu_ws/install/ardupilot_sitl_models/share/ardupilot_sitl_models/models/wsc_aircraft/meshes/wing_tip_left.dae
-- Up-to-date: /home/sachin/ardu_ws/install/ardupilot_sitl_models/share/ardupilot_sitl_models/models/wsc_aircraft/meshes/landing_gear.dae
-- Up-to-date: /home/sachin/ardu_ws/install/ardupilot_sitl_models/share/ardupilot_sitl_models/models/wsc_aircraft/meshes/motor2.dae
-- Up-to-date: /home/sachin/ardu_ws/install/ardupilot_sitl_models/share/ardupilot_sitl_models/models/wsc_aircraft/meshes/front_wheel2.dae
-- Up-to-date: /home/sachin/ardu_ws/install/ardupilot_sitl_models/share/ardupilot_sitl_models/models/wsc_aircraft/meshes/motor1.dae
-- Up-to-date: /home/sachin/ardu_ws/install/ardupilot_sitl_models/share/ardupilot_sitl_models/models/wsc_aircraft/meshes/wing_tip_right.dae
-- Up-to-date: /home/sachin/ardu_ws/install/ardupilot_sitl_models/share/ardupilot_sitl_models/models/wsc_aircraft/meshes/wing_tip_right_2.dae
-- Up-to-date: /home/sachin/ardu_ws/install/ardupilot_sitl_models/share/ardupilot_sitl_models/models/wsc_aircraft/meshes/front_wheel1.dae
-- Up-to-date: /home/sachin/ardu_ws/install/ardupilot_sitl_models/share/ardupilot_sitl_models/models/wsc_aircraft/meshes/rear_wheel.dae
-- Up-to-date: /home/sachin/ardu_ws/install/ardupilot_sitl_models/share/ardupilot_sitl_models/models/wsc_aircraft/meshes/propeller_S.dae
-- Up-to-date: /home/sachin/ardu_ws/install/ardupilot_sitl_models/share/ardupilot_sitl_models/models/wsc_aircraft/meshes/wing_root_left_2.dae
-- Up-to-date: /home/sachin/ardu_ws/install/ardupilot_sitl_models/share/ardupilot_sitl_models/models/wsc_aircraft/meshes/battery.dae
-- Up-to-date: /home/sachin/ardu_ws/install/ardupilot_sitl_models/share/ardupilot_sitl_models/models/wsc_aircraft/meshes/wing_tip_left_2.dae
-- Up-to-date: /home/sachin/ardu_ws/install/ardupilot_sitl_models/share/ardupilot_sitl_models/models/wsc_aircraft/meshes/steering_link.dae
-- Up-to-date: /home/sachin/ardu_ws/install/ardupilot_sitl_models/share/ardupilot_sitl_models/models/wsc_aircraft/meshes/wing_root_left.dae
-- Up-to-date: /home/sachin/ardu_ws/install/ardupilot_sitl_models/share/ardupilot_sitl_models/models/wsc_aircraft/meshes/hang_block_roll.dae
-- Up-to-date: /home/sachin/ardu_ws/install/ardupilot_sitl_models/share/ardupilot_sitl_models/models/wsc_aircraft/model.config
-- Up-to-date: /home/sachin/ardu_ws/install/ardupilot_sitl_models/share/ardupilot_sitl_models/models/wsc_aircraft/gazebo-test.parm
-- Up-to-date: /home/sachin/ardu_ws/install/ardupilot_sitl_models/share/ardupilot_sitl_models/models/hexapod_copter
-- Up-to-date: /home/sachin/ardu_ws/install/ardupilot_sitl_models/share/ardupilot_sitl_models/models/hexapod_copter/model.sdf
-- Up-to-date: /home/sachin/ardu_ws/install/ardupilot_sitl_models/share/ardupilot_sitl_models/models/hexapod_copter/meshes
-- Up-to-date: /home/sachin/ardu_ws/install/ardupilot_sitl_models/share/ardupilot_sitl_models/models/hexapod_copter/meshes/iris_prop_ccw.dae
-- Up-to-date: /home/sachin/ardu_ws/install/ardupilot_sitl_models/share/ardupilot_sitl_models/models/hexapod_copter/meshes/iris_prop_cw.dae
-- Up-to-date: /home/sachin/ardu_ws/install/ardupilot_sitl_models/share/ardupilot_sitl_models/models/hexapod_copter/model.config
-- Up-to-date: /home/sachin/ardu_ws/install/ardupilot_sitl_models/share/ardupilot_sitl_models/worlds
-- Up-to-date: /home/sachin/ardu_ws/install/ardupilot_sitl_models/share/ardupilot_sitl_models/worlds/daf_truck_runway.sdf
-- Up-to-date: /home/sachin/ardu_ws/install/ardupilot_sitl_models/share/ardupilot_sitl_models/worlds/skywalker_x8_runway.sdf
-- Up-to-date: /home/sachin/ardu_ws/install/ardupilot_sitl_models/share/ardupilot_sitl_models/worlds/rover_playpen.sdf
-- Up-to-date: /home/sachin/ardu_ws/install/ardupilot_sitl_models/share/ardupilot_sitl_models/worlds/skywalker_x8_quad_runway.sdf
-- Up-to-date: /home/sachin/ardu_ws/install/ardupilot_sitl_models/share/ardupilot_sitl_models/worlds/skycat_runway.sdf
-- Up-to-date: /home/sachin/ardu_ws/install/ardupilot_sitl_models/share/ardupilot_sitl_models/worlds/r1_rover_runway.sdf
-- Up-to-date: /home/sachin/ardu_ws/install/ardupilot_sitl_models/share/ardupilot_sitl_models/worlds/wildthumper_playpen.sdf
-- Up-to-date: /home/sachin/ardu_ws/install/ardupilot_sitl_models/share/ardupilot_sitl_models/worlds/truck_quadplane_landing.sdf.erb
-- Up-to-date: /home/sachin/ardu_ws/install/ardupilot_sitl_models/share/ardupilot_sitl_models/worlds/hexapod_copter_runway.sdf
-- Up-to-date: /home/sachin/ardu_ws/install/ardupilot_sitl_models/share/ardupilot_sitl_models/worlds/bicopter_runway.sdf
-- Up-to-date: /home/sachin/ardu_ws/install/ardupilot_sitl_models/share/ardupilot_sitl_models/worlds/swan_k1_hwing_runway.sdf
-- Up-to-date: /home/sachin/ardu_ws/install/ardupilot_sitl_models/share/ardupilot_sitl_models/worlds/wsc_aircraft_runway.sdf
-- Up-to-date: /home/sachin/ardu_ws/install/ardupilot_sitl_models/share/ardupilot_sitl_models/worlds/catamaran_waves.sdf
-- Up-to-date: /home/sachin/ardu_ws/install/ardupilot_sitl_models/share/ardupilot_sitl_models/worlds/quadruped_runway.sdf
-- Up-to-date: /home/sachin/ardu_ws/install/ardupilot_sitl_models/share/ardupilot_sitl_models/worlds/alti_transition_runway.sdf
-- Up-to-date: /home/sachin/ardu_ws/install/ardupilot_sitl_models/share/ardupilot_sitl_models/worlds/sonoma_raceway.sdf
-- Up-to-date: /home/sachin/ardu_ws/install/ardupilot_sitl_models/share/ardupilot_sitl_models/worlds/wildthumper_runway.sdf
-- Up-to-date: /home/sachin/ardu_ws/install/ardupilot_sitl_models/share/ardupilot_sitl_models/worlds/sawppy_playpen.sdf
-- Up-to-date: /home/sachin/ardu_ws/install/ardupilot_sitl_models/share/ardupilot_sitl_models/environment/ardupilot_sitl_models.dsv
-- Up-to-date: /home/sachin/ardu_ws/install/ardupilot_sitl_models/share/ardupilot_sitl_models/environment/ardupilot_sitl_models.sh
-- Up-to-date: /home/sachin/ardu_ws/install/ardupilot_sitl_models/share/ament_index/resource_index/package_run_dependencies/ardupilot_sitl_models
-- Up-to-date: /home/sachin/ardu_ws/install/ardupilot_sitl_models/share/ament_index/resource_index/parent_prefix_path/ardupilot_sitl_models
-- Up-to-date: /home/sachin/ardu_ws/install/ardupilot_sitl_models/share/ardupilot_sitl_models/environment/ament_prefix_path.sh
-- Up-to-date: /home/sachin/ardu_ws/install/ardupilot_sitl_models/share/ardupilot_sitl_models/environment/ament_prefix_path.dsv
-- Up-to-date: /home/sachin/ardu_ws/install/ardupilot_sitl_models/share/ardupilot_sitl_models/environment/path.sh
-- Up-to-date: /home/sachin/ardu_ws/install/ardupilot_sitl_models/share/ardupilot_sitl_models/environment/path.dsv
-- Up-to-date: /home/sachin/ardu_ws/install/ardupilot_sitl_models/share/ardupilot_sitl_models/local_setup.bash
-- Up-to-date: /home/sachin/ardu_ws/install/ardupilot_sitl_models/share/ardupilot_sitl_models/local_setup.sh
-- Up-to-date: /home/sachin/ardu_ws/install/ardupilot_sitl_models/share/ardupilot_sitl_models/local_setup.zsh
-- Up-to-date: /home/sachin/ardu_ws/install/ardupilot_sitl_models/share/ardupilot_sitl_models/local_setup.dsv
-- Installing: /home/sachin/ardu_ws/install/ardupilot_sitl_models/share/ardupilot_sitl_models/package.dsv
-- Up-to-date: /home/sachin/ardu_ws/install/ardupilot_sitl_models/share/ament_index/resource_index/packages/ardupilot_sitl_models
-- Up-to-date: /home/sachin/ardu_ws/install/ardupilot_sitl_models/share/ardupilot_sitl_models/cmake/ardupilot_sitl_modelsConfig.cmake
-- Up-to-date: /home/sachin/ardu_ws/install/ardupilot_sitl_models/share/ardupilot_sitl_models/cmake/ardupilot_sitl_modelsConfig-version.cmake
-- Up-to-date: /home/sachin/ardu_ws/install/ardupilot_sitl_models/share/ardupilot_sitl_models/package.xml
