[0.023s] Invoking command in '/home/sachin/ardu_ws/build/ardupilot_sitl_models': CMAKE_PREFIX_PATH=/home/sachin/ardu_ws/install/ardupilot_gazebo:/home/sachin/ardu_ws/install/ardupilot_gz_bringup:/home/sachin/ardu_ws/install/sdformat_urdf:/home/sachin/ardu_ws/install/sdformat_test_files:/home/sachin/ardu_ws/install/ardupilot_sitl:/home/sachin/ardu_ws/install/micro_ros_agent:/home/sachin/ardu_ws/install/ardupilot_sitl_models:/home/sachin/ardu_ws/install/ardupilot_msgs:/home/sachin/ardu_ws/install/ardupilot_gz_gazebo:/home/sachin/ardu_ws/install/ardupilot_gz_description:/home/sachin/ardu_ws/install/ardupilot_gz_application:/opt/ros/jazzy/opt/gz_sim_vendor:/opt/ros/jazzy/opt/gz_sensors_vendor:/opt/ros/jazzy/opt/gz_physics_vendor:/opt/ros/jazzy/opt/sdformat_vendor:/opt/ros/jazzy/opt/gz_gui_vendor:/opt/ros/jazzy/opt/gz_transport_vendor:/opt/ros/jazzy/opt/gz_rendering_vendor:/opt/ros/jazzy/opt/gz_plugin_vendor:/opt/ros/jazzy/opt/gz_fuel_tools_vendor:/opt/ros/jazzy/opt/gz_msgs_vendor:/opt/ros/jazzy/opt/gz_common_vendor:/opt/ros/jazzy/opt/gz_math_vendor:/opt/ros/jazzy/opt/gz_utils_vendor:/opt/ros/jazzy/opt/gz_tools_vendor:/opt/ros/jazzy/opt/gz_ogre_next_vendor:/opt/ros/jazzy/opt/gz_dartsim_vendor:/opt/ros/jazzy/opt/gz_cmake_vendor:/home/sachin/ardu_ws/install/ardupilot_dds_tests:/opt/ros/jazzy DEBUGINFOD_URLS=https://debuginfod.ubuntu.com GZ_SIM_PLUGIN_PATH=/home/sachin/ardu_ws/install/ardupilot_gazebo/lib/ardupilot_gazebo GZ_SIM_RESOURCE_PATH=/home/sachin/ardu_ws/install/ardupilot_gazebo/share/ardupilot_gazebo/worlds:/home/sachin/ardu_ws/install/ardupilot_gazebo/share/ardupilot_gazebo/models:${GZ_SIM_RESOURCE_PATH} PS1=(.ros2_venv) \[\e]0;\u@\h: \w\a\]${debian_chroot:+($debian_chroot)}\[\033[01;32m\]\u@\h\[\033[00m\]:\[\033[01;34m\]\w\[\033[00m\]\$ VIRTUAL_ENV_PROMPT=(.ros2_venv) /usr/bin/cmake --build /home/sachin/ardu_ws/build/ardupilot_sitl_models -- -j12 -l12
[0.060s] Invoked command in '/home/sachin/ardu_ws/build/ardupilot_sitl_models' returned '0': CMAKE_PREFIX_PATH=/home/sachin/ardu_ws/install/ardupilot_gazebo:/home/sachin/ardu_ws/install/ardupilot_gz_bringup:/home/sachin/ardu_ws/install/sdformat_urdf:/home/sachin/ardu_ws/install/sdformat_test_files:/home/sachin/ardu_ws/install/ardupilot_sitl:/home/sachin/ardu_ws/install/micro_ros_agent:/home/sachin/ardu_ws/install/ardupilot_sitl_models:/home/sachin/ardu_ws/install/ardupilot_msgs:/home/sachin/ardu_ws/install/ardupilot_gz_gazebo:/home/sachin/ardu_ws/install/ardupilot_gz_description:/home/sachin/ardu_ws/install/ardupilot_gz_application:/opt/ros/jazzy/opt/gz_sim_vendor:/opt/ros/jazzy/opt/gz_sensors_vendor:/opt/ros/jazzy/opt/gz_physics_vendor:/opt/ros/jazzy/opt/sdformat_vendor:/opt/ros/jazzy/opt/gz_gui_vendor:/opt/ros/jazzy/opt/gz_transport_vendor:/opt/ros/jazzy/opt/gz_rendering_vendor:/opt/ros/jazzy/opt/gz_plugin_vendor:/opt/ros/jazzy/opt/gz_fuel_tools_vendor:/opt/ros/jazzy/opt/gz_msgs_vendor:/opt/ros/jazzy/opt/gz_common_vendor:/opt/ros/jazzy/opt/gz_math_vendor:/opt/ros/jazzy/opt/gz_utils_vendor:/opt/ros/jazzy/opt/gz_tools_vendor:/opt/ros/jazzy/opt/gz_ogre_next_vendor:/opt/ros/jazzy/opt/gz_dartsim_vendor:/opt/ros/jazzy/opt/gz_cmake_vendor:/home/sachin/ardu_ws/install/ardupilot_dds_tests:/opt/ros/jazzy DEBUGINFOD_URLS=https://debuginfod.ubuntu.com GZ_SIM_PLUGIN_PATH=/home/sachin/ardu_ws/install/ardupilot_gazebo/lib/ardupilot_gazebo GZ_SIM_RESOURCE_PATH=/home/sachin/ardu_ws/install/ardupilot_gazebo/share/ardupilot_gazebo/worlds:/home/sachin/ardu_ws/install/ardupilot_gazebo/share/ardupilot_gazebo/models:${GZ_SIM_RESOURCE_PATH} PS1=(.ros2_venv) \[\e]0;\u@\h: \w\a\]${debian_chroot:+($debian_chroot)}\[\033[01;32m\]\u@\h\[\033[00m\]:\[\033[01;34m\]\w\[\033[00m\]\$ VIRTUAL_ENV_PROMPT=(.ros2_venv) /usr/bin/cmake --build /home/sachin/ardu_ws/build/ardupilot_sitl_models -- -j12 -l12
[0.062s] Invoking command in '/home/sachin/ardu_ws/build/ardupilot_sitl_models': CMAKE_PREFIX_PATH=/home/sachin/ardu_ws/install/ardupilot_gazebo:/home/sachin/ardu_ws/install/ardupilot_gz_bringup:/home/sachin/ardu_ws/install/sdformat_urdf:/home/sachin/ardu_ws/install/sdformat_test_files:/home/sachin/ardu_ws/install/ardupilot_sitl:/home/sachin/ardu_ws/install/micro_ros_agent:/home/sachin/ardu_ws/install/ardupilot_sitl_models:/home/sachin/ardu_ws/install/ardupilot_msgs:/home/sachin/ardu_ws/install/ardupilot_gz_gazebo:/home/sachin/ardu_ws/install/ardupilot_gz_description:/home/sachin/ardu_ws/install/ardupilot_gz_application:/opt/ros/jazzy/opt/gz_sim_vendor:/opt/ros/jazzy/opt/gz_sensors_vendor:/opt/ros/jazzy/opt/gz_physics_vendor:/opt/ros/jazzy/opt/sdformat_vendor:/opt/ros/jazzy/opt/gz_gui_vendor:/opt/ros/jazzy/opt/gz_transport_vendor:/opt/ros/jazzy/opt/gz_rendering_vendor:/opt/ros/jazzy/opt/gz_plugin_vendor:/opt/ros/jazzy/opt/gz_fuel_tools_vendor:/opt/ros/jazzy/opt/gz_msgs_vendor:/opt/ros/jazzy/opt/gz_common_vendor:/opt/ros/jazzy/opt/gz_math_vendor:/opt/ros/jazzy/opt/gz_utils_vendor:/opt/ros/jazzy/opt/gz_tools_vendor:/opt/ros/jazzy/opt/gz_ogre_next_vendor:/opt/ros/jazzy/opt/gz_dartsim_vendor:/opt/ros/jazzy/opt/gz_cmake_vendor:/home/sachin/ardu_ws/install/ardupilot_dds_tests:/opt/ros/jazzy DEBUGINFOD_URLS=https://debuginfod.ubuntu.com GZ_SIM_PLUGIN_PATH=/home/sachin/ardu_ws/install/ardupilot_gazebo/lib/ardupilot_gazebo GZ_SIM_RESOURCE_PATH=/home/sachin/ardu_ws/install/ardupilot_gazebo/share/ardupilot_gazebo/worlds:/home/sachin/ardu_ws/install/ardupilot_gazebo/share/ardupilot_gazebo/models:${GZ_SIM_RESOURCE_PATH} PS1=(.ros2_venv) \[\e]0;\u@\h: \w\a\]${debian_chroot:+($debian_chroot)}\[\033[01;32m\]\u@\h\[\033[00m\]:\[\033[01;34m\]\w\[\033[00m\]\$ VIRTUAL_ENV_PROMPT=(.ros2_venv) /usr/bin/cmake --install /home/sachin/ardu_ws/build/ardupilot_sitl_models
[0.071s] -- Install configuration: ""
[0.071s] -- Up-to-date: /home/sachin/ardu_ws/install/ardupilot_sitl_models/share/ardupilot_sitl_models/config
[0.071s] -- Up-to-date: /home/sachin/ardu_ws/install/ardupilot_sitl_models/share/ardupilot_sitl_models/config/r1_rover.param
[0.071s] -- Up-to-date: /home/sachin/ardu_ws/install/ardupilot_sitl_models/share/ardupilot_sitl_models/config/skywalker_x8.param
[0.071s] -- Up-to-date: /home/sachin/ardu_ws/install/ardupilot_sitl_models/share/ardupilot_sitl_models/config/sawppy.param
[0.071s] -- Up-to-date: /home/sachin/ardu_ws/install/ardupilot_sitl_models/share/ardupilot_sitl_models/config/alti_transition_quad.param
[0.072s] -- Up-to-date: /home/sachin/ardu_ws/install/ardupilot_sitl_models/share/ardupilot_sitl_models/config/bicopter.param
[0.072s] -- Up-to-date: /home/sachin/ardu_ws/install/ardupilot_sitl_models/share/ardupilot_sitl_models/config/skywalker_x8_quad.param
[0.072s] -- Up-to-date: /home/sachin/ardu_ws/install/ardupilot_sitl_models/share/ardupilot_sitl_models/config/skycat_tvbs.param
[0.072s] -- Up-to-date: /home/sachin/ardu_ws/install/ardupilot_sitl_models/share/ardupilot_sitl_models/config/wsc_aircraft.param
[0.072s] -- Up-to-date: /home/sachin/ardu_ws/install/ardupilot_sitl_models/share/ardupilot_sitl_models/config/catamaran.param
[0.072s] -- Up-to-date: /home/sachin/ardu_ws/install/ardupilot_sitl_models/share/ardupilot_sitl_models/config/daf_xf_450_tractor.param
[0.072s] -- Up-to-date: /home/sachin/ardu_ws/install/ardupilot_sitl_models/share/ardupilot_sitl_models/config/hexapod_copter.param
[0.072s] -- Up-to-date: /home/sachin/ardu_ws/install/ardupilot_sitl_models/share/ardupilot_sitl_models/config/swan_k1_hwing.param
[0.072s] -- Up-to-date: /home/sachin/ardu_ws/install/ardupilot_sitl_models/share/ardupilot_sitl_models/config/quadruped.param
[0.072s] -- Up-to-date: /home/sachin/ardu_ws/install/ardupilot_sitl_models/share/ardupilot_sitl_models/models
[0.072s] -- Up-to-date: /home/sachin/ardu_ws/install/ardupilot_sitl_models/share/ardupilot_sitl_models/models/sonoma_raceway
[0.072s] -- Up-to-date: /home/sachin/ardu_ws/install/ardupilot_sitl_models/share/ardupilot_sitl_models/models/sonoma_raceway/model.sdf
[0.073s] -- Up-to-date: /home/sachin/ardu_ws/install/ardupilot_sitl_models/share/ardupilot_sitl_models/models/sonoma_raceway/meshes
[0.073s] -- Up-to-date: /home/sachin/ardu_ws/install/ardupilot_sitl_models/share/ardupilot_sitl_models/models/sonoma_raceway/meshes/Raceway.obj
[0.073s] -- Up-to-date: /home/sachin/ardu_ws/install/ardupilot_sitl_models/share/ardupilot_sitl_models/models/sonoma_raceway/meshes/Raceway.mtl
[0.073s] -- Up-to-date: /home/sachin/ardu_ws/install/ardupilot_sitl_models/share/ardupilot_sitl_models/models/sonoma_raceway/materials
[0.073s] -- Up-to-date: /home/sachin/ardu_ws/install/ardupilot_sitl_models/share/ardupilot_sitl_models/models/sonoma_raceway/materials/textures
[0.073s] -- Up-to-date: /home/sachin/ardu_ws/install/ardupilot_sitl_models/share/ardupilot_sitl_models/models/sonoma_raceway/materials/textures/Asphalt.png
[0.073s] -- Up-to-date: /home/sachin/ardu_ws/install/ardupilot_sitl_models/share/ardupilot_sitl_models/models/sonoma_raceway/materials/textures/Track.png
[0.073s] -- Up-to-date: /home/sachin/ardu_ws/install/ardupilot_sitl_models/share/ardupilot_sitl_models/models/sonoma_raceway/materials/textures/TireStack.png
[0.073s] -- Up-to-date: /home/sachin/ardu_ws/install/ardupilot_sitl_models/share/ardupilot_sitl_models/models/sonoma_raceway/materials/textures/RumbleStrip&Barrier.png
[0.073s] -- Up-to-date: /home/sachin/ardu_ws/install/ardupilot_sitl_models/share/ardupilot_sitl_models/models/sonoma_raceway/materials/textures/Railing.png
[0.074s] -- Up-to-date: /home/sachin/ardu_ws/install/ardupilot_sitl_models/share/ardupilot_sitl_models/models/sonoma_raceway/materials/textures/Stands.png
[0.074s] -- Up-to-date: /home/sachin/ardu_ws/install/ardupilot_sitl_models/share/ardupilot_sitl_models/models/sonoma_raceway/materials/textures/Wall.png
[0.074s] -- Up-to-date: /home/sachin/ardu_ws/install/ardupilot_sitl_models/share/ardupilot_sitl_models/models/sonoma_raceway/materials/textures/Bridge.png
[0.074s] -- Up-to-date: /home/sachin/ardu_ws/install/ardupilot_sitl_models/share/ardupilot_sitl_models/models/sonoma_raceway/materials/textures/Fence.png
[0.074s] -- Up-to-date: /home/sachin/ardu_ws/install/ardupilot_sitl_models/share/ardupilot_sitl_models/models/sonoma_raceway/materials/textures/Grass.png
[0.074s] -- Up-to-date: /home/sachin/ardu_ws/install/ardupilot_sitl_models/share/ardupilot_sitl_models/models/sonoma_raceway/materials/textures/RumbleStrip.png
[0.074s] -- Up-to-date: /home/sachin/ardu_ws/install/ardupilot_sitl_models/share/ardupilot_sitl_models/models/sonoma_raceway/materials/textures/Fence_Opacity.png
[0.074s] -- Up-to-date: /home/sachin/ardu_ws/install/ardupilot_sitl_models/share/ardupilot_sitl_models/models/sonoma_raceway/materials/textures/Roof.png
[0.074s] -- Up-to-date: /home/sachin/ardu_ws/install/ardupilot_sitl_models/share/ardupilot_sitl_models/models/sonoma_raceway/materials/textures/Window.png
[0.075s] -- Up-to-date: /home/sachin/ardu_ws/install/ardupilot_sitl_models/share/ardupilot_sitl_models/models/sonoma_raceway/materials/textures/Trim.png
[0.075s] -- Up-to-date: /home/sachin/ardu_ws/install/ardupilot_sitl_models/share/ardupilot_sitl_models/models/sonoma_raceway/materials/textures/Concrete.png
[0.075s] -- Up-to-date: /home/sachin/ardu_ws/install/ardupilot_sitl_models/share/ardupilot_sitl_models/models/sonoma_raceway/materials/textures/Checker.png
[0.075s] -- Up-to-date: /home/sachin/ardu_ws/install/ardupilot_sitl_models/share/ardupilot_sitl_models/models/sonoma_raceway/model.config
[0.075s] -- Up-to-date: /home/sachin/ardu_ws/install/ardupilot_sitl_models/share/ardupilot_sitl_models/models/fire_hydrant
[0.075s] -- Up-to-date: /home/sachin/ardu_ws/install/ardupilot_sitl_models/share/ardupilot_sitl_models/models/fire_hydrant/model.sdf
[0.075s] -- Up-to-date: /home/sachin/ardu_ws/install/ardupilot_sitl_models/share/ardupilot_sitl_models/models/fire_hydrant/meshes
[0.075s] -- Up-to-date: /home/sachin/ardu_ws/install/ardupilot_sitl_models/share/ardupilot_sitl_models/models/fire_hydrant/meshes/fire_hydrant.dae
[0.076s] -- Up-to-date: /home/sachin/ardu_ws/install/ardupilot_sitl_models/share/ardupilot_sitl_models/models/fire_hydrant/materials
[0.076s] -- Up-to-date: /home/sachin/ardu_ws/install/ardupilot_sitl_models/share/ardupilot_sitl_models/models/fire_hydrant/materials/textures
[0.076s] -- Up-to-date: /home/sachin/ardu_ws/install/ardupilot_sitl_models/share/ardupilot_sitl_models/models/fire_hydrant/materials/textures/fire_hydrant_spec.png
[0.076s] -- Up-to-date: /home/sachin/ardu_ws/install/ardupilot_sitl_models/share/ardupilot_sitl_models/models/fire_hydrant/materials/textures/fire_hydrant_diffuse.png
[0.076s] -- Up-to-date: /home/sachin/ardu_ws/install/ardupilot_sitl_models/share/ardupilot_sitl_models/models/fire_hydrant/model.config
[0.076s] -- Up-to-date: /home/sachin/ardu_ws/install/ardupilot_sitl_models/share/ardupilot_sitl_models/models/fire_hydrant/thumbnails
[0.076s] -- Up-to-date: /home/sachin/ardu_ws/install/ardupilot_sitl_models/share/ardupilot_sitl_models/models/fire_hydrant/thumbnails/2.png
[0.076s] -- Up-to-date: /home/sachin/ardu_ws/install/ardupilot_sitl_models/share/ardupilot_sitl_models/models/fire_hydrant/thumbnails/3.png
[0.076s] -- Up-to-date: /home/sachin/ardu_ws/install/ardupilot_sitl_models/share/ardupilot_sitl_models/models/fire_hydrant/thumbnails/5.png
[0.076s] -- Up-to-date: /home/sachin/ardu_ws/install/ardupilot_sitl_models/share/ardupilot_sitl_models/models/fire_hydrant/thumbnails/1.png
[0.076s] -- Up-to-date: /home/sachin/ardu_ws/install/ardupilot_sitl_models/share/ardupilot_sitl_models/models/fire_hydrant/thumbnails/4.png
[0.076s] -- Up-to-date: /home/sachin/ardu_ws/install/ardupilot_sitl_models/share/ardupilot_sitl_models/models/daf_xf_450_flatbed_trailer
[0.077s] -- Up-to-date: /home/sachin/ardu_ws/install/ardupilot_sitl_models/share/ardupilot_sitl_models/models/daf_xf_450_flatbed_trailer/model.sdf.erb
[0.077s] -- Up-to-date: /home/sachin/ardu_ws/install/ardupilot_sitl_models/share/ardupilot_sitl_models/models/daf_xf_450_flatbed_trailer/model.sdf
[0.077s] -- Up-to-date: /home/sachin/ardu_ws/install/ardupilot_sitl_models/share/ardupilot_sitl_models/models/daf_xf_450_flatbed_trailer/meshes
[0.077s] -- Up-to-date: /home/sachin/ardu_ws/install/ardupilot_sitl_models/share/ardupilot_sitl_models/models/daf_xf_450_flatbed_trailer/meshes/trailer_chassis.dae
[0.077s] -- Up-to-date: /home/sachin/ardu_ws/install/ardupilot_sitl_models/share/ardupilot_sitl_models/models/daf_xf_450_flatbed_trailer/meshes/trailer_wheel_hub.dae
[0.077s] -- Up-to-date: /home/sachin/ardu_ws/install/ardupilot_sitl_models/share/ardupilot_sitl_models/models/daf_xf_450_flatbed_trailer/meshes/trailer_wheel_tyre.dae
[0.077s] -- Up-to-date: /home/sachin/ardu_ws/install/ardupilot_sitl_models/share/ardupilot_sitl_models/models/daf_xf_450_flatbed_trailer/materials
[0.077s] -- Up-to-date: /home/sachin/ardu_ws/install/ardupilot_sitl_models/share/ardupilot_sitl_models/models/daf_xf_450_flatbed_trailer/materials/textures
[0.077s] -- Up-to-date: /home/sachin/ardu_ws/install/ardupilot_sitl_models/share/ardupilot_sitl_models/models/daf_xf_450_flatbed_trailer/materials/textures/silver_metal
[0.077s] -- Up-to-date: /home/sachin/ardu_ws/install/ardupilot_sitl_models/share/ardupilot_sitl_models/models/daf_xf_450_flatbed_trailer/materials/textures/silver_metal/silver_metal_roughness.jpg
[0.078s] -- Up-to-date: /home/sachin/ardu_ws/install/ardupilot_sitl_models/share/ardupilot_sitl_models/models/daf_xf_450_flatbed_trailer/materials/textures/silver_metal/silver_metal_diffuse.jpg
[0.078s] -- Up-to-date: /home/sachin/ardu_ws/install/ardupilot_sitl_models/share/ardupilot_sitl_models/models/daf_xf_450_flatbed_trailer/materials/textures/silver_metal/silver_metal_metallic.jpg
[0.078s] -- Up-to-date: /home/sachin/ardu_ws/install/ardupilot_sitl_models/share/ardupilot_sitl_models/models/daf_xf_450_flatbed_trailer/materials/textures/silver_metal/silver_metal_normal.jpg
[0.078s] -- Up-to-date: /home/sachin/ardu_ws/install/ardupilot_sitl_models/share/ardupilot_sitl_models/models/daf_xf_450_flatbed_trailer/materials/textures/tractor_chassis.png
[0.078s] -- Up-to-date: /home/sachin/ardu_ws/install/ardupilot_sitl_models/share/ardupilot_sitl_models/models/daf_xf_450_flatbed_trailer/materials/textures/rubber_01
[0.078s] -- Up-to-date: /home/sachin/ardu_ws/install/ardupilot_sitl_models/share/ardupilot_sitl_models/models/daf_xf_450_flatbed_trailer/materials/textures/rubber_01/rubber_01_diffuse.jpg
[0.078s] -- Up-to-date: /home/sachin/ardu_ws/install/ardupilot_sitl_models/share/ardupilot_sitl_models/models/daf_xf_450_flatbed_trailer/materials/textures/rubber_01/rubber_01_normal.jpg
[0.078s] -- Up-to-date: /home/sachin/ardu_ws/install/ardupilot_sitl_models/share/ardupilot_sitl_models/models/daf_xf_450_flatbed_trailer/materials/textures/rubber_01/rubber_01_roughness.jpg
[0.078s] -- Up-to-date: /home/sachin/ardu_ws/install/ardupilot_sitl_models/share/ardupilot_sitl_models/models/daf_xf_450_flatbed_trailer/model.config
[0.079s] -- Up-to-date: /home/sachin/ardu_ws/install/ardupilot_sitl_models/share/ardupilot_sitl_models/models/wildthumper_with_lidar
[0.079s] -- Up-to-date: /home/sachin/ardu_ws/install/ardupilot_sitl_models/share/ardupilot_sitl_models/models/wildthumper_with_lidar/model.sdf
[0.079s] -- Up-to-date: /home/sachin/ardu_ws/install/ardupilot_sitl_models/share/ardupilot_sitl_models/models/wildthumper_with_lidar/meshes
[0.079s] -- Up-to-date: /home/sachin/ardu_ws/install/ardupilot_sitl_models/share/ardupilot_sitl_models/models/wildthumper_with_lidar/meshes/sensors
[0.079s] -- Up-to-date: /home/sachin/ardu_ws/install/ardupilot_sitl_models/share/ardupilot_sitl_models/models/wildthumper_with_lidar/meshes/sensors/rplidar_a1.dae
[0.079s] -- Up-to-date: /home/sachin/ardu_ws/install/ardupilot_sitl_models/share/ardupilot_sitl_models/models/wildthumper_with_lidar/model.config
[0.079s] -- Up-to-date: /home/sachin/ardu_ws/install/ardupilot_sitl_models/share/ardupilot_sitl_models/models/construction_barrel
[0.079s] -- Up-to-date: /home/sachin/ardu_ws/install/ardupilot_sitl_models/share/ardupilot_sitl_models/models/construction_barrel/model.sdf
[0.079s] -- Up-to-date: /home/sachin/ardu_ws/install/ardupilot_sitl_models/share/ardupilot_sitl_models/models/construction_barrel/meshes
[0.079s] -- Up-to-date: /home/sachin/ardu_ws/install/ardupilot_sitl_models/share/ardupilot_sitl_models/models/construction_barrel/meshes/construction_barrel.dae
[0.079s] -- Up-to-date: /home/sachin/ardu_ws/install/ardupilot_sitl_models/share/ardupilot_sitl_models/models/construction_barrel/materials
[0.079s] -- Up-to-date: /home/sachin/ardu_ws/install/ardupilot_sitl_models/share/ardupilot_sitl_models/models/construction_barrel/materials/textures
[0.080s] -- Up-to-date: /home/sachin/ardu_ws/install/ardupilot_sitl_models/share/ardupilot_sitl_models/models/construction_barrel/materials/textures/Construction_Barrel_Spec.png
[0.080s] -- Up-to-date: /home/sachin/ardu_ws/install/ardupilot_sitl_models/share/ardupilot_sitl_models/models/construction_barrel/materials/textures/Construction_Barrel_Diffuse.png
[0.080s] -- Up-to-date: /home/sachin/ardu_ws/install/ardupilot_sitl_models/share/ardupilot_sitl_models/models/construction_barrel/model.config
[0.080s] -- Up-to-date: /home/sachin/ardu_ws/install/ardupilot_sitl_models/share/ardupilot_sitl_models/models/construction_barrel/thumbnails
[0.080s] -- Up-to-date: /home/sachin/ardu_ws/install/ardupilot_sitl_models/share/ardupilot_sitl_models/models/construction_barrel/thumbnails/2.png
[0.080s] -- Up-to-date: /home/sachin/ardu_ws/install/ardupilot_sitl_models/share/ardupilot_sitl_models/models/construction_barrel/thumbnails/3.png
[0.080s] -- Up-to-date: /home/sachin/ardu_ws/install/ardupilot_sitl_models/share/ardupilot_sitl_models/models/construction_barrel/thumbnails/5.png
[0.080s] -- Up-to-date: /home/sachin/ardu_ws/install/ardupilot_sitl_models/share/ardupilot_sitl_models/models/construction_barrel/thumbnails/1.png
[0.080s] -- Up-to-date: /home/sachin/ardu_ws/install/ardupilot_sitl_models/share/ardupilot_sitl_models/models/construction_barrel/thumbnails/4.png
[0.080s] -- Up-to-date: /home/sachin/ardu_ws/install/ardupilot_sitl_models/share/ardupilot_sitl_models/models/steel_plate_1x1
[0.080s] -- Up-to-date: /home/sachin/ardu_ws/install/ardupilot_sitl_models/share/ardupilot_sitl_models/models/steel_plate_1x1/model.sdf
[0.081s] -- Up-to-date: /home/sachin/ardu_ws/install/ardupilot_sitl_models/share/ardupilot_sitl_models/models/steel_plate_1x1/materials
[0.081s] -- Up-to-date: /home/sachin/ardu_ws/install/ardupilot_sitl_models/share/ardupilot_sitl_models/models/steel_plate_1x1/materials/textures
[0.081s] -- Up-to-date: /home/sachin/ardu_ws/install/ardupilot_sitl_models/share/ardupilot_sitl_models/models/steel_plate_1x1/materials/textures/steelplate1_ao.png
[0.081s] -- Up-to-date: /home/sachin/ardu_ws/install/ardupilot_sitl_models/share/ardupilot_sitl_models/models/steel_plate_1x1/materials/textures/steelplate1_height.png
[0.081s] -- Up-to-date: /home/sachin/ardu_ws/install/ardupilot_sitl_models/share/ardupilot_sitl_models/models/steel_plate_1x1/materials/textures/steelplate1_normal-ogl.png
[0.081s] -- Up-to-date: /home/sachin/ardu_ws/install/ardupilot_sitl_models/share/ardupilot_sitl_models/models/steel_plate_1x1/materials/textures/steelplate1_albedo.png
[0.081s] -- Up-to-date: /home/sachin/ardu_ws/install/ardupilot_sitl_models/share/ardupilot_sitl_models/models/steel_plate_1x1/materials/textures/steelplate1_roughness.png
[0.081s] -- Up-to-date: /home/sachin/ardu_ws/install/ardupilot_sitl_models/share/ardupilot_sitl_models/models/steel_plate_1x1/materials/textures/steelplate1_metallic.png
[0.081s] -- Up-to-date: /home/sachin/ardu_ws/install/ardupilot_sitl_models/share/ardupilot_sitl_models/models/steel_plate_1x1/model.config
[0.081s] -- Up-to-date: /home/sachin/ardu_ws/install/ardupilot_sitl_models/share/ardupilot_sitl_models/models/construction_cone
[0.081s] -- Up-to-date: /home/sachin/ardu_ws/install/ardupilot_sitl_models/share/ardupilot_sitl_models/models/construction_cone/model.sdf
[0.081s] -- Up-to-date: /home/sachin/ardu_ws/install/ardupilot_sitl_models/share/ardupilot_sitl_models/models/construction_cone/meshes
[0.081s] -- Up-to-date: /home/sachin/ardu_ws/install/ardupilot_sitl_models/share/ardupilot_sitl_models/models/construction_cone/meshes/construction_cone.dae
[0.082s] -- Up-to-date: /home/sachin/ardu_ws/install/ardupilot_sitl_models/share/ardupilot_sitl_models/models/construction_cone/materials
[0.082s] -- Up-to-date: /home/sachin/ardu_ws/install/ardupilot_sitl_models/share/ardupilot_sitl_models/models/construction_cone/materials/textures
[0.082s] -- Up-to-date: /home/sachin/ardu_ws/install/ardupilot_sitl_models/share/ardupilot_sitl_models/models/construction_cone/materials/textures/Construction_Cone_Diffuse.png
[0.082s] -- Up-to-date: /home/sachin/ardu_ws/install/ardupilot_sitl_models/share/ardupilot_sitl_models/models/construction_cone/model.config
[0.082s] -- Up-to-date: /home/sachin/ardu_ws/install/ardupilot_sitl_models/share/ardupilot_sitl_models/models/construction_cone/thumbnails
[0.082s] -- Up-to-date: /home/sachin/ardu_ws/install/ardupilot_sitl_models/share/ardupilot_sitl_models/models/construction_cone/thumbnails/2.png
[0.082s] -- Up-to-date: /home/sachin/ardu_ws/install/ardupilot_sitl_models/share/ardupilot_sitl_models/models/construction_cone/thumbnails/3.png
[0.082s] -- Up-to-date: /home/sachin/ardu_ws/install/ardupilot_sitl_models/share/ardupilot_sitl_models/models/construction_cone/thumbnails/5.png
[0.082s] -- Up-to-date: /home/sachin/ardu_ws/install/ardupilot_sitl_models/share/ardupilot_sitl_models/models/construction_cone/thumbnails/1.png
[0.082s] -- Up-to-date: /home/sachin/ardu_ws/install/ardupilot_sitl_models/share/ardupilot_sitl_models/models/construction_cone/thumbnails/4.png
[0.082s] -- Up-to-date: /home/sachin/ardu_ws/install/ardupilot_sitl_models/share/ardupilot_sitl_models/models/swan_k1_hwing
[0.083s] -- Up-to-date: /home/sachin/ardu_ws/install/ardupilot_sitl_models/share/ardupilot_sitl_models/models/swan_k1_hwing/model.sdf
[0.083s] -- Up-to-date: /home/sachin/ardu_ws/install/ardupilot_sitl_models/share/ardupilot_sitl_models/models/swan_k1_hwing/meshes
[0.083s] -- Up-to-date: /home/sachin/ardu_ws/install/ardupilot_sitl_models/share/ardupilot_sitl_models/models/swan_k1_hwing/meshes/swan_k1_hwing_fuselage.dae
[0.083s] -- Up-to-date: /home/sachin/ardu_ws/install/ardupilot_sitl_models/share/ardupilot_sitl_models/models/swan_k1_hwing/meshes/swan_k1_hwing_motor.dae
[0.083s] -- Up-to-date: /home/sachin/ardu_ws/install/ardupilot_sitl_models/share/ardupilot_sitl_models/models/swan_k1_hwing/meshes/iris_prop_ccw.dae
[0.083s] -- Up-to-date: /home/sachin/ardu_ws/install/ardupilot_sitl_models/share/ardupilot_sitl_models/models/swan_k1_hwing/meshes/swan_k1_hwing_engine.dae
[0.083s] -- Up-to-date: /home/sachin/ardu_ws/install/ardupilot_sitl_models/share/ardupilot_sitl_models/models/swan_k1_hwing/meshes/foxmap.tga
[0.083s] -- Up-to-date: /home/sachin/ardu_ws/install/ardupilot_sitl_models/share/ardupilot_sitl_models/models/swan_k1_hwing/meshes/iris_prop_cw.dae
[0.083s] -- Up-to-date: /home/sachin/ardu_ws/install/ardupilot_sitl_models/share/ardupilot_sitl_models/models/swan_k1_hwing/materials
[0.084s] -- Up-to-date: /home/sachin/ardu_ws/install/ardupilot_sitl_models/share/ardupilot_sitl_models/models/swan_k1_hwing/materials/foxmap.tga
[0.084s] -- Up-to-date: /home/sachin/ardu_ws/install/ardupilot_sitl_models/share/ardupilot_sitl_models/models/swan_k1_hwing/materials/textures
[0.084s] -- Up-to-date: /home/sachin/ardu_ws/install/ardupilot_sitl_models/share/ardupilot_sitl_models/models/swan_k1_hwing/materials/textures/foxmap.tga
[0.084s] -- Up-to-date: /home/sachin/ardu_ws/install/ardupilot_sitl_models/share/ardupilot_sitl_models/models/swan_k1_hwing/materials/textures/blue_metal
[0.084s] -- Up-to-date: /home/sachin/ardu_ws/install/ardupilot_sitl_models/share/ardupilot_sitl_models/models/swan_k1_hwing/materials/textures/blue_metal/blue_metal_roughness.jpg
[0.084s] -- Up-to-date: /home/sachin/ardu_ws/install/ardupilot_sitl_models/share/ardupilot_sitl_models/models/swan_k1_hwing/materials/textures/blue_metal/blue_metal_basecolor.jpg
[0.084s] -- Up-to-date: /home/sachin/ardu_ws/install/ardupilot_sitl_models/share/ardupilot_sitl_models/models/swan_k1_hwing/materials/textures/blue_metal/blue_metal_normal.jpg
[0.084s] -- Up-to-date: /home/sachin/ardu_ws/install/ardupilot_sitl_models/share/ardupilot_sitl_models/models/swan_k1_hwing/materials/textures/blue_metal/blue_metal_metallic.jpg
[0.084s] -- Up-to-date: /home/sachin/ardu_ws/install/ardupilot_sitl_models/share/ardupilot_sitl_models/models/swan_k1_hwing/materials/textures/metal_graphite
[0.085s] -- Up-to-date: /home/sachin/ardu_ws/install/ardupilot_sitl_models/share/ardupilot_sitl_models/models/swan_k1_hwing/materials/textures/metal_graphite/metal_graphite_roughness.jpg
[0.085s] -- Up-to-date: /home/sachin/ardu_ws/install/ardupilot_sitl_models/share/ardupilot_sitl_models/models/swan_k1_hwing/materials/textures/metal_graphite/metal_graphite_metallic.jpg
[0.085s] -- Up-to-date: /home/sachin/ardu_ws/install/ardupilot_sitl_models/share/ardupilot_sitl_models/models/swan_k1_hwing/materials/textures/metal_graphite/metal_graphite_normal.jpg
[0.085s] -- Up-to-date: /home/sachin/ardu_ws/install/ardupilot_sitl_models/share/ardupilot_sitl_models/models/swan_k1_hwing/materials/textures/metal_graphite/metal_graphite_basecolor.jpg
[0.085s] -- Up-to-date: /home/sachin/ardu_ws/install/ardupilot_sitl_models/share/ardupilot_sitl_models/models/swan_k1_hwing/model.config
[0.085s] -- Up-to-date: /home/sachin/ardu_ws/install/ardupilot_sitl_models/share/ardupilot_sitl_models/models/daf_xf_450_tractor
[0.085s] -- Up-to-date: /home/sachin/ardu_ws/install/ardupilot_sitl_models/share/ardupilot_sitl_models/models/daf_xf_450_tractor/model.sdf.erb
[0.085s] -- Up-to-date: /home/sachin/ardu_ws/install/ardupilot_sitl_models/share/ardupilot_sitl_models/models/daf_xf_450_tractor/model.sdf
[0.085s] -- Up-to-date: /home/sachin/ardu_ws/install/ardupilot_sitl_models/share/ardupilot_sitl_models/models/daf_xf_450_tractor/meshes
[0.085s] -- Up-to-date: /home/sachin/ardu_ws/install/ardupilot_sitl_models/share/ardupilot_sitl_models/models/daf_xf_450_tractor/meshes/tractor_wheel_hub_rear.dae
[0.085s] -- Up-to-date: /home/sachin/ardu_ws/install/ardupilot_sitl_models/share/ardupilot_sitl_models/models/daf_xf_450_tractor/meshes/tractor_wheel_tyre_rear.dae
[0.085s] -- Up-to-date: /home/sachin/ardu_ws/install/ardupilot_sitl_models/share/ardupilot_sitl_models/models/daf_xf_450_tractor/meshes/tractor_chassis.dae
[0.086s] -- Up-to-date: /home/sachin/ardu_ws/install/ardupilot_sitl_models/share/ardupilot_sitl_models/models/daf_xf_450_tractor/meshes/tractor_wheel_tyre_front.dae
[0.086s] -- Up-to-date: /home/sachin/ardu_ws/install/ardupilot_sitl_models/share/ardupilot_sitl_models/models/daf_xf_450_tractor/meshes/tractor_wheel_hub_front.dae
[0.086s] -- Up-to-date: /home/sachin/ardu_ws/install/ardupilot_sitl_models/share/ardupilot_sitl_models/models/daf_xf_450_tractor/meshes/trailer_chassis.dae
[0.086s] -- Up-to-date: /home/sachin/ardu_ws/install/ardupilot_sitl_models/share/ardupilot_sitl_models/models/daf_xf_450_tractor/meshes/trailer_wheel_hub.dae
[0.086s] -- Up-to-date: /home/sachin/ardu_ws/install/ardupilot_sitl_models/share/ardupilot_sitl_models/models/daf_xf_450_tractor/meshes/trailer_wheel_tyre.dae
[0.086s] -- Up-to-date: /home/sachin/ardu_ws/install/ardupilot_sitl_models/share/ardupilot_sitl_models/models/daf_xf_450_tractor/materials
[0.086s] -- Up-to-date: /home/sachin/ardu_ws/install/ardupilot_sitl_models/share/ardupilot_sitl_models/models/daf_xf_450_tractor/materials/textures
[0.086s] -- Up-to-date: /home/sachin/ardu_ws/install/ardupilot_sitl_models/share/ardupilot_sitl_models/models/daf_xf_450_tractor/materials/textures/silver_metal
[0.086s] -- Up-to-date: /home/sachin/ardu_ws/install/ardupilot_sitl_models/share/ardupilot_sitl_models/models/daf_xf_450_tractor/materials/textures/silver_metal/silver_metal_roughness.jpg
[0.086s] -- Up-to-date: /home/sachin/ardu_ws/install/ardupilot_sitl_models/share/ardupilot_sitl_models/models/daf_xf_450_tractor/materials/textures/silver_metal/silver_metal_diffuse.jpg
[0.086s] -- Up-to-date: /home/sachin/ardu_ws/install/ardupilot_sitl_models/share/ardupilot_sitl_models/models/daf_xf_450_tractor/materials/textures/silver_metal/silver_metal_metallic.jpg
[0.086s] -- Up-to-date: /home/sachin/ardu_ws/install/ardupilot_sitl_models/share/ardupilot_sitl_models/models/daf_xf_450_tractor/materials/textures/silver_metal/silver_metal_normal.jpg
[0.086s] -- Up-to-date: /home/sachin/ardu_ws/install/ardupilot_sitl_models/share/ardupilot_sitl_models/models/daf_xf_450_tractor/materials/textures/tractor_chassis.png
[0.087s] -- Up-to-date: /home/sachin/ardu_ws/install/ardupilot_sitl_models/share/ardupilot_sitl_models/models/daf_xf_450_tractor/materials/textures/rubber_01
[0.087s] -- Up-to-date: /home/sachin/ardu_ws/install/ardupilot_sitl_models/share/ardupilot_sitl_models/models/daf_xf_450_tractor/materials/textures/rubber_01/rubber_01_diffuse.jpg
[0.087s] -- Up-to-date: /home/sachin/ardu_ws/install/ardupilot_sitl_models/share/ardupilot_sitl_models/models/daf_xf_450_tractor/materials/textures/rubber_01/rubber_01_normal.jpg
[0.087s] -- Up-to-date: /home/sachin/ardu_ws/install/ardupilot_sitl_models/share/ardupilot_sitl_models/models/daf_xf_450_tractor/materials/textures/rubber_01/rubber_01_roughness.jpg
[0.087s] -- Up-to-date: /home/sachin/ardu_ws/install/ardupilot_sitl_models/share/ardupilot_sitl_models/models/daf_xf_450_tractor/model.config
[0.087s] -- Up-to-date: /home/sachin/ardu_ws/install/ardupilot_sitl_models/share/ardupilot_sitl_models/models/quadruped
[0.087s] -- Up-to-date: /home/sachin/ardu_ws/install/ardupilot_sitl_models/share/ardupilot_sitl_models/models/quadruped/model.sdf
[0.087s] -- Up-to-date: /home/sachin/ardu_ws/install/ardupilot_sitl_models/share/ardupilot_sitl_models/models/quadruped/meshes
[0.087s] -- Up-to-date: /home/sachin/ardu_ws/install/ardupilot_sitl_models/share/ardupilot_sitl_models/models/quadruped/meshes/hexapod_coxa_r.dae
[0.087s] -- Up-to-date: /home/sachin/ardu_ws/install/ardupilot_sitl_models/share/ardupilot_sitl_models/models/quadruped/meshes/hexapod_tibia_r.dae
[0.088s] -- Up-to-date: /home/sachin/ardu_ws/install/ardupilot_sitl_models/share/ardupilot_sitl_models/models/quadruped/meshes/hexapod_body.dae
[0.088s] -- Up-to-date: /home/sachin/ardu_ws/install/ardupilot_sitl_models/share/ardupilot_sitl_models/models/quadruped/meshes/hexapod_tibia_l.dae
[0.088s] -- Up-to-date: /home/sachin/ardu_ws/install/ardupilot_sitl_models/share/ardupilot_sitl_models/models/quadruped/meshes/hexapod_femur_l.dae
[0.088s] -- Up-to-date: /home/sachin/ardu_ws/install/ardupilot_sitl_models/share/ardupilot_sitl_models/models/quadruped/meshes/hexapod_femur_r.dae
[0.088s] -- Up-to-date: /home/sachin/ardu_ws/install/ardupilot_sitl_models/share/ardupilot_sitl_models/models/quadruped/meshes/hexapod_coxa_l.dae
[0.088s] -- Up-to-date: /home/sachin/ardu_ws/install/ardupilot_sitl_models/share/ardupilot_sitl_models/models/quadruped/materials
[0.088s] -- Up-to-date: /home/sachin/ardu_ws/install/ardupilot_sitl_models/share/ardupilot_sitl_models/models/quadruped/materials/textures
[0.088s] -- Up-to-date: /home/sachin/ardu_ws/install/ardupilot_sitl_models/share/ardupilot_sitl_models/models/quadruped/materials/textures/silver_blue_metal
[0.088s] -- Up-to-date: /home/sachin/ardu_ws/install/ardupilot_sitl_models/share/ardupilot_sitl_models/models/quadruped/materials/textures/silver_blue_metal/silver_blue_metal_metallic.jpg
[0.088s] -- Up-to-date: /home/sachin/ardu_ws/install/ardupilot_sitl_models/share/ardupilot_sitl_models/models/quadruped/materials/textures/silver_blue_metal/silver_blue_metal_roughness.jpg
[0.088s] -- Up-to-date: /home/sachin/ardu_ws/install/ardupilot_sitl_models/share/ardupilot_sitl_models/models/quadruped/materials/textures/silver_blue_metal/silver_blue_metal_diffuse.jpg
[0.089s] -- Up-to-date: /home/sachin/ardu_ws/install/ardupilot_sitl_models/share/ardupilot_sitl_models/models/quadruped/materials/textures/silver_blue_metal/silver_blue_metal_normal.jpg
[0.089s] -- Up-to-date: /home/sachin/ardu_ws/install/ardupilot_sitl_models/share/ardupilot_sitl_models/models/quadruped/model.config
[0.089s] -- Up-to-date: /home/sachin/ardu_ws/install/ardupilot_sitl_models/share/ardupilot_sitl_models/models/blueboat
[0.089s] -- Up-to-date: /home/sachin/ardu_ws/install/ardupilot_sitl_models/share/ardupilot_sitl_models/models/blueboat/model.sdf
[0.089s] -- Up-to-date: /home/sachin/ardu_ws/install/ardupilot_sitl_models/share/ardupilot_sitl_models/models/blueboat/meshes
[0.089s] -- Up-to-date: /home/sachin/ardu_ws/install/ardupilot_sitl_models/share/ardupilot_sitl_models/models/blueboat/meshes/blueboat_motor_stbd.dae
[0.089s] -- Up-to-date: /home/sachin/ardu_ws/install/ardupilot_sitl_models/share/ardupilot_sitl_models/models/blueboat/meshes/blueboat_frame_asm_fore.dae
[0.089s] -- Up-to-date: /home/sachin/ardu_ws/install/ardupilot_sitl_models/share/ardupilot_sitl_models/models/blueboat/meshes/blueboat_hull_collision.stl
[0.089s] -- Up-to-date: /home/sachin/ardu_ws/install/ardupilot_sitl_models/share/ardupilot_sitl_models/models/blueboat/meshes/blueboat_hull.dae
[0.089s] -- Up-to-date: /home/sachin/ardu_ws/install/ardupilot_sitl_models/share/ardupilot_sitl_models/models/blueboat/meshes/blueboat_hatch_asm_port.dae
[0.089s] -- Up-to-date: /home/sachin/ardu_ws/install/ardupilot_sitl_models/share/ardupilot_sitl_models/models/blueboat/meshes/blueboat_prop_stbd.dae
[0.089s] -- Up-to-date: /home/sachin/ardu_ws/install/ardupilot_sitl_models/share/ardupilot_sitl_models/models/blueboat/meshes/blueboat_motor_port.dae
[0.090s] -- Up-to-date: /home/sachin/ardu_ws/install/ardupilot_sitl_models/share/ardupilot_sitl_models/models/blueboat/meshes/blueboat_prop_port.dae
[0.090s] -- Up-to-date: /home/sachin/ardu_ws/install/ardupilot_sitl_models/share/ardupilot_sitl_models/models/blueboat/meshes/blueboat_aerial.dae
[0.090s] -- Up-to-date: /home/sachin/ardu_ws/install/ardupilot_sitl_models/share/ardupilot_sitl_models/models/blueboat/meshes/blueboat_hatch_asm_stbd.dae
[0.090s] -- Up-to-date: /home/sachin/ardu_ws/install/ardupilot_sitl_models/share/ardupilot_sitl_models/models/blueboat/meshes/blueboat_frame_asm_aft.dae
[0.090s] -- Up-to-date: /home/sachin/ardu_ws/install/ardupilot_sitl_models/share/ardupilot_sitl_models/models/blueboat/meshes/blueboat_flag.dae
[0.090s] -- Up-to-date: /home/sachin/ardu_ws/install/ardupilot_sitl_models/share/ardupilot_sitl_models/models/blueboat/meshes/blueboat_crosstube.dae
[0.090s] -- Up-to-date: /home/sachin/ardu_ws/install/ardupilot_sitl_models/share/ardupilot_sitl_models/models/blueboat/meshes/blueboat_hull_collision.dae
[0.090s] -- Up-to-date: /home/sachin/ardu_ws/install/ardupilot_sitl_models/share/ardupilot_sitl_models/models/blueboat/model.config
[0.090s] -- Up-to-date: /home/sachin/ardu_ws/install/ardupilot_sitl_models/share/ardupilot_sitl_models/models/rocky_asphalt_20x20
[0.090s] -- Up-to-date: /home/sachin/ardu_ws/install/ardupilot_sitl_models/share/ardupilot_sitl_models/models/rocky_asphalt_20x20/model.sdf
[0.090s] -- Up-to-date: /home/sachin/ardu_ws/install/ardupilot_sitl_models/share/ardupilot_sitl_models/models/rocky_asphalt_20x20/model.config
[0.090s] -- Up-to-date: /home/sachin/ardu_ws/install/ardupilot_sitl_models/share/ardupilot_sitl_models/models/alti_transition_quad
[0.090s] -- Up-to-date: /home/sachin/ardu_ws/install/ardupilot_sitl_models/share/ardupilot_sitl_models/models/alti_transition_quad/model.sdf.erb
[0.091s] -- Up-to-date: /home/sachin/ardu_ws/install/ardupilot_sitl_models/share/ardupilot_sitl_models/models/alti_transition_quad/model.sdf
[0.091s] -- Up-to-date: /home/sachin/ardu_ws/install/ardupilot_sitl_models/share/ardupilot_sitl_models/models/alti_transition_quad/meshes
[0.091s] -- Up-to-date: /home/sachin/ardu_ws/install/ardupilot_sitl_models/share/ardupilot_sitl_models/models/alti_transition_quad/meshes/prop_ccw.dae
[0.091s] -- Up-to-date: /home/sachin/ardu_ws/install/ardupilot_sitl_models/share/ardupilot_sitl_models/models/alti_transition_quad/meshes/alti_transition_base.dae
[0.091s] -- Up-to-date: /home/sachin/ardu_ws/install/ardupilot_sitl_models/share/ardupilot_sitl_models/models/alti_transition_quad/meshes/alti_transition_elevator.dae
[0.091s] -- Up-to-date: /home/sachin/ardu_ws/install/ardupilot_sitl_models/share/ardupilot_sitl_models/models/alti_transition_quad/meshes/alti_transition_aileron_left.dae
[0.091s] -- Up-to-date: /home/sachin/ardu_ws/install/ardupilot_sitl_models/share/ardupilot_sitl_models/models/alti_transition_quad/meshes/prop_cw.dae
[0.091s] -- Up-to-date: /home/sachin/ardu_ws/install/ardupilot_sitl_models/share/ardupilot_sitl_models/models/alti_transition_quad/meshes/alti_transition_engine.dae
[0.091s] -- Up-to-date: /home/sachin/ardu_ws/install/ardupilot_sitl_models/share/ardupilot_sitl_models/models/alti_transition_quad/meshes/alti_transition_aileron_right.dae
[0.091s] -- Up-to-date: /home/sachin/ardu_ws/install/ardupilot_sitl_models/share/ardupilot_sitl_models/models/alti_transition_quad/materials
[0.091s] -- Up-to-date: /home/sachin/ardu_ws/install/ardupilot_sitl_models/share/ardupilot_sitl_models/models/alti_transition_quad/materials/textures
[0.091s] -- Up-to-date: /home/sachin/ardu_ws/install/ardupilot_sitl_models/share/ardupilot_sitl_models/models/alti_transition_quad/materials/textures/x8.tga
[0.092s] -- Up-to-date: /home/sachin/ardu_ws/install/ardupilot_sitl_models/share/ardupilot_sitl_models/models/alti_transition_quad/materials/textures/AltiTransitionMap.png
[0.092s] -- Up-to-date: /home/sachin/ardu_ws/install/ardupilot_sitl_models/share/ardupilot_sitl_models/models/alti_transition_quad/model.config
[0.092s] -- Up-to-date: /home/sachin/ardu_ws/install/ardupilot_sitl_models/share/ardupilot_sitl_models/models/steel_plate_3x3
[0.092s] -- Up-to-date: /home/sachin/ardu_ws/install/ardupilot_sitl_models/share/ardupilot_sitl_models/models/steel_plate_3x3/model.sdf
[0.092s] -- Up-to-date: /home/sachin/ardu_ws/install/ardupilot_sitl_models/share/ardupilot_sitl_models/models/steel_plate_3x3/model.config
[0.092s] -- Up-to-date: /home/sachin/ardu_ws/install/ardupilot_sitl_models/share/ardupilot_sitl_models/models/skycat_tvbs
[0.092s] -- Up-to-date: /home/sachin/ardu_ws/install/ardupilot_sitl_models/share/ardupilot_sitl_models/models/skycat_tvbs/model.sdf
[0.092s] -- Up-to-date: /home/sachin/ardu_ws/install/ardupilot_sitl_models/share/ardupilot_sitl_models/models/skycat_tvbs/meshes
[0.092s] -- Up-to-date: /home/sachin/ardu_ws/install/ardupilot_sitl_models/share/ardupilot_sitl_models/models/skycat_tvbs/meshes/iris_prop_ccw.dae
[0.092s] -- Up-to-date: /home/sachin/ardu_ws/install/ardupilot_sitl_models/share/ardupilot_sitl_models/models/skycat_tvbs/meshes/skycat_tilt_right.dae
[0.092s] -- Up-to-date: /home/sachin/ardu_ws/install/ardupilot_sitl_models/share/ardupilot_sitl_models/models/skycat_tvbs/meshes/skycat_elevon_right.dae
[0.092s] -- Up-to-date: /home/sachin/ardu_ws/install/ardupilot_sitl_models/share/ardupilot_sitl_models/models/skycat_tvbs/meshes/skycat_elevon_left.dae
[0.093s] -- Up-to-date: /home/sachin/ardu_ws/install/ardupilot_sitl_models/share/ardupilot_sitl_models/models/skycat_tvbs/meshes/iris_prop_cw.dae
[0.093s] -- Up-to-date: /home/sachin/ardu_ws/install/ardupilot_sitl_models/share/ardupilot_sitl_models/models/skycat_tvbs/meshes/skycat_tilt_left.dae
[0.093s] -- Up-to-date: /home/sachin/ardu_ws/install/ardupilot_sitl_models/share/ardupilot_sitl_models/models/skycat_tvbs/meshes/skycat_base.dae
[0.093s] -- Up-to-date: /home/sachin/ardu_ws/install/ardupilot_sitl_models/share/ardupilot_sitl_models/models/skycat_tvbs/materials
[0.093s] -- Up-to-date: /home/sachin/ardu_ws/install/ardupilot_sitl_models/share/ardupilot_sitl_models/models/skycat_tvbs/materials/textures
[0.093s] -- Up-to-date: /home/sachin/ardu_ws/install/ardupilot_sitl_models/share/ardupilot_sitl_models/models/skycat_tvbs/materials/textures/skycat.png
[0.093s] -- Up-to-date: /home/sachin/ardu_ws/install/ardupilot_sitl_models/share/ardupilot_sitl_models/models/skycat_tvbs/materials/textures/metal_graphite
[0.093s] -- Up-to-date: /home/sachin/ardu_ws/install/ardupilot_sitl_models/share/ardupilot_sitl_models/models/skycat_tvbs/materials/textures/metal_graphite/metal_graphite_roughness.jpg
[0.093s] -- Up-to-date: /home/sachin/ardu_ws/install/ardupilot_sitl_models/share/ardupilot_sitl_models/models/skycat_tvbs/materials/textures/metal_graphite/metal_graphite_metallic.jpg
[0.093s] -- Up-to-date: /home/sachin/ardu_ws/install/ardupilot_sitl_models/share/ardupilot_sitl_models/models/skycat_tvbs/materials/textures/metal_graphite/metal_graphite_normal.jpg
[0.093s] -- Up-to-date: /home/sachin/ardu_ws/install/ardupilot_sitl_models/share/ardupilot_sitl_models/models/skycat_tvbs/materials/textures/metal_graphite/metal_graphite_basecolor.jpg
[0.093s] -- Up-to-date: /home/sachin/ardu_ws/install/ardupilot_sitl_models/share/ardupilot_sitl_models/models/skycat_tvbs/model.config
[0.093s] -- Up-to-date: /home/sachin/ardu_ws/install/ardupilot_sitl_models/share/ardupilot_sitl_models/models/skywalker_x8_quad
[0.094s] -- Up-to-date: /home/sachin/ardu_ws/install/ardupilot_sitl_models/share/ardupilot_sitl_models/models/skywalker_x8_quad/model.sdf
[0.094s] -- Up-to-date: /home/sachin/ardu_ws/install/ardupilot_sitl_models/share/ardupilot_sitl_models/models/skywalker_x8_quad/model.config
[0.094s] -- Up-to-date: /home/sachin/ardu_ws/install/ardupilot_sitl_models/share/ardupilot_sitl_models/models/r1_rover
[0.094s] -- Up-to-date: /home/sachin/ardu_ws/install/ardupilot_sitl_models/share/ardupilot_sitl_models/models/r1_rover/model.sdf
[0.094s] -- Up-to-date: /home/sachin/ardu_ws/install/ardupilot_sitl_models/share/ardupilot_sitl_models/models/r1_rover/meshes
[0.094s] -- Up-to-date: /home/sachin/ardu_ws/install/ardupilot_sitl_models/share/ardupilot_sitl_models/models/r1_rover/meshes/wheel_link_simple.STL
[0.094s] -- Up-to-date: /home/sachin/ardu_ws/install/ardupilot_sitl_models/share/ardupilot_sitl_models/models/r1_rover/meshes/antenna_link.STL
[0.094s] -- Up-to-date: /home/sachin/ardu_ws/install/ardupilot_sitl_models/share/ardupilot_sitl_models/models/r1_rover/meshes/wheel_link.STL
[0.094s] -- Up-to-date: /home/sachin/ardu_ws/install/ardupilot_sitl_models/share/ardupilot_sitl_models/models/r1_rover/meshes/battery_link.STL
[0.094s] -- Up-to-date: /home/sachin/ardu_ws/install/ardupilot_sitl_models/share/ardupilot_sitl_models/models/r1_rover/meshes/housing_link.STL
[0.094s] -- Up-to-date: /home/sachin/ardu_ws/install/ardupilot_sitl_models/share/ardupilot_sitl_models/models/r1_rover/meshes/top_link.STL
[0.094s] -- Up-to-date: /home/sachin/ardu_ws/install/ardupilot_sitl_models/share/ardupilot_sitl_models/models/r1_rover/meshes/chassis_link.STL
[0.095s] -- Up-to-date: /home/sachin/ardu_ws/install/ardupilot_sitl_models/share/ardupilot_sitl_models/models/r1_rover/model.config
[0.095s] -- Up-to-date: /home/sachin/ardu_ws/install/ardupilot_sitl_models/share/ardupilot_sitl_models/models/dumpster
[0.095s] -- Up-to-date: /home/sachin/ardu_ws/install/ardupilot_sitl_models/share/ardupilot_sitl_models/models/dumpster/model.sdf
[0.095s] -- Up-to-date: /home/sachin/ardu_ws/install/ardupilot_sitl_models/share/ardupilot_sitl_models/models/dumpster/meshes
[0.095s] -- Up-to-date: /home/sachin/ardu_ws/install/ardupilot_sitl_models/share/ardupilot_sitl_models/models/dumpster/meshes/dumpster.dae
[0.095s] -- Up-to-date: /home/sachin/ardu_ws/install/ardupilot_sitl_models/share/ardupilot_sitl_models/models/dumpster/materials
[0.095s] -- Up-to-date: /home/sachin/ardu_ws/install/ardupilot_sitl_models/share/ardupilot_sitl_models/models/dumpster/materials/textures
[0.095s] -- Up-to-date: /home/sachin/ardu_ws/install/ardupilot_sitl_models/share/ardupilot_sitl_models/models/dumpster/materials/textures/Dumpster_Spec.png
[0.095s] -- Up-to-date: /home/sachin/ardu_ws/install/ardupilot_sitl_models/share/ardupilot_sitl_models/models/dumpster/materials/textures/Dumpster_Diffuse.png
[0.095s] -- Up-to-date: /home/sachin/ardu_ws/install/ardupilot_sitl_models/share/ardupilot_sitl_models/models/dumpster/materials/scripts
[0.095s] -- Up-to-date: /home/sachin/ardu_ws/install/ardupilot_sitl_models/share/ardupilot_sitl_models/models/dumpster/materials/scripts/dumpster.material
[0.095s] -- Up-to-date: /home/sachin/ardu_ws/install/ardupilot_sitl_models/share/ardupilot_sitl_models/models/dumpster/model.config
[0.096s] -- Up-to-date: /home/sachin/ardu_ws/install/ardupilot_sitl_models/share/ardupilot_sitl_models/models/dumpster/thumbnails
[0.096s] -- Up-to-date: /home/sachin/ardu_ws/install/ardupilot_sitl_models/share/ardupilot_sitl_models/models/dumpster/thumbnails/2.png
[0.096s] -- Up-to-date: /home/sachin/ardu_ws/install/ardupilot_sitl_models/share/ardupilot_sitl_models/models/dumpster/thumbnails/3.png
[0.096s] -- Up-to-date: /home/sachin/ardu_ws/install/ardupilot_sitl_models/share/ardupilot_sitl_models/models/dumpster/thumbnails/5.png
[0.096s] -- Up-to-date: /home/sachin/ardu_ws/install/ardupilot_sitl_models/share/ardupilot_sitl_models/models/dumpster/thumbnails/1.png
[0.096s] -- Up-to-date: /home/sachin/ardu_ws/install/ardupilot_sitl_models/share/ardupilot_sitl_models/models/dumpster/thumbnails/4.png
[0.096s] -- Up-to-date: /home/sachin/ardu_ws/install/ardupilot_sitl_models/share/ardupilot_sitl_models/models/catamaran
[0.096s] -- Up-to-date: /home/sachin/ardu_ws/install/ardupilot_sitl_models/share/ardupilot_sitl_models/models/catamaran/model.sdf
[0.096s] -- Up-to-date: /home/sachin/ardu_ws/install/ardupilot_sitl_models/share/ardupilot_sitl_models/models/catamaran/meshes
[0.096s] -- Up-to-date: /home/sachin/ardu_ws/install/ardupilot_sitl_models/share/ardupilot_sitl_models/models/catamaran/meshes/fin_collision.stl
[0.096s] -- Up-to-date: /home/sachin/ardu_ws/install/ardupilot_sitl_models/share/ardupilot_sitl_models/models/catamaran/meshes/wind_sensor_collision.stl
[0.096s] -- Up-to-date: /home/sachin/ardu_ws/install/ardupilot_sitl_models/share/ardupilot_sitl_models/models/catamaran/meshes/wind_sensor.dae
[0.096s] -- Up-to-date: /home/sachin/ardu_ws/install/ardupilot_sitl_models/share/ardupilot_sitl_models/models/catamaran/meshes/hull_platform.dae
[0.097s] -- Up-to-date: /home/sachin/ardu_ws/install/ardupilot_sitl_models/share/ardupilot_sitl_models/models/catamaran/meshes/rudder_collision.stl
[0.097s] -- Up-to-date: /home/sachin/ardu_ws/install/ardupilot_sitl_models/share/ardupilot_sitl_models/models/catamaran/meshes/rudder.dae
[0.097s] -- Up-to-date: /home/sachin/ardu_ws/install/ardupilot_sitl_models/share/ardupilot_sitl_models/models/catamaran/meshes/rig.dae
[0.097s] -- Up-to-date: /home/sachin/ardu_ws/install/ardupilot_sitl_models/share/ardupilot_sitl_models/models/catamaran/meshes/hull_right_collision.stl
[0.097s] -- Up-to-date: /home/sachin/ardu_ws/install/ardupilot_sitl_models/share/ardupilot_sitl_models/models/catamaran/meshes/fin.dae
[0.097s] -- Up-to-date: /home/sachin/ardu_ws/install/ardupilot_sitl_models/share/ardupilot_sitl_models/models/catamaran/meshes/hull_left_collision.stl
[0.097s] -- Up-to-date: /home/sachin/ardu_ws/install/ardupilot_sitl_models/share/ardupilot_sitl_models/models/catamaran/model.config
[0.097s] -- Up-to-date: /home/sachin/ardu_ws/install/ardupilot_sitl_models/share/ardupilot_sitl_models/models/bicopter
[0.097s] -- Up-to-date: /home/sachin/ardu_ws/install/ardupilot_sitl_models/share/ardupilot_sitl_models/models/bicopter/model.sdf
[0.097s] -- Up-to-date: /home/sachin/ardu_ws/install/ardupilot_sitl_models/share/ardupilot_sitl_models/models/bicopter/meshes
[0.097s] -- Up-to-date: /home/sachin/ardu_ws/install/ardupilot_sitl_models/share/ardupilot_sitl_models/models/bicopter/meshes/ccw_mot.stl
[0.097s] -- Up-to-date: /home/sachin/ardu_ws/install/ardupilot_sitl_models/share/ardupilot_sitl_models/models/bicopter/meshes/ccw_servo.stl
[0.098s] -- Up-to-date: /home/sachin/ardu_ws/install/ardupilot_sitl_models/share/ardupilot_sitl_models/models/bicopter/meshes/base.stl
[0.098s] -- Up-to-date: /home/sachin/ardu_ws/install/ardupilot_sitl_models/share/ardupilot_sitl_models/models/bicopter/meshes/cw_servo.stl
[0.098s] -- Up-to-date: /home/sachin/ardu_ws/install/ardupilot_sitl_models/share/ardupilot_sitl_models/models/bicopter/meshes/cw_mot.stl
[0.098s] -- Up-to-date: /home/sachin/ardu_ws/install/ardupilot_sitl_models/share/ardupilot_sitl_models/models/bicopter/model.config
[0.098s] -- Up-to-date: /home/sachin/ardu_ws/install/ardupilot_sitl_models/share/ardupilot_sitl_models/models/sawppy
[0.098s] -- Up-to-date: /home/sachin/ardu_ws/install/ardupilot_sitl_models/share/ardupilot_sitl_models/models/sawppy/model.sdf
[0.098s] -- Up-to-date: /home/sachin/ardu_ws/install/ardupilot_sitl_models/share/ardupilot_sitl_models/models/sawppy/meshes
[0.098s] -- Up-to-date: /home/sachin/ardu_ws/install/ardupilot_sitl_models/share/ardupilot_sitl_models/models/sawppy/meshes/sensors
[0.098s] -- Up-to-date: /home/sachin/ardu_ws/install/ardupilot_sitl_models/share/ardupilot_sitl_models/models/sawppy/meshes/sensors/rplidar_a1_low.stl
[0.098s] -- Up-to-date: /home/sachin/ardu_ws/install/ardupilot_sitl_models/share/ardupilot_sitl_models/models/sawppy/meshes/sensors/rplidar_a1_assembly_low.stl
[0.098s] -- Up-to-date: /home/sachin/ardu_ws/install/ardupilot_sitl_models/share/ardupilot_sitl_models/models/sawppy/meshes/bases
[0.098s] -- Up-to-date: /home/sachin/ardu_ws/install/ardupilot_sitl_models/share/ardupilot_sitl_models/models/sawppy/meshes/bases/back_right_steering_asm.stl
[0.098s] -- Up-to-date: /home/sachin/ardu_ws/install/ardupilot_sitl_models/share/ardupilot_sitl_models/models/sawppy/meshes/bases/left_bogie_asm.stl
[0.098s] -- Up-to-date: /home/sachin/ardu_ws/install/ardupilot_sitl_models/share/ardupilot_sitl_models/models/sawppy/meshes/bases/right_rocker_asm.stl
[0.099s] -- Up-to-date: /home/sachin/ardu_ws/install/ardupilot_sitl_models/share/ardupilot_sitl_models/models/sawppy/meshes/bases/left_rocker_asm.stl
[0.099s] -- Up-to-date: /home/sachin/ardu_ws/install/ardupilot_sitl_models/share/ardupilot_sitl_models/models/sawppy/meshes/bases/body_box.stl
[0.099s] -- Up-to-date: /home/sachin/ardu_ws/install/ardupilot_sitl_models/share/ardupilot_sitl_models/models/sawppy/meshes/bases/front_right_steering_asm.stl
[0.099s] -- Up-to-date: /home/sachin/ardu_ws/install/ardupilot_sitl_models/share/ardupilot_sitl_models/models/sawppy/meshes/bases/right_bogie_asm.stl
[0.099s] -- Up-to-date: /home/sachin/ardu_ws/install/ardupilot_sitl_models/share/ardupilot_sitl_models/models/sawppy/meshes/bases/turnbuckle.stl
[0.099s] -- Up-to-date: /home/sachin/ardu_ws/install/ardupilot_sitl_models/share/ardupilot_sitl_models/models/sawppy/meshes/bases/front_left_steering_asm.stl
[0.099s] -- Up-to-date: /home/sachin/ardu_ws/install/ardupilot_sitl_models/share/ardupilot_sitl_models/models/sawppy/meshes/bases/back_left_steering_asm.stl
[0.099s] -- Up-to-date: /home/sachin/ardu_ws/install/ardupilot_sitl_models/share/ardupilot_sitl_models/models/sawppy/meshes/bases/differential.stl
[0.099s] -- Up-to-date: /home/sachin/ardu_ws/install/ardupilot_sitl_models/share/ardupilot_sitl_models/models/sawppy/meshes/wheels
[0.099s] -- Up-to-date: /home/sachin/ardu_ws/install/ardupilot_sitl_models/share/ardupilot_sitl_models/models/sawppy/meshes/wheels/wheel.stl
[0.099s] -- Up-to-date: /home/sachin/ardu_ws/install/ardupilot_sitl_models/share/ardupilot_sitl_models/models/sawppy/meshes/wheels/wheel_asm.stl
[0.100s] -- Up-to-date: /home/sachin/ardu_ws/install/ardupilot_sitl_models/share/ardupilot_sitl_models/models/sawppy/model.config
[0.100s] -- Up-to-date: /home/sachin/ardu_ws/install/ardupilot_sitl_models/share/ardupilot_sitl_models/models/bicopter_with_ardupilot
[0.100s] -- Up-to-date: /home/sachin/ardu_ws/install/ardupilot_sitl_models/share/ardupilot_sitl_models/models/bicopter_with_ardupilot/model.sdf
[0.100s] -- Up-to-date: /home/sachin/ardu_ws/install/ardupilot_sitl_models/share/ardupilot_sitl_models/models/bicopter_with_ardupilot/model.config
[0.100s] -- Up-to-date: /home/sachin/ardu_ws/install/ardupilot_sitl_models/share/ardupilot_sitl_models/models/rocky_asphalt_4x4
[0.100s] -- Up-to-date: /home/sachin/ardu_ws/install/ardupilot_sitl_models/share/ardupilot_sitl_models/models/rocky_asphalt_4x4/model.sdf
[0.100s] -- Up-to-date: /home/sachin/ardu_ws/install/ardupilot_sitl_models/share/ardupilot_sitl_models/models/rocky_asphalt_4x4/materials
[0.100s] -- Up-to-date: /home/sachin/ardu_ws/install/ardupilot_sitl_models/share/ardupilot_sitl_models/models/rocky_asphalt_4x4/materials/textures
[0.100s] -- Up-to-date: /home/sachin/ardu_ws/install/ardupilot_sitl_models/share/ardupilot_sitl_models/models/rocky_asphalt_4x4/materials/textures/rocky_asphalt1_Height.png
[0.100s] -- Up-to-date: /home/sachin/ardu_ws/install/ardupilot_sitl_models/share/ardupilot_sitl_models/models/rocky_asphalt_4x4/materials/textures/rocky_asphalt1_ao.png
[0.100s] -- Up-to-date: /home/sachin/ardu_ws/install/ardupilot_sitl_models/share/ardupilot_sitl_models/models/rocky_asphalt_4x4/materials/textures/rocky_asphalt1_Metallic.png
[0.100s] -- Up-to-date: /home/sachin/ardu_ws/install/ardupilot_sitl_models/share/ardupilot_sitl_models/models/rocky_asphalt_4x4/materials/textures/rocky_asphalt1_Normal-ogl.png
[0.101s] -- Up-to-date: /home/sachin/ardu_ws/install/ardupilot_sitl_models/share/ardupilot_sitl_models/models/rocky_asphalt_4x4/materials/textures/rocky_asphalt1_Roughness.png
[0.101s] -- Up-to-date: /home/sachin/ardu_ws/install/ardupilot_sitl_models/share/ardupilot_sitl_models/models/rocky_asphalt_4x4/materials/textures/rocky_asphalt1_albedo.png
[0.101s] -- Up-to-date: /home/sachin/ardu_ws/install/ardupilot_sitl_models/share/ardupilot_sitl_models/models/rocky_asphalt_4x4/model.config
[0.101s] -- Up-to-date: /home/sachin/ardu_ws/install/ardupilot_sitl_models/share/ardupilot_sitl_models/models/skywalker_x8
[0.101s] -- Up-to-date: /home/sachin/ardu_ws/install/ardupilot_sitl_models/share/ardupilot_sitl_models/models/skywalker_x8/model.sdf
[0.101s] -- Up-to-date: /home/sachin/ardu_ws/install/ardupilot_sitl_models/share/ardupilot_sitl_models/models/skywalker_x8/meshes
[0.101s] -- Up-to-date: /home/sachin/ardu_ws/install/ardupilot_sitl_models/share/ardupilot_sitl_models/models/skywalker_x8/meshes/iris_prop_ccw.dae
[0.101s] -- Up-to-date: /home/sachin/ardu_ws/install/ardupilot_sitl_models/share/ardupilot_sitl_models/models/skywalker_x8/meshes/x8_elevon_left.dae
[0.101s] -- Up-to-date: /home/sachin/ardu_ws/install/ardupilot_sitl_models/share/ardupilot_sitl_models/models/skywalker_x8/meshes/x8_wing.dae
[0.101s] -- Up-to-date: /home/sachin/ardu_ws/install/ardupilot_sitl_models/share/ardupilot_sitl_models/models/skywalker_x8/meshes/x8_elevon_right.dae
[0.101s] -- Up-to-date: /home/sachin/ardu_ws/install/ardupilot_sitl_models/share/ardupilot_sitl_models/models/skywalker_x8/meshes/iris_prop_cw.dae
[0.101s] -- Up-to-date: /home/sachin/ardu_ws/install/ardupilot_sitl_models/share/ardupilot_sitl_models/models/skywalker_x8/materials
[0.101s] -- Up-to-date: /home/sachin/ardu_ws/install/ardupilot_sitl_models/share/ardupilot_sitl_models/models/skywalker_x8/materials/textures
[0.101s] -- Up-to-date: /home/sachin/ardu_ws/install/ardupilot_sitl_models/share/ardupilot_sitl_models/models/skywalker_x8/materials/textures/x8.tga
[0.102s] -- Up-to-date: /home/sachin/ardu_ws/install/ardupilot_sitl_models/share/ardupilot_sitl_models/models/skywalker_x8/materials/textures/blue_metal
[0.102s] -- Up-to-date: /home/sachin/ardu_ws/install/ardupilot_sitl_models/share/ardupilot_sitl_models/models/skywalker_x8/materials/textures/blue_metal/blue_metal_roughness.jpg
[0.102s] -- Up-to-date: /home/sachin/ardu_ws/install/ardupilot_sitl_models/share/ardupilot_sitl_models/models/skywalker_x8/materials/textures/blue_metal/blue_metal_basecolor.jpg
[0.102s] -- Up-to-date: /home/sachin/ardu_ws/install/ardupilot_sitl_models/share/ardupilot_sitl_models/models/skywalker_x8/materials/textures/blue_metal/blue_metal_normal.jpg
[0.102s] -- Up-to-date: /home/sachin/ardu_ws/install/ardupilot_sitl_models/share/ardupilot_sitl_models/models/skywalker_x8/materials/textures/blue_metal/blue_metal_metallic.jpg
[0.102s] -- Up-to-date: /home/sachin/ardu_ws/install/ardupilot_sitl_models/share/ardupilot_sitl_models/models/skywalker_x8/materials/textures/metal_graphite
[0.102s] -- Up-to-date: /home/sachin/ardu_ws/install/ardupilot_sitl_models/share/ardupilot_sitl_models/models/skywalker_x8/materials/textures/metal_graphite/metal_graphite_roughness.jpg
[0.102s] -- Up-to-date: /home/sachin/ardu_ws/install/ardupilot_sitl_models/share/ardupilot_sitl_models/models/skywalker_x8/materials/textures/metal_graphite/metal_graphite_metallic.jpg
[0.102s] -- Up-to-date: /home/sachin/ardu_ws/install/ardupilot_sitl_models/share/ardupilot_sitl_models/models/skywalker_x8/materials/textures/metal_graphite/metal_graphite_normal.jpg
[0.102s] -- Up-to-date: /home/sachin/ardu_ws/install/ardupilot_sitl_models/share/ardupilot_sitl_models/models/skywalker_x8/materials/textures/metal_graphite/metal_graphite_basecolor.jpg
[0.102s] -- Up-to-date: /home/sachin/ardu_ws/install/ardupilot_sitl_models/share/ardupilot_sitl_models/models/skywalker_x8/model.config
[0.102s] -- Up-to-date: /home/sachin/ardu_ws/install/ardupilot_sitl_models/share/ardupilot_sitl_models/models/wildthumper
[0.102s] -- Up-to-date: /home/sachin/ardu_ws/install/ardupilot_sitl_models/share/ardupilot_sitl_models/models/wildthumper/model.sdf
[0.102s] -- Up-to-date: /home/sachin/ardu_ws/install/ardupilot_sitl_models/share/ardupilot_sitl_models/models/wildthumper/meshes
[0.102s] -- Up-to-date: /home/sachin/ardu_ws/install/ardupilot_sitl_models/share/ardupilot_sitl_models/models/wildthumper/meshes/bases
[0.102s] -- Up-to-date: /home/sachin/ardu_ws/install/ardupilot_sitl_models/share/ardupilot_sitl_models/models/wildthumper/meshes/bases/right_motor_asm.dae
[0.102s] -- Up-to-date: /home/sachin/ardu_ws/install/ardupilot_sitl_models/share/ardupilot_sitl_models/models/wildthumper/meshes/bases/small_chassis_with_frame_connector.dae
[0.102s] -- Up-to-date: /home/sachin/ardu_ws/install/ardupilot_sitl_models/share/ardupilot_sitl_models/models/wildthumper/meshes/bases/top_chassis.dae
[0.102s] -- Up-to-date: /home/sachin/ardu_ws/install/ardupilot_sitl_models/share/ardupilot_sitl_models/models/wildthumper/meshes/bases/top_chassis_with_standoffs.dae
[0.102s] -- Up-to-date: /home/sachin/ardu_ws/install/ardupilot_sitl_models/share/ardupilot_sitl_models/models/wildthumper/meshes/bases/left_motor_asm.dae
[0.102s] -- Up-to-date: /home/sachin/ardu_ws/install/ardupilot_sitl_models/share/ardupilot_sitl_models/models/wildthumper/meshes/bases/wheel_chassis_short.dae
[0.102s] -- Up-to-date: /home/sachin/ardu_ws/install/ardupilot_sitl_models/share/ardupilot_sitl_models/models/wildthumper/meshes/bases/wheel_chassis_long.dae
[0.102s] -- Up-to-date: /home/sachin/ardu_ws/install/ardupilot_sitl_models/share/ardupilot_sitl_models/models/wildthumper/meshes/wheels
[0.102s] -- Up-to-date: /home/sachin/ardu_ws/install/ardupilot_sitl_models/share/ardupilot_sitl_models/models/wildthumper/meshes/wheels/left_wheel_adapter.dae
[0.102s] -- Up-to-date: /home/sachin/ardu_ws/install/ardupilot_sitl_models/share/ardupilot_sitl_models/models/wildthumper/meshes/wheels/right_wheel_tyre.dae
[0.102s] -- Up-to-date: /home/sachin/ardu_ws/install/ardupilot_sitl_models/share/ardupilot_sitl_models/models/wildthumper/meshes/wheels/left_wheel_tyre.dae
[0.102s] -- Up-to-date: /home/sachin/ardu_ws/install/ardupilot_sitl_models/share/ardupilot_sitl_models/models/wildthumper/meshes/wheels/left_wheel_rim.dae
[0.103s] -- Up-to-date: /home/sachin/ardu_ws/install/ardupilot_sitl_models/share/ardupilot_sitl_models/models/wildthumper/meshes/wheels/right_wheel_rim.dae
[0.103s] -- Up-to-date: /home/sachin/ardu_ws/install/ardupilot_sitl_models/share/ardupilot_sitl_models/models/wildthumper/meshes/wheels/right_wheel_adapter.dae
[0.103s] -- Up-to-date: /home/sachin/ardu_ws/install/ardupilot_sitl_models/share/ardupilot_sitl_models/models/wildthumper/materials
[0.103s] -- Up-to-date: /home/sachin/ardu_ws/install/ardupilot_sitl_models/share/ardupilot_sitl_models/models/wildthumper/materials/textures
[0.103s] -- Up-to-date: /home/sachin/ardu_ws/install/ardupilot_sitl_models/share/ardupilot_sitl_models/models/wildthumper/materials/textures/silver_metal
[0.103s] -- Up-to-date: /home/sachin/ardu_ws/install/ardupilot_sitl_models/share/ardupilot_sitl_models/models/wildthumper/materials/textures/silver_metal/silver_metal_roughness.jpg
[0.103s] -- Up-to-date: /home/sachin/ardu_ws/install/ardupilot_sitl_models/share/ardupilot_sitl_models/models/wildthumper/materials/textures/silver_metal/silver_metal_diffuse.jpg
[0.103s] -- Up-to-date: /home/sachin/ardu_ws/install/ardupilot_sitl_models/share/ardupilot_sitl_models/models/wildthumper/materials/textures/silver_metal/silver_metal_metallic.jpg
[0.103s] -- Up-to-date: /home/sachin/ardu_ws/install/ardupilot_sitl_models/share/ardupilot_sitl_models/models/wildthumper/materials/textures/silver_metal/silver_metal_normal.jpg
[0.103s] -- Up-to-date: /home/sachin/ardu_ws/install/ardupilot_sitl_models/share/ardupilot_sitl_models/models/wildthumper/materials/textures/red_metal
[0.103s] -- Up-to-date: /home/sachin/ardu_ws/install/ardupilot_sitl_models/share/ardupilot_sitl_models/models/wildthumper/materials/textures/red_metal/red_metal_metallic.jpg
[0.103s] -- Up-to-date: /home/sachin/ardu_ws/install/ardupilot_sitl_models/share/ardupilot_sitl_models/models/wildthumper/materials/textures/red_metal/red_metal_diffuse.jpg
[0.103s] -- Up-to-date: /home/sachin/ardu_ws/install/ardupilot_sitl_models/share/ardupilot_sitl_models/models/wildthumper/materials/textures/red_metal/red_metal_roughness.jpg
[0.103s] -- Up-to-date: /home/sachin/ardu_ws/install/ardupilot_sitl_models/share/ardupilot_sitl_models/models/wildthumper/materials/textures/red_metal/red_metal_normal.jpg
[0.103s] -- Up-to-date: /home/sachin/ardu_ws/install/ardupilot_sitl_models/share/ardupilot_sitl_models/models/wildthumper/materials/textures/black_metal
[0.103s] -- Up-to-date: /home/sachin/ardu_ws/install/ardupilot_sitl_models/share/ardupilot_sitl_models/models/wildthumper/materials/textures/black_metal/black_metal_normal.jpg
[0.103s] -- Up-to-date: /home/sachin/ardu_ws/install/ardupilot_sitl_models/share/ardupilot_sitl_models/models/wildthumper/materials/textures/black_metal/black_metal_metallic.jpg
[0.103s] -- Up-to-date: /home/sachin/ardu_ws/install/ardupilot_sitl_models/share/ardupilot_sitl_models/models/wildthumper/materials/textures/black_metal/black_metal_diffuse.jpg
[0.103s] -- Up-to-date: /home/sachin/ardu_ws/install/ardupilot_sitl_models/share/ardupilot_sitl_models/models/wildthumper/materials/textures/black_metal/black_metal_roughness.jpg
[0.103s] -- Up-to-date: /home/sachin/ardu_ws/install/ardupilot_sitl_models/share/ardupilot_sitl_models/models/wildthumper/materials/textures/rubber_01
[0.103s] -- Up-to-date: /home/sachin/ardu_ws/install/ardupilot_sitl_models/share/ardupilot_sitl_models/models/wildthumper/materials/textures/rubber_01/rubber_01_diffuse.jpg
[0.103s] -- Up-to-date: /home/sachin/ardu_ws/install/ardupilot_sitl_models/share/ardupilot_sitl_models/models/wildthumper/materials/textures/rubber_01/rubber_01_normal.jpg
[0.103s] -- Up-to-date: /home/sachin/ardu_ws/install/ardupilot_sitl_models/share/ardupilot_sitl_models/models/wildthumper/materials/textures/rubber_01/rubber_01_roughness.jpg
[0.103s] -- Up-to-date: /home/sachin/ardu_ws/install/ardupilot_sitl_models/share/ardupilot_sitl_models/models/wildthumper/model.config
[0.103s] -- Up-to-date: /home/sachin/ardu_ws/install/ardupilot_sitl_models/share/ardupilot_sitl_models/models/rover_playpen
[0.103s] -- Up-to-date: /home/sachin/ardu_ws/install/ardupilot_sitl_models/share/ardupilot_sitl_models/models/rover_playpen/model.sdf
[0.103s] -- Up-to-date: /home/sachin/ardu_ws/install/ardupilot_sitl_models/share/ardupilot_sitl_models/models/rover_playpen/model.config
[0.103s] -- Up-to-date: /home/sachin/ardu_ws/install/ardupilot_sitl_models/share/ardupilot_sitl_models/models/wsc_aircraft
[0.103s] -- Up-to-date: /home/sachin/ardu_ws/install/ardupilot_sitl_models/share/ardupilot_sitl_models/models/wsc_aircraft/model.sdf
[0.104s] -- Up-to-date: /home/sachin/ardu_ws/install/ardupilot_sitl_models/share/ardupilot_sitl_models/models/wsc_aircraft/meshes
[0.104s] -- Up-to-date: /home/sachin/ardu_ws/install/ardupilot_sitl_models/share/ardupilot_sitl_models/models/wsc_aircraft/meshes/wing_root_right.dae
[0.104s] -- Up-to-date: /home/sachin/ardu_ws/install/ardupilot_sitl_models/share/ardupilot_sitl_models/models/wsc_aircraft/meshes/fuselage.dae
[0.104s] -- Up-to-date: /home/sachin/ardu_ws/install/ardupilot_sitl_models/share/ardupilot_sitl_models/models/wsc_aircraft/meshes/hang_block_pitch.dae
[0.104s] -- Up-to-date: /home/sachin/ardu_ws/install/ardupilot_sitl_models/share/ardupilot_sitl_models/models/wsc_aircraft/meshes/wing_root_right_2.dae
[0.104s] -- Up-to-date: /home/sachin/ardu_ws/install/ardupilot_sitl_models/share/ardupilot_sitl_models/models/wsc_aircraft/meshes/wing_tip_left.dae
[0.104s] -- Up-to-date: /home/sachin/ardu_ws/install/ardupilot_sitl_models/share/ardupilot_sitl_models/models/wsc_aircraft/meshes/landing_gear.dae
[0.104s] -- Up-to-date: /home/sachin/ardu_ws/install/ardupilot_sitl_models/share/ardupilot_sitl_models/models/wsc_aircraft/meshes/motor2.dae
[0.104s] -- Up-to-date: /home/sachin/ardu_ws/install/ardupilot_sitl_models/share/ardupilot_sitl_models/models/wsc_aircraft/meshes/front_wheel2.dae
[0.104s] -- Up-to-date: /home/sachin/ardu_ws/install/ardupilot_sitl_models/share/ardupilot_sitl_models/models/wsc_aircraft/meshes/motor1.dae
[0.104s] -- Up-to-date: /home/sachin/ardu_ws/install/ardupilot_sitl_models/share/ardupilot_sitl_models/models/wsc_aircraft/meshes/wing_tip_right.dae
[0.104s] -- Up-to-date: /home/sachin/ardu_ws/install/ardupilot_sitl_models/share/ardupilot_sitl_models/models/wsc_aircraft/meshes/wing_tip_right_2.dae
[0.104s] -- Up-to-date: /home/sachin/ardu_ws/install/ardupilot_sitl_models/share/ardupilot_sitl_models/models/wsc_aircraft/meshes/front_wheel1.dae
[0.104s] -- Up-to-date: /home/sachin/ardu_ws/install/ardupilot_sitl_models/share/ardupilot_sitl_models/models/wsc_aircraft/meshes/rear_wheel.dae
[0.104s] -- Up-to-date: /home/sachin/ardu_ws/install/ardupilot_sitl_models/share/ardupilot_sitl_models/models/wsc_aircraft/meshes/propeller_S.dae
[0.104s] -- Up-to-date: /home/sachin/ardu_ws/install/ardupilot_sitl_models/share/ardupilot_sitl_models/models/wsc_aircraft/meshes/wing_root_left_2.dae
[0.104s] -- Up-to-date: /home/sachin/ardu_ws/install/ardupilot_sitl_models/share/ardupilot_sitl_models/models/wsc_aircraft/meshes/battery.dae
[0.104s] -- Up-to-date: /home/sachin/ardu_ws/install/ardupilot_sitl_models/share/ardupilot_sitl_models/models/wsc_aircraft/meshes/wing_tip_left_2.dae
[0.104s] -- Up-to-date: /home/sachin/ardu_ws/install/ardupilot_sitl_models/share/ardupilot_sitl_models/models/wsc_aircraft/meshes/steering_link.dae
[0.104s] -- Up-to-date: /home/sachin/ardu_ws/install/ardupilot_sitl_models/share/ardupilot_sitl_models/models/wsc_aircraft/meshes/wing_root_left.dae
[0.104s] -- Up-to-date: /home/sachin/ardu_ws/install/ardupilot_sitl_models/share/ardupilot_sitl_models/models/wsc_aircraft/meshes/hang_block_roll.dae
[0.104s] -- Up-to-date: /home/sachin/ardu_ws/install/ardupilot_sitl_models/share/ardupilot_sitl_models/models/wsc_aircraft/model.config
[0.104s] -- Up-to-date: /home/sachin/ardu_ws/install/ardupilot_sitl_models/share/ardupilot_sitl_models/models/wsc_aircraft/gazebo-test.parm
[0.104s] -- Up-to-date: /home/sachin/ardu_ws/install/ardupilot_sitl_models/share/ardupilot_sitl_models/models/hexapod_copter
[0.104s] -- Up-to-date: /home/sachin/ardu_ws/install/ardupilot_sitl_models/share/ardupilot_sitl_models/models/hexapod_copter/model.sdf
[0.104s] -- Up-to-date: /home/sachin/ardu_ws/install/ardupilot_sitl_models/share/ardupilot_sitl_models/models/hexapod_copter/meshes
[0.104s] -- Up-to-date: /home/sachin/ardu_ws/install/ardupilot_sitl_models/share/ardupilot_sitl_models/models/hexapod_copter/meshes/iris_prop_ccw.dae
[0.104s] -- Up-to-date: /home/sachin/ardu_ws/install/ardupilot_sitl_models/share/ardupilot_sitl_models/models/hexapod_copter/meshes/iris_prop_cw.dae
[0.104s] -- Up-to-date: /home/sachin/ardu_ws/install/ardupilot_sitl_models/share/ardupilot_sitl_models/models/hexapod_copter/model.config
[0.104s] -- Up-to-date: /home/sachin/ardu_ws/install/ardupilot_sitl_models/share/ardupilot_sitl_models/worlds
[0.104s] -- Up-to-date: /home/sachin/ardu_ws/install/ardupilot_sitl_models/share/ardupilot_sitl_models/worlds/daf_truck_runway.sdf
[0.105s] -- Up-to-date: /home/sachin/ardu_ws/install/ardupilot_sitl_models/share/ardupilot_sitl_models/worlds/skywalker_x8_runway.sdf
[0.105s] -- Up-to-date: /home/sachin/ardu_ws/install/ardupilot_sitl_models/share/ardupilot_sitl_models/worlds/rover_playpen.sdf
[0.105s] -- Up-to-date: /home/sachin/ardu_ws/install/ardupilot_sitl_models/share/ardupilot_sitl_models/worlds/skywalker_x8_quad_runway.sdf
[0.105s] -- Up-to-date: /home/sachin/ardu_ws/install/ardupilot_sitl_models/share/ardupilot_sitl_models/worlds/skycat_runway.sdf
[0.105s] -- Up-to-date: /home/sachin/ardu_ws/install/ardupilot_sitl_models/share/ardupilot_sitl_models/worlds/r1_rover_runway.sdf
[0.105s] -- Up-to-date: /home/sachin/ardu_ws/install/ardupilot_sitl_models/share/ardupilot_sitl_models/worlds/wildthumper_playpen.sdf
[0.105s] -- Up-to-date: /home/sachin/ardu_ws/install/ardupilot_sitl_models/share/ardupilot_sitl_models/worlds/truck_quadplane_landing.sdf.erb
[0.105s] -- Up-to-date: /home/sachin/ardu_ws/install/ardupilot_sitl_models/share/ardupilot_sitl_models/worlds/hexapod_copter_runway.sdf
[0.105s] -- Up-to-date: /home/sachin/ardu_ws/install/ardupilot_sitl_models/share/ardupilot_sitl_models/worlds/bicopter_runway.sdf
[0.105s] -- Up-to-date: /home/sachin/ardu_ws/install/ardupilot_sitl_models/share/ardupilot_sitl_models/worlds/swan_k1_hwing_runway.sdf
[0.105s] -- Up-to-date: /home/sachin/ardu_ws/install/ardupilot_sitl_models/share/ardupilot_sitl_models/worlds/wsc_aircraft_runway.sdf
[0.105s] -- Up-to-date: /home/sachin/ardu_ws/install/ardupilot_sitl_models/share/ardupilot_sitl_models/worlds/catamaran_waves.sdf
[0.105s] -- Up-to-date: /home/sachin/ardu_ws/install/ardupilot_sitl_models/share/ardupilot_sitl_models/worlds/quadruped_runway.sdf
[0.105s] -- Up-to-date: /home/sachin/ardu_ws/install/ardupilot_sitl_models/share/ardupilot_sitl_models/worlds/alti_transition_runway.sdf
[0.105s] -- Up-to-date: /home/sachin/ardu_ws/install/ardupilot_sitl_models/share/ardupilot_sitl_models/worlds/sonoma_raceway.sdf
[0.105s] -- Up-to-date: /home/sachin/ardu_ws/install/ardupilot_sitl_models/share/ardupilot_sitl_models/worlds/wildthumper_runway.sdf
[0.105s] -- Up-to-date: /home/sachin/ardu_ws/install/ardupilot_sitl_models/share/ardupilot_sitl_models/worlds/sawppy_playpen.sdf
[0.105s] -- Up-to-date: /home/sachin/ardu_ws/install/ardupilot_sitl_models/share/ardupilot_sitl_models/environment/ardupilot_sitl_models.dsv
[0.105s] -- Up-to-date: /home/sachin/ardu_ws/install/ardupilot_sitl_models/share/ardupilot_sitl_models/environment/ardupilot_sitl_models.sh
[0.105s] -- Up-to-date: /home/sachin/ardu_ws/install/ardupilot_sitl_models/share/ament_index/resource_index/package_run_dependencies/ardupilot_sitl_models
[0.105s] -- Up-to-date: /home/sachin/ardu_ws/install/ardupilot_sitl_models/share/ament_index/resource_index/parent_prefix_path/ardupilot_sitl_models
[0.105s] -- Up-to-date: /home/sachin/ardu_ws/install/ardupilot_sitl_models/share/ardupilot_sitl_models/environment/ament_prefix_path.sh
[0.105s] -- Up-to-date: /home/sachin/ardu_ws/install/ardupilot_sitl_models/share/ardupilot_sitl_models/environment/ament_prefix_path.dsv
[0.105s] -- Up-to-date: /home/sachin/ardu_ws/install/ardupilot_sitl_models/share/ardupilot_sitl_models/environment/path.sh
[0.105s] -- Up-to-date: /home/sachin/ardu_ws/install/ardupilot_sitl_models/share/ardupilot_sitl_models/environment/path.dsv
[0.105s] -- Up-to-date: /home/sachin/ardu_ws/install/ardupilot_sitl_models/share/ardupilot_sitl_models/local_setup.bash
[0.105s] -- Up-to-date: /home/sachin/ardu_ws/install/ardupilot_sitl_models/share/ardupilot_sitl_models/local_setup.sh
[0.105s] -- Up-to-date: /home/sachin/ardu_ws/install/ardupilot_sitl_models/share/ardupilot_sitl_models/local_setup.zsh
[0.105s] -- Up-to-date: /home/sachin/ardu_ws/install/ardupilot_sitl_models/share/ardupilot_sitl_models/local_setup.dsv
[0.105s] -- Installing: /home/sachin/ardu_ws/install/ardupilot_sitl_models/share/ardupilot_sitl_models/package.dsv
[0.106s] -- Up-to-date: /home/sachin/ardu_ws/install/ardupilot_sitl_models/share/ament_index/resource_index/packages/ardupilot_sitl_models
[0.106s] -- Up-to-date: /home/sachin/ardu_ws/install/ardupilot_sitl_models/share/ardupilot_sitl_models/cmake/ardupilot_sitl_modelsConfig.cmake
[0.106s] -- Up-to-date: /home/sachin/ardu_ws/install/ardupilot_sitl_models/share/ardupilot_sitl_models/cmake/ardupilot_sitl_modelsConfig-version.cmake
[0.106s] -- Up-to-date: /home/sachin/ardu_ws/install/ardupilot_sitl_models/share/ardupilot_sitl_models/package.xml
[0.106s] Invoked command in '/home/sachin/ardu_ws/build/ardupilot_sitl_models' returned '0': CMAKE_PREFIX_PATH=/home/sachin/ardu_ws/install/ardupilot_gazebo:/home/sachin/ardu_ws/install/ardupilot_gz_bringup:/home/sachin/ardu_ws/install/sdformat_urdf:/home/sachin/ardu_ws/install/sdformat_test_files:/home/sachin/ardu_ws/install/ardupilot_sitl:/home/sachin/ardu_ws/install/micro_ros_agent:/home/sachin/ardu_ws/install/ardupilot_sitl_models:/home/sachin/ardu_ws/install/ardupilot_msgs:/home/sachin/ardu_ws/install/ardupilot_gz_gazebo:/home/sachin/ardu_ws/install/ardupilot_gz_description:/home/sachin/ardu_ws/install/ardupilot_gz_application:/opt/ros/jazzy/opt/gz_sim_vendor:/opt/ros/jazzy/opt/gz_sensors_vendor:/opt/ros/jazzy/opt/gz_physics_vendor:/opt/ros/jazzy/opt/sdformat_vendor:/opt/ros/jazzy/opt/gz_gui_vendor:/opt/ros/jazzy/opt/gz_transport_vendor:/opt/ros/jazzy/opt/gz_rendering_vendor:/opt/ros/jazzy/opt/gz_plugin_vendor:/opt/ros/jazzy/opt/gz_fuel_tools_vendor:/opt/ros/jazzy/opt/gz_msgs_vendor:/opt/ros/jazzy/opt/gz_common_vendor:/opt/ros/jazzy/opt/gz_math_vendor:/opt/ros/jazzy/opt/gz_utils_vendor:/opt/ros/jazzy/opt/gz_tools_vendor:/opt/ros/jazzy/opt/gz_ogre_next_vendor:/opt/ros/jazzy/opt/gz_dartsim_vendor:/opt/ros/jazzy/opt/gz_cmake_vendor:/home/sachin/ardu_ws/install/ardupilot_dds_tests:/opt/ros/jazzy DEBUGINFOD_URLS=https://debuginfod.ubuntu.com GZ_SIM_PLUGIN_PATH=/home/sachin/ardu_ws/install/ardupilot_gazebo/lib/ardupilot_gazebo GZ_SIM_RESOURCE_PATH=/home/sachin/ardu_ws/install/ardupilot_gazebo/share/ardupilot_gazebo/worlds:/home/sachin/ardu_ws/install/ardupilot_gazebo/share/ardupilot_gazebo/models:${GZ_SIM_RESOURCE_PATH} PS1=(.ros2_venv) \[\e]0;\u@\h: \w\a\]${debian_chroot:+($debian_chroot)}\[\033[01;32m\]\u@\h\[\033[00m\]:\[\033[01;34m\]\w\[\033[00m\]\$ VIRTUAL_ENV_PROMPT=(.ros2_venv) /usr/bin/cmake --install /home/sachin/ardu_ws/build/ardupilot_sitl_models
