[0.041s] Invoking command in '/home/sachin/ardu_ws/build/ardupilot_gz_description': CMAKE_PREFIX_PATH=${CMAKE_PREFIX_PATH}:/opt/ros/jazzy DEBUGINFOD_URLS=https://debuginfod.ubuntu.com PS1=(.ros2_venv) \[\e]0;\u@\h: \w\a\]${debian_chroot:+($debian_chroot)}\[\033[01;32m\]\u@\h\[\033[00m\]:\[\033[01;34m\]\w\[\033[00m\]\$ VIRTUAL_ENV_PROMPT=(.ros2_venv) /usr/bin/cmake --build /home/sachin/ardu_ws/build/ardupilot_gz_description -- -j12 -l12
[0.150s] Invoked command in '/home/sachin/ardu_ws/build/ardupilot_gz_description' returned '0': CMAKE_PREFIX_PATH=${CMAKE_PREFIX_PATH}:/opt/ros/jazzy DEBUGINFOD_URLS=https://debuginfod.ubuntu.com PS1=(.ros2_venv) \[\e]0;\u@\h: \w\a\]${debian_chroot:+($debian_chroot)}\[\033[01;32m\]\u@\h\[\033[00m\]:\[\033[01;34m\]\w\[\033[00m\]\$ VIRTUAL_ENV_PROMPT=(.ros2_venv) /usr/bin/cmake --build /home/sachin/ardu_ws/build/ardupilot_gz_description -- -j12 -l12
[0.173s] Invoking command in '/home/sachin/ardu_ws/build/ardupilot_gz_description': CMAKE_PREFIX_PATH=${CMAKE_PREFIX_PATH}:/opt/ros/jazzy DEBUGINFOD_URLS=https://debuginfod.ubuntu.com PS1=(.ros2_venv) \[\e]0;\u@\h: \w\a\]${debian_chroot:+($debian_chroot)}\[\033[01;32m\]\u@\h\[\033[00m\]:\[\033[01;34m\]\w\[\033[00m\]\$ VIRTUAL_ENV_PROMPT=(.ros2_venv) /usr/bin/cmake --install /home/sachin/ardu_ws/build/ardupilot_gz_description
[0.190s] -- Install configuration: ""
[0.192s] -- Up-to-date: /home/sachin/ardu_ws/install/ardupilot_gz_description/share/ardupilot_gz_description/models
[0.192s] -- Up-to-date: /home/sachin/ardu_ws/install/ardupilot_gz_description/share/ardupilot_gz_description/models/lidar_3d
[0.193s] -- Up-to-date: /home/sachin/ardu_ws/install/ardupilot_gz_description/share/ardupilot_gz_description/models/lidar_3d/model.sdf
[0.193s] -- Up-to-date: /home/sachin/ardu_ws/install/ardupilot_gz_description/share/ardupilot_gz_description/models/lidar_3d/model.config
[0.193s] -- Up-to-date: /home/sachin/ardu_ws/install/ardupilot_gz_description/share/ardupilot_gz_description/models/iris_with_lidar
[0.193s] -- Up-to-date: /home/sachin/ardu_ws/install/ardupilot_gz_description/share/ardupilot_gz_description/models/iris_with_lidar/model.sdf
[0.194s] -- Up-to-date: /home/sachin/ardu_ws/install/ardupilot_gz_description/share/ardupilot_gz_description/models/iris_with_lidar/model.config
[0.194s] -- Up-to-date: /home/sachin/ardu_ws/install/ardupilot_gz_description/share/ardupilot_gz_description/models/lidar_2d
[0.194s] -- Up-to-date: /home/sachin/ardu_ws/install/ardupilot_gz_description/share/ardupilot_gz_description/models/lidar_2d/model.sdf
[0.194s] -- Up-to-date: /home/sachin/ardu_ws/install/ardupilot_gz_description/share/ardupilot_gz_description/models/lidar_2d/model.config
[0.195s] -- Up-to-date: /home/sachin/ardu_ws/install/ardupilot_gz_description/share/ardupilot_gz_description/environment/ardupilot_gz_description.dsv
[0.195s] -- Up-to-date: /home/sachin/ardu_ws/install/ardupilot_gz_description/share/ardupilot_gz_description/environment/ardupilot_gz_description.sh
[0.195s] -- Up-to-date: /home/sachin/ardu_ws/install/ardupilot_gz_description/share/ament_index/resource_index/package_run_dependencies/ardupilot_gz_description
[0.197s] -- Up-to-date: /home/sachin/ardu_ws/install/ardupilot_gz_description/share/ament_index/resource_index/parent_prefix_path/ardupilot_gz_description
[0.197s] -- Up-to-date: /home/sachin/ardu_ws/install/ardupilot_gz_description/share/ardupilot_gz_description/environment/ament_prefix_path.sh
[0.198s] -- Up-to-date: /home/sachin/ardu_ws/install/ardupilot_gz_description/share/ardupilot_gz_description/environment/ament_prefix_path.dsv
[0.198s] -- Up-to-date: /home/sachin/ardu_ws/install/ardupilot_gz_description/share/ardupilot_gz_description/environment/path.sh
[0.198s] -- Up-to-date: /home/sachin/ardu_ws/install/ardupilot_gz_description/share/ardupilot_gz_description/environment/path.dsv
[0.199s] -- Up-to-date: /home/sachin/ardu_ws/install/ardupilot_gz_description/share/ardupilot_gz_description/local_setup.bash
[0.199s] -- Up-to-date: /home/sachin/ardu_ws/install/ardupilot_gz_description/share/ardupilot_gz_description/local_setup.sh
[0.199s] -- Up-to-date: /home/sachin/ardu_ws/install/ardupilot_gz_description/share/ardupilot_gz_description/local_setup.zsh
[0.200s] -- Up-to-date: /home/sachin/ardu_ws/install/ardupilot_gz_description/share/ardupilot_gz_description/local_setup.dsv
[0.200s] -- Installing: /home/sachin/ardu_ws/install/ardupilot_gz_description/share/ardupilot_gz_description/package.dsv
[0.200s] -- Up-to-date: /home/sachin/ardu_ws/install/ardupilot_gz_description/share/ament_index/resource_index/packages/ardupilot_gz_description
[0.200s] -- Up-to-date: /home/sachin/ardu_ws/install/ardupilot_gz_description/share/ardupilot_gz_description/cmake/ardupilot_gz_descriptionConfig.cmake
[0.200s] -- Up-to-date: /home/sachin/ardu_ws/install/ardupilot_gz_description/share/ardupilot_gz_description/cmake/ardupilot_gz_descriptionConfig-version.cmake
[0.201s] -- Up-to-date: /home/sachin/ardu_ws/install/ardupilot_gz_description/share/ardupilot_gz_description/package.xml
[0.207s] Invoked command in '/home/sachin/ardu_ws/build/ardupilot_gz_description' returned '0': CMAKE_PREFIX_PATH=${CMAKE_PREFIX_PATH}:/opt/ros/jazzy DEBUGINFOD_URLS=https://debuginfod.ubuntu.com PS1=(.ros2_venv) \[\e]0;\u@\h: \w\a\]${debian_chroot:+($debian_chroot)}\[\033[01;32m\]\u@\h\[\033[00m\]:\[\033[01;34m\]\w\[\033[00m\]\$ VIRTUAL_ENV_PROMPT=(.ros2_venv) /usr/bin/cmake --install /home/sachin/ardu_ws/build/ardupilot_gz_description
