[0.012s] Invoking command in '/home/sachin/ardu_ws/build/ardupilot_gz_description': CMAKE_PREFIX_PATH=${CMAKE_PREFIX_PATH}:/home/sachin/ardu_ws/install/ardupilot_dds_tests:/opt/ros/jazzy DEBUGINFOD_URLS=https://debuginfod.ubuntu.com PS1=(.ros2_venv) \[\e]0;\u@\h: \w\a\]${debian_chroot:+($debian_chroot)}\[\033[01;32m\]\u@\h\[\033[00m\]:\[\033[01;34m\]\w\[\033[00m\]\$ VIRTUAL_ENV_PROMPT=(.ros2_venv) /usr/bin/cmake /home/sachin/ardu_ws/src/ardupilot_gz/ardupilot_gz_description -DCMAKE_INSTALL_PREFIX=/home/sachin/ardu_ws/install/ardupilot_gz_description
[0.072s] -- The C compiler identification is GNU 13.3.0
[0.120s] -- The CXX compiler identification is GNU 13.3.0
[0.137s] -- Detecting C compiler ABI info
[0.200s] -- Detecting C compiler ABI info - done
[0.206s] -- Check for working C compiler: /usr/lib/ccache/cc - skipped
[0.206s] -- Detecting C compile features
[0.206s] -- Detecting C compile features - done
[0.215s] -- Detecting CXX compiler ABI info
[0.295s] -- Detecting CXX compiler ABI info - done
[0.307s] -- Check for working CXX compiler: /usr/lib/ccache/c++ - skipped
[0.307s] -- Detecting CXX compile features
[0.308s] -- Detecting CXX compile features - done
[0.312s] -- Found ament_cmake: 2.5.6 (/opt/ros/jazzy/share/ament_cmake/cmake)
[0.415s] -- Found Python3: /home/sachin/.ros2_venv/bin/python3 (found version "3.12.3") found components: Interpreter 
[0.537s] -- Found ament_lint_auto: 0.17.5 (/opt/ros/jazzy/share/ament_lint_auto/cmake)
[0.642s] -- Added test 'copyright' to check source files copyright and LICENSE
[0.643s] -- Added test 'lint_cmake' to check CMake code style
[0.645s] -- Added test 'xmllint' to check XML markup files
[0.646s] -- Configuring done (0.6s)
[0.648s] -- Generating done (0.0s)
[0.649s] -- Build files have been written to: /home/sachin/ardu_ws/build/ardupilot_gz_description
[0.653s] Invoked command in '/home/sachin/ardu_ws/build/ardupilot_gz_description' returned '0': CMAKE_PREFIX_PATH=${CMAKE_PREFIX_PATH}:/home/sachin/ardu_ws/install/ardupilot_dds_tests:/opt/ros/jazzy DEBUGINFOD_URLS=https://debuginfod.ubuntu.com PS1=(.ros2_venv) \[\e]0;\u@\h: \w\a\]${debian_chroot:+($debian_chroot)}\[\033[01;32m\]\u@\h\[\033[00m\]:\[\033[01;34m\]\w\[\033[00m\]\$ VIRTUAL_ENV_PROMPT=(.ros2_venv) /usr/bin/cmake /home/sachin/ardu_ws/src/ardupilot_gz/ardupilot_gz_description -DCMAKE_INSTALL_PREFIX=/home/sachin/ardu_ws/install/ardupilot_gz_description
[0.654s] Invoking command in '/home/sachin/ardu_ws/build/ardupilot_gz_description': CMAKE_PREFIX_PATH=${CMAKE_PREFIX_PATH}:/home/sachin/ardu_ws/install/ardupilot_dds_tests:/opt/ros/jazzy DEBUGINFOD_URLS=https://debuginfod.ubuntu.com PS1=(.ros2_venv) \[\e]0;\u@\h: \w\a\]${debian_chroot:+($debian_chroot)}\[\033[01;32m\]\u@\h\[\033[00m\]:\[\033[01;34m\]\w\[\033[00m\]\$ VIRTUAL_ENV_PROMPT=(.ros2_venv) /usr/bin/cmake --build /home/sachin/ardu_ws/build/ardupilot_gz_description -- -j12 -l12
[0.694s] Invoked command in '/home/sachin/ardu_ws/build/ardupilot_gz_description' returned '0': CMAKE_PREFIX_PATH=${CMAKE_PREFIX_PATH}:/home/sachin/ardu_ws/install/ardupilot_dds_tests:/opt/ros/jazzy DEBUGINFOD_URLS=https://debuginfod.ubuntu.com PS1=(.ros2_venv) \[\e]0;\u@\h: \w\a\]${debian_chroot:+($debian_chroot)}\[\033[01;32m\]\u@\h\[\033[00m\]:\[\033[01;34m\]\w\[\033[00m\]\$ VIRTUAL_ENV_PROMPT=(.ros2_venv) /usr/bin/cmake --build /home/sachin/ardu_ws/build/ardupilot_gz_description -- -j12 -l12
[0.695s] Invoking command in '/home/sachin/ardu_ws/build/ardupilot_gz_description': CMAKE_PREFIX_PATH=${CMAKE_PREFIX_PATH}:/home/sachin/ardu_ws/install/ardupilot_dds_tests:/opt/ros/jazzy DEBUGINFOD_URLS=https://debuginfod.ubuntu.com PS1=(.ros2_venv) \[\e]0;\u@\h: \w\a\]${debian_chroot:+($debian_chroot)}\[\033[01;32m\]\u@\h\[\033[00m\]:\[\033[01;34m\]\w\[\033[00m\]\$ VIRTUAL_ENV_PROMPT=(.ros2_venv) /usr/bin/cmake --install /home/sachin/ardu_ws/build/ardupilot_gz_description
[0.700s] -- Install configuration: ""
[0.700s] -- Installing: /home/sachin/ardu_ws/install/ardupilot_gz_description/share/ardupilot_gz_description/models
[0.700s] -- Installing: /home/sachin/ardu_ws/install/ardupilot_gz_description/share/ardupilot_gz_description/models/lidar_3d
[0.700s] -- Installing: /home/sachin/ardu_ws/install/ardupilot_gz_description/share/ardupilot_gz_description/models/lidar_3d/model.sdf
[0.700s] -- Installing: /home/sachin/ardu_ws/install/ardupilot_gz_description/share/ardupilot_gz_description/models/lidar_3d/model.config
[0.701s] -- Installing: /home/sachin/ardu_ws/install/ardupilot_gz_description/share/ardupilot_gz_description/models/iris_with_lidar
[0.701s] -- Installing: /home/sachin/ardu_ws/install/ardupilot_gz_description/share/ardupilot_gz_description/models/iris_with_lidar/model.sdf
[0.701s] -- Installing: /home/sachin/ardu_ws/install/ardupilot_gz_description/share/ardupilot_gz_description/models/iris_with_lidar/model.config
[0.701s] -- Installing: /home/sachin/ardu_ws/install/ardupilot_gz_description/share/ardupilot_gz_description/models/lidar_2d
[0.701s] -- Installing: /home/sachin/ardu_ws/install/ardupilot_gz_description/share/ardupilot_gz_description/models/lidar_2d/model.sdf
[0.701s] -- Installing: /home/sachin/ardu_ws/install/ardupilot_gz_description/share/ardupilot_gz_description/models/lidar_2d/model.config
[0.701s] -- Installing: /home/sachin/ardu_ws/install/ardupilot_gz_description/share/ardupilot_gz_description/environment/ardupilot_gz_description.dsv
[0.701s] -- Installing: /home/sachin/ardu_ws/install/ardupilot_gz_description/share/ardupilot_gz_description/environment/ardupilot_gz_description.sh
[0.701s] -- Installing: /home/sachin/ardu_ws/install/ardupilot_gz_description/share/ament_index/resource_index/package_run_dependencies/ardupilot_gz_description
[0.702s] -- Installing: /home/sachin/ardu_ws/install/ardupilot_gz_description/share/ament_index/resource_index/parent_prefix_path/ardupilot_gz_description
[0.702s] -- Installing: /home/sachin/ardu_ws/install/ardupilot_gz_description/share/ardupilot_gz_description/environment/ament_prefix_path.sh
[0.702s] -- Installing: /home/sachin/ardu_ws/install/ardupilot_gz_description/share/ardupilot_gz_description/environment/ament_prefix_path.dsv
[0.702s] -- Installing: /home/sachin/ardu_ws/install/ardupilot_gz_description/share/ardupilot_gz_description/environment/path.sh
[0.702s] -- Installing: /home/sachin/ardu_ws/install/ardupilot_gz_description/share/ardupilot_gz_description/environment/path.dsv
[0.702s] -- Installing: /home/sachin/ardu_ws/install/ardupilot_gz_description/share/ardupilot_gz_description/local_setup.bash
[0.702s] -- Installing: /home/sachin/ardu_ws/install/ardupilot_gz_description/share/ardupilot_gz_description/local_setup.sh
[0.702s] -- Installing: /home/sachin/ardu_ws/install/ardupilot_gz_description/share/ardupilot_gz_description/local_setup.zsh
[0.702s] -- Installing: /home/sachin/ardu_ws/install/ardupilot_gz_description/share/ardupilot_gz_description/local_setup.dsv
[0.702s] -- Installing: /home/sachin/ardu_ws/install/ardupilot_gz_description/share/ardupilot_gz_description/package.dsv
[0.703s] -- Installing: /home/sachin/ardu_ws/install/ardupilot_gz_description/share/ament_index/resource_index/packages/ardupilot_gz_description
[0.703s] -- Installing: /home/sachin/ardu_ws/install/ardupilot_gz_description/share/ardupilot_gz_description/cmake/ardupilot_gz_descriptionConfig.cmake
[0.703s] -- Installing: /home/sachin/ardu_ws/install/ardupilot_gz_description/share/ardupilot_gz_description/cmake/ardupilot_gz_descriptionConfig-version.cmake
[0.703s] -- Installing: /home/sachin/ardu_ws/install/ardupilot_gz_description/share/ardupilot_gz_description/package.xml
[0.704s] Invoked command in '/home/sachin/ardu_ws/build/ardupilot_gz_description' returned '0': CMAKE_PREFIX_PATH=${CMAKE_PREFIX_PATH}:/home/sachin/ardu_ws/install/ardupilot_dds_tests:/opt/ros/jazzy DEBUGINFOD_URLS=https://debuginfod.ubuntu.com PS1=(.ros2_venv) \[\e]0;\u@\h: \w\a\]${debian_chroot:+($debian_chroot)}\[\033[01;32m\]\u@\h\[\033[00m\]:\[\033[01;34m\]\w\[\033[00m\]\$ VIRTUAL_ENV_PROMPT=(.ros2_venv) /usr/bin/cmake --install /home/sachin/ardu_ws/build/ardupilot_gz_description
