[0.011s] Invoking command in '/home/sachin/ardu_ws/build/ardupilot_sitl': CMAKE_PREFIX_PATH=/home/sachin/ardu_ws/install/micro_ros_agent:/home/sachin/ardu_ws/install/ardupilot_msgs:/home/sachin/ardu_ws/install/ardupilot_gz_bringup:/home/sachin/ardu_ws/install/ardupilot_sitl:/home/sachin/ardu_ws/install/ardupilot_sitl_models:/home/sachin/ardu_ws/install/ardupilot_gz_gazebo:/home/sachin/ardu_ws/install/ardupilot_gz_description:/home/sachin/ardu_ws/install/ardupilot_gz_application:/home/sachin/ardu_ws/install/ardupilot_gazebo:/opt/ros/jazzy/opt/gz_sim_vendor:/opt/ros/jazzy/opt/gz_sensors_vendor:/opt/ros/jazzy/opt/gz_physics_vendor:/opt/ros/jazzy/opt/sdformat_vendor:/opt/ros/jazzy/opt/gz_gui_vendor:/opt/ros/jazzy/opt/gz_transport_vendor:/opt/ros/jazzy/opt/gz_rendering_vendor:/opt/ros/jazzy/opt/gz_plugin_vendor:/opt/ros/jazzy/opt/gz_fuel_tools_vendor:/opt/ros/jazzy/opt/gz_msgs_vendor:/opt/ros/jazzy/opt/gz_common_vendor:/opt/ros/jazzy/opt/gz_math_vendor:/opt/ros/jazzy/opt/gz_utils_vendor:/opt/ros/jazzy/opt/gz_tools_vendor:/opt/ros/jazzy/opt/gz_ogre_next_vendor:/opt/ros/jazzy/opt/gz_dartsim_vendor:/opt/ros/jazzy/opt/gz_cmake_vendor:/home/sachin/ardu_ws/install/ardupilot_dds_tests:/opt/ros/jazzy DEBUGINFOD_URLS=https://debuginfod.ubuntu.com PS1=(.ros2_venv) \[\e]0;\u@\h: \w\a\]${debian_chroot:+($debian_chroot)}\[\033[01;32m\]\u@\h\[\033[00m\]:\[\033[01;34m\]\w\[\033[00m\]\$ PYTHONPATH=/home/sachin/ardu_ws/install/ardupilot_msgs/lib/python3.12/site-packages:/home/sachin/ardu_ws/install/ardupilot_dds_tests/lib/python3.12/site-packages:/home/sachin/ardu_ws/install/ardupilot_sitl/lib/python3.12/site-packages:/opt/ros/jazzy/opt/gz_sim_vendor/lib/python:/opt/ros/jazzy/lib/python3.12/site-packages VIRTUAL_ENV_PROMPT=(.ros2_venv) /usr/bin/cmake --build /home/sachin/ardu_ws/build/ardupilot_sitl -- -j12 -l12
[0.060s] Built target ament_cmake_python_copy_ardupilot_sitl
[0.195s] running egg_info
[0.211s] writing ardupilot_sitl.egg-info/PKG-INFO
[0.212s] writing dependency_links to ardupilot_sitl.egg-info/dependency_links.txt
[0.212s] writing top-level names to ardupilot_sitl.egg-info/top_level.txt
[0.255s] reading manifest file 'ardupilot_sitl.egg-info/SOURCES.txt'
[0.256s] writing manifest file 'ardupilot_sitl.egg-info/SOURCES.txt'
[0.281s] Built target ament_cmake_python_build_ardupilot_sitl_egg
[0.313s] [32m[0mSetting top to                           :[0m [0m[32m[32m/home/sachin/ardu_ws/src/ardupilot[0m [0m
[0.313s] [32m[0mSetting out to                           :[0m [0m[32m[32m/home/sachin/ardu_ws/src/ardupilot/build[0m [0m
[0.321s] [32m[0mAutoconfiguration                        :[0m [0m[32m[32menabled[0m [0m
[0.321s] [32m[0mChecking for program 'python'            :[0m [0m[32m[32m/home/sachin/.ros2_venv/bin/python3[0m [0m
[0.526s] [32m[0mChecking for python version >= 3.9.0     :[0m [0m[32m[32m3.12.3[0m [0m
[0.532s] [32m[0mSetting board to                         :[0m [0m[32m[32msitl[0m [0m
[0.533s] Processing /home/sachin/ardu_ws/src/ardupilot/libraries/AP_HAL_SITL/hwdef/sitl/hwdef.dat
[0.533s] Writing hwdef setup in /home/sachin/ardu_ws/src/ardupilot/build/sitl/hwdef.h
[0.534s] [32m[0mUsing toolchain                          :[0m [0m[32m[32mnative[0m [0m
[0.579s] [32m[0mChecking for 'g++' (C++ compiler)        :[0m [0m[32m[32m/usr/lib/ccache/g++[0m [0m
[0.598s] [32m[0mChecking for 'gcc' (C compiler)          :[0m [0m[32m[32m/usr/lib/ccache/gcc[0m [0m
[0.609s] [32m[0mChecking for c flags '-MMD'              :[0m [0m[32m[32myes[0m [0m
[0.614s] [32m[0mChecking for cxx flags '-MMD'            :[0m [0m[32m[32myes[0m [0m
[0.614s] [32m[0mCXX Compiler                             :[0m [0m[32m[32mg++ 13.3.0[0m [0m
[0.664s] [32m[0mChecking for need to link with librt     :[0m [0m[32m[32mnot necessary[0m [0m
[0.694s] [32m[0mChecking for feenableexcept              :[0m [0m[32m[32myes[0m [0m
[0.694s] [32m[0mEnabling -Werror                         :[0m [0m[32m[32mno[0m [0m
[0.695s] [32m[0mEnabled OpenDroneID                      :[0m [0m[32m[33mno[0m [0m
[0.695s] [32m[0mEnabled firmware ID checking             :[0m [0m[32m[33mno[0m [0m
[0.695s] [32m[0mGPS Debug Logging                        :[0m [0m[32m[33mno[0m [0m
[0.695s] [32m[0mEnabled DDS                              :[0m [0m[32m[32myes[0m [0m
[0.730s] [32m[0mChecking for HAVE_CMATH_ISFINITE         :[0m [0m[32m[32myes[0m [0m
[0.758s] [32m[0mChecking for HAVE_CMATH_ISINF            :[0m [0m[32m[32myes[0m [0m
[0.789s] [32m[0mChecking for HAVE_CMATH_ISNAN            :[0m [0m[32m[32myes[0m [0m
[0.819s] [32m[0mChecking for NEED_CMATH_ISFINITE_STD_NAMESPACE :[0m [0m[32m[32myes[0m [0m
[0.846s] [32m[0mChecking for NEED_CMATH_ISINF_STD_NAMESPACE    :[0m [0m[32m[32myes[0m [0m
[0.875s] [32m[0mChecking for NEED_CMATH_ISNAN_STD_NAMESPACE    :[0m [0m[32m[32myes[0m [0m
[0.904s] [32m[0mChecking for header endian.h                   :[0m [0m[32m[32myes[0m [0m
[0.933s] [32m[0mChecking for header byteswap.h                 :[0m [0m[32m[32myes[0m [0m
[0.962s] [32m[0mChecking for HAVE_MEMRCHR                      :[0m [0m[32m[32myes[0m [0m
[0.963s] [32m[0mConfigured VSCode Intellisense:                :[0m [0m[32m[33mno[0m [0m
[0.966s] [32m[0mDC_DSDL compiler in                            :[0m [0m[32m[32m/home/sachin/ardu_ws/src/ardupilot/modules/DroneCAN/dronecan_dsdlc[0m [0m
[0.966s] [32m[0mSource is git repository                       :[0m [0m[32m[32myes[0m [0m
[0.967s] [32m[0mUpdate submodules                              :[0m [0m[32m[32myes[0m [0m
[0.968s] [32m[0mChecking for program 'git'                     :[0m [0m[32m[32m/usr/bin/git[0m [0m
[0.968s] [32m[0mLittlefs                                       :[0m [0m[32m[33mdisabled[0m [0m
[0.969s] [32m[0mChecking for program 'size'                    :[0m [0m[32m[32m/usr/bin/size[0m [0m
[0.969s] [32m[0mBenchmarks                                     :[0m [0m[32m[33mdisabled[0m [0m
[0.969s] [32m[0mUnit tests                                     :[0m [0m[32m[32menabled[0m [0m
[0.969s] [32m[0mScripting                                      :[0m [0m[32m[32mmaybe[0m [0m
[0.979s] [32m[0mChecking for program 'microxrceddsgen'         :[0m [0m[32m[32m/home/sachin/ardu_ws/Micro-XRCE-DDS-Gen/scripts/microxrceddsgen[0m [0m
[0.985s] [32m[0mScripting runtime checks                       :[0m [0m[32m[32menabled[0m [0m
[0.985s] [32m[0mDebug build                                    :[0m [0m[32m[33mdisabled[0m [0m
[0.985s] [32m[0mCoverage build                                 :[0m [0m[32m[33mdisabled[0m [0m
[0.985s] [32m[0mConsistent build                               :[0m [0m[32m[33mdisabled[0m [0m
[0.985s] [32m[0mForce 32-bit build                             :[0m [0m[32m[33mdisabled[0m [0m
[0.985s] [32m[0mChecking for program 'rsync'                   :[0m [0m[32m[32m/usr/bin/rsync[0m [0m
[0.985s] [32mRemoving target_list file /home/sachin/ardu_ws/src/ardupilot/build/sitl/target_list[0m
[1.032s] [32m'configure' finished successfully (0.719s)[0m
[1.058s] Built target ardupilot_configure
[1.277s] [32mWaf: Entering directory `/home/sachin/ardu_ws/src/ardupilot/build/sitl'[0m
[1.359s] Embedding file default_params/airsim-quadX.parm:Tools/autotest/default_params/airsim-quadX.parm
[1.359s] Embedding file default_params/airsim-rover.parm:Tools/autotest/default_params/airsim-rover.parm
[1.360s] Embedding file default_params/balancebot.parm:Tools/autotest/default_params/balancebot.parm
[1.360s] Embedding file default_params/blimp-motor.parm:Tools/autotest/default_params/blimp-motor.parm
[1.360s] Embedding file default_params/blimp.parm:Tools/autotest/default_params/blimp.parm
[1.360s] Embedding file default_params/copter-X.parm:Tools/autotest/default_params/copter-X.parm
[1.360s] Embedding file default_params/copter-beacon.parm:Tools/autotest/default_params/copter-beacon.parm
[1.360s] Embedding file default_params/copter-bfx.parm:Tools/autotest/default_params/copter-bfx.parm
[1.360s] Embedding file default_params/copter-coax.parm:Tools/autotest/default_params/copter-coax.parm
[1.360s] Embedding file default_params/copter-cwx.parm:Tools/autotest/default_params/copter-cwx.parm
[1.360s] Embedding file default_params/copter-deca-cwx.parm:Tools/autotest/default_params/copter-deca-cwx.parm
[1.360s] Embedding file default_params/copter-deca.parm:Tools/autotest/default_params/copter-deca.parm
[1.360s] Embedding file default_params/copter-djix.parm:Tools/autotest/default_params/copter-djix.parm
[1.360s] Embedding file default_params/copter-dodecahexa.parm:Tools/autotest/default_params/copter-dodecahexa.parm
[1.360s] Embedding file default_params/copter-dotriaconta_octaquad_x.parm:Tools/autotest/default_params/copter-dotriaconta_octaquad_x.parm
[1.360s] Embedding file default_params/copter-gimbal.parm:Tools/autotest/default_params/copter-gimbal.parm
[1.360s] Embedding file default_params/copter-gps-for-yaw-nmea.parm:Tools/autotest/default_params/copter-gps-for-yaw-nmea.parm
[1.360s] Embedding file default_params/copter-gps-for-yaw.parm:Tools/autotest/default_params/copter-gps-for-yaw.parm
[1.360s] Embedding file default_params/copter-heli-ddfptail.parm:Tools/autotest/default_params/copter-heli-ddfptail.parm
[1.360s] Embedding file default_params/copter-heli-ddvptail.parm:Tools/autotest/default_params/copter-heli-ddvptail.parm
[1.360s] Embedding file default_params/copter-heli-dual.parm:Tools/autotest/default_params/copter-heli-dual.parm
[1.360s] Embedding file default_params/copter-heli-gas.parm:Tools/autotest/default_params/copter-heli-gas.parm
[1.361s] Embedding file default_params/copter-heli.parm:Tools/autotest/default_params/copter-heli.parm
[1.361s] Embedding file default_params/copter-heliquad.parm:Tools/autotest/default_params/copter-heliquad.parm
[1.361s] Embedding file default_params/copter-hexa-cwx.parm:Tools/autotest/default_params/copter-hexa-cwx.parm
[1.361s] Embedding file default_params/copter-hexa-dji.parm:Tools/autotest/default_params/copter-hexa-dji.parm
[1.361s] Embedding file default_params/copter-hexa.parm:Tools/autotest/default_params/copter-hexa.parm
[1.361s] Embedding file default_params/copter-hexadeca_octa.parm:Tools/autotest/default_params/copter-hexadeca_octa.parm
[1.361s] Embedding file default_params/copter-hexadeca_octa_cwx.parm:Tools/autotest/default_params/copter-hexadeca_octa_cwx.parm
[1.361s] Embedding file default_params/copter-octa-cwx.parm:Tools/autotest/default_params/copter-octa-cwx.parm
[1.361s] Embedding file default_params/copter-octa-dji.parm:Tools/autotest/default_params/copter-octa-dji.parm
[1.361s] Embedding file default_params/copter-octa.parm:Tools/autotest/default_params/copter-octa.parm
[1.361s] Embedding file default_params/copter-octaquad-cor.parm:Tools/autotest/default_params/copter-octaquad-cor.parm
[1.361s] Embedding file default_params/copter-octaquad-cw-cor.parm:Tools/autotest/default_params/copter-octaquad-cw-cor.parm
[1.361s] Embedding file default_params/copter-octaquad-cwx.parm:Tools/autotest/default_params/copter-octaquad-cwx.parm
[1.361s] Embedding file default_params/copter-octaquad.parm:Tools/autotest/default_params/copter-octaquad.parm
[1.361s] Embedding file default_params/copter-optflow.parm:Tools/autotest/default_params/copter-optflow.parm
[1.361s] Embedding file default_params/copter-ppp-periph.parm:Tools/autotest/default_params/copter-ppp-periph.parm
[1.361s] Embedding file default_params/copter-ppp.parm:Tools/autotest/default_params/copter-ppp.parm
[1.361s] Embedding file default_params/copter-rangefinder.parm:Tools/autotest/default_params/copter-rangefinder.parm
[1.361s] Embedding file default_params/copter-single.parm:Tools/autotest/default_params/copter-single.parm
[1.361s] Embedding file default_params/copter-tri.parm:Tools/autotest/default_params/copter-tri.parm
[1.361s] Embedding file default_params/copter-vicon.parm:Tools/autotest/default_params/copter-vicon.parm
[1.361s] Embedding file default_params/copter-winch.parm:Tools/autotest/default_params/copter-winch.parm
[1.361s] Embedding file default_params/copter-wind-estimates.parm:Tools/autotest/default_params/copter-wind-estimates.parm
[1.361s] Embedding file default_params/copter-y6.parm:Tools/autotest/default_params/copter-y6.parm
[1.361s] Embedding file default_params/copter.parm:Tools/autotest/default_params/copter.parm
[1.361s] Embedding file default_params/firefly.parm:Tools/autotest/default_params/firefly.parm
[1.361s] Embedding file default_params/gazebo-iris.parm:Tools/autotest/default_params/gazebo-iris.parm
[1.361s] Embedding file default_params/gazebo-zephyr.parm:Tools/autotest/default_params/gazebo-zephyr.parm
[1.361s] Embedding file default_params/glider.parm:Tools/autotest/default_params/glider.parm
[1.361s] Embedding file default_params/motorboat.parm:Tools/autotest/default_params/motorboat.parm
[1.361s] Embedding file default_params/msposd.parm:Tools/autotest/default_params/msposd.parm
[1.361s] Embedding file default_params/periph-battmon.parm:Tools/autotest/default_params/periph-battmon.parm
[1.361s] Embedding file default_params/periph-compass.parm:Tools/autotest/default_params/periph-compass.parm
[1.361s] Embedding file default_params/periph-ppp.parm:Tools/autotest/default_params/periph-ppp.parm
[1.361s] Embedding file default_params/periph.parm:Tools/autotest/default_params/periph.parm
[1.362s] Embedding file default_params/plane-dspoilers.parm:Tools/autotest/default_params/plane-dspoilers.parm
[1.362s] Embedding file default_params/plane-elevons.parm:Tools/autotest/default_params/plane-elevons.parm
[1.362s] Embedding file default_params/plane-ice.parm:Tools/autotest/default_params/plane-ice.parm
[1.362s] Embedding file default_params/plane-jet.parm:Tools/autotest/default_params/plane-jet.parm
[1.362s] Embedding file default_params/plane-redundant.parm:Tools/autotest/default_params/plane-redundant.parm
[1.362s] Embedding file default_params/plane-soaring.parm:Tools/autotest/default_params/plane-soaring.parm
[1.362s] Embedding file default_params/plane-tailsitter.parm:Tools/autotest/default_params/plane-tailsitter.parm
[1.362s] Embedding file default_params/plane-vtail.parm:Tools/autotest/default_params/plane-vtail.parm
[1.362s] Embedding file default_params/quad-can.parm:Tools/autotest/default_params/quad-can.parm
[1.362s] Embedding file default_params/quad-periph.parm:Tools/autotest/default_params/quad-periph.parm
[1.362s] Embedding file default_params/quadplane-can.parm:Tools/autotest/default_params/quadplane-can.parm
[1.362s] Embedding file default_params/quadplane-cl84.parm:Tools/autotest/default_params/quadplane-cl84.parm
[1.362s] Embedding file default_params/quadplane-copter_tailsitter.parm:Tools/autotest/default_params/quadplane-copter_tailsitter.parm
[1.362s] Embedding file default_params/quadplane-ice.parm:Tools/autotest/default_params/quadplane-ice.parm
[1.362s] Embedding file default_params/quadplane-periph.parm:Tools/autotest/default_params/quadplane-periph.parm
[1.362s] Embedding file default_params/quadplane-ppp-periph.parm:Tools/autotest/default_params/quadplane-ppp-periph.parm
[1.362s] Embedding file default_params/quadplane-ppp.parm:Tools/autotest/default_params/quadplane-ppp.parm
[1.362s] Embedding file default_params/quadplane-tilt.parm:Tools/autotest/default_params/quadplane-tilt.parm
[1.362s] Embedding file default_params/quadplane-tilthvec.parm:Tools/autotest/default_params/quadplane-tilthvec.parm
[1.362s] Embedding file default_params/quadplane-tilttri.parm:Tools/autotest/default_params/quadplane-tilttri.parm
[1.362s] Embedding file default_params/quadplane-tilttrivec.parm:Tools/autotest/default_params/quadplane-tilttrivec.parm
[1.362s] Embedding file default_params/quadplane-tri.parm:Tools/autotest/default_params/quadplane-tri.parm
[1.362s] Embedding file default_params/quadplane.parm:Tools/autotest/default_params/quadplane.parm
[1.362s] Embedding file default_params/rover-omni3mecanum.parm:Tools/autotest/default_params/rover-omni3mecanum.parm
[1.362s] Embedding file default_params/rover-skid.parm:Tools/autotest/default_params/rover-skid.parm
[1.362s] Embedding file default_params/rover-vectored.parm:Tools/autotest/default_params/rover-vectored.parm
[1.362s] Embedding file default_params/rover.parm:Tools/autotest/default_params/rover.parm
[1.362s] Embedding file default_params/sailboat-motor.parm:Tools/autotest/default_params/sailboat-motor.parm
[1.362s] Embedding file default_params/sailboat.parm:Tools/autotest/default_params/sailboat.parm
[1.362s] Embedding file default_params/stratoblimp.parm:Tools/autotest/default_params/stratoblimp.parm
[1.362s] Embedding file default_params/sub-6dof.parm:Tools/autotest/default_params/sub-6dof.parm
[1.362s] Embedding file default_params/sub-gps-for-yaw-nmea.parm:Tools/autotest/default_params/sub-gps-for-yaw-nmea.parm
[1.362s] Embedding file default_params/sub.parm:Tools/autotest/default_params/sub.parm
[1.362s] Embedding file default_params/tracker-gps-for-yaw.parm:Tools/autotest/default_params/tracker-gps-for-yaw.parm
[1.362s] Embedding file locations.txt:Tools/autotest/locations.txt
[1.362s] Embedding file models/Callisto.json:Tools/autotest/models/Callisto.json
[1.363s] Embedding file models/Callisto.parm:Tools/autotest/models/Callisto.parm
[1.363s] Embedding file models/freestyle.json:Tools/autotest/models/freestyle.json
[1.363s] Embedding file models/freestyle.parm:Tools/autotest/models/freestyle.parm
[1.363s] Embedding file models/heliquad.json:Tools/autotest/models/heliquad.json
[1.363s] Embedding file models/plane-3d.parm:Tools/autotest/models/plane-3d.parm
[1.363s] Embedding file models/plane-reverse-rc-pitch-yaw.parm:Tools/autotest/models/plane-reverse-rc-pitch-yaw.parm
[1.363s] Embedding file models/plane-reverse-servo-pitch-yaw.parm:Tools/autotest/models/plane-reverse-servo-pitch-yaw.parm
[1.363s] Embedding file models/plane.parm:Tools/autotest/models/plane.parm
[1.363s] Embedding file models/skywalker_2013.json:Tools/autotest/models/skywalker_2013.json
[1.363s] Embedding file models/xplane_heli.json:Tools/autotest/models/xplane_heli.json
[1.363s] Embedding file models/xplane_plane.json:Tools/autotest/models/xplane_plane.json
[1.363s] Embedding file vehicleinfo.json:Tools/autotest/pysim/vehicleinfo.json
[1.364s] Building /home/sachin/ardu_ws/src/ardupilot/build/sitl/modules/Micro-XRCE-DDS-Client/include/uxr/client/config.h
[1.364s] Building /home/sachin/ardu_ws/src/ardupilot/build/sitl/modules/Micro-CDR/include/ucdr/config.h
[2.583s] [32mNo target_list file found, creating[0m
[2.583s] [32mGenerating compile_commands.json[0m
[2.628s] [32mGenerating compile_commands.json[0m
[2.662s] [32mGenerating compile_commands.json[0m
[2.691s] [32mGenerating compile_commands.json[0m
[2.739s] [32mGenerating compile_commands.json[0m
[2.803s] [32mGenerating compile_commands.json[0m
[2.853s] [32mGenerating compile_commands.json[0m
[2.874s] [32mBuild commands will be stored in build/sitl/compile_commands.json[0m
[2.952s] [32mGenerating compile_commands.json[0m
[2.956s] [32mBuild commands will be stored in build/sitl/compile_commands.json[0m
[3.006s] [32mBuild commands will be stored in build/sitl/compile_commands.json[0m
[3.066s] [32mGenerating compile_commands.json[0m
[3.070s] [32mBuild commands will be stored in build/sitl/compile_commands.json[0m
[3.120s] [32mBuild commands will be stored in build/sitl/compile_commands.json[0m
[3.181s] [32mGenerating compile_commands.json[0m
[3.185s] [32mBuild commands will be stored in build/sitl/compile_commands.json[0m
[3.235s] [32mBuild commands will be stored in build/sitl/compile_commands.json[0m
[3.298s] [32mGenerating compile_commands.json[0m
[3.302s] [32mBuild commands will be stored in build/sitl/compile_commands.json[0m
[3.354s] [32mBuild commands will be stored in build/sitl/compile_commands.json[0m
[3.405s] [32mBuild commands will be stored in build/sitl/compile_commands.json[0m
[3.467s] [32mGenerating compile_commands.json[0m
[3.472s] [32mBuild commands will be stored in build/sitl/compile_commands.json[0m
[3.525s] [32mBuild commands will be stored in build/sitl/compile_commands.json[0m
[3.585s] [32mGenerating compile_commands.json[0m
[3.589s] [32mBuild commands will be stored in build/sitl/compile_commands.json[0m
[4.577s] [2044/2371] Linking [33mbuild/sitl/bin/antennatracker[0m
[4.642s] [2119/2371] Linking [33mbuild/sitl/bin/arducopter[0m
[4.666s] [2194/2371] Linking [33mbuild/sitl/bin/arducopter-heli[0m
[4.755s] [2259/2371] Linking [33mbuild/sitl/bin/arduplane[0m
[4.825s] [2297/2371] Linking [33mbuild/sitl/bin/ardusub[0m
[4.887s] [2325/2371] Linking [33mbuild/sitl/bin/blimp[0m
[4.945s] [2364/2371] Linking [33mbuild/sitl/bin/ardurover[0m
[4.992s] [2365/2371] checking symbols [36mbuild/sitl/bin/antennatracker[0m
[5.258s] [2366/2371] checking symbols [36mbuild/sitl/bin/arducopter[0m
[5.291s] [2367/2371] checking symbols [36mbuild/sitl/bin/arducopter-heli[0m
[5.403s] [2368/2371] checking symbols [36mbuild/sitl/bin/arduplane[0m
[5.447s] [2369/2371] checking symbols [36mbuild/sitl/bin/ardusub[0m
[5.453s] [2370/2371] checking symbols [36mbuild/sitl/bin/blimp[0m
[5.460s] [2371/2371] checking symbols [36mbuild/sitl/bin/ardurover[0m
[5.483s] [32mWaf: Leaving directory `/home/sachin/ardu_ws/src/ardupilot/build/sitl'[0m
[5.483s] [32m[0m
[5.483s] [32m[0m[01;1mBUILD SUMMARY[0m
[5.483s] [32m[0m[01;1mBuild directory: [0m/home/sachin/ardu_ws/src/ardupilot/build/sitl[0m
[5.502s] [32m[0m[01;1mTarget               Text (B)  Data (B)  BSS (B)  Total Flash Used (B)  Free Flash (B)  External Flash Used (B)[0m
[5.502s] ---------------------------------------------------------------------------------------------------------------
[5.502s] bin/antennatracker    3472111    150053   265560               3622164  Not Applicable  Not Applicable         
[5.502s] bin/arducopter        4643627    218429   284392               4862056  Not Applicable  Not Applicable         
[5.502s] bin/arducopter-heli   4636099    219485   285288               4855584  Not Applicable  Not Applicable         
[5.502s] bin/arduplane         4611451    221653   283112               4833104  Not Applicable  Not Applicable         
[5.502s] bin/ardusub           4220483    192293   285016               4412776  Not Applicable  Not Applicable         
[5.502s] bin/blimp             3564927    154461   268056               3719388  Not Applicable  Not Applicable         
[5.502s] bin/ardurover         4301827    196493   282728               4498320  Not Applicable  Not Applicable         
[5.502s] [32m[0m
[5.502s] [32m'build' finished successfully (4.293s)[0m
[5.567s] Built target ardupilot_build
[5.575s] Invoked command in '/home/sachin/ardu_ws/build/ardupilot_sitl' returned '0': CMAKE_PREFIX_PATH=/home/sachin/ardu_ws/install/micro_ros_agent:/home/sachin/ardu_ws/install/ardupilot_msgs:/home/sachin/ardu_ws/install/ardupilot_gz_bringup:/home/sachin/ardu_ws/install/ardupilot_sitl:/home/sachin/ardu_ws/install/ardupilot_sitl_models:/home/sachin/ardu_ws/install/ardupilot_gz_gazebo:/home/sachin/ardu_ws/install/ardupilot_gz_description:/home/sachin/ardu_ws/install/ardupilot_gz_application:/home/sachin/ardu_ws/install/ardupilot_gazebo:/opt/ros/jazzy/opt/gz_sim_vendor:/opt/ros/jazzy/opt/gz_sensors_vendor:/opt/ros/jazzy/opt/gz_physics_vendor:/opt/ros/jazzy/opt/sdformat_vendor:/opt/ros/jazzy/opt/gz_gui_vendor:/opt/ros/jazzy/opt/gz_transport_vendor:/opt/ros/jazzy/opt/gz_rendering_vendor:/opt/ros/jazzy/opt/gz_plugin_vendor:/opt/ros/jazzy/opt/gz_fuel_tools_vendor:/opt/ros/jazzy/opt/gz_msgs_vendor:/opt/ros/jazzy/opt/gz_common_vendor:/opt/ros/jazzy/opt/gz_math_vendor:/opt/ros/jazzy/opt/gz_utils_vendor:/opt/ros/jazzy/opt/gz_tools_vendor:/opt/ros/jazzy/opt/gz_ogre_next_vendor:/opt/ros/jazzy/opt/gz_dartsim_vendor:/opt/ros/jazzy/opt/gz_cmake_vendor:/home/sachin/ardu_ws/install/ardupilot_dds_tests:/opt/ros/jazzy DEBUGINFOD_URLS=https://debuginfod.ubuntu.com PS1=(.ros2_venv) \[\e]0;\u@\h: \w\a\]${debian_chroot:+($debian_chroot)}\[\033[01;32m\]\u@\h\[\033[00m\]:\[\033[01;34m\]\w\[\033[00m\]\$ PYTHONPATH=/home/sachin/ardu_ws/install/ardupilot_msgs/lib/python3.12/site-packages:/home/sachin/ardu_ws/install/ardupilot_dds_tests/lib/python3.12/site-packages:/home/sachin/ardu_ws/install/ardupilot_sitl/lib/python3.12/site-packages:/opt/ros/jazzy/opt/gz_sim_vendor/lib/python:/opt/ros/jazzy/lib/python3.12/site-packages VIRTUAL_ENV_PROMPT=(.ros2_venv) /usr/bin/cmake --build /home/sachin/ardu_ws/build/ardupilot_sitl -- -j12 -l12
[5.577s] Invoking command in '/home/sachin/ardu_ws/build/ardupilot_sitl': CMAKE_PREFIX_PATH=/home/sachin/ardu_ws/install/micro_ros_agent:/home/sachin/ardu_ws/install/ardupilot_msgs:/home/sachin/ardu_ws/install/ardupilot_gz_bringup:/home/sachin/ardu_ws/install/ardupilot_sitl:/home/sachin/ardu_ws/install/ardupilot_sitl_models:/home/sachin/ardu_ws/install/ardupilot_gz_gazebo:/home/sachin/ardu_ws/install/ardupilot_gz_description:/home/sachin/ardu_ws/install/ardupilot_gz_application:/home/sachin/ardu_ws/install/ardupilot_gazebo:/opt/ros/jazzy/opt/gz_sim_vendor:/opt/ros/jazzy/opt/gz_sensors_vendor:/opt/ros/jazzy/opt/gz_physics_vendor:/opt/ros/jazzy/opt/sdformat_vendor:/opt/ros/jazzy/opt/gz_gui_vendor:/opt/ros/jazzy/opt/gz_transport_vendor:/opt/ros/jazzy/opt/gz_rendering_vendor:/opt/ros/jazzy/opt/gz_plugin_vendor:/opt/ros/jazzy/opt/gz_fuel_tools_vendor:/opt/ros/jazzy/opt/gz_msgs_vendor:/opt/ros/jazzy/opt/gz_common_vendor:/opt/ros/jazzy/opt/gz_math_vendor:/opt/ros/jazzy/opt/gz_utils_vendor:/opt/ros/jazzy/opt/gz_tools_vendor:/opt/ros/jazzy/opt/gz_ogre_next_vendor:/opt/ros/jazzy/opt/gz_dartsim_vendor:/opt/ros/jazzy/opt/gz_cmake_vendor:/home/sachin/ardu_ws/install/ardupilot_dds_tests:/opt/ros/jazzy DEBUGINFOD_URLS=https://debuginfod.ubuntu.com PS1=(.ros2_venv) \[\e]0;\u@\h: \w\a\]${debian_chroot:+($debian_chroot)}\[\033[01;32m\]\u@\h\[\033[00m\]:\[\033[01;34m\]\w\[\033[00m\]\$ PYTHONPATH=/home/sachin/ardu_ws/install/ardupilot_msgs/lib/python3.12/site-packages:/home/sachin/ardu_ws/install/ardupilot_dds_tests/lib/python3.12/site-packages:/home/sachin/ardu_ws/install/ardupilot_sitl/lib/python3.12/site-packages:/opt/ros/jazzy/opt/gz_sim_vendor/lib/python:/opt/ros/jazzy/lib/python3.12/site-packages VIRTUAL_ENV_PROMPT=(.ros2_venv) /usr/bin/cmake --install /home/sachin/ardu_ws/build/ardupilot_sitl
[5.583s] -- Install configuration: ""
[5.583s] -- Installing: /home/sachin/ardu_ws/install/ardupilot_sitl/bin/antennatracker
[5.585s] -- Installing: /home/sachin/ardu_ws/install/ardupilot_sitl/bin/arducopter
[5.588s] -- Installing: /home/sachin/ardu_ws/install/ardupilot_sitl/bin/arducopter-heli
[5.590s] -- Installing: /home/sachin/ardu_ws/install/ardupilot_sitl/bin/arduplane
[5.592s] -- Installing: /home/sachin/ardu_ws/install/ardupilot_sitl/bin/ardurover
[5.595s] -- Installing: /home/sachin/ardu_ws/install/ardupilot_sitl/bin/ardusub
[5.597s] -- Installing: /home/sachin/ardu_ws/install/ardupilot_sitl/bin/blimp
[5.599s] -- Up-to-date: /home/sachin/ardu_ws/install/ardupilot_sitl/.//lib
[5.599s] -- Up-to-date: /home/sachin/ardu_ws/install/ardupilot_sitl/.//lib/libBlimp_libs.a
[5.599s] -- Up-to-date: /home/sachin/ardu_ws/install/ardupilot_sitl/.//lib/libArduPlane_libs.a
[5.599s] -- Up-to-date: /home/sachin/ardu_ws/install/ardupilot_sitl/.//lib/libArduSub_libs.a
[5.599s] -- Up-to-date: /home/sachin/ardu_ws/install/ardupilot_sitl/.//lib/libAntennaTracker_libs.a
[5.599s] -- Up-to-date: /home/sachin/ardu_ws/install/ardupilot_sitl/.//lib/libArduCopter_libs.a
[5.599s] -- Up-to-date: /home/sachin/ardu_ws/install/ardupilot_sitl/.//lib/libRover_libs.a
[5.599s] -- Up-to-date: /home/sachin/ardu_ws/install/ardupilot_sitl/share/ardupilot_sitl//launch
[5.599s] -- Up-to-date: /home/sachin/ardu_ws/install/ardupilot_sitl/share/ardupilot_sitl//launch/micro_ros_agent.launch.py
[5.599s] -- Up-to-date: /home/sachin/ardu_ws/install/ardupilot_sitl/share/ardupilot_sitl//launch/sitl_mavproxy.launch.py
[5.599s] -- Up-to-date: /home/sachin/ardu_ws/install/ardupilot_sitl/share/ardupilot_sitl//launch/mavproxy.launch.py
[5.599s] -- Up-to-date: /home/sachin/ardu_ws/install/ardupilot_sitl/share/ardupilot_sitl//launch/sitl_dds_udp.launch.py
[5.599s] -- Up-to-date: /home/sachin/ardu_ws/install/ardupilot_sitl/share/ardupilot_sitl//launch/sitl_dds_serial.launch.py
[5.599s] -- Up-to-date: /home/sachin/ardu_ws/install/ardupilot_sitl/share/ardupilot_sitl//launch/sitl.launch.py
[5.599s] -- Up-to-date: /home/sachin/ardu_ws/install/ardupilot_sitl/share/ardupilot_sitl//launch/virtual_ports.launch.py
[5.600s] -- Up-to-date: /home/sachin/ardu_ws/install/ardupilot_sitl/share/ardupilot_sitl/config/default_params
[5.600s] -- Up-to-date: /home/sachin/ardu_ws/install/ardupilot_sitl/share/ardupilot_sitl/config/default_params/dds_use_ns.parm
[5.600s] -- Up-to-date: /home/sachin/ardu_ws/install/ardupilot_sitl/share/ardupilot_sitl/config/default_params/dds_serial.parm
[5.600s] -- Up-to-date: /home/sachin/ardu_ws/install/ardupilot_sitl/share/ardupilot_sitl/config/default_params/dds_udp.parm
[5.600s] -- Up-to-date: /home/sachin/ardu_ws/install/ardupilot_sitl/share/ardupilot_sitl/config//default_params
[5.600s] -- Up-to-date: /home/sachin/ardu_ws/install/ardupilot_sitl/share/ardupilot_sitl/config//default_params/copter-dodecahexa.parm
[5.600s] -- Up-to-date: /home/sachin/ardu_ws/install/ardupilot_sitl/share/ardupilot_sitl/config//default_params/quadplane-ice.parm
[5.600s] -- Up-to-date: /home/sachin/ardu_ws/install/ardupilot_sitl/share/ardupilot_sitl/config//default_params/quadplane-tilt.parm
[5.600s] -- Up-to-date: /home/sachin/ardu_ws/install/ardupilot_sitl/share/ardupilot_sitl/config//default_params/periph-battmon.parm
[5.600s] -- Up-to-date: /home/sachin/ardu_ws/install/ardupilot_sitl/share/ardupilot_sitl/config//default_params/copter-hexadeca_octa.parm
[5.600s] -- Up-to-date: /home/sachin/ardu_ws/install/ardupilot_sitl/share/ardupilot_sitl/config//default_params/quadplane-tilttrivec.parm
[5.600s] -- Up-to-date: /home/sachin/ardu_ws/install/ardupilot_sitl/share/ardupilot_sitl/config//default_params/copter-octaquad-cor.parm
[5.600s] -- Up-to-date: /home/sachin/ardu_ws/install/ardupilot_sitl/share/ardupilot_sitl/config//default_params/plane-redundant.parm
[5.600s] -- Up-to-date: /home/sachin/ardu_ws/install/ardupilot_sitl/share/ardupilot_sitl/config//default_params/quadplane-copter_tailsitter.parm
[5.600s] -- Up-to-date: /home/sachin/ardu_ws/install/ardupilot_sitl/share/ardupilot_sitl/config//default_params/copter-octaquad.parm
[5.600s] -- Up-to-date: /home/sachin/ardu_ws/install/ardupilot_sitl/share/ardupilot_sitl/config//default_params/quadplane.parm
[5.600s] -- Up-to-date: /home/sachin/ardu_ws/install/ardupilot_sitl/share/ardupilot_sitl/config//default_params/copter-heli-gas.parm
[5.600s] -- Up-to-date: /home/sachin/ardu_ws/install/ardupilot_sitl/share/ardupilot_sitl/config//default_params/quadplane-can.parm
[5.600s] -- Up-to-date: /home/sachin/ardu_ws/install/ardupilot_sitl/share/ardupilot_sitl/config//default_params/rover-vectored.parm
[5.600s] -- Up-to-date: /home/sachin/ardu_ws/install/ardupilot_sitl/share/ardupilot_sitl/config//default_params/msposd.parm
[5.600s] -- Up-to-date: /home/sachin/ardu_ws/install/ardupilot_sitl/share/ardupilot_sitl/config//default_params/sub-6dof.parm
[5.600s] -- Up-to-date: /home/sachin/ardu_ws/install/ardupilot_sitl/share/ardupilot_sitl/config//default_params/gazebo-iris.parm
[5.601s] -- Up-to-date: /home/sachin/ardu_ws/install/ardupilot_sitl/share/ardupilot_sitl/config//default_params/airsim-rover.parm
[5.601s] -- Up-to-date: /home/sachin/ardu_ws/install/ardupilot_sitl/share/ardupilot_sitl/config//default_params/copter-ppp-periph.parm
[5.601s] -- Up-to-date: /home/sachin/ardu_ws/install/ardupilot_sitl/share/ardupilot_sitl/config//default_params/copter-X.parm
[5.601s] -- Up-to-date: /home/sachin/ardu_ws/install/ardupilot_sitl/share/ardupilot_sitl/config//default_params/periph-compass.parm
[5.601s] -- Up-to-date: /home/sachin/ardu_ws/install/ardupilot_sitl/share/ardupilot_sitl/config//default_params/quadplane-ppp-periph.parm
[5.601s] -- Up-to-date: /home/sachin/ardu_ws/install/ardupilot_sitl/share/ardupilot_sitl/config//default_params/copter-octa-dji.parm
[5.601s] -- Up-to-date: /home/sachin/ardu_ws/install/ardupilot_sitl/share/ardupilot_sitl/config//default_params/plane-soaring.parm
[5.601s] -- Up-to-date: /home/sachin/ardu_ws/install/ardupilot_sitl/share/ardupilot_sitl/config//default_params/rover-skid.parm
[5.601s] -- Up-to-date: /home/sachin/ardu_ws/install/ardupilot_sitl/share/ardupilot_sitl/config//default_params/copter-hexa.parm
[5.601s] -- Up-to-date: /home/sachin/ardu_ws/install/ardupilot_sitl/share/ardupilot_sitl/config//default_params/copter-beacon.parm
[5.601s] -- Up-to-date: /home/sachin/ardu_ws/install/ardupilot_sitl/share/ardupilot_sitl/config//default_params/plane-vtail.parm
[5.601s] -- Up-to-date: /home/sachin/ardu_ws/install/ardupilot_sitl/share/ardupilot_sitl/config//default_params/plane-tailsitter.parm
[5.601s] -- Up-to-date: /home/sachin/ardu_ws/install/ardupilot_sitl/share/ardupilot_sitl/config//default_params/quadplane-tri.parm
[5.601s] -- Up-to-date: /home/sachin/ardu_ws/install/ardupilot_sitl/share/ardupilot_sitl/config//default_params/copter-heli-ddfptail.parm
[5.601s] -- Up-to-date: /home/sachin/ardu_ws/install/ardupilot_sitl/share/ardupilot_sitl/config//default_params/quadplane-periph.parm
[5.601s] -- Up-to-date: /home/sachin/ardu_ws/install/ardupilot_sitl/share/ardupilot_sitl/config//default_params/blimp.parm
[5.601s] -- Up-to-date: /home/sachin/ardu_ws/install/ardupilot_sitl/share/ardupilot_sitl/config//default_params/blimp-motor.parm
[5.601s] -- Up-to-date: /home/sachin/ardu_ws/install/ardupilot_sitl/share/ardupilot_sitl/config//default_params/copter-deca.parm
[5.601s] -- Up-to-date: /home/sachin/ardu_ws/install/ardupilot_sitl/share/ardupilot_sitl/config//default_params/quadplane-cl84.parm
[5.601s] -- Up-to-date: /home/sachin/ardu_ws/install/ardupilot_sitl/share/ardupilot_sitl/config//default_params/copter-gps-for-yaw-nmea.parm
[5.601s] -- Up-to-date: /home/sachin/ardu_ws/install/ardupilot_sitl/share/ardupilot_sitl/config//default_params/gazebo-zephyr.parm
[5.601s] -- Up-to-date: /home/sachin/ardu_ws/install/ardupilot_sitl/share/ardupilot_sitl/config//default_params/copter-vicon.parm
[5.601s] -- Up-to-date: /home/sachin/ardu_ws/install/ardupilot_sitl/share/ardupilot_sitl/config//default_params/sub.parm
[5.601s] -- Up-to-date: /home/sachin/ardu_ws/install/ardupilot_sitl/share/ardupilot_sitl/config//default_params/quadplane-tilttri.parm
[5.601s] -- Up-to-date: /home/sachin/ardu_ws/install/ardupilot_sitl/share/ardupilot_sitl/config//default_params/copter-ppp.parm
[5.601s] -- Up-to-date: /home/sachin/ardu_ws/install/ardupilot_sitl/share/ardupilot_sitl/config//default_params/copter-winch.parm
[5.601s] -- Up-to-date: /home/sachin/ardu_ws/install/ardupilot_sitl/share/ardupilot_sitl/config//default_params/copter-tri.parm
[5.601s] -- Up-to-date: /home/sachin/ardu_ws/install/ardupilot_sitl/share/ardupilot_sitl/config//default_params/copter-wind-estimates.parm
[5.602s] -- Up-to-date: /home/sachin/ardu_ws/install/ardupilot_sitl/share/ardupilot_sitl/config//default_params/copter-gimbal.parm
[5.602s] -- Up-to-date: /home/sachin/ardu_ws/install/ardupilot_sitl/share/ardupilot_sitl/config//default_params/tracker-gps-for-yaw.parm
[5.602s] -- Up-to-date: /home/sachin/ardu_ws/install/ardupilot_sitl/share/ardupilot_sitl/config//default_params/copter-heli-ddvptail.parm
[5.602s] -- Up-to-date: /home/sachin/ardu_ws/install/ardupilot_sitl/share/ardupilot_sitl/config//default_params/copter-octa.parm
[5.602s] -- Up-to-date: /home/sachin/ardu_ws/install/ardupilot_sitl/share/ardupilot_sitl/config//default_params/stratoblimp.parm
[5.602s] -- Up-to-date: /home/sachin/ardu_ws/install/ardupilot_sitl/share/ardupilot_sitl/config//default_params/rover-omni3mecanum.parm
[5.602s] -- Up-to-date: /home/sachin/ardu_ws/install/ardupilot_sitl/share/ardupilot_sitl/config//default_params/copter-single.parm
[5.602s] -- Up-to-date: /home/sachin/ardu_ws/install/ardupilot_sitl/share/ardupilot_sitl/config//default_params/copter-rangefinder.parm
[5.602s] -- Up-to-date: /home/sachin/ardu_ws/install/ardupilot_sitl/share/ardupilot_sitl/config//default_params/plane-jet.parm
[5.602s] -- Up-to-date: /home/sachin/ardu_ws/install/ardupilot_sitl/share/ardupilot_sitl/config//default_params/periph-ppp.parm
[5.602s] -- Up-to-date: /home/sachin/ardu_ws/install/ardupilot_sitl/share/ardupilot_sitl/config//default_params/copter-dotriaconta_octaquad_x.parm
[5.602s] -- Up-to-date: /home/sachin/ardu_ws/install/ardupilot_sitl/share/ardupilot_sitl/config//default_params/periph.parm
[5.602s] -- Up-to-date: /home/sachin/ardu_ws/install/ardupilot_sitl/share/ardupilot_sitl/config//default_params/quad-periph.parm
[5.602s] -- Up-to-date: /home/sachin/ardu_ws/install/ardupilot_sitl/share/ardupilot_sitl/config//default_params/copter-deca-cwx.parm
[5.602s] -- Up-to-date: /home/sachin/ardu_ws/install/ardupilot_sitl/share/ardupilot_sitl/config//default_params/copter-djix.parm
[5.602s] -- Up-to-date: /home/sachin/ardu_ws/install/ardupilot_sitl/share/ardupilot_sitl/config//default_params/copter-cwx.parm
[5.602s] -- Up-to-date: /home/sachin/ardu_ws/install/ardupilot_sitl/share/ardupilot_sitl/config//default_params/copter-octaquad-cwx.parm
[5.602s] -- Up-to-date: /home/sachin/ardu_ws/install/ardupilot_sitl/share/ardupilot_sitl/config//default_params/copter-octaquad-cw-cor.parm
[5.602s] -- Up-to-date: /home/sachin/ardu_ws/install/ardupilot_sitl/share/ardupilot_sitl/config//default_params/firefly.parm
[5.602s] -- Up-to-date: /home/sachin/ardu_ws/install/ardupilot_sitl/share/ardupilot_sitl/config//default_params/quadplane-ppp.parm
[5.602s] -- Up-to-date: /home/sachin/ardu_ws/install/ardupilot_sitl/share/ardupilot_sitl/config//default_params/motorboat.parm
[5.602s] -- Up-to-date: /home/sachin/ardu_ws/install/ardupilot_sitl/share/ardupilot_sitl/config//default_params/copter-bfx.parm
[5.602s] -- Up-to-date: /home/sachin/ardu_ws/install/ardupilot_sitl/share/ardupilot_sitl/config//default_params/copter-coax.parm
[5.602s] -- Up-to-date: /home/sachin/ardu_ws/install/ardupilot_sitl/share/ardupilot_sitl/config//default_params/copter-gps-for-yaw.parm
[5.602s] -- Up-to-date: /home/sachin/ardu_ws/install/ardupilot_sitl/share/ardupilot_sitl/config//default_params/copter-hexa-dji.parm
[5.602s] -- Up-to-date: /home/sachin/ardu_ws/install/ardupilot_sitl/share/ardupilot_sitl/config//default_params/sub-gps-for-yaw-nmea.parm
[5.602s] -- Up-to-date: /home/sachin/ardu_ws/install/ardupilot_sitl/share/ardupilot_sitl/config//default_params/sailboat.parm
[5.602s] -- Up-to-date: /home/sachin/ardu_ws/install/ardupilot_sitl/share/ardupilot_sitl/config//default_params/copter-y6.parm
[5.603s] -- Up-to-date: /home/sachin/ardu_ws/install/ardupilot_sitl/share/ardupilot_sitl/config//default_params/plane-dspoilers.parm
[5.603s] -- Up-to-date: /home/sachin/ardu_ws/install/ardupilot_sitl/share/ardupilot_sitl/config//default_params/glider.parm
[5.603s] -- Up-to-date: /home/sachin/ardu_ws/install/ardupilot_sitl/share/ardupilot_sitl/config//default_params/copter-hexadeca_octa_cwx.parm
[5.603s] -- Up-to-date: /home/sachin/ardu_ws/install/ardupilot_sitl/share/ardupilot_sitl/config//default_params/copter.parm
[5.603s] -- Up-to-date: /home/sachin/ardu_ws/install/ardupilot_sitl/share/ardupilot_sitl/config//default_params/quadplane-tilthvec.parm
[5.603s] -- Up-to-date: /home/sachin/ardu_ws/install/ardupilot_sitl/share/ardupilot_sitl/config//default_params/quad-can.parm
[5.603s] -- Up-to-date: /home/sachin/ardu_ws/install/ardupilot_sitl/share/ardupilot_sitl/config//default_params/plane-ice.parm
[5.603s] -- Up-to-date: /home/sachin/ardu_ws/install/ardupilot_sitl/share/ardupilot_sitl/config//default_params/airsim-quadX.parm
[5.603s] -- Up-to-date: /home/sachin/ardu_ws/install/ardupilot_sitl/share/ardupilot_sitl/config//default_params/copter-heli-dual.parm
[5.603s] -- Up-to-date: /home/sachin/ardu_ws/install/ardupilot_sitl/share/ardupilot_sitl/config//default_params/balancebot.parm
[5.603s] -- Up-to-date: /home/sachin/ardu_ws/install/ardupilot_sitl/share/ardupilot_sitl/config//default_params/copter-optflow.parm
[5.603s] -- Up-to-date: /home/sachin/ardu_ws/install/ardupilot_sitl/share/ardupilot_sitl/config//default_params/rover.parm
[5.603s] -- Up-to-date: /home/sachin/ardu_ws/install/ardupilot_sitl/share/ardupilot_sitl/config//default_params/plane-elevons.parm
[5.603s] -- Up-to-date: /home/sachin/ardu_ws/install/ardupilot_sitl/share/ardupilot_sitl/config//default_params/copter-hexa-cwx.parm
[5.603s] -- Up-to-date: /home/sachin/ardu_ws/install/ardupilot_sitl/share/ardupilot_sitl/config//default_params/copter-heli.parm
[5.603s] -- Up-to-date: /home/sachin/ardu_ws/install/ardupilot_sitl/share/ardupilot_sitl/config//default_params/copter-octa-cwx.parm
[5.603s] -- Up-to-date: /home/sachin/ardu_ws/install/ardupilot_sitl/share/ardupilot_sitl/config//default_params/copter-heliquad.parm
[5.603s] -- Up-to-date: /home/sachin/ardu_ws/install/ardupilot_sitl/share/ardupilot_sitl/config//default_params/sailboat-motor.parm
[5.603s] -- Up-to-date: /home/sachin/ardu_ws/install/ardupilot_sitl/share/ardupilot_sitl/config//models
[5.603s] -- Up-to-date: /home/sachin/ardu_ws/install/ardupilot_sitl/share/ardupilot_sitl/config//models/plane-3d.parm
[5.603s] -- Up-to-date: /home/sachin/ardu_ws/install/ardupilot_sitl/share/ardupilot_sitl/config//models/plane-reverse-servo-pitch-yaw.parm
[5.603s] -- Up-to-date: /home/sachin/ardu_ws/install/ardupilot_sitl/share/ardupilot_sitl/config//models/plane-reverse-rc-pitch-yaw.parm
[5.603s] -- Up-to-date: /home/sachin/ardu_ws/install/ardupilot_sitl/share/ardupilot_sitl/config//models/freestyle.parm
[5.603s] -- Up-to-date: /home/sachin/ardu_ws/install/ardupilot_sitl/share/ardupilot_sitl/config//models/xplane_plane.json
[5.603s] -- Up-to-date: /home/sachin/ardu_ws/install/ardupilot_sitl/share/ardupilot_sitl/config//models/Callisto.parm
[5.603s] -- Up-to-date: /home/sachin/ardu_ws/install/ardupilot_sitl/share/ardupilot_sitl/config//models/skywalker_2013.json
[5.603s] -- Up-to-date: /home/sachin/ardu_ws/install/ardupilot_sitl/share/ardupilot_sitl/config//models/Callisto.json
[5.603s] -- Up-to-date: /home/sachin/ardu_ws/install/ardupilot_sitl/share/ardupilot_sitl/config//models/freestyle.json
[5.603s] -- Up-to-date: /home/sachin/ardu_ws/install/ardupilot_sitl/share/ardupilot_sitl/config//models/xplane_heli.json
[5.603s] -- Up-to-date: /home/sachin/ardu_ws/install/ardupilot_sitl/share/ardupilot_sitl/config//models/heliquad.json
[5.604s] -- Up-to-date: /home/sachin/ardu_ws/install/ardupilot_sitl/share/ardupilot_sitl/config//models/plane.parm
[5.604s] -- Up-to-date: /home/sachin/ardu_ws/install/ardupilot_sitl/share/ardupilot_sitl/environment/pythonpath.sh
[5.604s] -- Up-to-date: /home/sachin/ardu_ws/install/ardupilot_sitl/share/ardupilot_sitl/environment/pythonpath.dsv
[5.604s] -- Up-to-date: /home/sachin/ardu_ws/install/ardupilot_sitl/lib/python3.12/site-packages/ardupilot_sitl-0.0.0-py3.12.egg-info
[5.604s] -- Installing: /home/sachin/ardu_ws/install/ardupilot_sitl/lib/python3.12/site-packages/ardupilot_sitl-0.0.0-py3.12.egg-info/PKG-INFO
[5.604s] -- Installing: /home/sachin/ardu_ws/install/ardupilot_sitl/lib/python3.12/site-packages/ardupilot_sitl-0.0.0-py3.12.egg-info/dependency_links.txt
[5.604s] -- Installing: /home/sachin/ardu_ws/install/ardupilot_sitl/lib/python3.12/site-packages/ardupilot_sitl-0.0.0-py3.12.egg-info/SOURCES.txt
[5.604s] -- Installing: /home/sachin/ardu_ws/install/ardupilot_sitl/lib/python3.12/site-packages/ardupilot_sitl-0.0.0-py3.12.egg-info/top_level.txt
[5.604s] -- Up-to-date: /home/sachin/ardu_ws/install/ardupilot_sitl/lib/python3.12/site-packages/ardupilot_sitl
[5.604s] -- Up-to-date: /home/sachin/ardu_ws/install/ardupilot_sitl/lib/python3.12/site-packages/ardupilot_sitl/actions.py
[5.604s] -- Up-to-date: /home/sachin/ardu_ws/install/ardupilot_sitl/lib/python3.12/site-packages/ardupilot_sitl/__init__.py
[5.604s] -- Up-to-date: /home/sachin/ardu_ws/install/ardupilot_sitl/lib/python3.12/site-packages/ardupilot_sitl/launch.py
[5.604s] -- Up-to-date: /home/sachin/ardu_ws/install/ardupilot_sitl/lib/python3.12/site-packages/ardupilot_sitl/utilities.py
[5.626s] Listing '/home/sachin/ardu_ws/install/ardupilot_sitl/lib/python3.12/site-packages/ardupilot_sitl'...
[5.630s] -- Up-to-date: /home/sachin/ardu_ws/install/ardupilot_sitl/share/ament_index/resource_index/package_run_dependencies/ardupilot_sitl
[5.630s] -- Up-to-date: /home/sachin/ardu_ws/install/ardupilot_sitl/share/ament_index/resource_index/parent_prefix_path/ardupilot_sitl
[5.630s] -- Up-to-date: /home/sachin/ardu_ws/install/ardupilot_sitl/share/ardupilot_sitl/environment/ament_prefix_path.sh
[5.630s] -- Up-to-date: /home/sachin/ardu_ws/install/ardupilot_sitl/share/ardupilot_sitl/environment/ament_prefix_path.dsv
[5.630s] -- Up-to-date: /home/sachin/ardu_ws/install/ardupilot_sitl/share/ardupilot_sitl/environment/path.sh
[5.630s] -- Up-to-date: /home/sachin/ardu_ws/install/ardupilot_sitl/share/ardupilot_sitl/environment/path.dsv
[5.630s] -- Up-to-date: /home/sachin/ardu_ws/install/ardupilot_sitl/share/ardupilot_sitl/local_setup.bash
[5.630s] -- Up-to-date: /home/sachin/ardu_ws/install/ardupilot_sitl/share/ardupilot_sitl/local_setup.sh
[5.631s] -- Up-to-date: /home/sachin/ardu_ws/install/ardupilot_sitl/share/ardupilot_sitl/local_setup.zsh
[5.631s] -- Up-to-date: /home/sachin/ardu_ws/install/ardupilot_sitl/share/ardupilot_sitl/local_setup.dsv
[5.631s] -- Installing: /home/sachin/ardu_ws/install/ardupilot_sitl/share/ardupilot_sitl/package.dsv
[5.631s] -- Up-to-date: /home/sachin/ardu_ws/install/ardupilot_sitl/share/ament_index/resource_index/packages/ardupilot_sitl
[5.631s] -- Up-to-date: /home/sachin/ardu_ws/install/ardupilot_sitl/share/ardupilot_sitl/cmake/ardupilot_sitlConfig.cmake
[5.631s] -- Up-to-date: /home/sachin/ardu_ws/install/ardupilot_sitl/share/ardupilot_sitl/cmake/ardupilot_sitlConfig-version.cmake
[5.631s] -- Up-to-date: /home/sachin/ardu_ws/install/ardupilot_sitl/share/ardupilot_sitl/package.xml
[5.632s] Invoked command in '/home/sachin/ardu_ws/build/ardupilot_sitl' returned '0': CMAKE_PREFIX_PATH=/home/sachin/ardu_ws/install/micro_ros_agent:/home/sachin/ardu_ws/install/ardupilot_msgs:/home/sachin/ardu_ws/install/ardupilot_gz_bringup:/home/sachin/ardu_ws/install/ardupilot_sitl:/home/sachin/ardu_ws/install/ardupilot_sitl_models:/home/sachin/ardu_ws/install/ardupilot_gz_gazebo:/home/sachin/ardu_ws/install/ardupilot_gz_description:/home/sachin/ardu_ws/install/ardupilot_gz_application:/home/sachin/ardu_ws/install/ardupilot_gazebo:/opt/ros/jazzy/opt/gz_sim_vendor:/opt/ros/jazzy/opt/gz_sensors_vendor:/opt/ros/jazzy/opt/gz_physics_vendor:/opt/ros/jazzy/opt/sdformat_vendor:/opt/ros/jazzy/opt/gz_gui_vendor:/opt/ros/jazzy/opt/gz_transport_vendor:/opt/ros/jazzy/opt/gz_rendering_vendor:/opt/ros/jazzy/opt/gz_plugin_vendor:/opt/ros/jazzy/opt/gz_fuel_tools_vendor:/opt/ros/jazzy/opt/gz_msgs_vendor:/opt/ros/jazzy/opt/gz_common_vendor:/opt/ros/jazzy/opt/gz_math_vendor:/opt/ros/jazzy/opt/gz_utils_vendor:/opt/ros/jazzy/opt/gz_tools_vendor:/opt/ros/jazzy/opt/gz_ogre_next_vendor:/opt/ros/jazzy/opt/gz_dartsim_vendor:/opt/ros/jazzy/opt/gz_cmake_vendor:/home/sachin/ardu_ws/install/ardupilot_dds_tests:/opt/ros/jazzy DEBUGINFOD_URLS=https://debuginfod.ubuntu.com PS1=(.ros2_venv) \[\e]0;\u@\h: \w\a\]${debian_chroot:+($debian_chroot)}\[\033[01;32m\]\u@\h\[\033[00m\]:\[\033[01;34m\]\w\[\033[00m\]\$ PYTHONPATH=/home/sachin/ardu_ws/install/ardupilot_msgs/lib/python3.12/site-packages:/home/sachin/ardu_ws/install/ardupilot_dds_tests/lib/python3.12/site-packages:/home/sachin/ardu_ws/install/ardupilot_sitl/lib/python3.12/site-packages:/opt/ros/jazzy/opt/gz_sim_vendor/lib/python:/opt/ros/jazzy/lib/python3.12/site-packages VIRTUAL_ENV_PROMPT=(.ros2_venv) /usr/bin/cmake --install /home/sachin/ardu_ws/build/ardupilot_sitl
